# hf-gate-run
# label: smoke
# command: cmd /c npm run smoke:context
# started: 2026-07-29T19:54:50+00:00

> collaboration-cockpit@0.1.0 smoke:context
> node tests/context-browser-smoke.mjs

(node:12284) ExperimentalWarning: SQLite is an experimental feature and might change at any time
(Use `node --trace-warnings ...` to show where the warning was created)
node:internal/modules/run_main:107
    triggerUncaughtException(
    ^

locator.waitFor: Timeout 30000ms exceeded.
Call log:
  - waiting for locator('.cockpit-context').getByText(/Builder private prompt|构建/).first() to be visible

    at D:\cool-ai\tests\context-browser-smoke.mjs:394:67 {
  log: [
    "  - waiting for locator('.cockpit-context').getByText(/Builder private prompt|构建/).first() to be visible"
  ],
  name: 'TimeoutError'
}

Node.js v24.14.0
# exit: 1
