# hf-gate-run
# label: smoke
# command: cmd /c npm run smoke:context
# started: 2026-07-29T19:53:35+00:00

> collaboration-cockpit@0.1.0 smoke:context
> node tests/context-browser-smoke.mjs

(node:15380) ExperimentalWarning: SQLite is an experimental feature and might change at any time
(Use `node --trace-warnings ...` to show where the warning was created)
node:internal/modules/run_main:107
    triggerUncaughtException(
    ^

locator.getAttribute: Timeout 30000ms exceeded.
Call log:
  - waiting for getByLabel('负责人').locator('option').filter({ hasText: 'Context Planner' })

    at selectOptionContaining (D:\cool-ai\tests\context-browser-smoke.mjs:144:6)
    at D:\cool-ai\tests\context-browser-smoke.mjs:310:9 {
  log: [
    "  - waiting for getByLabel('负责人').locator('option').filter({ hasText: 'Context Planner' })"
  ],
  name: 'TimeoutError'
}

Node.js v24.14.0
# exit: 1
