# hf-gate-run
# label: smoke
# command: cmd /c npm run smoke:context
# started: 2026-07-29T20:21:53+00:00

> collaboration-cockpit@0.1.0 smoke:context
> node tests/context-browser-smoke.mjs

(node:3392) ExperimentalWarning: SQLite is an experimental feature and might change at any time
(Use `node --trace-warnings ...` to show where the warning was created)
SHARED SNAPSHOT PASS: two member shared sections deeply equal
PERSISTENCE PASS: project context survived refresh
node:internal/modules/run_main:107
    triggerUncaughtException(
    ^

AssertionError [ERR_ASSERTION]: Expected values to be strictly equal:

2 !== 1

    at file:///D:/cool-ai/tests/context-browser-smoke.mjs:515:10 {
  generatedMessage: true,
  code: 'ERR_ASSERTION',
  actual: 2,
  expected: 1,
  operator: 'strictEqual',
  diff: 'simple'
}

Node.js v24.14.0
# exit: 1
