# hf-gate-run
# label: t10-red
# command: cmd /c npm test -- tests/mission-board.test.tsx
# started: 2026-07-29T19:39:04+00:00

> collaboration-cockpit@0.1.0 test
> vitest run tests/mission-board.test.tsx


 RUN  v4.1.10 D:/cool-ai

 ❯ tests/mission-board.test.tsx (4 tests | 4 failed) 14ms
     × distinguishes loading, error and empty states and retries without showing a false empty 9ms
     × creates and edits a mission with field focus and polite success 1ms
     × renders four semantic status sections and creates work with member and dependency fields 1ms
     × edits metadata separately from transitions and exposes stable conflict recovery 1ms

⎯⎯⎯⎯⎯⎯⎯ Failed Tests 4 ⎯⎯⎯⎯⎯⎯⎯

 FAIL  tests/mission-board.test.tsx > Mission Board > distinguishes loading, error and empty states and retries without showing a false empty
AssertionError: the semantic mission board must exist: expected undefined to be type of 'function'

Expected: "function"
Received: "undefined"

 ❯ board tests/mission-board.test.tsx:102:57
    100|   const load =
    101|     boardModules["../components/project-context/mission-board.tsx"];
    102|   expect(load, "the semantic mission board must exist").toBeTypeOf("fu…
       |                                                         ^
    103|   return (await load()).MissionBoard;
    104| }
 ❯ tests/mission-board.test.tsx:113:32

⎯⎯⎯⎯⎯⎯⎯⎯⎯⎯⎯⎯⎯⎯⎯⎯⎯⎯⎯⎯⎯⎯⎯⎯[1/4]⎯

 FAIL  tests/mission-board.test.tsx > Mission Board > creates and edits a mission with field focus and polite success
AssertionError: the semantic mission board must exist: expected undefined to be type of 'function'

Expected: "function"
Received: "undefined"

 ❯ board tests/mission-board.test.tsx:102:57
    100|   const load =
    101|     boardModules["../components/project-context/mission-board.tsx"];
    102|   expect(load, "the semantic mission board must exist").toBeTypeOf("fu…
       |                                                         ^
    103|   return (await load()).MissionBoard;
    104| }
 ❯ tests/mission-board.test.tsx:162:32

⎯⎯⎯⎯⎯⎯⎯⎯⎯⎯⎯⎯⎯⎯⎯⎯⎯⎯⎯⎯⎯⎯⎯⎯[2/4]⎯

 FAIL  tests/mission-board.test.tsx > Mission Board > renders four semantic status sections and creates work with member and dependency fields
AssertionError: the semantic mission board must exist: expected undefined to be type of 'function'

Expected: "function"
Received: "undefined"

 ❯ board tests/mission-board.test.tsx:102:57
    100|   const load =
    101|     boardModules["../components/project-context/mission-board.tsx"];
    102|   expect(load, "the semantic mission board must exist").toBeTypeOf("fu…
       |                                                         ^
    103|   return (await load()).MissionBoard;
    104| }
 ❯ tests/mission-board.test.tsx:234:32

⎯⎯⎯⎯⎯⎯⎯⎯⎯⎯⎯⎯⎯⎯⎯⎯⎯⎯⎯⎯⎯⎯⎯⎯[3/4]⎯

 FAIL  tests/mission-board.test.tsx > Mission Board > edits metadata separately from transitions and exposes stable conflict recovery
AssertionError: the semantic mission board must exist: expected undefined to be type of 'function'

Expected: "function"
Received: "undefined"

 ❯ board tests/mission-board.test.tsx:102:57
    100|   const load =
    101|     boardModules["../components/project-context/mission-board.tsx"];
    102|   expect(load, "the semantic mission board must exist").toBeTypeOf("fu…
       |                                                         ^
    103|   return (await load()).MissionBoard;
    104| }
 ❯ tests/mission-board.test.tsx:312:32

⎯⎯⎯⎯⎯⎯⎯⎯⎯⎯⎯⎯⎯⎯⎯⎯⎯⎯⎯⎯⎯⎯⎯⎯[4/4]⎯


 Test Files  1 failed (1)
      Tests  4 failed (4)
   Start at  03:39:05
   Duration  2.26s (transform 69ms, setup 354ms, import 169ms, tests 14ms, environment 1.45s)

# exit: 1
