# hf-gate-run
# label: t11-red
# command: cmd /c npm test -- tests/memory-panel.test.tsx tests/context-preview.test.tsx tests/context-accessibility.test.tsx
# started: 2026-07-29T19:44:29+00:00

> collaboration-cockpit@0.1.0 test
> vitest run tests/memory-panel.test.tsx tests/context-preview.test.tsx tests/context-accessibility.test.tsx


 RUN  v4.1.10 D:/cool-ai

 ❯ tests/memory-panel.test.tsx (2 tests | 2 failed) 12ms
     × shows loading, load error, retry and actionable empty states 9ms
     × creates sourced memory, labels artifact references, supersedes active entries and displays history 1ms
 ❯ tests/context-preview.test.tsx (2 tests | 2 failed) 12ms
     × shows the fixed readiness checklist instead of a false empty snapshot 9ms
     × renders readable shared/current sections, structured details and member-identical shared visibility 1ms
 ❯ tests/context-accessibility.test.tsx (2 tests | 2 failed) 255ms
     × implements selected roving tabs with Arrow, Home and End keys 10ms
     × integrates tabs in the single narrow context modal without exposing background interaction 244ms

⎯⎯⎯⎯⎯⎯⎯ Failed Tests 6 ⎯⎯⎯⎯⎯⎯⎯

 FAIL  tests/context-accessibility.test.tsx > context navigation accessibility > implements selected roving tabs with Arrow, Home and End keys
AssertionError: the right-panel tab system must exist: expected undefined to be type of 'function'

Expected: "function"
Received: "undefined"

 ❯ projectContextPanel tests/context-accessibility.test.tsx:23:57
     21|   const load =
     22|     modules["../components/project-context/project-context-panel.tsx"];
     23|   expect(load, "the right-panel tab system must exist").toBeTypeOf("fu…
       |                                                         ^
     24|   return (await load()).ProjectContextPanel;
     25| }
 ❯ tests/context-accessibility.test.tsx:47:39

⎯⎯⎯⎯⎯⎯⎯⎯⎯⎯⎯⎯⎯⎯⎯⎯⎯⎯⎯⎯⎯⎯⎯⎯[1/6]⎯

 FAIL  tests/context-accessibility.test.tsx > context navigation accessibility > integrates tabs in the single narrow context modal without exposing background interaction
TestingLibraryElementError: Unable to find an accessible element with the role "tablist"

Here are the accessible roles:

  button:

  Name "关闭当前任务上下文":
  [36m<button[39m
    [33maria-label[39m=[32m"关闭当前任务上下文"[39m
    [33mclass[39m=[32m"drawer-close"[39m
    [33mdata-dialog-close[39m=[32m"true"[39m
    [33mtabindex[39m=[32m"0"[39m
    [33mtype[39m=[32m"button"[39m
  [36m/>[39m

  --------------------------------------------------paragraph:

  Name "":
  [36m<p[39m
    [33mclass[39m=[32m"eyebrow"[39m
  [36m/>[39m

  --------------------------------------------------
  heading:

  Name "当前上下文":
  [36m<h2 />[39m

  --------------------------------------------------paragraph:

  Name "":
  [36m<p[39m
    [33mclass[39m=[32m"state-message"[39m
  [36m/>[39m

  --------------------------------------------------

Ignored nodes: comments, script, style
[36m<aside[39m
  [33maria-labelledby[39m=[32m"task-context-label"[39m
  [33maria-modal[39m=[32m"true"[39m
  [33mclass[39m=[32m"cockpit-context"[39m
  [33mdata-open[39m=[32m"true"[39m
  [33mdata-testid[39m=[32m"context-surface"[39m
  [33mid[39m=[32m"task-context-drawer"[39m
  [33mrole[39m=[32m"dialog"[39m
[36m>[39m
  [36m<span[39m
    [33mclass[39m=[32m"sr-only"[39m
    [33mid[39m=[32m"task-context-label"[39m
  [36m>[39m
    [0m当前任务上下文[0m
  [36m</span>[39m
  [36m<button[39m
    [33maria-label[39m=[32m"关闭当前任务上下文"[39m
    [33mclass[39m=[32m"drawer-close"[39m
    [33mdata-dialog-close[39m=[32m"true"[39m
    [33mtabindex[39m=[32m"0"[39m
    [33mtype[39m=[32m"button"[39m
  [36m>[39m
    [0m关闭[0m
  [36m</button>[39m
  [36m<div>[39m
    [36m<p[39m
      [33mclass[39m=[32m"eyebrow"[39m
    [36m>[39m
      [0m当前工作[0m
    [36m</p>[39m
    [36m<h2>[39m
      [0m当前上下文[0m
    [36m</h2>[39m
  [36m</div>[39m
  [36m<p[39m
    [33mclass[39m=[32m"state-message"[39m
  [36m>[39m
    [0m暂无当前任务。[0m
  [36m</p>[39m
[36m</aside>[39m
 ❯ Object.getElementError node_modules/@testing-library/dom/dist/config.js:37:19
 ❯ node_modules/@testing-library/dom/dist/query-helpers.js:76:38
 ❯ node_modules/@testing-library/dom/dist/query-helpers.js:52:17
 ❯ node_modules/@testing-library/dom/dist/query-helpers.js:95:19
 ❯ tests/context-accessibility.test.tsx:128:27
    126|     const dialog = screen.getByRole("dialog", { name: "当前任务上下文" });
    127|     expect(dialog).toHaveAttribute("aria-modal", "true");
    128|     expect(within(dialog).getByRole("tablist")).toBeInTheDocument();
       |                           ^
    129|     expect(screen.getByTestId("editor-surface")).toHaveAttribute("iner…
    130|     expect(screen.getAllByRole("dialog")).toHaveLength(1);

⎯⎯⎯⎯⎯⎯⎯⎯⎯⎯⎯⎯⎯⎯⎯⎯⎯⎯⎯⎯⎯⎯⎯⎯[2/6]⎯

 FAIL  tests/context-preview.test.tsx > Context Preview > shows the fixed readiness checklist instead of a false empty snapshot
AssertionError: the readable context preview must exist: expected undefined to be type of 'function'

Expected: "function"
Received: "undefined"

 ❯ contextPreview tests/context-preview.test.tsx:123:59
    121| async function contextPreview() {
    122|   const load = modules["../components/project-context/context-preview.…
    123|   expect(load, "the readable context preview must exist").toBeTypeOf("…
       |                                                           ^
    124|   return (await load()).ContextPreview;
    125| }
 ❯ tests/context-preview.test.tsx:134:34

⎯⎯⎯⎯⎯⎯⎯⎯⎯⎯⎯⎯⎯⎯⎯⎯⎯⎯⎯⎯⎯⎯⎯⎯[3/6]⎯

 FAIL  tests/context-preview.test.tsx > Context Preview > renders readable shared/current sections, structured details and member-identical shared visibility
AssertionError: the readable context preview must exist: expected undefined to be type of 'function'

Expected: "function"
Received: "undefined"

 ❯ contextPreview tests/context-preview.test.tsx:123:59
    121| async function contextPreview() {
    122|   const load = modules["../components/project-context/context-preview.…
    123|   expect(load, "the readable context preview must exist").toBeTypeOf("…
       |                                                           ^
    124|   return (await load()).ContextPreview;
    125| }
 ❯ tests/context-preview.test.tsx:170:34

⎯⎯⎯⎯⎯⎯⎯⎯⎯⎯⎯⎯⎯⎯⎯⎯⎯⎯⎯⎯⎯⎯⎯⎯[4/6]⎯

 FAIL  tests/memory-panel.test.tsx > Shared Memory panel > shows loading, load error, retry and actionable empty states
AssertionError: the shared memory panel must exist: expected undefined to be type of 'function'

Expected: "function"
Received: "undefined"

 ❯ memoryPanel tests/memory-panel.test.tsx:46:54
     44| async function memoryPanel() {
     45|   const load = modules["../components/project-context/memory-panel.tsx…
     46|   expect(load, "the shared memory panel must exist").toBeTypeOf("funct…
       |                                                      ^
     47|   return (await load()).MemoryPanel;
     48| }
 ❯ tests/memory-panel.test.tsx:57:31

⎯⎯⎯⎯⎯⎯⎯⎯⎯⎯⎯⎯⎯⎯⎯⎯⎯⎯⎯⎯⎯⎯⎯⎯[5/6]⎯

 FAIL  tests/memory-panel.test.tsx > Shared Memory panel > creates sourced memory, labels artifact references, supersedes active entries and displays history
AssertionError: the shared memory panel must exist: expected undefined to be type of 'function'

Expected: "function"
Received: "undefined"

 ❯ memoryPanel tests/memory-panel.test.tsx:46:54
     44| async function memoryPanel() {
     45|   const load = modules["../components/project-context/memory-panel.tsx…
     46|   expect(load, "the shared memory panel must exist").toBeTypeOf("funct…
       |                                                      ^
     47|   return (await load()).MemoryPanel;
     48| }
 ❯ tests/memory-panel.test.tsx:95:31

⎯⎯⎯⎯⎯⎯⎯⎯⎯⎯⎯⎯⎯⎯⎯⎯⎯⎯⎯⎯⎯⎯⎯⎯[6/6]⎯


 Test Files  3 failed (3)
      Tests  6 failed (6)
   Start at  03:44:31
   Duration  2.77s (transform 301ms, setup 1.15s, import 681ms, tests 279ms, environment 4.59s)

# exit: 1
