# hf-gate-run
# label: t12-red
# command: cmd /c npm test -- tests/project-setup-panel.test.tsx tests/cockpit-mobile-integration.test.tsx tests/workspace.api.test.ts
# started: 2026-07-29T20:17:39+00:00

> collaboration-cockpit@0.1.0 test
> vitest run tests/project-setup-panel.test.tsx tests/cockpit-mobile-integration.test.tsx tests/workspace.api.test.ts


 RUN  v4.1.10 D:/cool-ai

(node:14188) ExperimentalWarning: SQLite is an experimental feature and might change at any time
(Use `node --trace-warnings ...` to show where the warning was created)
 ❯ tests/workspace.api.test.ts (5 tests | 5 failed) 458ms
     × returns exact JSON and field errors for malformed, missing and typed input 120ms
     × rejects invalid expectedVersion 0 with an exact field error 71ms
     × rejects invalid expectedVersion -1 with an exact field error 70ms
     × rejects invalid expectedVersion 1.5 with an exact field error 69ms
     × includes the current project version for a stale workspace write 125ms
 ❯ tests/project-setup-panel.test.tsx (4 tests | 1 failed) 751ms
     × isolates coordinated versions when switching from a high to low version project 394ms
stderr | tests/cockpit-mobile-integration.test.tsx > owner-controlled cockpit mobile surfaces > allows one trapped inert modal at a time and preserves the S-1 task draft
A component suspended inside an `act` scope, but the `act` call was not awaited. When testing React components that depend on asynchronous data, you must await the result:

await act(() => ...)

 ❯ tests/cockpit-mobile-integration.test.tsx (3 tests | 2 failed) 675ms
     × pauses the project modal while rebind confirmation owns focus 373ms
     × allows one trapped inert modal at a time and preserves the S-1 task draft 236ms

⎯⎯⎯⎯⎯⎯⎯ Failed Tests 8 ⎯⎯⎯⎯⎯⎯⎯

 FAIL  tests/cockpit-mobile-integration.test.tsx > owner-controlled cockpit mobile surfaces > pauses the project modal while rebind confirmation owns focus
AssertionError: expected <aside …(7)>…(6)</aside>
…(1) to have a length of 1 but got 2

- Expected
+ Received

- 1
+ 2

 ❯ tests/cockpit-mobile-integration.test.tsx:80:62
     78|       name: "确认改绑工作区",
     79|     });
     80|     expect(document.querySelectorAll('[aria-modal="true"]')).toHaveLen…
       |                                                              ^
     81|     expect(confirmation).toHaveAttribute("aria-modal", "true");
     82|     expect(projects).not.toHaveAttribute("aria-modal");

⎯⎯⎯⎯⎯⎯⎯⎯⎯⎯⎯⎯⎯⎯⎯⎯⎯⎯⎯⎯⎯⎯⎯⎯[1/8]⎯

 FAIL  tests/cockpit-mobile-integration.test.tsx > owner-controlled cockpit mobile surfaces > allows one trapped inert modal at a time and preserves the S-1 task draft
AssertionError: expected 'hidden' to be '' // Object.is equality

- Expected
+ Received

+ hidden

 ❯ tests/cockpit-mobile-integration.test.tsx:121:42
    119|     await waitFor(() => expect(screen.queryByRole("dialog")).not.toBeI…
    120|     expect(editorOpener).toHaveFocus();
    121|     expect(document.body.style.overflow).toBe("");
       |                                          ^
    122|
    123|     const projectOpener = screen.getByRole("button", { name: "打开项目导航" …

⎯⎯⎯⎯⎯⎯⎯⎯⎯⎯⎯⎯⎯⎯⎯⎯⎯⎯⎯⎯⎯⎯⎯⎯[2/8]⎯

 FAIL  tests/project-setup-panel.test.tsx > workspace and equal-member setup > isolates coordinated versions when switching from a high to low version project
AssertionError: expected [ { …(2) }, { …(2) } ] to deeply equal [ { …(2) }, { …(2) } ]

- Expected
+ Received

  [
    {
      "body": {
        "confirmRebind": false,
-       "expectedVersion": 2,
+       "expectedVersion": 9,
        "path": "D:\\low",
      },
      "url": "/api/projects/project-low/workspace",
    },
    {
      "body": {
        "agentIds": [
          "agent-a",
          "agent-b",
        ],
-       "expectedProjectVersion": 3,
+       "expectedProjectVersion": 9,
      },
      "url": "/api/projects/project-low/members",
    },
  ]

 ❯ tests/project-setup-panel.test.tsx:158:20
    156|     await screen.findByText("项目成员已保存。");
    157|
    158|     expect(writes).toEqual([
       |                    ^
    159|       {
    160|         url: "/api/projects/project-low/workspace",

⎯⎯⎯⎯⎯⎯⎯⎯⎯⎯⎯⎯⎯⎯⎯⎯⎯⎯⎯⎯⎯⎯⎯⎯[3/8]⎯

 FAIL  tests/workspace.api.test.ts > workspace API error contract > returns exact JSON and field errors for malformed, missing and typed input
AssertionError: expected { error: { …(2) } } to deeply equal { error: { …(3) } }

- Expected
+ Received

  {
    "error": {
      "code": "INVALID_INPUT",
-     "fields": [
-       {
-         "code": "required",
-         "field": "path",
-       },
-       {
-         "code": "required",
-         "field": "expectedVersion",
-       },
-       {
-         "code": "required",
-         "field": "confirmRebind",
-       },
-     ],
      "message": "Workspace input is invalid.",
    },
  }

 ❯ tests/workspace.api.test.ts:74:33
     72|     );
     73|     expect(missing.status).toBe(400);
     74|     await expect(missing.json()).resolves.toEqual({
       |                                 ^
     75|       error: {
     76|         code: "INVALID_INPUT",

⎯⎯⎯⎯⎯⎯⎯⎯⎯⎯⎯⎯⎯⎯⎯⎯⎯⎯⎯⎯⎯⎯⎯⎯[4/8]⎯

 FAIL  tests/workspace.api.test.ts > workspace API error contract > rejects invalid expectedVersion 0 with an exact field error
 FAIL  tests/workspace.api.test.ts > workspace API error contract > rejects invalid expectedVersion -1 with an exact field error
AssertionError: expected { error: { …(2) } } to deeply equal { error: { …(3) } }

- Expected
+ Received

  {
    "error": {
-     "code": "INVALID_INPUT",
-     "fields": [
-       {
-         "code": "invalid_format",
-         "field": "expectedVersion",
-       },
-     ],
-     "message": "Workspace input is invalid.",
+     "code": "WORKSPACE_INVALID",
+     "message": "Workspace binding input is invalid.",
    },
  }

 ❯ tests/workspace.api.test.ts:129:36
    127|
    128|       expect(response.status).toBe(400);
    129|       await expect(response.json()).resolves.toEqual({
       |                                    ^
    130|         error: {
    131|           code: "INVALID_INPUT",

⎯⎯⎯⎯⎯⎯⎯⎯⎯⎯⎯⎯⎯⎯⎯⎯⎯⎯⎯⎯⎯⎯⎯⎯[5/8]⎯

 FAIL  tests/workspace.api.test.ts > workspace API error contract > rejects invalid expectedVersion 1.5 with an exact field error
AssertionError: expected { error: { …(2) } } to deeply equal { error: { …(3) } }

- Expected
+ Received

  {
    "error": {
      "code": "INVALID_INPUT",
-     "fields": [
-       {
-         "code": "invalid_format",
-         "field": "expectedVersion",
-       },
-     ],
      "message": "Workspace input is invalid.",
    },
  }

 ❯ tests/workspace.api.test.ts:129:36
    127|
    128|       expect(response.status).toBe(400);
    129|       await expect(response.json()).resolves.toEqual({
       |                                    ^
    130|         error: {
    131|           code: "INVALID_INPUT",

⎯⎯⎯⎯⎯⎯⎯⎯⎯⎯⎯⎯⎯⎯⎯⎯⎯⎯⎯⎯⎯⎯⎯⎯[6/8]⎯

 FAIL  tests/workspace.api.test.ts > workspace API error contract > includes the current project version for a stale workspace write
AssertionError: expected { error: { …(2) } } to deeply equal { error: { …(3) } }

- Expected
+ Received

  {
    "error": {
      "code": "RESOURCE_CONFLICT",
-     "currentVersion": 2,
-     "message": "Project version is stale.",
+     "message": "Project was updated by another request.",
    },
  }

 ❯ tests/workspace.api.test.ts:167:31
    165|     );
    166|     expect(stale.status).toBe(409);
    167|     await expect(stale.json()).resolves.toEqual({
       |                               ^
    168|       error: {
    169|         code: "RESOURCE_CONFLICT",

⎯⎯⎯⎯⎯⎯⎯⎯⎯⎯⎯⎯⎯⎯⎯⎯⎯⎯⎯⎯⎯⎯⎯⎯[7/8]⎯


 Test Files  3 failed (3)
      Tests  8 failed | 4 passed (12)
   Start at  04:17:41
   Duration  3.23s (transform 399ms, setup 1.16s, import 637ms, tests 1.88s, environment 4.61s)

# exit: 1
