# hf-gate-run
# label: t12-green
# command: cmd /c npm test -- tests/accessibility.test.tsx tests/task-flow.test.tsx
# started: 2026-07-29T20:02:18+00:00

> collaboration-cockpit@0.1.0 test
> vitest run tests/accessibility.test.tsx tests/task-flow.test.tsx


 RUN  v4.1.10 D:/cool-ai

 ❯ tests/accessibility.test.tsx (4 tests | 1 failed) 623ms
     × keeps closed surfaces out of the narrow keyboard order 152ms

⎯⎯⎯⎯⎯⎯⎯ Failed Tests 1 ⎯⎯⎯⎯⎯⎯⎯

 FAIL  tests/accessibility.test.tsx > narrow-screen and keyboard accessibility > keeps closed surfaces out of the narrow keyboard order
Error: expect(element).toHaveFocus()

Expected element with focus:
  <button
  aria-controls="project-navigation-drawer"
  aria-expanded="false"
  aria-label="打开项目导航"
  type="button"
>
  项目
</button>
Received element with focus:
  <body
  style=""
>
  <div>
    <div
      class="collaboration-cockpit"
      data-testid="collaboration-cockpit"
    >
      <div
        aria-label="驾驶舱面板"
        class="mobile-toolbar"
        role="toolbar"
      >
        <button
          aria-controls="project-navigation-drawer"
          aria-expanded="false"
          aria-label="打开项目导航"
          type="button"
        >
          项目
        </button>
        <button
          aria-controls="task-editor-surface"
          aria-expanded="false"
          aria-label="打开编辑"
          type="button"
        >
          编辑
        </button>
        <button
          aria-controls="task-context-drawer"
          aria-expanded="false"
          aria-label="打开当前任务上下文"
          type="button"
        >
          上下文
        </button>
      </div>
      <aside
        aria-labelledby="project-navigation-label"
        class="cockpit-sidebar"
        data-open="false"
        data-testid="project-surface"
        hidden=""
        id="project-navigation-drawer"
      >
        <span
          class="sr-only"
          id="project-navigation-label"
        >
          项目导航
        </span>
        <button
          aria-label="关闭项目导航"
          class="drawer-close"
          tabindex="-1"
          type="button"
        >
          关闭
        </button>
        <div
          class="product-identity"
        >
          <span … />
          <div … />
        </div>
        <nav
          aria-label="主导航"
        >
          <ul … />
        </nav>
        <section
          aria-labelledby="projects-title"
          class="stack"
        >
          <h2 … />
          <form … />
          <nav … />
        </section>
        <section
          aria-labelledby="project-setup-title-project-1"
          class="stack project-setup"
        >
          <h2 … />
          <section … />
          <section … />
        </section>
      </aside>
      <main
        aria-labelledby="task-editor-label"
        class="cockpit-flow"
        data-open="false"
        data-testid="editor-surface"
        hidden=""
        id="task-editor-surface"
      >
        <span
          class="sr-only"
          id="task-editor-label"
        >
          任务编辑
        </span>
        <button
          aria-label="关闭任务编辑"
          class="drawer-close"
          data-dialog-close="true"
          tabindex="-1"
          type="button"
        >
          关闭
        </button>
        <div
          class="panel-heading"
        >
          <span … />
          <div … />
        </div>
        <section
          aria-labelledby="mission-board-title-project-1"
          class="stack mission-board"
          id="mission-board"
        >
          <h2 … />
          <div … />
        </section>
        <form
          class="composer"
        >
          <div … />
        </form>
        <p
          class="state-message"
        >
          暂无任务。输入目标即可运行示例 Agent。
        </p>
        <p
          aria-atomic="true"
          aria-live="polite"
          class="muted"
          role="status"
        />
      </main>
      <aside
        aria-labelledby="task-context-label"
        class="cockpit-context"
        data-open="false"
        data-testid="context-surface"
        hidden=""
        id="task-context-drawer"
      >
        <span
          class="sr-only"
          id="task-context-label"
        >
          当前任务上下文
        </span>
        <button
          aria-label="关闭当前任务上下文"
          class="drawer-close"
          data-dialog-close="true"
          tabindex="-1"
          type="button"
        >
          关闭
        </button>
        <div>
          <p … />
          <h2 … />
        </div>
        <div
          class="stack project-context-panel"
        >
          <div … />
          <div … />
        </div>
      </aside>
    </div>
  </div>
</body>
 ❯ tests/accessibility.test.tsx:87:60
     85|     expect(screen.getByRole("button", { name: "打开当前任务上下文" })).toHaveFo…
     86|     await user.tab();
     87|     expect(screen.getByRole("button", { name: "打开项目导航" })).toHaveFocus…
       |                                                            ^
     88|   });
     89|

⎯⎯⎯⎯⎯⎯⎯⎯⎯⎯⎯⎯⎯⎯⎯⎯⎯⎯⎯⎯⎯⎯⎯⎯[1/1]⎯


 Test Files  1 failed | 1 passed (2)
      Tests  1 failed | 8 passed (9)
   Start at  04:02:20
   Duration  3.46s (transform 390ms, setup 725ms, import 668ms, tests 1.66s, environment 2.93s)

# exit: 1
