# hf-gate-run
# label: t12-green
# command: cmd /c npm test -- tests/accessibility.test.tsx tests/project-panel.test.tsx tests/task-flow.test.tsx tests/cockpit-layout.test.tsx tests/code-review-fixes.test.tsx tests/migrations.test.ts tests/visual-tokens.test.ts tests/workspace-slice.test.tsx
# started: 2026-07-29T20:01:45+00:00

> collaboration-cockpit@0.1.0 test
> vitest run tests/accessibility.test.tsx tests/project-panel.test.tsx tests/task-flow.test.tsx tests/cockpit-layout.test.tsx tests/code-review-fixes.test.tsx tests/migrations.test.ts tests/visual-tokens.test.ts tests/workspace-slice.test.tsx


 RUN  v4.1.10 D:/cool-ai

(node:11996) ExperimentalWarning: SQLite is an experimental feature and might change at any time
(Use `node --trace-warnings ...` to show where the warning was created)
(node:3036) ExperimentalWarning: SQLite is an experimental feature and might change at any time
(Use `node --trace-warnings ...` to show where the warning was created)
 ❯ tests/accessibility.test.tsx (4 tests | 1 failed) 769ms
     × places drawer controls before the primary form in keyboard order 214ms
 ❯ tests/task-flow.test.tsx (5 tests | 2 failed) 1108ms
     × shows loading, then restores persisted task events and result 152ms
     × calls create, start, and execute in order while rendering each persisted state 390ms

⎯⎯⎯⎯⎯⎯⎯ Failed Tests 3 ⎯⎯⎯⎯⎯⎯⎯

 FAIL  tests/accessibility.test.tsx > narrow-screen and keyboard accessibility > places drawer controls before the primary form in keyboard order
TestingLibraryElementError: Unable to find an accessible element with the role "link" and name "工作"

Here are the accessible roles:

  toolbar:

  Name "驾驶舱面板":
  [36m<div[39m
    [33maria-label[39m=[32m"驾驶舱面板"[39m
    [33mclass[39m=[32m"mobile-toolbar"[39m
    [33mrole[39m=[32m"toolbar"[39m
  [36m/>[39m

  --------------------------------------------------
  button:

  Name "打开项目导航":
  [36m<button[39m
    [33maria-controls[39m=[32m"project-navigation-drawer"[39m
    [33maria-expanded[39m=[32m"false"[39m
    [33maria-label[39m=[32m"打开项目导航"[39m
    [33mtype[39m=[32m"button"[39m
  [36m/>[39m

  Name "打开编辑":
  [36m<button[39m
    [33maria-controls[39m=[32m"task-editor-surface"[39m
    [33maria-expanded[39m=[32m"false"[39m
    [33maria-label[39m=[32m"打开编辑"[39m
    [33mtype[39m=[32m"button"[39m
  [36m/>[39m

  Name "打开当前任务上下文":
  [36m<button[39m
    [33maria-controls[39m=[32m"task-context-drawer"[39m
    [33maria-expanded[39m=[32m"false"[39m
    [33maria-label[39m=[32m"打开当前任务上下文"[39m
    [33mtype[39m=[32m"button"[39m
  [36m/>[39m

  --------------------------------------------------

Ignored nodes: comments, script, style
[36m<body[39m
  [33mstyle[39m=[32m""[39m
[36m>[39m
  [36m<div>[39m
    [36m<div[39m
      [33mclass[39m=[32m"collaboration-cockpit"[39m
      [33mdata-testid[39m=[32m"collaboration-cockpit"[39m
    [36m>[39m
      [36m<div[39m
        [33maria-label[39m=[32m"驾驶舱面板"[39m
        [33mclass[39m=[32m"mobile-toolbar"[39m
        [33mrole[39m=[32m"toolbar"[39m
      [36m>[39m
        [36m<button[39m
          [33maria-controls[39m=[32m"project-navigation-drawer"[39m
          [33maria-expanded[39m=[32m"false"[39m
          [33maria-label[39m=[32m"打开项目导航"[39m
          [33mtype[39m=[32m"button"[39m
        [36m>[39m
          [0m项目[0m
        [36m</button>[39m
        [36m<button[39m
          [33maria-controls[39m=[32m"task-editor-surface"[39m
          [33maria-expanded[39m=[32m"false"[39m
          [33maria-label[39m=[32m"打开编辑"[39m
          [33mtype[39m=[32m"button"[39m
        [36m>[39m
          [0m编辑[0m
        [36m</button>[39m
        [36m<button[39m
          [33maria-controls[39m=[32m"task-context-drawer"[39m
          [33maria-expanded[39m=[32m"false"[39m
          [33maria-label[39m=[32m"打开当前任务上下文"[39m
          [33mtype[39m=[32m"button"[39m
        [36m>[39m
          [0m上下文[0m
        [36m</button>[39m
      [36m</div>[39m
      [36m<aside[39m
        [33maria-labelledby[39m=[32m"project-navigation-label"[39m
        [33mclass[39m=[32m"cockpit-sidebar"[39m
        [33mdata-open[39m=[32m"false"[39m
        [33mdata-testid[39m=[32m"project-surface"[39m
        [33mhidden[39m=[32m""[39m
        [33mid[39m=[32m"project-navigation-drawer"[39m
      [36m>[39m
        [36m<span[39m
          [33mclass[39m=[32m"sr-only"[39m
          [33mid[39m=[32m"project-navigation-label"[39m
        [36m>[39m
          [0m项目导航[0m
        [36m</span>[39m
        [36m<button[39m
          [33maria-label[39m=[32m"关闭项目导航"[39m
          [33mclass[39m=[32m"drawer-close"[39m
          [33mtabindex[39m=[32m"-1"[39m
          [33mtype[39m=[32m"button"[39m
        [36m>[39m
          [0m关闭[0m
        [36m</button>[39m
        [36m<div[39m
          [33mclass[39m=[32m"product-identity"[39m
        [36m>[39m
          [36m<span[39m
            [33maria-hidden[39m=[32m"true"[39m
            [33mclass[39m=[32m"product-mark"[39m
          [36m>[39m
            [0mC[0m
          [36m</span>[39m
          [36m<div>[39m
            [36m<p[39m
              [33mclass[39m=[32m"eyebrow"[39m
            [36m>[39m
              [0m协作驾驶舱[0m
            [36m</p>[39m
            [36m<h1>[39m
              [0mCool AI[0m
            [36m</h1>[39m
          [36m</div>[39m
        [36m</div>[39m
        [36m<nav[39m
          [33maria-label[39m=[32m"主导航"[39m
        [36m>[39m
          [36m<ul[39m
            [33mclass[39m=[32m"project-list"[39m
          [36m>[39m
            [36m<li>[39m
              [36m<a[39m
                [33maria-current[39m=[32m"page"[39m
                [33mhref[39m=[32m"/"[39m
              [36m>[39m
                [0m工作[0m
              [36m</a>[39m
            [36m</li>[39m
            [36m<li>[39m
              [36m<a[39m
                [33mhref[39m=[32m"/team"[39m
              [36m>[39m
                [0m团队[0m
              [36m</a>[39m
            [36m</li>[39m
          [36m</ul>[39m
        [36m</nav>[39m
        [36m<section[39m
          [33maria-labelledby[39m=[32m"projects-title"[39m
          [33mclass[39m=[32m"stack"[39m
        [36m>[39m
          [36m<h2[39m
            [33mid[39m=[32m"projects-title"[39m
          [36m>[39m
            [0m项目[0m
          [36m</h2>[39m
          [36m<form[39m
            [33mclass[39m=[32m"stack"[39m
          [36m>[39m
            [36m<div[39m
              [33mclass[39m=[32m"form-field"[39m
            [36m>[39m
              [36m<label[39m
                [33mfor[39m=[32m"project-name"[39m
              [36m>[39m
                [0m项目名称[0m
              [36m</label>[39m
              [36m<input[39m
                [33mid[39m=[32m"project-name"[39m
                [33mname[39m=[32m"name"[39m
                [33mvalue[39m=[32m""[39m
              [36m/>[39m
            [36m</div>[39m
            [36m<button[39m
              [33mtype[39m=[32m"submit"[39m
            [36m>[39m
              [0m创建项目[0m
            [36m</button>[39m
          [36m</form>[39m
          [36m<nav[39m
            [33maria-label[39m=[32m"项目"[39m
          [36m>[39m
            [36m<ul[39m
              [33mclass[39m=[32m"project-list"[39m
            [36m>[39m
              [36m<li>[39m
                [36m<button[39m
                  [33maria-current[39m=[32m"page"[39m
                  [33mtype[39m=[32m"button"[39m
                [36m>[39m
                  [0mLaunch plan[0m
                [36m</button>[39m
              [36m</li>[39m
            [36m</ul>[39m
          [36m</nav>[39m
        [36m</section>[39m
        [36m<section[39m
          [33maria-labelledby[39m=[32m"project-setup-title-project-1"[39m
          [33mclass[39m=[32m"stack project-setup"[39m
        [36m>[39m
          [36m<h2[39m
            [33mid[39m=[32m"project-setup-title-project-1"[39m
          [36m>[39m
            [0m项目设置[0m
          [36m</h2>[39m
          [36m<section[39m
            [33maria-labelledby[39m=[32m"workspace-title-project-1"[39m
            [33mclass[39m=[32m"stack"[39m
          [36m>[39m
            [36m<div>[39m
              [36m<div[39m
                [33mclass[39m=[32m"stack"[39m
              [36m>[39m
                [36m<h3[39m
                  [33mid[39m=[32m"workspace-title-project-1"[39m
                [36m>[39m
                  [0m本地工作区[0m
                [36m</h3>[39m
                [36m<p[39m
                  [33mclass[39m=[32m"muted"[39m
                [36m>[39m
                  [0m尚未绑定本地工作区。[0m
                [36m</p>[39m
                [36m<form[39m
                  [33mclass[39m=[32m"stack"[39m
                [36m>[39m
                  [36m<div[39m
                    [33mclass[39m=[32m"form-field"[39m
                  [36m>[39m
                    [36m<label[39m
                      [33mfor[39m=[32m"workspace-path-project-1"[39m
                    [36m>[39m
                      [0m本地工作区路径[0m
                    [36m</label>[39m
                    [36m<input[39m
                      [33mid[39m=[32m"workspace-path-project-1"[39m
                      [33mname[39m=[32m"workspacePath"[39m
                      [33mvalue[39m=[32m""[39m
                    [36m/>[39m
                  [36m</div>[39m
                  [36m<button[39m
                    [33mtype[39m=[32m"submit"[39m
                  [36m>[39m
                    [0m绑定工作区[0m
                  [36m</button>[39m
                [36m</form>[39m
              [36m</div>[39m
            [36m</div>[39m
          [36m</section>[39m
          [36m<section[39m
            [33maria-labelledby[39m=[32m"members-title-project-1"[39m
            [33mclass[39m=[32m"stack"[39m
          [36m>[39m
            [36m<h3[39m
              [33mid[39m=[32m"members-title-project-1"[39m
            [36m>[39m
              [0m项目成员[0m
            [36m</h3>[39m
            [36m<p[39m
              [33mclass[39m=[32m"muted"[39m
            [36m>[39m
              [0mAgent 库为空，请先[0m
              [36m<a[39m
                [33mhref[39m=[32m"/team"[39m
              [36m>[39m
                [0m创建 Agent[0m
              [36m</a>[39m
              [0m。[0m
            [36m</p>[39m
            [36m<p[39m
              [33mclass[39m=[32m"muted"[39m
            [36m>[39m
              [0m尚未组建项目成员。[0m
            [36m</p>[39m
          [36m</section>[39m
        [36m</section>[39m
      [36m</aside>[39m
      [36m<main[39m
        [33maria-labelledby[39m=[32m"task-editor-label"[39m
        [33mclass[39m=[32m"cockpit-flow"[39m
        [33mdata-open[39m=[32m"false"[39m
        [33mdata-testid[39m=[32m"editor-surface"[39m
        [33mhidden[39m=[32m""[39m
        [33mid[39m=[32m"task-editor-surface"[39m
      [36m>[39m
        [36m<span[39m
          [33mclass[39m=[32m"sr-only"[39m
          [33mid[39m=[32m"task-editor-label"[39m
        [36m>[39m
          [0m任务编辑[0m
        [36m</span>[39m
        [36m<button[39m
          [33maria-label[39m=[32m"关闭任务编辑"[39m
          [33mclass[39m=[32m"drawer-close"[39m
          [33mdata-dialog-close[39m=[32m"true"[39m
          [33mtabindex[39m=[32m"-1"[39m
          [33mtype[39m=[32m"button"[39m
        [36m>[39m
          [0m关闭[0m
        [36m</button>[39m
        [36m<div[39m
          [33mclass[39m=[32m"panel-heading"[39m
        [36m>[39m
          [36m<span[39m
            [33maria-hidden[39m=[32m"true"[39m
            [33mclass[39m=[32m"agent-mark"[39m
          [36m>[39m
            [0mA[0m
          [36m</span>[39m
          [36m<div>[39m
            [36m<p[39m
              [33mclass[39m=[32m"eyebrow"[39m
            [36m>[39m
              [0m确定性示例 Agent[0m
            [36m</p>[39m
            [36m<h2[39m
              [33mid[39m=[32m"tasks-title"[39m
              [33mtabindex[39m=[32m"-1"[39m
            [36m>[39m
              [0mLaunch plan[0m
            [36m</h2>[39m
          [36m</div>[39m
        [36m</div>[39m
        [36m<section[39m
          [33maria-labelledby[39m=[32m"mission-board-title-project-1"[39m
          [33mclass[39m=[32m"stack mission-board"[39m
          [33mid[39m=[32m"mission-board"[39m
        [36m>[39m
          [36m<h2[39m
            [33mid[39m=[32m"mission-board-title-project-1"[39m
          [36m>[39m
            [0m使命看板[0m
          [36m</h2>[39m
          [36m<div[39m
            [33mclass[39m=[32m"stack"[39m
          [36m>[39m
            [36m<p[39m
              [33mclass[39m=[32m"state-message"[39m
            [36m>[39m
              [0m尚未创建使命。[0m
            [36m</p>[39m
            [36m<form[39m
              [33mclass[39m=[32m"stack mission-form"[39m
            [36m>[39m
              [36m<div[39m
                [33mclass[39m=[32m"form-field"[39m
              [36m>[39m
                [36m<label[39m
                  [33mfor[39m=[32m"mission-title-project-1"[39m
                [36m>[39m
                  [0m使命标题[0m
                [36m</label>[39m
                [36m<input[39m
                  [33mid[39m=[32m"mission-title-project-1"[39m
                  [33mvalue[39m=[32m""[39m
                [36m/>[39m
              [36m</div>[39m
              [36m<div[39m
                [33mclass[39m=[32m"form-field"[39m
              [36m>[39m
                [36m<label[39m
                  [33mfor[39m=[32m"mission-goal-project-1"[39m
                [36m>[39m
                  [0m使命目标[0m
                [36m</label>[39m
                [36m<textarea[39m
                  [33mid[39m=[32m"mission-goal-project-1"[39m
                [36m/>[39m
              [36m</div>[39m
              [36m<div[39m
                [33mclass[39m=[32m"form-row"[39m
              [36m>[39m
                [36m<button[39m
                  [33mtype[39m=[32m"submit"[39m
                [36m>[39m
                  [0m创建使命[0m
                [36m</button>[39m
              [36m</div>[39m
            [36m</form>[39m
          [36m</div>[39m
        [36m</section>[39m
        [36m<form[39m
          [33mclass[39m=[32m"composer"[39m
        [36m>[39m
          [36m<div[39m
            [33mclass[39m=[32m"form-row"[39m
          [36m>[39m
            [36m<div[39m
              [33mclass[39m=[32m"form-field"[39m
            [36m>[39m
              [36m<label[39m
                [33mfor[39m=[32m"task-goal"[39m
              [36m>[39m
                [0m任务目标[0m
              [36m</label>[39m
              [36m<input[39m
                [33mid[39m=[32m"task-goal"[39m
                [33mname[39m=[32m"goal"[39m
                [33mvalue[39m=[32m""[39m
              [36m/>[39m
            [36m</div>[39m
            [36m<button[39m
              [33mdisabled[39m=[32m""[39m
              [33mtype[39m=[32m"submit"[39m
            [36m>[39m
              [0m运行任务[0m
            [36m</button>[39m
          [36m</div>[39m
        [36m</form>[39m
        [36m<p[39m
          [33mclass[39m=[32m"state-message"[39m
        [36m>[39m
          [0m暂无任务。输入目标即可运行示例 Agent。[0m
        [36m</p>[39m
        [36m<p[39m
          [33maria-atomic[39m=[32m"true"[39m
          [33maria-live[39m=[32m"polite"[39m
          [33mclass[39m=[32m"muted"[39m
          [33mrole[39m=[32m"status"[39m
        [36m/>[39m
      [36m</main>[39m
      [36m<aside[39m
        [33maria-labelledby[39m=[32m"task-context-label"[39m
        [33mclass[39m=[32m"cockpit-context"[39m
        [33mdata-open[39m=[32m"false"[39m
        [33mdata-testid[39m=[32m"context-surface"[39m
        [33mhidden[39m=[32m""[39m
        [33mid[39m=[32m"task-context-drawer"[39m
      [36m>[39m
        [36m<span[39m
          [33mclass[39m=[32m"sr-only"[39m
          [33mid[39m=[32m"task-context-label"[39m
        [36m>[39m
          [0m当前任务上下文[0m
        [36m</span>[39m
        [36m<button[39m
          [33maria-label[39m=[32m"关闭当前任务上下文"[39m
          [33mclass[39m=[32m"drawer-close"[39m
          [33mdata-dialog-close[39m=[32m"true"[39m
          [33mtabindex[39m=[32m"-1"[39m
          [33mtype[39m=[32m"button"[39m
        [36m>[39m
          [0m关闭[0m
        [36m</button>[39m
        [36m<div>[39m
          [36m<p[39m
            [33mclass[39m=[32m"eyebrow"[39m
          [36m>[39m
            [0m项目资源[0m
          [36m</p>[39m
          [36m<h2>[39m
            [0m项目上下文[0m
          [36m</h2>[39m
        [36m</div>[39m
        [36m<div[39m
          [33mclass[39m=[32m"stack project-context-panel"[39m
        [36m>[39m
          [36m<div[39m
            [33maria-label[39m=[32m"项目上下文资源"[39m
            [33mclass[39m=[32m"project-context-tabs"[39m
            [33mrole[39m=[32m"tablist"[39m
          [36m>[39m
            [36m<button[39m
              [33maria-controls[39m=[32m"project-context-memory-project-1"[39m
              [33maria-selected[39m=[32m"true"[39m
              [33mid[39m=[32m"project-context-tab-memory-project-1"[39m
              [33mrole[39m=[32m"tab"[39m
              [33mtabindex[39m=[32m"0"[39m
              [33mtype[39m=[32m"button"[39m
            [36m>[39m
              [0m共享记忆[0m
            [36m</button>[39m
            [36m<button[39m
              [33maria-controls[39m=[32m"project-context-context-project-1"[39m
              [33maria-selected[39m=[32m"false"[39m
              [33mid[39m=[32m"project-context-tab-context-project-1"[39m
              [33mrole[39m=[32m"tab"[39m
              [33mtabindex[39m=[32m"-1"[39m
              [33mtype[39m=[32m"button"[39m
            [36m>[39m
              [0m上下文预览[0m
            [36m</button>[39m
            [36m<button[39m
              [33maria-controls[39m=[32m"project-context-skeleton-project-1"[39m
              [33maria-selected[39m=[32m"false"[39m
              [33mid[39m=[32m"project-context-tab-skeleton-project-1"[39m
              [33mrole[39m=[32m"tab"[39m
              [33mtabindex[39m=[32m"-1"[39m
              [33mtype[39m=[32m"button"[39m
            [36m>[39m
              [0m骨架运行[0m
            [36m</button>[39m
          [36m</div>[39m
          [36m<div[39m
            [33maria-labelledby[39m=[32m"project-context-tab-memory-project-1"[39m
            [33mid[39m=[32m"project-context-memory-project-1"[39m
            [33mrole[39m=[32m"tabpanel"[39m
          [36m>[39m
            [36m<section[39m
              [33maria-labelledby[39m=[32m"memory-title-project-1"[39m
              [33mclass[39m=[32m"stack"[39m
            [36m>[39m
              [36m<h2[39m
                [33mid[39m=[32m"memory-title-project-1"[39m
              [36m>[39m
                [0m共享记忆[0m
              [36m</h2>[39m
              [36m<form[39m
                [33mclass[39m=[32m"stack memory-form"[39m
              [36m>[39m
                [36m<fieldset>[39m
                  [36m<legend>[39m
                    [0m记忆类型[0m
                  [36m</legend>[39m
                  [36m<div[39m
                    [33mclass[39m=[32m"memory-type-options"[39m
                  [36m>[39m
                    [36m<label[39m
                      [33mclass[39m=[32m"check-row"[39m
                    [36m>[39m
                      [36m<input[39m
                        [33mchecked[39m=[32m""[39m
                        [33mname[39m=[32m"memory-type-project-1"[39m
                        [33mtype[39m=[32m"radio"[39m
                        [33mvalue[39m=[32m"goal"[39m
                      [36m/>[39m
                      [36m<span>[39m
                        [0m目标[0m
                      [36m</span>[39m
                    [36m</label>[39m
                    [36m<label[39m
                      [33mclass[39m=[32m"check-row"[39m
                    [36m>[39m
                      [36m<input[39m
                        [33mname[39m=[32m"memory-type-project-1"[39m
                        [33mtype[39m=[32m"radio"[39m
                        [33mvalue[39m=[32m"decision"[39m
                      [36m/>[39m
                      [36m<span>[39m
                        [0m决策[0m
                      [36m</span>[39m
                    [36m</label>[39m
                    [36m<label[39m
                      [33mclass[39m=[32m"check-row"[39m
                    [36m>[39m
                      [36m<input[39m
                        [33mname[39m=[32m"memory-type-project-1"[39m
                        [33mtype[39m=[32m"radio"[39m
                        [33mvalue[39m=[32m"fact"[39m
                      [36m/>[39m
                      [36m<span>[39m
                        [0m事实[0m
                      [36m</span>[39m
                    [36m</label>[39m
                    [36m<label[39m
                      [33mclass[39m=[32m"check-row"[39m
                    [36m>[39m
                      [36m<input[39m
                        [33mname[39m=[32m"memory-type-project-1"[39m
                        [33mtype[39m=[32m"radio"[39m
                        [33mvalue[39m=[32m"artifact"[39m
                      [36m/>[39m
                      [36m<span>[39m
                        [0m产物[0m
                      [36m</span>[39m
                    [36m</label>[39m
                  [36m</div>[39m
                [36m</fieldset>[39m
                [36m<div[39m
                  [33mclass[39m=[32m"form-field"[39m
                [36m>[39m
                  [36m<label[39m
                    [33mfor[39m=[32m"memory-content-project-1"[39m
                  [36m>[39m
                    [0m记忆正文[0m
                  [36m</label>[39m
                  [36m<textarea[39m
                    [33mid[39m=[32m"memory-content-project-1"[39m
                  [36m/>[39m
                [36m</div>[39m
                [36m<div[39m
                  [33mclass[39m=[32m"form-field"[39m
                [36m>[39m
                  [36m<label[39m
                    [33mfor[39m=[32m"memory-source-type-project-1"[39m
                  [36m>[39m
                    [0m来源类型[0m
                  [36m</label>[39m
                  [36m<select[39m
                    [33mid[39m=[32m"memory-source-type-project-1"[39m
                  [36m>[39m
                    [36m<option[39m
                      [33mvalue[39m=[32m"owner_input"[39m
                    [36m>[39m
                      [0mOwner 输入[0m
                    [36m</option>[39m
                    [36m<option[39m
                      [33mvalue[39m=[32m"work_item"[39m
                    [36m>[39m
                      [0m任务[0m
                    [36m</option>[39m
                    [36m<option[39m
                      [33mvalue[39m=[32m"artifact_path"[39m
                    [36m>[39m
                      [0m产物路径[0m
                    [36m</option>[39m
                  [36m</select>[39m
                [36m</div>[39m
                [36m<div[39m
                  [33mclass[39m=[32m"form-field"[39m
                [36m>[39m
                  [36m<label[39m
                    [33mfor[39m=[32m"memory-source-ref-project-1"[39m
                  [36m>[39m
                    [0m来源引用[0m
                  [36m</label>[39m
                  [36m<input[39m
                    [33mid[39m=[32m"memory-source-ref-project-1"[39m
                    [33mvalue[39m=[32m""[39m
                  [36m/>[39m
                [36m</div>[39m
                [36m<div[39m
                  [33mclass[39m=[32m"form-field"[39m
                [36m>[39m
                  [36m<label[39m
                    [33mfor[39m=[32m"memory-supersede-project-1"[39m
                  [36m>[39m
                    [0m取代旧记忆[0m
                  [36m</label>[39m
                  [36m<select[39m
                    [33mid[39m=[32m"memory-supersede-project-1"[39m
                  [36m>[39m
                    [36m<option[39m
                      [33mvalue[39m=[32m""[39m
                    [36m>[39m
                      [0m不取代[0m
                    [36m</option>[39m
                  [36m</select>[39m
                [36m</div>[39m
                [36m<button[39m
                  [33mtype[39m=[32m"submit"[39m
                [36m>[39m
                  [0m保存记忆[0m
                [36m</button>[39m
              [36m</form>[39m
              [36m<button[39m
                [33mtype[39m=[32m"button"[39m
              [36m>[39m
                [0m查看历史记忆[0m
              [36m</button>[39m
              [36m<p[39m
                [33mclass[39m=[32m"state-message"[39m
              [36m>[39m
                [0m尚无共享记忆。[0m
              [36m</p>[39m
            [36m</section>[39m
          [36m</div>[39m
        [36m</div>[39m
      [36m</aside>[39m
    [36m</div>[39m
  [36m</div>[39m
[36m</body>[39m
 ❯ Object.getElementError node_modules/@testing-library/dom/dist/config.js:37:19
 ❯ node_modules/@testing-library/dom/dist/query-helpers.js:76:38
 ❯ node_modules/@testing-library/dom/dist/query-helpers.js:52:17
 ❯ node_modules/@testing-library/dom/dist/query-helpers.js:95:19
 ❯ tests/accessibility.test.tsx:87:19
     85|     expect(screen.getByRole("button", { name: "打开当前任务上下文" })).toHaveFo…
     86|     await user.tab();
     87|     expect(screen.getByRole("link", { name: "工作" })).toHaveFocus();
       |                   ^
     88|     await user.tab();
     89|     expect(screen.getByRole("link", { name: "团队" })).toHaveFocus();

⎯⎯⎯⎯⎯⎯⎯⎯⎯⎯⎯⎯⎯⎯⎯⎯⎯⎯⎯⎯⎯⎯⎯⎯[1/3]⎯

 FAIL  tests/task-flow.test.tsx > task event flow > shows loading, then restores persisted task events and result
TestingLibraryElementError: Unable to find an element with the text: Launch notes ready.. This could be because the text is broken up by multiple elements. In this case, you can provide a function for your text matcher to make your matcher more flexible.

Ignored nodes: comments, script, style
[36m<body>[39m
  [36m<div>[39m
    [36m<div[39m
      [33mclass[39m=[32m"collaboration-cockpit"[39m
      [33mdata-testid[39m=[32m"collaboration-cockpit"[39m
    [36m>[39m
      [36m<div[39m
        [33maria-label[39m=[32m"驾驶舱面板"[39m
        [33mclass[39m=[32m"mobile-toolbar"[39m
        [33mrole[39m=[32m"toolbar"[39m
      [36m>[39m
        [36m<button[39m
          [33maria-controls[39m=[32m"project-navigation-drawer"[39m
          [33maria-expanded[39m=[32m"false"[39m
          [33maria-label[39m=[32m"打开项目导航"[39m
          [33mtype[39m=[32m"button"[39m
        [36m>[39m
          [0m项目[0m
        [36m</button>[39m
        [36m<button[39m
          [33maria-controls[39m=[32m"task-editor-surface"[39m
          [33maria-expanded[39m=[32m"false"[39m
          [33maria-label[39m=[32m"打开编辑"[39m
          [33mtype[39m=[32m"button"[39m
        [36m>[39m
          [0m编辑[0m
        [36m</button>[39m
        [36m<button[39m
          [33maria-controls[39m=[32m"task-context-drawer"[39m
          [33maria-expanded[39m=[32m"false"[39m
          [33maria-label[39m=[32m"打开当前任务上下文"[39m
          [33mtype[39m=[32m"button"[39m
        [36m>[39m
          [0m上下文[0m
        [36m</button>[39m
      [36m</div>[39m
      [36m<aside[39m
        [33maria-label[39m=[32m"项目导航"[39m
        [33mclass[39m=[32m"cockpit-sidebar"[39m
        [33mdata-open[39m=[32m"false"[39m
        [33mdata-testid[39m=[32m"project-surface"[39m
        [33mid[39m=[32m"project-navigation-drawer"[39m
      [36m>[39m
        [36m<span[39m
          [33mclass[39m=[32m"sr-only"[39m
          [33mid[39m=[32m"project-navigation-label"[39m
        [36m>[39m
          [0m项目导航[0m
        [36m</span>[39m
        [36m<button[39m
          [33maria-label[39m=[32m"关闭项目导航"[39m
          [33mclass[39m=[32m"drawer-close"[39m
          [33mtabindex[39m=[32m"-1"[39m
          [33mtype[39m=[32m"button"[39m
        [36m>[39m
          [0m关闭[0m
        [36m</button>[39m
        [36m<div[39m
          [33mclass[39m=[32m"product-identity"[39m
        [36m>[39m
          [36m<span[39m
            [33maria-hidden[39m=[32m"true"[39m
            [33mclass[39m=[32m"product-mark"[39m
          [36m>[39m
            [0mC[0m
          [36m</span>[39m
          [36m<div>[39m
            [36m<p[39m
              [33mclass[39m=[32m"eyebrow"[39m
            [36m>[39m
              [0m协作驾驶舱[0m
            [36m</p>[39m
            [36m<h1>[39m
              [0mCool AI[0m
            [36m</h1>[39m
          [36m</div>[39m
        [36m</div>[39m
        [36m<nav[39m
          [33maria-label[39m=[32m"主导航"[39m
        [36m>[39m
          [36m<ul[39m
            [33mclass[39m=[32m"project-list"[39m
          [36m>[39m
            [36m<li>[39m
              [36m<a[39m
                [33maria-current[39m=[32m"page"[39m
                [33mhref[39m=[32m"/"[39m
              [36m>[39m
                [0m工作[0m
              [36m</a>[39m
            [36m</li>[39m
            [36m<li>[39m
              [36m<a[39m
                [33mhref[39m=[32m"/team"[39m
              [36m>[39m
                [0m团队[0m
              [36m</a>[39m
            [36m</li>[39m
          [36m</ul>[39m
        [36m</nav>[39m
        [36m<section[39m
          [33maria-labelledby[39m=[32m"projects-title"[39m
          [33mclass[39m=[32m"stack"[39m
        [36m>[39m
          [36m<h2[39m
            [33mid[39m=[32m"projects-title"[39m
          [36m>[39m
            [0m项目[0m
          [36m</h2>[39m
          [36m<form[39m
            [33mclass[39m=[32m"stack"[39m
          [36m>[39m
            [36m<div[39m
              [33mclass[39m=[32m"form-field"[39m
            [36m>[39m
              [36m<label[39m
                [33mfor[39m=[32m"project-name"[39m
              [36m>[39m
                [0m项目名称[0m
              [36m</label>[39m
              [36m<input[39m
                [33mid[39m=[32m"project-name"[39m
                [33mname[39m=[32m"name"[39m
                [33mvalue[39m=[32m""[39m
              [36m/>[39m
            [36m</div>[39m
            [36m<button[39m
              [33mtype[39m=[32m"submit"[39m
            [36m>[39m
              [0m创建项目[0m
            [36m</button>[39m
          [36m</form>[39m
          [36m<nav[39m
            [33maria-label[39m=[32m"项目"[39m
          [36m>[39m
            [36m<ul[39m
              [33mclass[39m=[32m"project-list"[39m
            [36m>[39m
              [36m<li>[39m
                [36m<button[39m
                  [33maria-current[39m=[32m"page"[39m
                  [33mtype[39m=[32m"button"[39m
                [36m>[39m
                  [0mLaunch plan[0m
                [36m</button>[39m
              [36m</li>[39m
            [36m</ul>[39m
          [36m</nav>[39m
        [36m</section>[39m
        [36m<section[39m
          [33maria-labelledby[39m=[32m"project-setup-title-project-1"[39m
          [33mclass[39m=[32m"stack project-setup"[39m
        [36m>[39m
          [36m<h2[39m
            [33mid[39m=[32m"project-setup-title-project-1"[39m
          [36m>[39m
            [0m项目设置[0m
          [36m</h2>[39m
          [36m<section[39m
            [33maria-labelledby[39m=[32m"workspace-title-project-1"[39m
            [33mclass[39m=[32m"stack"[39m
          [36m>[39m
            [36m<div>[39m
              [36m<div[39m
                [33mclass[39m=[32m"stack"[39m
              [36m>[39m
                [36m<h3[39m
                  [33mid[39m=[32m"workspace-title-project-1"[39m
                [36m>[39m
                  [0m本地工作区[0m
                [36m</h3>[39m
                [36m<p[39m
                  [33mclass[39m=[32m"muted"[39m
                [36m>[39m
                  [0m尚未绑定本地工作区。[0m
                [36m</p>[39m
                [36m<form[39m
                  [33mclass[39m=[32m"stack"[39m
                [36m>[39m
                  [36m<div[39m
                    [33mclass[39m=[32m"form-field"[39m
                  [36m>[39m
                    [36m<label[39m
                      [33mfor[39m=[32m"workspace-path-project-1"[39m
                    [36m>[39m
                      [0m本地工作区路径[0m
                    [36m</label>[39m
                    [36m<input[39m
                      [33mid[39m=[32m"workspace-path-project-1"[39m
                      [33mname[39m=[32m"workspacePath"[39m
                      [33mvalue[39m=[32m""[39m
                    [36m/>[39m
                  [36m</div>[39m
                  [36m<button[39m
                    [33mtype[39m=[32m"submit"[39m
                  [36m>[39m
                    [0m绑定工作区[0m
                  [36m</button>[39m
                [36m</form>[39m
              [36m</div>[39m
            [36m</div>[39m
          [36m</section>[39m
          [36m<section[39m
            [33maria-labelledby[39m=[32m"members-title-project-1"[39m
            [33mclass[39m=[32m"stack"[39m
          [36m>[39m
            [36m<h3[39m
              [33mid[39m=[32m"members-title-project-1"[39m
            [36m>[39m
              [0m项目成员[0m
            [36m</h3>[39m
            [36m<p[39m
              [33mclass[39m=[32m"muted"[39m
            [36m>[39m
              [0mAgent 库为空，请先[0m
              [36m<a[39m
                [33mhref[39m=[32m"/team"[39m
              [36m>[39m
                [0m创建 Agent[0m
              [36m</a>[39m
              [0m。[0m
            [36m</p>[39m
            [36m<p[39m
              [33mclass[39m=[32m"muted"[39m
            [36m>[39m
              [0m尚未组建项目成员。[0m
            [36m</p>[39m
          [36m</section>[39m
        [36m</section>[39m
      [36m</aside>[39m
      [36m<main[39m
        [33maria-label[39m=[32m"任务事件流"[39m
        [33mclass[39m=[32m"cockpit-flow"[39m
        [33mdata-open[39m=[32m"false"[39m
        [33mdata-testid[39m=[32m"editor-surface"[39m
        [33mid[39m=[32m"task-editor-surface"[39m
      [36m>[39m
        [36m<span[39m
          [33mclass[39m=[32m"sr-only"[39m
          [33mid[39m=[32m"task-editor-label"[39m
        [36m>[39m
          [0m任务编辑[0m
        [36m</span>[39m
        [36m<button[39m
          [33maria-label[39m=[32m"关闭任务编辑"[39m
          [33mclass[39m=[32m"drawer-close"[39m
          [33mdata-dialog-close[39m=[32m"true"[39m
          [33mtabindex[39m=[32m"-1"[39m
          [33mtype[39m=[32m"button"[39m
        [36m>[39m
          [0m关闭[0m
        [36m</button>[39m
        [36m<div[39m
          [33mclass[39m=[32m"panel-heading"[39m
        [36m>[39m
          [36m<span[39m
            [33maria-hidden[39m=[32m"true"[39m
            [33mclass[39m=[32m"agent-mark"[39m
          [36m>[39m
            [0mA[0m
          [36m</span>[39m
          [36m<div>[39m
            [36m<p[39m
              [33mclass[39m=[32m"eyebrow"[39m
            [36m>[39m
              [0m确定性示例 Agent[0m
            [36m</p>[39m
            [36m<h2[39m
              [33mid[39m=[32m"tasks-title"[39m
              [33mtabindex[39m=[32m"-1"[39m
            [36m>[39m
              [0mLaunch plan[0m
            [36m</h2>[39m
          [36m</div>[39m
        [36m</div>[39m
        [36m<section[39m
          [33maria-labelledby[39m=[32m"mission-board-title-project-1"[39m
          [33mclass[39m=[32m"stack mission-board"[39m
          [33mid[39m=[32m"mission-board"[39m
        [36m>[39m
          [36m<h2[39m
            [33mid[39m=[32m"mission-board-title-project-1"[39m
          [36m>[39m
            [0m使命看板[0m
          [36m</h2>[39m
          [36m<div[39m
            [33mclass[39m=[32m"stack"[39m
          [36m>[39m
            [36m<p[39m
              [33mclass[39m=[32m"state-message"[39m
            [36m>[39m
              [0m尚未创建使命。[0m
            [36m</p>[39m
            [36m<form[39m
              [33mclass[39m=[32m"stack mission-form"[39m
            [36m>[39m
              [36m<div[39m
                [33mclass[39m=[32m"form-field"[39m
              [36m>[39m
                [36m<label[39m
                  [33mfor[39m=[32m"mission-title-project-1"[39m
                [36m>[39m
                  [0m使命标题[0m
                [36m</label>[39m
                [36m<input[39m
                  [33mid[39m=[32m"mission-title-project-1"[39m
                  [33mvalue[39m=[32m""[39m
                [36m/>[39m
              [36m</div>[39m
              [36m<div[39m
                [33mclass[39m=[32m"form-field"[39m
              [36m>[39m
                [36m<label[39m
                  [33mfor[39m=[32m"mission-goal-project-1"[39m
                [36m>[39m
                  [0m使命目标[0m
                [36m</label>[39m
                [36m<textarea[39m
                  [33mid[39m=[32m"mission-goal-project-1"[39m
                [36m/>[39m
              [36m</div>[39m
              [36m<div[39m
                [33mclass[39m=[32m"form-row"[39m
              [36m>[39m
                [36m<button[39m
                  [33mtype[39m=[32m"submit"[39m
                [36m>[39m
                  [0m创建使命[0m
                [36m</button>[39m
              [36m</div>[39m
            [36m</form>[39m
          [36m</div>[39m
        [36m</section>[39m
        [36m<form[39m
          [33mclass[39m=[32m"composer"[39m
        [36m>[39m
          [36m<div[39m
            [33mclass[39m=[32m"form-row"[39m
          [36m>[39m
            [36m<div[39m
              [33mclass[39m=[32m"form-field"[39m
            [36m>[39m
              [36m<label[39m
                [33mfor[39m=[32m"task-goal"[39m
              [36m>[39m
                [0m任务目标[0m
              [36m</label>[39m
              [36m<input[39m
                [33mid[39m=[32m"task-goal"[39m
                [33mname[39m=[32m"goal"[39m
                [33mvalue[39m=[32m""[39m
              [36m/>[39m
            [36m</div>[39m
            [36m<button[39m
              [33mdisabled[39m=[32m""[39m
              [33mtype[39m=[32m"submit"[39m
            [36m>[39m
              [0m运行任务[0m
            [36m</button>[39m
          [36m</div>[39m
        [36m</form>[39m
        [36m<ol[39m
          [33maria-label[39m=[32m"Task events"[39m
          [33mclass[39m=[32m"timeline"[39m
        [36m>[39m
          [36m<li[39m
            [33mclass[39m=[32m"timeline-item"[39m
          [36m>[39m
            [36m<span[39m
              [33mclass[39m=[32m"status-label status-queued"[39m
            [36m>[39m
              [0m排队中[0m
            [36m</span>[39m
            [36m<span>[39m
              [0m任务已排队。[0m
            [36m</span>[39m
          [36m</li>[39m
          [36m<li[39m
            [33mclass[39m=[32m"timeline-item"[39m
          [36m>[39m
            [36m<span[39m
              [33mclass[39m=[32m"status-label status-running"[39m
            [36m>[39m
              [0m运行中[0m
            [36m</span>[39m
            [36m<span>[39m
              [0m任务已开始。[0m
            [36m</span>[39m
          [36m</li>[39m
          [36m<li[39m
            [33mclass[39m=[32m"timeline-item"[39m
          [36m>[39m
            [36m<span[39m
              [33mclass[39m=[32m"status-label status-completed"[39m
            [36m>[39m
              [0m已完成[0m
            [36m</span>[39m
            [36m<span>[39m
              [0m任务已完成。[0m
            [36m</span>[39m
          [36m</li>[39m
        [36m</ol>[39m
        [36m<p[39m
          [33maria-atomic[39m=[32m"true"[39m
          [33maria-live[39m=[32m"polite"[39m
          [33mclass[39m=[32m"muted"[39m
          [33mrole[39m=[32m"status"[39m
        [36m>[39m
          [0m最新任务状态：已完成[0m
        [36m</p>[39m
      [36m</main>[39m
      [36m<aside[39m
        [33maria-label[39m=[32m"当前任务上下文"[39m
        [33mclass[39m=[32m"cockpit-context"[39m
        [33mdata-open[39m=[32m"false"[39m
        [33mdata-testid[39m=[32m"context-surface"[39m
        [33mid[39m=[32m"task-context-drawer"[39m
      [36m>[39m
        [36m<span[39m
          [33mclass[39m=[32m"sr-only"[39m
          [33mid[39m=[32m"task-context-label"[39m
        [36m>[39m
          [0m当前任务上下文[0m
        [36m</span>[39m
        [36m<button[39m
          [33maria-label[39m=[32m"关闭当前任务上下文"[39m
          [33mclass[39m=[32m"drawer-close"[39m
          [33mdata-dialog-close[39m=[32m"true"[39m
          [33mtabindex[39m=[32m"-1"[39m
          [33mtype[39m=[32m"button"[39m
        [36m>[39m
          [0m关闭[0m
        [36m</button>[39m
        [36m<div>[39m
          [36m<p[39m
            [33mclass[39m=[32m"eyebrow"[39m
          [36m>[39m
            [0m项目资源[0m
          [36m</p>[39m
          [36m<h2>[39m
            [0m项目上下文[0m
          [36m</h2>[39m
        [36m</div>[39m
        [36m<div[39m
          [33mclass[39m=[32m"stack project-context-panel"[39m
        [36m>[39m
          [36m<div[39m
            [33maria-label[39m=[32m"项目上下文资源"[39m
            [33mclass[39m=[32m"project-context-tabs"[39m
            [33mrole[39m=[32m"tablist"[39m
          [36m>[39m
            [36m<button[39m
              [33maria-controls[39m=[32m"project-context-memory-project-1"[39m
              [33maria-selected[39m=[32m"true"[39m
              [33mid[39m=[32m"project-context-tab-memory-project-1"[39m
              [33mrole[39m=[32m"tab"[39m
              [33mtabindex[39m=[32m"0"[39m
              [33mtype[39m=[32m"button"[39m
            [36m>[39m
              [0m共享记忆[0m
            [36m</button>[39m
            [36m<button[39m
              [33maria-controls[39m=[32m"project-context-context-project-1"[39m
              [33maria-selected[39m=[32m"false"[39m
              [33mid[39m=[32m"project-context-tab-context-project-1"[39m
              [33mrole[39m=[32m"tab"[39m
              [33mtabindex[39m=[32m"-1"[39m
              [33mtype[39m=[32m"button"[39m
            [36m>[39m
              [0m上下文预览[0m
            [36m</button>[39m
            [36m<button[39m
              [33maria-controls[39m=[32m"project-context-skeleton-project-1"[39m
              [33maria-selected[39m=[32m"false"[39m
              [33mid[39m=[32m"project-context-tab-skeleton-project-1"[39m
              [33mrole[39m=[32m"tab"[39m
              [33mtabindex[39m=[32m"-1"[39m
              [33mtype[39m=[32m"button"[39m
            [36m>[39m
              [0m骨架运行[0m
            [36m</button>[39m
          [36m</div>[39m
          [36m<div[39m
            [33maria-labelledby[39m=[32m"project-context-tab-memory-project-1"[39m
            [33mid[39m=[32m"project-context-memory-project-1"[39m
            [33mrole[39m=[32m"tabpanel"[39m
          [36m>[39m
            [36m<section[39m
              [33maria-labelledby[39m=[32m"memory-title-project-1"[39m
              [33mclass[39m=[32m"stack"[39m
            [36m>[39m
              [36m<h2[39m
                [33mid[39m=[32m"memory-title-project-1"[39m
              [36m>[39m
                [0m共享记忆[0m
              [36m</h2>[39m
              [36m<form[39m
                [33mclass[39m=[32m"stack memory-form"[39m
              [36m>[39m
                [36m<fieldset>[39m
                  [36m<legend>[39m
                    [0m记忆类型[0m
                  [36m</legend>[39m
                  [36m<div[39m
                    [33mclass[39m=[32m"memory-type-options"[39m
                  [36m>[39m
                    [36m<label[39m
                      [33mclass[39m=[32m"check-row"[39m
                    [36m>[39m
                      [36m<input[39m
                        [33mchecked[39m=[32m""[39m
                        [33mname[39m=[32m"memory-type-project-1"[39m
                        [33mtype[39m=[32m"radio"[39m
                        [33mvalue[39m=[32m"goal"[39m
                      [36m/>[39m
                      [36m<span>[39m
                        [0m目标[0m
                      [36m</span>[39m
                    [36m</label>[39m
                    [36m<label[39m
                      [33mclass[39m=[32m"check-row"[39m
                    [36m>[39m
                      [36m<input[39m
                        [33mname[39m=[32m"memory-type-project-1"[39m
                        [33mtype[39m=[32m"radio"[39m
                        [33mvalue[39m=[32m"decision"[39m
                      [36m/>[39m
                      [36m<span>[39m
                        [0m决策[0m
                      [36m</span>[39m
                    [36m</label>[39m
                    [36m<label[39m
                      [33mclass[39m=[32m"check-row"[39m
                    [36m>[39m
                      [36m<input[39m
                        [33mname[39m=[32m"memory-type-project-1"[39m
                        [33mtype[39m=[32m"radio"[39m
                        [33mvalue[39m=[32m"fact"[39m
                      [36m/>[39m
                      [36m<span>[39m
                        [0m事实[0m
                      [36m</span>[39m
                    [36m</label>[39m
                    [36m<label[39m
                      [33mclass[39m=[32m"check-row"[39m
                    [36m>[39m
                      [36m<input[39m
                        [33mname[39m=[32m"memory-type-project-1"[39m
                        [33mtype[39m=[32m"radio"[39m
                        [33mvalue[39m=[32m"artifact"[39m
                      [36m/>[39m
                      [36m<span>[39m
                        [0m产物[0m
                      [36m</span>[39m
                    [36m</label>[39m
                  [36m</div>[39m
                [36m</fieldset>[39m
                [36m<div[39m
                  [33mclass[39m=[32m"form-field"[39m
                [36m>[39m
                  [36m<label[39m
                    [33mfor[39m=[32m"memory-content-project-1"[39m
                  [36m>[39m
                    [0m记忆正文[0m
                  [36m</label>[39m
                  [36m<textarea[39m
                    [33mid[39m=[32m"memory-content-project-1"[39m
                  [36m/>[39m
                [36m</div>[39m
                [36m<div[39m
                  [33mclass[39m=[32m"form-field"[39m
                [36m>[39m
                  [36m<label[39m
                    [33mfor[39m=[32m"memory-source-type-project-1"[39m
                  [36m>[39m
                    [0m来源类型[0m
                  [36m</label>[39m
                  [36m<select[39m
                    [33mid[39m=[32m"memory-source-type-project-1"[39m
                  [36m>[39m
                    [36m<option[39m
                      [33mvalue[39m=[32m"owner_input"[39m
                    [36m>[39m
                      [0mOwner 输入[0m
                    [36m</option>[39m
                    [36m<option[39m
                      [33mvalue[39m=[32m"work_item"[39m
                    [36m>[39m
                      [0m任务[0m
                    [36m</option>[39m
                    [36m<option[39m
                      [33mvalue[39m=[32m"artifact_path"[39m
                    [36m>[39m
                      [0m产物路径[0m
                    [36m</option>[39m
                  [36m</select>[39m
                [36m</div>[39m
                [36m<div[39m
                  [33mclass[39m=[32m"form-field"[39m
                [36m>[39m
                  [36m<label[39m
                    [33mfor[39m=[32m"memory-source-ref-project-1"[39m
                  [36m>[39m
                    [0m来源引用[0m
                  [36m</label>[39m
                  [36m<input[39m
                    [33mid[39m=[32m"memory-source-ref-project-1"[39m
                    [33mvalue[39m=[32m""[39m
                  [36m/>[39m
                [36m</div>[39m
                [36m<div[39m
                  [33mclass[39m=[32m"form-field"[39m
                [36m>[39m
                  [36m<label[39m
                    [33mfor[39m=[32m"memory-supersede-project-1"[39m
                  [36m>[39m
                    [0m取代旧记忆[0m
                  [36m</label>[39m
                  [36m<select[39m
                    [33mid[39m=[32m"memory-supersede-project-1"[39m
                  [36m>[39m
                    [36m<option[39m
                      [33mvalue[39m=[32m""[39m
                    [36m>[39m
                      [0m不取代[0m
                    [36m</option>[39m
                  [36m</select>[39m
                [36m</div>[39m
                [36m<button[39m
                  [33mtype[39m=[32m"submit"[39m
                [36m>[39m
                  [0m保存记忆[0m
                [36m</button>[39m
              [36m</form>[39m
              [36m<button[39m
                [33mtype[39m=[32m"button"[39m
              [36m>[39m
                [0m查看历史记忆[0m
              [36m</button>[39m
              [36m<p[39m
                [33mclass[39m=[32m"state-message"[39m
              [36m>[39m
                [0m尚无共享记忆。[0m
              [36m</p>[39m
            [36m</section>[39m
          [36m</div>[39m
        [36m</div>[39m
      [36m</aside>[39m
    [36m</div>[39m
  [36m</div>[39m
[36m</body>[39m
 ❯ Object.getElementError node_modules/@testing-library/dom/dist/config.js:37:19
 ❯ node_modules/@testing-library/dom/dist/query-helpers.js:76:38
 ❯ node_modules/@testing-library/dom/dist/query-helpers.js:52:17
 ❯ node_modules/@testing-library/dom/dist/query-helpers.js:95:19
 ❯ tests/task-flow.test.tsx:78:19
     76|
     77|     expect(await screen.findByText("任务已完成。")).toBeInTheDocument();
     78|     expect(screen.getByText("Launch notes ready.")).toBeInTheDocument(…
       |                   ^
     79|     expect(screen.getByLabelText("任务目标")).toHaveValue("");
     80|   });

⎯⎯⎯⎯⎯⎯⎯⎯⎯⎯⎯⎯⎯⎯⎯⎯⎯⎯⎯⎯⎯⎯⎯⎯[2/3]⎯

 FAIL  tests/task-flow.test.tsx > task event flow > calls create, start, and execute in order while rendering each persisted state
TestingLibraryElementError: Unable to find an element with the text: Launch notes ready.. This could be because the text is broken up by multiple elements. In this case, you can provide a function for your text matcher to make your matcher more flexible.

Ignored nodes: comments, script, style
[36m<body>[39m
  [36m<div>[39m
    [36m<div[39m
      [33mclass[39m=[32m"collaboration-cockpit"[39m
      [33mdata-testid[39m=[32m"collaboration-cockpit"[39m
    [36m>[39m
      [36m<div[39m
        [33maria-label[39m=[32m"驾驶舱面板"[39m
        [33mclass[39m=[32m"mobile-toolbar"[39m
        [33mrole[39m=[32m"toolbar"[39m
      [36m>[39m
        [36m<button[39m
          [33maria-controls[39m=[32m"project-navigation-drawer"[39m
          [33maria-expanded[39m=[32m"false"[39m
          [33maria-label[39m=[32m"打开项目导航"[39m
          [33mtype[39m=[32m"button"[39m
        [36m>[39m
          [0m项目[0m
        [36m</button>[39m
        [36m<button[39m
          [33maria-controls[39m=[32m"task-editor-surface"[39m
          [33maria-expanded[39m=[32m"false"[39m
          [33maria-label[39m=[32m"打开编辑"[39m
          [33mtype[39m=[32m"button"[39m
        [36m>[39m
          [0m编辑[0m
        [36m</button>[39m
        [36m<button[39m
          [33maria-controls[39m=[32m"task-context-drawer"[39m
          [33maria-expanded[39m=[32m"false"[39m
          [33maria-label[39m=[32m"打开当前任务上下文"[39m
          [33mtype[39m=[32m"button"[39m
        [36m>[39m
          [0m上下文[0m
        [36m</button>[39m
      [36m</div>[39m
      [36m<aside[39m
        [33maria-label[39m=[32m"项目导航"[39m
        [33mclass[39m=[32m"cockpit-sidebar"[39m
        [33mdata-open[39m=[32m"false"[39m
        [33mdata-testid[39m=[32m"project-surface"[39m
        [33mid[39m=[32m"project-navigation-drawer"[39m
      [36m>[39m
        [36m<span[39m
          [33mclass[39m=[32m"sr-only"[39m
          [33mid[39m=[32m"project-navigation-label"[39m
        [36m>[39m
          [0m项目导航[0m
        [36m</span>[39m
        [36m<button[39m
          [33maria-label[39m=[32m"关闭项目导航"[39m
          [33mclass[39m=[32m"drawer-close"[39m
          [33mtabindex[39m=[32m"-1"[39m
          [33mtype[39m=[32m"button"[39m
        [36m>[39m
          [0m关闭[0m
        [36m</button>[39m
        [36m<div[39m
          [33mclass[39m=[32m"product-identity"[39m
        [36m>[39m
          [36m<span[39m
            [33maria-hidden[39m=[32m"true"[39m
            [33mclass[39m=[32m"product-mark"[39m
          [36m>[39m
            [0mC[0m
          [36m</span>[39m
          [36m<div>[39m
            [36m<p[39m
              [33mclass[39m=[32m"eyebrow"[39m
            [36m>[39m
              [0m协作驾驶舱[0m
            [36m</p>[39m
            [36m<h1>[39m
              [0mCool AI[0m
            [36m</h1>[39m
          [36m</div>[39m
        [36m</div>[39m
        [36m<nav[39m
          [33maria-label[39m=[32m"主导航"[39m
        [36m>[39m
          [36m<ul[39m
            [33mclass[39m=[32m"project-list"[39m
          [36m>[39m
            [36m<li>[39m
              [36m<a[39m
                [33maria-current[39m=[32m"page"[39m
                [33mhref[39m=[32m"/"[39m
              [36m>[39m
                [0m工作[0m
              [36m</a>[39m
            [36m</li>[39m
            [36m<li>[39m
              [36m<a[39m
                [33mhref[39m=[32m"/team"[39m
              [36m>[39m
                [0m团队[0m
              [36m</a>[39m
            [36m</li>[39m
          [36m</ul>[39m
        [36m</nav>[39m
        [36m<section[39m
          [33maria-labelledby[39m=[32m"projects-title"[39m
          [33mclass[39m=[32m"stack"[39m
        [36m>[39m
          [36m<h2[39m
            [33mid[39m=[32m"projects-title"[39m
          [36m>[39m
            [0m项目[0m
          [36m</h2>[39m
          [36m<form[39m
            [33mclass[39m=[32m"stack"[39m
          [36m>[39m
            [36m<div[39m
              [33mclass[39m=[32m"form-field"[39m
            [36m>[39m
              [36m<label[39m
                [33mfor[39m=[32m"project-name"[39m
              [36m>[39m
                [0m项目名称[0m
              [36m</label>[39m
              [36m<input[39m
                [33mid[39m=[32m"project-name"[39m
                [33mname[39m=[32m"name"[39m
                [33mvalue[39m=[32m""[39m
              [36m/>[39m
            [36m</div>[39m
            [36m<button[39m
              [33mtype[39m=[32m"submit"[39m
            [36m>[39m
              [0m创建项目[0m
            [36m</button>[39m
          [36m</form>[39m
          [36m<nav[39m
            [33maria-label[39m=[32m"项目"[39m
          [36m>[39m
            [36m<ul[39m
              [33mclass[39m=[32m"project-list"[39m
            [36m>[39m
              [36m<li>[39m
                [36m<button[39m
                  [33maria-current[39m=[32m"page"[39m
                  [33mtype[39m=[32m"button"[39m
                [36m>[39m
                  [0mLaunch plan[0m
                [36m</button>[39m
              [36m</li>[39m
            [36m</ul>[39m
          [36m</nav>[39m
        [36m</section>[39m
        [36m<section[39m
          [33maria-labelledby[39m=[32m"project-setup-title-project-1"[39m
          [33mclass[39m=[32m"stack project-setup"[39m
        [36m>[39m
          [36m<h2[39m
            [33mid[39m=[32m"project-setup-title-project-1"[39m
          [36m>[39m
            [0m项目设置[0m
          [36m</h2>[39m
          [36m<section[39m
            [33maria-labelledby[39m=[32m"workspace-title-project-1"[39m
            [33mclass[39m=[32m"stack"[39m
          [36m>[39m
            [36m<div>[39m
              [36m<div[39m
                [33mclass[39m=[32m"stack"[39m
              [36m>[39m
                [36m<h3[39m
                  [33mid[39m=[32m"workspace-title-project-1"[39m
                [36m>[39m
                  [0m本地工作区[0m
                [36m</h3>[39m
                [36m<p[39m
                  [33mclass[39m=[32m"muted"[39m
                [36m>[39m
                  [0m尚未绑定本地工作区。[0m
                [36m</p>[39m
                [36m<form[39m
                  [33mclass[39m=[32m"stack"[39m
                [36m>[39m
                  [36m<div[39m
                    [33mclass[39m=[32m"form-field"[39m
                  [36m>[39m
                    [36m<label[39m
                      [33mfor[39m=[32m"workspace-path-project-1"[39m
                    [36m>[39m
                      [0m本地工作区路径[0m
                    [36m</label>[39m
                    [36m<input[39m
                      [33mid[39m=[32m"workspace-path-project-1"[39m
                      [33mname[39m=[32m"workspacePath"[39m
                      [33mvalue[39m=[32m""[39m
                    [36m/>[39m
                  [36m</div>[39m
                  [36m<button[39m
                    [33mtype[39m=[32m"submit"[39m
                  [36m>[39m
                    [0m绑定工作区[0m
                  [36m</button>[39m
                [36m</form>[39m
              [36m</div>[39m
            [36m</div>[39m
          [36m</section>[39m
          [36m<section[39m
            [33maria-labelledby[39m=[32m"members-title-project-1"[39m
            [33mclass[39m=[32m"stack"[39m
          [36m>[39m
            [36m<h3[39m
              [33mid[39m=[32m"members-title-project-1"[39m
            [36m>[39m
              [0m项目成员[0m
            [36m</h3>[39m
            [36m<p[39m
              [33mclass[39m=[32m"muted"[39m
            [36m>[39m
              [0mAgent 库为空，请先[0m
              [36m<a[39m
                [33mhref[39m=[32m"/team"[39m
              [36m>[39m
                [0m创建 Agent[0m
              [36m</a>[39m
              [0m。[0m
            [36m</p>[39m
            [36m<p[39m
              [33mclass[39m=[32m"muted"[39m
            [36m>[39m
              [0m尚未组建项目成员。[0m
            [36m</p>[39m
          [36m</section>[39m
        [36m</section>[39m
      [36m</aside>[39m
      [36m<main[39m
        [33maria-label[39m=[32m"任务事件流"[39m
        [33mclass[39m=[32m"cockpit-flow"[39m
        [33mdata-open[39m=[32m"false"[39m
        [33mdata-testid[39m=[32m"editor-surface"[39m
        [33mid[39m=[32m"task-editor-surface"[39m
      [36m>[39m
        [36m<span[39m
          [33mclass[39m=[32m"sr-only"[39m
          [33mid[39m=[32m"task-editor-label"[39m
        [36m>[39m
          [0m任务编辑[0m
        [36m</span>[39m
        [36m<button[39m
          [33maria-label[39m=[32m"关闭任务编辑"[39m
          [33mclass[39m=[32m"drawer-close"[39m
          [33mdata-dialog-close[39m=[32m"true"[39m
          [33mtabindex[39m=[32m"-1"[39m
          [33mtype[39m=[32m"button"[39m
        [36m>[39m
          [0m关闭[0m
        [36m</button>[39m
        [36m<div[39m
          [33mclass[39m=[32m"panel-heading"[39m
        [36m>[39m
          [36m<span[39m
            [33maria-hidden[39m=[32m"true"[39m
            [33mclass[39m=[32m"agent-mark"[39m
          [36m>[39m
            [0mA[0m
          [36m</span>[39m
          [36m<div>[39m
            [36m<p[39m
              [33mclass[39m=[32m"eyebrow"[39m
            [36m>[39m
              [0m确定性示例 Agent[0m
            [36m</p>[39m
            [36m<h2[39m
              [33mid[39m=[32m"tasks-title"[39m
              [33mtabindex[39m=[32m"-1"[39m
            [36m>[39m
              [0mLaunch plan[0m
            [36m</h2>[39m
          [36m</div>[39m
        [36m</div>[39m
        [36m<section[39m
          [33maria-labelledby[39m=[32m"mission-board-title-project-1"[39m
          [33mclass[39m=[32m"stack mission-board"[39m
          [33mid[39m=[32m"mission-board"[39m
        [36m>[39m
          [36m<h2[39m
            [33mid[39m=[32m"mission-board-title-project-1"[39m
          [36m>[39m
            [0m使命看板[0m
          [36m</h2>[39m
          [36m<div[39m
            [33mclass[39m=[32m"stack"[39m
          [36m>[39m
            [36m<p[39m
              [33mclass[39m=[32m"state-message"[39m
            [36m>[39m
              [0m尚未创建使命。[0m
            [36m</p>[39m
            [36m<form[39m
              [33mclass[39m=[32m"stack mission-form"[39m
            [36m>[39m
              [36m<div[39m
                [33mclass[39m=[32m"form-field"[39m
              [36m>[39m
                [36m<label[39m
                  [33mfor[39m=[32m"mission-title-project-1"[39m
                [36m>[39m
                  [0m使命标题[0m
                [36m</label>[39m
                [36m<input[39m
                  [33mid[39m=[32m"mission-title-project-1"[39m
                  [33mvalue[39m=[32m""[39m
                [36m/>[39m
              [36m</div>[39m
              [36m<div[39m
                [33mclass[39m=[32m"form-field"[39m
              [36m>[39m
                [36m<label[39m
                  [33mfor[39m=[32m"mission-goal-project-1"[39m
                [36m>[39m
                  [0m使命目标[0m
                [36m</label>[39m
                [36m<textarea[39m
                  [33mid[39m=[32m"mission-goal-project-1"[39m
                [36m/>[39m
              [36m</div>[39m
              [36m<div[39m
                [33mclass[39m=[32m"form-row"[39m
              [36m>[39m
                [36m<button[39m
                  [33mtype[39m=[32m"submit"[39m
                [36m>[39m
                  [0m创建使命[0m
                [36m</button>[39m
              [36m</div>[39m
            [36m</form>[39m
          [36m</div>[39m
        [36m</section>[39m
        [36m<form[39m
          [33mclass[39m=[32m"composer"[39m
        [36m>[39m
          [36m<div[39m
            [33mclass[39m=[32m"form-row"[39m
          [36m>[39m
            [36m<div[39m
              [33mclass[39m=[32m"form-field"[39m
            [36m>[39m
              [36m<label[39m
                [33mfor[39m=[32m"task-goal"[39m
              [36m>[39m
                [0m任务目标[0m
              [36m</label>[39m
              [36m<input[39m
                [33mid[39m=[32m"task-goal"[39m
                [33mname[39m=[32m"goal"[39m
                [33mvalue[39m=[32m""[39m
              [36m/>[39m
            [36m</div>[39m
            [36m<button[39m
              [33mdisabled[39m=[32m""[39m
              [33mtype[39m=[32m"submit"[39m
            [36m>[39m
              [0m运行任务[0m
            [36m</button>[39m
          [36m</div>[39m
        [36m</form>[39m
        [36m<ol[39m
          [33maria-label[39m=[32m"Task events"[39m
          [33mclass[39m=[32m"timeline"[39m
        [36m>[39m
          [36m<li[39m
            [33mclass[39m=[32m"timeline-item"[39m
          [36m>[39m
            [36m<span[39m
              [33mclass[39m=[32m"status-label status-queued"[39m
            [36m>[39m
              [0m排队中[0m
            [36m</span>[39m
            [36m<span>[39m
              [0m任务已排队。[0m
            [36m</span>[39m
          [36m</li>[39m
          [36m<li[39m
            [33mclass[39m=[32m"timeline-item"[39m
          [36m>[39m
            [36m<span[39m
              [33mclass[39m=[32m"status-label status-running"[39m
            [36m>[39m
              [0m运行中[0m
            [36m</span>[39m
            [36m<span>[39m
              [0m任务已开始。[0m
            [36m</span>[39m
          [36m</li>[39m
          [36m<li[39m
            [33mclass[39m=[32m"timeline-item"[39m
          [36m>[39m
            [36m<span[39m
              [33mclass[39m=[32m"status-label status-completed"[39m
            [36m>[39m
              [0m已完成[0m
            [36m</span>[39m
            [36m<span>[39m
              [0m任务已完成。[0m
            [36m</span>[39m
          [36m</li>[39m
        [36m</ol>[39m
        [36m<p[39m
          [33maria-atomic[39m=[32m"true"[39m
          [33maria-live[39m=[32m"polite"[39m
          [33mclass[39m=[32m"muted"[39m
          [33mrole[39m=[32m"status"[39m
        [36m>[39m
          [0m最新任务状态：已完成[0m
        [36m</p>[39m
      [36m</main>[39m
      [36m<aside[39m
        [33maria-label[39m=[32m"当前任务上下文"[39m
        [33mclass[39m=[32m"cockpit-context"[39m
        [33mdata-open[39m=[32m"false"[39m
        [33mdata-testid[39m=[32m"context-surface"[39m
        [33mid[39m=[32m"task-context-drawer"[39m
      [36m>[39m
        [36m<span[39m
          [33mclass[39m=[32m"sr-only"[39m
          [33mid[39m=[32m"task-context-label"[39m
        [36m>[39m
          [0m当前任务上下文[0m
        [36m</span>[39m
        [36m<button[39m
          [33maria-label[39m=[32m"关闭当前任务上下文"[39m
          [33mclass[39m=[32m"drawer-close"[39m
          [33mdata-dialog-close[39m=[32m"true"[39m
          [33mtabindex[39m=[32m"-1"[39m
          [33mtype[39m=[32m"button"[39m
        [36m>[39m
          [0m关闭[0m
        [36m</button>[39m
        [36m<div>[39m
          [36m<p[39m
            [33mclass[39m=[32m"eyebrow"[39m
          [36m>[39m
            [0m项目资源[0m
          [36m</p>[39m
          [36m<h2>[39m
            [0m项目上下文[0m
          [36m</h2>[39m
        [36m</div>[39m
        [36m<div[39m
          [33mclass[39m=[32m"stack project-context-panel"[39m
        [36m>[39m
          [36m<div[39m
            [33maria-label[39m=[32m"项目上下文资源"[39m
            [33mclass[39m=[32m"project-context-tabs"[39m
            [33mrole[39m=[32m"tablist"[39m
          [36m>[39m
            [36m<button[39m
              [33maria-controls[39m=[32m"project-context-memory-project-1"[39m
              [33maria-selected[39m=[32m"true"[39m
              [33mid[39m=[32m"project-context-tab-memory-project-1"[39m
              [33mrole[39m=[32m"tab"[39m
              [33mtabindex[39m=[32m"0"[39m
              [33mtype[39m=[32m"button"[39m
            [36m>[39m
              [0m共享记忆[0m
            [36m</button>[39m
            [36m<button[39m
              [33maria-controls[39m=[32m"project-context-context-project-1"[39m
              [33maria-selected[39m=[32m"false"[39m
              [33mid[39m=[32m"project-context-tab-context-project-1"[39m
              [33mrole[39m=[32m"tab"[39m
              [33mtabindex[39m=[32m"-1"[39m
              [33mtype[39m=[32m"button"[39m
            [36m>[39m
              [0m上下文预览[0m
            [36m</button>[39m
            [36m<button[39m
              [33maria-controls[39m=[32m"project-context-skeleton-project-1"[39m
              [33maria-selected[39m=[32m"false"[39m
              [33mid[39m=[32m"project-context-tab-skeleton-project-1"[39m
              [33mrole[39m=[32m"tab"[39m
              [33mtabindex[39m=[32m"-1"[39m
              [33mtype[39m=[32m"button"[39m
            [36m>[39m
              [0m骨架运行[0m
            [36m</button>[39m
          [36m</div>[39m
          [36m<div[39m
            [33maria-labelledby[39m=[32m"project-context-tab-memory-project-1"[39m
            [33mid[39m=[32m"project-context-memory-project-1"[39m
            [33mrole[39m=[32m"tabpanel"[39m
          [36m>[39m
            [36m<section[39m
              [33maria-labelledby[39m=[32m"memory-title-project-1"[39m
              [33mclass[39m=[32m"stack"[39m
            [36m>[39m
              [36m<h2[39m
                [33mid[39m=[32m"memory-title-project-1"[39m
              [36m>[39m
                [0m共享记忆[0m
              [36m</h2>[39m
              [36m<form[39m
                [33mclass[39m=[32m"stack memory-form"[39m
              [36m>[39m
                [36m<fieldset>[39m
                  [36m<legend>[39m
                    [0m记忆类型[0m
                  [36m</legend>[39m
                  [36m<div[39m
                    [33mclass[39m=[32m"memory-type-options"[39m
                  [36m>[39m
                    [36m<label[39m
                      [33mclass[39m=[32m"check-row"[39m
                    [36m>[39m
                      [36m<input[39m
                        [33mchecked[39m=[32m""[39m
                        [33mname[39m=[32m"memory-type-project-1"[39m
                        [33mtype[39m=[32m"radio"[39m
                        [33mvalue[39m=[32m"goal"[39m
                      [36m/>[39m
                      [36m<span>[39m
                        [0m目标[0m
                      [36m</span>[39m
                    [36m</label>[39m
                    [36m<label[39m
                      [33mclass[39m=[32m"check-row"[39m
                    [36m>[39m
                      [36m<input[39m
                        [33mname[39m=[32m"memory-type-project-1"[39m
                        [33mtype[39m=[32m"radio"[39m
                        [33mvalue[39m=[32m"decision"[39m
                      [36m/>[39m
                      [36m<span>[39m
                        [0m决策[0m
                      [36m</span>[39m
                    [36m</label>[39m
                    [36m<label[39m
                      [33mclass[39m=[32m"check-row"[39m
                    [36m>[39m
                      [36m<input[39m
                        [33mname[39m=[32m"memory-type-project-1"[39m
                        [33mtype[39m=[32m"radio"[39m
                        [33mvalue[39m=[32m"fact"[39m
                      [36m/>[39m
                      [36m<span>[39m
                        [0m事实[0m
                      [36m</span>[39m
                    [36m</label>[39m
                    [36m<label[39m
                      [33mclass[39m=[32m"check-row"[39m
                    [36m>[39m
                      [36m<input[39m
                        [33mname[39m=[32m"memory-type-project-1"[39m
                        [33mtype[39m=[32m"radio"[39m
                        [33mvalue[39m=[32m"artifact"[39m
                      [36m/>[39m
                      [36m<span>[39m
                        [0m产物[0m
                      [36m</span>[39m
                    [36m</label>[39m
                  [36m</div>[39m
                [36m</fieldset>[39m
                [36m<div[39m
                  [33mclass[39m=[32m"form-field"[39m
                [36m>[39m
                  [36m<label[39m
                    [33mfor[39m=[32m"memory-content-project-1"[39m
                  [36m>[39m
                    [0m记忆正文[0m
                  [36m</label>[39m
                  [36m<textarea[39m
                    [33mid[39m=[32m"memory-content-project-1"[39m
                  [36m/>[39m
                [36m</div>[39m
                [36m<div[39m
                  [33mclass[39m=[32m"form-field"[39m
                [36m>[39m
                  [36m<label[39m
                    [33mfor[39m=[32m"memory-source-type-project-1"[39m
                  [36m>[39m
                    [0m来源类型[0m
                  [36m</label>[39m
                  [36m<select[39m
                    [33mid[39m=[32m"memory-source-type-project-1"[39m
                  [36m>[39m
                    [36m<option[39m
                      [33mvalue[39m=[32m"owner_input"[39m
                    [36m>[39m
                      [0mOwner 输入[0m
                    [36m</option>[39m
                    [36m<option[39m
                      [33mvalue[39m=[32m"work_item"[39m
                    [36m>[39m
                      [0m任务[0m
                    [36m</option>[39m
                    [36m<option[39m
                      [33mvalue[39m=[32m"artifact_path"[39m
                    [36m>[39m
                      [0m产物路径[0m
                    [36m</option>[39m
                  [36m</select>[39m
                [36m</div>[39m
                [36m<div[39m
                  [33mclass[39m=[32m"form-field"[39m
                [36m>[39m
                  [36m<label[39m
                    [33mfor[39m=[32m"memory-source-ref-project-1"[39m
                  [36m>[39m
                    [0m来源引用[0m
                  [36m</label>[39m
                  [36m<input[39m
                    [33mid[39m=[32m"memory-source-ref-project-1"[39m
                    [33mvalue[39m=[32m""[39m
                  [36m/>[39m
                [36m</div>[39m
                [36m<div[39m
                  [33mclass[39m=[32m"form-field"[39m
                [36m>[39m
                  [36m<label[39m
                    [33mfor[39m=[32m"memory-supersede-project-1"[39m
                  [36m>[39m
                    [0m取代旧记忆[0m
                  [36m</label>[39m
                  [36m<select[39m
                    [33mid[39m=[32m"memory-supersede-project-1"[39m
                  [36m>[39m
                    [36m<option[39m
                      [33mvalue[39m=[32m""[39m
                    [36m>[39m
                      [0m不取代[0m
                    [36m</option>[39m
                  [36m</select>[39m
                [36m</div>[39m
                [36m<button[39m
                  [33mtype[39m=[32m"submit"[39m
                [36m>[39m
                  [0m保存记忆[0m
                [36m</button>[39m
              [36m</form>[39m
              [36m<button[39m
                [33mtype[39m=[32m"button"[39m
              [36m>[39m
                [0m查看历史记忆[0m
              [36m</button>[39m
              [36m<p[39m
                [33mclass[39m=[32m"state-message"[39m
              [36m>[39m
                [0m尚无共享记忆。[0m
              [36m</p>[39m
            [36m</section>[39m
          [36m</div>[39m
        [36m</div>[39m
      [36m</aside>[39m
    [36m</div>[39m
  [36m</div>[39m
[36m</body>[39m
 ❯ Object.getElementError node_modules/@testing-library/dom/dist/config.js:37:19
 ❯ node_modules/@testing-library/dom/dist/query-helpers.js:76:38
 ❯ node_modules/@testing-library/dom/dist/query-helpers.js:52:17
 ❯ node_modules/@testing-library/dom/dist/query-helpers.js:95:19
 ❯ tests/task-flow.test.tsx:148:19
    146|
    147|     expect(await screen.findByText("任务已完成。")).toBeInTheDocument();
    148|     expect(screen.getByText("Launch notes ready.")).toBeInTheDocument(…
       |                   ^
    149|     expect(screen.getByLabelText("任务目标")).toHaveValue("");
    150|   });

⎯⎯⎯⎯⎯⎯⎯⎯⎯⎯⎯⎯⎯⎯⎯⎯⎯⎯⎯⎯⎯⎯⎯⎯[3/3]⎯


 Test Files  2 failed | 6 passed (8)
      Tests  3 failed | 26 passed (29)
   Start at  04:01:46
   Duration  6.11s (transform 908ms, setup 3.64s, import 2.18s, tests 5.75s, environment 17.81s)

# exit: 1
