# hf-gate-run
# label: t2-green
# command: cmd /c npm test -- tests/context-migrations.test.ts tests/workspace.service.test.ts
# started: 2026-07-29T18:58:17+00:00

> collaboration-cockpit@0.1.0 test
> vitest run tests/context-migrations.test.ts tests/workspace.service.test.ts


 RUN  v4.1.10 D:/cool-ai

(node:10416) ExperimentalWarning: SQLite is an experimental feature and might change at any time
(Use `node --trace-warnings ...` to show where the warning was created)
(node:15256) ExperimentalWarning: SQLite is an experimental feature and might change at any time
(Use `node --trace-warnings ...` to show where the warning was created)
 ❯ tests/context-migrations.test.ts (3 tests | 3 failed) 62ms
     × validates v2, migrates atomically, and preserves S-1 and S-2 rows 25ms
     × rejects drifted v2 before mutation and leaves its schema untouched 18ms
     × rolls back every v3 mutation after a DDL fault and closes the failed connection 17ms
 ❯ tests/workspace.service.test.ts (4 tests | 4 failed) 80ms
     × returns typed, path-sanitized errors for relative, missing, file, and unreadable inputs 24ms
     × audits only realpath, stat, and access while binding a real directory 20ms
     × rejects alias and Windows case variants already bound to another project 16ms
     × requires explicit rebind confirmation and the current expectedVersion 17ms

⎯⎯⎯⎯⎯⎯⎯ Failed Tests 7 ⎯⎯⎯⎯⎯⎯⎯

 FAIL  tests/context-migrations.test.ts > version 3 context migration > validates v2, migrates atomically, and preserves S-1 and S-2 rows
SchemaMigrationError: Database schema does not match version 1.
 ❯ migrateDatabase src/server/migrations.ts:456:13
    454|   if (currentVersion === 1) {
    455|     if (!validS1(database)) {
    456|       throw new SchemaMigrationError("SCHEMA_DRIFT", "Database schema …
       |             ^
    457|     }
    458|     inTransaction(database, () => {
 ❯ openDatabase src/server/db.ts:14:5
 ❯ createPopulatedV2 tests/context-migrations.test.ts:28:20
 ❯ tests/context-migrations.test.ts:83:5

⎯⎯⎯⎯⎯⎯⎯⎯⎯⎯⎯⎯⎯⎯⎯⎯⎯⎯⎯⎯⎯⎯⎯⎯[1/7]⎯

 FAIL  tests/context-migrations.test.ts > version 3 context migration > rejects drifted v2 before mutation and leaves its schema untouched
SchemaMigrationError: Database schema does not match version 1.
 ❯ migrateDatabase src/server/migrations.ts:456:13
    454|   if (currentVersion === 1) {
    455|     if (!validS1(database)) {
    456|       throw new SchemaMigrationError("SCHEMA_DRIFT", "Database schema …
       |             ^
    457|     }
    458|     inTransaction(database, () => {
 ❯ openDatabase src/server/db.ts:14:5
 ❯ createPopulatedV2 tests/context-migrations.test.ts:28:20
 ❯ tests/context-migrations.test.ts:144:5

⎯⎯⎯⎯⎯⎯⎯⎯⎯⎯⎯⎯⎯⎯⎯⎯⎯⎯⎯⎯⎯⎯⎯⎯[2/7]⎯

 FAIL  tests/context-migrations.test.ts > version 3 context migration > rolls back every v3 mutation after a DDL fault and closes the failed connection
SchemaMigrationError: Database schema does not match version 1.
 ❯ migrateDatabase src/server/migrations.ts:456:13
    454|   if (currentVersion === 1) {
    455|     if (!validS1(database)) {
    456|       throw new SchemaMigrationError("SCHEMA_DRIFT", "Database schema …
       |             ^
    457|     }
    458|     inTransaction(database, () => {
 ❯ openDatabase src/server/db.ts:14:5
 ❯ createPopulatedV2 tests/context-migrations.test.ts:28:20
 ❯ tests/context-migrations.test.ts:170:5

⎯⎯⎯⎯⎯⎯⎯⎯⎯⎯⎯⎯⎯⎯⎯⎯⎯⎯⎯⎯⎯⎯⎯⎯[3/7]⎯

 FAIL  tests/workspace.service.test.ts > workspace service security boundary > returns typed, path-sanitized errors for relative, missing, file, and unreadable inputs
SchemaMigrationError: Database schema does not match version 1.
 ❯ migrateDatabase src/server/migrations.ts:456:13
    454|   if (currentVersion === 1) {
    455|     if (!validS1(database)) {
    456|       throw new SchemaMigrationError("SCHEMA_DRIFT", "Database schema …
       |             ^
    457|     }
    458|     inTransaction(database, () => {
 ❯ openDatabase src/server/db.ts:14:5
 ❯ createProject src/server/projects.ts:31:20
 ❯ tests/workspace.service.test.ts:77:21

⎯⎯⎯⎯⎯⎯⎯⎯⎯⎯⎯⎯⎯⎯⎯⎯⎯⎯⎯⎯⎯⎯⎯⎯[4/7]⎯

 FAIL  tests/workspace.service.test.ts > workspace service security boundary > audits only realpath, stat, and access while binding a real directory
SchemaMigrationError: Database schema does not match version 1.
 ❯ migrateDatabase src/server/migrations.ts:456:13
    454|   if (currentVersion === 1) {
    455|     if (!validS1(database)) {
    456|       throw new SchemaMigrationError("SCHEMA_DRIFT", "Database schema …
       |             ^
    457|     }
    458|     inTransaction(database, () => {
 ❯ openDatabase src/server/db.ts:14:5
 ❯ createProject src/server/projects.ts:31:20
 ❯ tests/workspace.service.test.ts:148:21

⎯⎯⎯⎯⎯⎯⎯⎯⎯⎯⎯⎯⎯⎯⎯⎯⎯⎯⎯⎯⎯⎯⎯⎯[5/7]⎯

 FAIL  tests/workspace.service.test.ts > workspace service security boundary > rejects alias and Windows case variants already bound to another project
SchemaMigrationError: Database schema does not match version 1.
 ❯ migrateDatabase src/server/migrations.ts:456:13
    454|   if (currentVersion === 1) {
    455|     if (!validS1(database)) {
    456|       throw new SchemaMigrationError("SCHEMA_DRIFT", "Database schema …
       |             ^
    457|     }
    458|     inTransaction(database, () => {
 ❯ openDatabase src/server/db.ts:14:5
 ❯ createProject src/server/projects.ts:31:20
 ❯ tests/workspace.service.test.ts:177:19

⎯⎯⎯⎯⎯⎯⎯⎯⎯⎯⎯⎯⎯⎯⎯⎯⎯⎯⎯⎯⎯⎯⎯⎯[6/7]⎯

 FAIL  tests/workspace.service.test.ts > workspace service security boundary > requires explicit rebind confirmation and the current expectedVersion
SchemaMigrationError: Database schema does not match version 1.
 ❯ migrateDatabase src/server/migrations.ts:456:13
    454|   if (currentVersion === 1) {
    455|     if (!validS1(database)) {
    456|       throw new SchemaMigrationError("SCHEMA_DRIFT", "Database schema …
       |             ^
    457|     }
    458|     inTransaction(database, () => {
 ❯ openDatabase src/server/db.ts:14:5
 ❯ createProject src/server/projects.ts:31:20
 ❯ tests/workspace.service.test.ts:233:21

⎯⎯⎯⎯⎯⎯⎯⎯⎯⎯⎯⎯⎯⎯⎯⎯⎯⎯⎯⎯⎯⎯⎯⎯[7/7]⎯


 Test Files  2 failed (2)
      Tests  7 failed (7)
   Start at  02:58:19
   Duration  2.26s (transform 153ms, setup 730ms, import 135ms, tests 142ms, environment 2.93s)

# exit: 1
