# hf-gate-run
# label: t2-red
# command: cmd /c npm test -- tests/context-migrations.test.ts tests/workspace.service.test.ts
# started: 2026-07-29T18:55:08+00:00

> collaboration-cockpit@0.1.0 test
> vitest run tests/context-migrations.test.ts tests/workspace.service.test.ts


 RUN  v4.1.10 D:/cool-ai

(node:4940) ExperimentalWarning: SQLite is an experimental feature and might change at any time
(Use `node --trace-warnings ...` to show where the warning was created)
(node:13732) ExperimentalWarning: SQLite is an experimental feature and might change at any time
(Use `node --trace-warnings ...` to show where the warning was created)
 ❯ tests/workspace.service.test.ts (4 tests | 4 failed) 293ms
     × returns typed, path-sanitized errors for relative, missing, file, and unreadable inputs 69ms
     × audits only realpath, stat, and access while binding a real directory 57ms
     × rejects alias and Windows case variants already bound to another project 88ms
     × requires explicit rebind confirmation and the current expectedVersion 77ms
 ❯ tests/context-migrations.test.ts (3 tests | 1 failed) 492ms
     × rejects drifted v2 before mutation and leaves its schema untouched 153ms

⎯⎯⎯⎯⎯⎯⎯ Failed Tests 5 ⎯⎯⎯⎯⎯⎯⎯

 FAIL  tests/context-migrations.test.ts > version 3 context migration > rejects drifted v2 before mutation and leaves its schema untouched
Error: table sqlite_master may not be modified
 ❯ tests/context-migrations.test.ts:148:8
    146|     drifted.exec("PRAGMA writable_schema = ON");
    147|     drifted
    148|       .prepare(
       |        ^
    149|         `UPDATE sqlite_schema
    150|          SET sql = replace(sql, 'name TEXT NOT NULL', 'name TEXT')

⎯⎯⎯⎯⎯⎯⎯⎯⎯⎯⎯⎯⎯⎯⎯⎯⎯⎯⎯⎯⎯⎯⎯⎯[1/6]⎯

 FAIL  tests/context-migrations.test.ts > version 3 context migration > rejects drifted v2 before mutation and leaves its schema untouched
Error: EPERM, Permission denied: \\?\C:\Users\ADMINI~1\AppData\Local\Temp\2\cockpit-context-migration-lCOaQo '\\?\C:\Users\ADMINI~1\AppData\Local\Temp\2\cockpit-context-migration-lCOaQo'
 ❯ tests/context-migrations.test.ts:76:5
     74| afterEach(() => {
     75|   for (const directory of temporaryDirectories.splice(0)) {
     76|     rmSync(directory, { force: true, recursive: true });
       |     ^
     77|   }
     78| });

⎯⎯⎯⎯⎯⎯⎯⎯⎯⎯⎯⎯⎯⎯⎯⎯⎯⎯⎯⎯⎯⎯⎯⎯[2/6]⎯

 FAIL  tests/workspace.service.test.ts > workspace service security boundary > returns typed, path-sanitized errors for relative, missing, file, and unreadable inputs
AssertionError: expected WorkspaceError: Workspace path must be ab… { code: '…' } to match object { code: 'WORKSPACE_INVALID' }
(1 matching property omitted from actual)

- Expected
+ Received

- {
-   "code": "WORKSPACE_INVALID",
+ WorkspaceError {
+   "code": "INVALID_INPUT",
  }

 ❯ expectWorkspaceError tests/workspace.service.test.ts:58:26
     56|   secretPath?: string,
     57| ): Promise<void> {
     58|   await expect(operation).rejects.toMatchObject({ code });
       |                          ^
     59|   if (secretPath) {
     60|     await expect(operation).rejects.toEqual(
 ❯ tests/workspace.service.test.ts:83:11

⎯⎯⎯⎯⎯⎯⎯⎯⎯⎯⎯⎯⎯⎯⎯⎯⎯⎯⎯⎯⎯⎯⎯⎯[3/6]⎯

 FAIL  tests/workspace.service.test.ts > workspace service security boundary > audits only realpath, stat, and access while binding a real directory
AssertionError: expected undefined to be type of 'function'

Expected: "function"
Received: "undefined"

 ❯ tests/workspace.service.test.ts:150:35
    148|     const project = createProject("Audited workspace", databasePath);
    149|     const operations: string[] = [];
    150|     expect(createNodeWorkspaceFs).toBeTypeOf("function");
       |                                   ^
    151|     const workspaceFs = createNodeWorkspaceFs!((operation) => operatio…
    152|

⎯⎯⎯⎯⎯⎯⎯⎯⎯⎯⎯⎯⎯⎯⎯⎯⎯⎯⎯⎯⎯⎯⎯⎯[4/6]⎯

 FAIL  tests/workspace.service.test.ts > workspace service security boundary > rejects alias and Windows case variants already bound to another project
AssertionError: expected Error: UNIQUE constraint failed: projects… { …(3) } to match object { code: 'WORKSPACE_ALREADY_BOUND' }
(2 matching properties omitted from actual)

- Expected
+ Received

- {
-   "code": "WORKSPACE_ALREADY_BOUND",
+ Error {
+   "code": "ERR_SQLITE_ERROR",
  }

 ❯ expectWorkspaceError tests/workspace.service.test.ts:58:26
     56|   secretPath?: string,
     57| ): Promise<void> {
     58|   await expect(operation).rejects.toMatchObject({ code });
       |                          ^
     59|   if (secretPath) {
     60|     await expect(operation).rejects.toEqual(
 ❯ tests/workspace.service.test.ts:189:11

⎯⎯⎯⎯⎯⎯⎯⎯⎯⎯⎯⎯⎯⎯⎯⎯⎯⎯⎯⎯⎯⎯⎯⎯[5/6]⎯

 FAIL  tests/workspace.service.test.ts > workspace service security boundary > requires explicit rebind confirmation and the current expectedVersion
AssertionError: promise resolved "{ workspace: { …(2) }, …(1) }" instead of rejecting

- Expected
+ Received

- Error {
-   "message": "rejected promise",
+ {
+   "projectVersion": 3,
+   "workspace": {
+     "path": "C:\\Users\\Administrator\\AppData\\Local\\Temp\\2\\cockpit-workspace-service-UNXnhX\\second",
+     "status": "ready",
+   },
  }

 ❯ expectWorkspaceError tests/workspace.service.test.ts:58:26
     56|   secretPath?: string,
     57| ): Promise<void> {
     58|   await expect(operation).rejects.toMatchObject({ code });
       |                          ^
     59|   if (secretPath) {
     60|     await expect(operation).rejects.toEqual(
 ❯ tests/workspace.service.test.ts:241:11

⎯⎯⎯⎯⎯⎯⎯⎯⎯⎯⎯⎯⎯⎯⎯⎯⎯⎯⎯⎯⎯⎯⎯⎯[6/6]⎯


 Test Files  2 failed (2)
      Tests  5 failed | 2 passed (7)
   Start at  02:55:09
   Duration  2.64s (transform 130ms, setup 714ms, import 111ms, tests 786ms, environment 2.92s)

# exit: 1
