# hf-gate-run
# label: t3-red
# command: cmd /c npm test -- tests/members.service.test.ts tests/members.api.test.ts
# started: 2026-07-29T19:01:16+00:00

> collaboration-cockpit@0.1.0 test
> vitest run tests/members.service.test.ts tests/members.api.test.ts


 RUN  v4.1.10 D:/cool-ai

(node:6976) ExperimentalWarning: SQLite is an experimental feature and might change at any time
(Use `node --trace-warnings ...` to show where the warning was created)
(node:16984) ExperimentalWarning: SQLite is an experimental feature and might change at any time
(Use `node --trace-warnings ...` to show where the warning was created)
 ❯ tests/members.api.test.ts (2 tests | 2 failed) 16ms
     × gets and fully replaces a public equal roster 12ms
     × returns stable validation, missing-agent, conflict, and JSON errors 2ms
 ❯ tests/members.service.test.ts (3 tests | 3 failed) 17ms
     × fully replaces an equal roster, retains joinedAt, and reads latest public profiles 11ms
     × rejects too few, duplicate, missing agents and stale versions without changing the roster 2ms
     × prevents removing a member assigned to a project work item 2ms

⎯⎯⎯⎯⎯⎯⎯ Failed Tests 5 ⎯⎯⎯⎯⎯⎯⎯

 FAIL  tests/members.api.test.ts > project members API > gets and fully replaces a public equal roster
AssertionError: the project members route must exist: expected undefined to be type of 'function'

Expected: "function"
Received: "undefined"

 ❯ loadRoute tests/members.api.test.ts:28:56
     26| async function loadRoute(): Promise<MembersRoute> {
     27|   const load = routeModules["../app/api/projects/[projectId]/members/r…
     28|   expect(load, "the project members route must exist").toBeTypeOf("fun…
       |                                                        ^
     29|   return load();
     30| }
 ❯ tests/members.api.test.ts:80:25

⎯⎯⎯⎯⎯⎯⎯⎯⎯⎯⎯⎯⎯⎯⎯⎯⎯⎯⎯⎯⎯⎯⎯⎯[1/5]⎯

 FAIL  tests/members.api.test.ts > project members API > returns stable validation, missing-agent, conflict, and JSON errors
AssertionError: the project members route must exist: expected undefined to be type of 'function'

Expected: "function"
Received: "undefined"

 ❯ loadRoute tests/members.api.test.ts:28:56
     26| async function loadRoute(): Promise<MembersRoute> {
     27|   const load = routeModules["../app/api/projects/[projectId]/members/r…
     28|   expect(load, "the project members route must exist").toBeTypeOf("fun…
       |                                                        ^
     29|   return load();
     30| }
 ❯ tests/members.api.test.ts:113:25

⎯⎯⎯⎯⎯⎯⎯⎯⎯⎯⎯⎯⎯⎯⎯⎯⎯⎯⎯⎯⎯⎯⎯⎯[2/5]⎯

 FAIL  tests/members.service.test.ts > project membership service > fully replaces an equal roster, retains joinedAt, and reads latest public profiles
AssertionError: the membership domain service must exist: expected undefined to be type of 'function'

Expected: "function"
Received: "undefined"

 ❯ loadService tests/members.service.test.ts:47:60
     45| async function loadService(): Promise<MembershipServiceModule> {
     46|   const load = serviceModules["../src/server/membership-service.ts"];
     47|   expect(load, "the membership domain service must exist").toBeTypeOf(…
       |                                                            ^
     48|   return load();
     49| }
 ❯ tests/members.service.test.ts:107:27

⎯⎯⎯⎯⎯⎯⎯⎯⎯⎯⎯⎯⎯⎯⎯⎯⎯⎯⎯⎯⎯⎯⎯⎯[3/5]⎯

 FAIL  tests/members.service.test.ts > project membership service > rejects too few, duplicate, missing agents and stale versions without changing the roster
AssertionError: the membership domain service must exist: expected undefined to be type of 'function'

Expected: "function"
Received: "undefined"

 ❯ loadService tests/members.service.test.ts:47:60
     45| async function loadService(): Promise<MembershipServiceModule> {
     46|   const load = serviceModules["../src/server/membership-service.ts"];
     47|   expect(load, "the membership domain service must exist").toBeTypeOf(…
       |                                                            ^
     48|   return load();
     49| }
 ❯ tests/members.service.test.ts:173:27

⎯⎯⎯⎯⎯⎯⎯⎯⎯⎯⎯⎯⎯⎯⎯⎯⎯⎯⎯⎯⎯⎯⎯⎯[4/5]⎯

 FAIL  tests/members.service.test.ts > project membership service > prevents removing a member assigned to a project work item
AssertionError: the membership domain service must exist: expected undefined to be type of 'function'

Expected: "function"
Received: "undefined"

 ❯ loadService tests/members.service.test.ts:47:60
     45| async function loadService(): Promise<MembershipServiceModule> {
     46|   const load = serviceModules["../src/server/membership-service.ts"];
     47|   expect(load, "the membership domain service must exist").toBeTypeOf(…
       |                                                            ^
     48|   return load();
     49| }
 ❯ tests/members.service.test.ts:212:27

⎯⎯⎯⎯⎯⎯⎯⎯⎯⎯⎯⎯⎯⎯⎯⎯⎯⎯⎯⎯⎯⎯⎯⎯[5/5]⎯


 Test Files  2 failed (2)
      Tests  5 failed (5)
   Start at  03:01:17
   Duration  2.25s (transform 171ms, setup 729ms, import 148ms, tests 34ms, environment 3.00s)

# exit: 1
