# hf-gate-run
# label: t4-red
# command: cmd /c npm test -- tests/mission-crud.test.ts
# started: 2026-07-29T19:04:51+00:00

> collaboration-cockpit@0.1.0 test
> vitest run tests/mission-crud.test.ts


 RUN  v4.1.10 D:/cool-ai

(node:16648) ExperimentalWarning: SQLite is an experimental feature and might change at any time
(Use `node --trace-warnings ...` to show where the warning was created)
 ❯ tests/mission-crud.test.ts (3 tests | 3 failed) 18ms
     × enforces grapheme bounds, one current mission, todo creation, and metadata replacement 11ms
     × returns exact field errors for empty, over-limit, and invalid metadata 2ms
     × exposes deterministic CRUD responses and stable HTTP errors 2ms

⎯⎯⎯⎯⎯⎯⎯ Failed Tests 3 ⎯⎯⎯⎯⎯⎯⎯

 FAIL  tests/mission-crud.test.ts > mission and basic work-item service > enforces grapheme bounds, one current mission, todo creation, and metadata replacement
AssertionError: the mission service must exist: expected undefined to be type of 'function'

Expected: "function"
Received: "undefined"

 ❯ service tests/mission-crud.test.ts:105:50
    103| async function service(): Promise<MissionServiceModule> {
    104|   const load = serviceModules["../src/server/mission-service.ts"];
    105|   expect(load, "the mission service must exist").toBeTypeOf("function"…
       |                                                  ^
    106|   return load();
    107| }
 ❯ tests/mission-crud.test.ts:190:26

⎯⎯⎯⎯⎯⎯⎯⎯⎯⎯⎯⎯⎯⎯⎯⎯⎯⎯⎯⎯⎯⎯⎯⎯[1/3]⎯

 FAIL  tests/mission-crud.test.ts > mission and basic work-item service > returns exact field errors for empty, over-limit, and invalid metadata
AssertionError: the mission service must exist: expected undefined to be type of 'function'

Expected: "function"
Received: "undefined"

 ❯ service tests/mission-crud.test.ts:105:50
    103| async function service(): Promise<MissionServiceModule> {
    104|   const load = serviceModules["../src/server/mission-service.ts"];
    105|   expect(load, "the mission service must exist").toBeTypeOf("function"…
       |                                                  ^
    106|   return load();
    107| }
 ❯ tests/mission-crud.test.ts:295:26

⎯⎯⎯⎯⎯⎯⎯⎯⎯⎯⎯⎯⎯⎯⎯⎯⎯⎯⎯⎯⎯⎯⎯⎯[2/3]⎯

 FAIL  tests/mission-crud.test.ts > mission and basic work-item API > exposes deterministic CRUD responses and stable HTTP errors
AssertionError: the project mission route must exist: expected undefined to be type of 'function'

Expected: "function"
Received: "undefined"

 ❯ routes tests/mission-crud.test.ts:115:59
    113|     workItemsRouteModules["../app/api/missions/[missionId]/work-items/…
    114|   const workItem = workItemRouteModules["../app/api/work-items/[workIt…
    115|   expect(project, "the project mission route must exist").toBeTypeOf("…
       |                                                           ^
    116|   expect(mission, "the mission route must exist").toBeTypeOf("function…
    117|   expect(workItems, "the mission work-items route must exist").toBeTyp…
 ❯ tests/mission-crud.test.ts:337:23

⎯⎯⎯⎯⎯⎯⎯⎯⎯⎯⎯⎯⎯⎯⎯⎯⎯⎯⎯⎯⎯⎯⎯⎯[3/3]⎯


 Test Files  1 failed (1)
      Tests  3 failed (3)
   Start at  03:04:52
   Duration  2.14s (transform 92ms, setup 348ms, import 79ms, tests 18ms, environment 1.42s)

# exit: 1
