# hf-gate-run
# label: t5-red
# command: cmd /c npm test -- tests/work-item-transitions.test.ts
# started: 2026-07-29T19:10:03+00:00

> collaboration-cockpit@0.1.0 test
> vitest run tests/work-item-transitions.test.ts


 RUN  v4.1.10 D:/cool-ai

(node:13528) ExperimentalWarning: SQLite is an experimental feature and might change at any time
(Use `node --trace-warnings ...` to show where the warning was created)
 ❯ tests/work-item-transitions.test.ts (5 tests | 5 failed) 163ms
     × allows exactly the declared state edges and increments version atomically 153ms
     × rejects same-status and every undeclared edge without mutating status or version 3ms
     × requires direct dependencies done when entering in_progress or done 2ms
     × blocks reopening done prerequisites with active downstream and enforces expectedVersion 2ms
     × exposes only POST transition behavior with stable errors 2ms

⎯⎯⎯⎯⎯⎯⎯ Failed Tests 5 ⎯⎯⎯⎯⎯⎯⎯

 FAIL  tests/work-item-transitions.test.ts > work-item transition service > allows exactly the declared state edges and increments version atomically
AssertionError: the dedicated transition service must exist: expected undefined to be type of 'function'

Expected: "function"
Received: "undefined"

 ❯ service tests/work-item-transitions.test.ts:75:5
     73|     domain.transitionWorkItem,
     74|     "the dedicated transition service must exist",
     75|   ).toBeTypeOf("function");
       |     ^
     76|   return domain as MissionServiceModule & {
     77|     transitionWorkItem: NonNullable<MissionServiceModule["transitionWo…
 ❯ tests/work-item-transitions.test.ts:150:20

⎯⎯⎯⎯⎯⎯⎯⎯⎯⎯⎯⎯⎯⎯⎯⎯⎯⎯⎯⎯⎯⎯⎯⎯[1/5]⎯

 FAIL  tests/work-item-transitions.test.ts > work-item transition service > rejects same-status and every undeclared edge without mutating status or version
AssertionError: the dedicated transition service must exist: expected undefined to be type of 'function'

Expected: "function"
Received: "undefined"

 ❯ service tests/work-item-transitions.test.ts:75:5
     73|     domain.transitionWorkItem,
     74|     "the dedicated transition service must exist",
     75|   ).toBeTypeOf("function");
       |     ^
     76|   return domain as MissionServiceModule & {
     77|     transitionWorkItem: NonNullable<MissionServiceModule["transitionWo…
 ❯ tests/work-item-transitions.test.ts:175:20

⎯⎯⎯⎯⎯⎯⎯⎯⎯⎯⎯⎯⎯⎯⎯⎯⎯⎯⎯⎯⎯⎯⎯⎯[2/5]⎯

 FAIL  tests/work-item-transitions.test.ts > work-item transition service > requires direct dependencies done when entering in_progress or done
AssertionError: the dedicated transition service must exist: expected undefined to be type of 'function'

Expected: "function"
Received: "undefined"

 ❯ service tests/work-item-transitions.test.ts:75:5
     73|     domain.transitionWorkItem,
     74|     "the dedicated transition service must exist",
     75|   ).toBeTypeOf("function");
       |     ^
     76|   return domain as MissionServiceModule & {
     77|     transitionWorkItem: NonNullable<MissionServiceModule["transitionWo…
 ❯ tests/work-item-transitions.test.ts:205:20

⎯⎯⎯⎯⎯⎯⎯⎯⎯⎯⎯⎯⎯⎯⎯⎯⎯⎯⎯⎯⎯⎯⎯⎯[3/5]⎯

 FAIL  tests/work-item-transitions.test.ts > work-item transition service > blocks reopening done prerequisites with active downstream and enforces expectedVersion
AssertionError: the dedicated transition service must exist: expected undefined to be type of 'function'

Expected: "function"
Received: "undefined"

 ❯ service tests/work-item-transitions.test.ts:75:5
     73|     domain.transitionWorkItem,
     74|     "the dedicated transition service must exist",
     75|   ).toBeTypeOf("function");
       |     ^
     76|   return domain as MissionServiceModule & {
     77|     transitionWorkItem: NonNullable<MissionServiceModule["transitionWo…
 ❯ tests/work-item-transitions.test.ts:237:20

⎯⎯⎯⎯⎯⎯⎯⎯⎯⎯⎯⎯⎯⎯⎯⎯⎯⎯⎯⎯⎯⎯⎯⎯[4/5]⎯

 FAIL  tests/work-item-transitions.test.ts > work-item transition API > exposes only POST transition behavior with stable errors
AssertionError: the dedicated transition service must exist: expected undefined to be type of 'function'

Expected: "function"
Received: "undefined"

 ❯ service tests/work-item-transitions.test.ts:75:5
     73|     domain.transitionWorkItem,
     74|     "the dedicated transition service must exist",
     75|   ).toBeTypeOf("function");
       |     ^
     76|   return domain as MissionServiceModule & {
     77|     transitionWorkItem: NonNullable<MissionServiceModule["transitionWo…
 ❯ tests/work-item-transitions.test.ts:278:20

⎯⎯⎯⎯⎯⎯⎯⎯⎯⎯⎯⎯⎯⎯⎯⎯⎯⎯⎯⎯⎯⎯⎯⎯[5/5]⎯


 Test Files  1 failed (1)
      Tests  5 failed (5)
   Start at  03:10:05
   Duration  2.29s (transform 203ms, setup 342ms, import 81ms, tests 163ms, environment 1.43s)

# exit: 1
