# hf-gate-run
# label: t7-red
# command: cmd /c npm test -- tests/memory.service.test.ts tests/memory.api.test.ts
# started: 2026-07-29T19:16:48+00:00

> collaboration-cockpit@0.1.0 test
> vitest run tests/memory.service.test.ts tests/memory.api.test.ts


 RUN  v4.1.10 D:/cool-ai

(node:15476) ExperimentalWarning: SQLite is an experimental feature and might change at any time
(Use `node --trace-warnings ...` to show where the warning was created)
(node:6072) ExperimentalWarning: SQLite is an experimental feature and might change at any time
(Use `node --trace-warnings ...` to show where the warning was created)
 ❯ tests/memory.api.test.ts (2 tests | 2 failed) 15ms
     × creates, lists active, and optionally lists inactive entries 11ms
     × returns stable JSON, source, project, and supersede errors 2ms
 ❯ tests/memory.service.test.ts (4 tests | 4 failed) 19ms
     × creates all four types with owner, work-item, and normalized artifact sources 11ms
     × normalizes approved artifact examples lexically and rejects boundary escapes without fs 2ms
     × enforces grapheme fields and same-project work-item sources 2ms
     × lists active entries deterministically and permits only one linear superseding child 2ms

⎯⎯⎯⎯⎯⎯⎯ Failed Tests 6 ⎯⎯⎯⎯⎯⎯⎯

 FAIL  tests/memory.api.test.ts > sourced memory API > creates, lists active, and optionally lists inactive entries
AssertionError: the sourced memory route must exist: expected undefined to be type of 'function'

Expected: "function"
Received: "undefined"

 ❯ route tests/memory.api.test.ts:28:55
     26|   const load =
     27|     routeModules["../app/api/projects/[projectId]/memories/route.ts"];
     28|   expect(load, "the sourced memory route must exist").toBeTypeOf("func…
       |                                                       ^
     29|   return load();
     30| }
 ❯ tests/memory.api.test.ts:53:31

⎯⎯⎯⎯⎯⎯⎯⎯⎯⎯⎯⎯⎯⎯⎯⎯⎯⎯⎯⎯⎯⎯⎯⎯[1/6]⎯

 FAIL  tests/memory.api.test.ts > sourced memory API > returns stable JSON, source, project, and supersede errors
AssertionError: the sourced memory route must exist: expected undefined to be type of 'function'

Expected: "function"
Received: "undefined"

 ❯ route tests/memory.api.test.ts:28:55
     26|   const load =
     27|     routeModules["../app/api/projects/[projectId]/memories/route.ts"];
     28|   expect(load, "the sourced memory route must exist").toBeTypeOf("func…
       |                                                       ^
     29|   return load();
     30| }
 ❯ tests/memory.api.test.ts:103:31

⎯⎯⎯⎯⎯⎯⎯⎯⎯⎯⎯⎯⎯⎯⎯⎯⎯⎯⎯⎯⎯⎯⎯⎯[2/6]⎯

 FAIL  tests/memory.service.test.ts > append-only sourced memory service > creates all four types with owner, work-item, and normalized artifact sources
AssertionError: the sourced memory service must exist: expected undefined to be type of 'function'

Expected: "function"
Received: "undefined"

 ❯ service tests/memory.service.test.ts:51:57
     49| async function service(): Promise<MemoryServiceModule> {
     50|   const load = serviceModules["../src/server/memory-service.ts"];
     51|   expect(load, "the sourced memory service must exist").toBeTypeOf("fu…
       |                                                         ^
     52|   return load();
     53| }
 ❯ tests/memory.service.test.ts:86:28

⎯⎯⎯⎯⎯⎯⎯⎯⎯⎯⎯⎯⎯⎯⎯⎯⎯⎯⎯⎯⎯⎯⎯⎯[3/6]⎯

 FAIL  tests/memory.service.test.ts > append-only sourced memory service > normalizes approved artifact examples lexically and rejects boundary escapes without fs
AssertionError: the sourced memory service must exist: expected undefined to be type of 'function'

Expected: "function"
Received: "undefined"

 ❯ service tests/memory.service.test.ts:51:57
     49| async function service(): Promise<MemoryServiceModule> {
     50|   const load = serviceModules["../src/server/memory-service.ts"];
     51|   expect(load, "the sourced memory service must exist").toBeTypeOf("fu…
       |                                                         ^
     52|   return load();
     53| }
 ❯ tests/memory.service.test.ts:133:28

⎯⎯⎯⎯⎯⎯⎯⎯⎯⎯⎯⎯⎯⎯⎯⎯⎯⎯⎯⎯⎯⎯⎯⎯[4/6]⎯

 FAIL  tests/memory.service.test.ts > append-only sourced memory service > enforces grapheme fields and same-project work-item sources
AssertionError: the sourced memory service must exist: expected undefined to be type of 'function'

Expected: "function"
Received: "undefined"

 ❯ service tests/memory.service.test.ts:51:57
     49| async function service(): Promise<MemoryServiceModule> {
     50|   const load = serviceModules["../src/server/memory-service.ts"];
     51|   expect(load, "the sourced memory service must exist").toBeTypeOf("fu…
       |                                                         ^
     52|   return load();
     53| }
 ❯ tests/memory.service.test.ts:179:28

⎯⎯⎯⎯⎯⎯⎯⎯⎯⎯⎯⎯⎯⎯⎯⎯⎯⎯⎯⎯⎯⎯⎯⎯[5/6]⎯

 FAIL  tests/memory.service.test.ts > append-only sourced memory service > lists active entries deterministically and permits only one linear superseding child
AssertionError: the sourced memory service must exist: expected undefined to be type of 'function'

Expected: "function"
Received: "undefined"

 ❯ service tests/memory.service.test.ts:51:57
     49| async function service(): Promise<MemoryServiceModule> {
     50|   const load = serviceModules["../src/server/memory-service.ts"];
     51|   expect(load, "the sourced memory service must exist").toBeTypeOf("fu…
       |                                                         ^
     52|   return load();
     53| }
 ❯ tests/memory.service.test.ts:228:28

⎯⎯⎯⎯⎯⎯⎯⎯⎯⎯⎯⎯⎯⎯⎯⎯⎯⎯⎯⎯⎯⎯⎯⎯[6/6]⎯


 Test Files  2 failed (2)
      Tests  6 failed (6)
   Start at  03:16:49
   Duration  2.23s (transform 202ms, setup 724ms, import 200ms, tests 33ms, environment 2.91s)

# exit: 1
