# hf-gate-run
# label: t8-red
# command: cmd /c npm test -- tests/context-snapshot.test.ts tests/context.api.test.ts
# started: 2026-07-29T19:21:21+00:00

> collaboration-cockpit@0.1.0 test
> vitest run tests/context-snapshot.test.ts tests/context.api.test.ts


 RUN  v4.1.10 D:/cool-ai

(node:5156) ExperimentalWarning: SQLite is an experimental feature and might change at any time
(Use `node --trace-warnings ...` to show where the warning was created)
(node:6732) ExperimentalWarning: SQLite is an experimental feature and might change at any time
(Use `node --trace-warnings ...` to show where the warning was created)
 ❯ tests/context.api.test.ts (2 tests | 2 failed) 15ms
     × returns the same deterministic snapshot on repeated GET 11ms
     × returns stable readiness, nonmember, missing-agent, and query errors 3ms
 ❯ tests/context-snapshot.test.ts (3 tests | 3 failed) 17ms
     × reports readiness in workspace, members, mission order and requires selected membership 11ms
     × repeats deeply equal snapshots with exact ordering and member-identical shared data 2ms
     × contains no provider/vault deny keys or known secret values 2ms

⎯⎯⎯⎯⎯⎯⎯ Failed Tests 5 ⎯⎯⎯⎯⎯⎯⎯

 FAIL  tests/context-snapshot.test.ts > deterministic project context snapshot > reports readiness in workspace, members, mission order and requires selected membership
AssertionError: the deterministic context snapshot service must exist: expected undefined to be type of 'function'

Expected: "function"
Received: "undefined"

 ❯ service tests/context-snapshot.test.ts:78:73
     76| async function service(): Promise<ContextServiceModule> {
     77|   const load = serviceModules["../src/server/context-snapshot-service.…
     78|   expect(load, "the deterministic context snapshot service must exist"…
       |                                                                         ^
     79|     "function",
     80|   );
 ❯ tests/context-snapshot.test.ts:177:28

⎯⎯⎯⎯⎯⎯⎯⎯⎯⎯⎯⎯⎯⎯⎯⎯⎯⎯⎯⎯⎯⎯⎯⎯[1/5]⎯

 FAIL  tests/context-snapshot.test.ts > deterministic project context snapshot > repeats deeply equal snapshots with exact ordering and member-identical shared data
AssertionError: the deterministic context snapshot service must exist: expected undefined to be type of 'function'

Expected: "function"
Received: "undefined"

 ❯ service tests/context-snapshot.test.ts:78:73
     76| async function service(): Promise<ContextServiceModule> {
     77|   const load = serviceModules["../src/server/context-snapshot-service.…
     78|   expect(load, "the deterministic context snapshot service must exist"…
       |                                                                         ^
     79|     "function",
     80|   );
 ❯ tests/context-snapshot.test.ts:218:28

⎯⎯⎯⎯⎯⎯⎯⎯⎯⎯⎯⎯⎯⎯⎯⎯⎯⎯⎯⎯⎯⎯⎯⎯[2/5]⎯

 FAIL  tests/context-snapshot.test.ts > deterministic project context snapshot > contains no provider/vault deny keys or known secret values
AssertionError: the deterministic context snapshot service must exist: expected undefined to be type of 'function'

Expected: "function"
Received: "undefined"

 ❯ service tests/context-snapshot.test.ts:78:73
     76| async function service(): Promise<ContextServiceModule> {
     77|   const load = serviceModules["../src/server/context-snapshot-service.…
     78|   expect(load, "the deterministic context snapshot service must exist"…
       |                                                                         ^
     79|     "function",
     80|   );
 ❯ tests/context-snapshot.test.ts:324:28

⎯⎯⎯⎯⎯⎯⎯⎯⎯⎯⎯⎯⎯⎯⎯⎯⎯⎯⎯⎯⎯⎯⎯⎯[3/5]⎯

 FAIL  tests/context.api.test.ts > project context API > returns the same deterministic snapshot on repeated GET
AssertionError: the deterministic context route must exist: expected undefined to be type of 'function'

Expected: "function"
Received: "undefined"

 ❯ route tests/context.api.test.ts:26:62
     24|   const load =
     25|     routeModules["../app/api/projects/[projectId]/context/route.ts"];
     26|   expect(load, "the deterministic context route must exist").toBeTypeO…
       |                                                              ^
     27|   return load();
     28| }
 ❯ tests/context.api.test.ts:99:32

⎯⎯⎯⎯⎯⎯⎯⎯⎯⎯⎯⎯⎯⎯⎯⎯⎯⎯⎯⎯⎯⎯⎯⎯[4/5]⎯

 FAIL  tests/context.api.test.ts > project context API > returns stable readiness, nonmember, missing-agent, and query errors
AssertionError: the deterministic context route must exist: expected undefined to be type of 'function'

Expected: "function"
Received: "undefined"

 ❯ route tests/context.api.test.ts:26:62
     24|   const load =
     25|     routeModules["../app/api/projects/[projectId]/context/route.ts"];
     26|   expect(load, "the deterministic context route must exist").toBeTypeO…
       |                                                              ^
     27|   return load();
     28| }
 ❯ tests/context.api.test.ts:115:32

⎯⎯⎯⎯⎯⎯⎯⎯⎯⎯⎯⎯⎯⎯⎯⎯⎯⎯⎯⎯⎯⎯⎯⎯[5/5]⎯


 Test Files  2 failed (2)
      Tests  5 failed (5)
   Start at  03:21:22
   Duration  2.26s (transform 224ms, setup 729ms, import 248ms, tests 33ms, environment 2.92s)

# exit: 1
