# hf-gate-run
# label: t9-green
# command: cmd /c npm test -- tests/project-setup-panel.test.tsx tests/cockpit-mobile-integration.test.tsx
# started: 2026-07-29T19:30:09+00:00

> collaboration-cockpit@0.1.0 test
> vitest run tests/project-setup-panel.test.tsx tests/cockpit-mobile-integration.test.tsx


 RUN  v4.1.10 D:/cool-ai

 ❯ tests/project-setup-panel.test.tsx (3 tests | 1 failed) 519ms
     × distinguishes loading, empty and load-error states with retry 221ms

⎯⎯⎯⎯⎯⎯⎯ Failed Tests 1 ⎯⎯⎯⎯⎯⎯⎯

 FAIL  tests/project-setup-panel.test.tsx > workspace and equal-member setup > distinguishes loading, empty and load-error states with retry
TestingLibraryElementError: Unable to find an element with the text: Agent 库为空，请先创建 Agent。. This could be because the text is broken up by multiple elements. In this case, you can provide a function for your text matcher to make your matcher more flexible.

Ignored nodes: comments, script, style
[36m<body>[39m
  [36m<div>[39m
    [36m<section[39m
      [33maria-labelledby[39m=[32m"project-setup-title-project-1"[39m
      [33mclass[39m=[32m"stack project-setup"[39m
    [36m>[39m
      [36m<h2[39m
        [33mid[39m=[32m"project-setup-title-project-1"[39m
      [36m>[39m
        [0m项目设置[0m
      [36m</h2>[39m
      [36m<section[39m
        [33maria-labelledby[39m=[32m"workspace-title-project-1"[39m
        [33mclass[39m=[32m"stack"[39m
      [36m>[39m
        [36m<div>[39m
          [36m<div[39m
            [33mclass[39m=[32m"stack"[39m
          [36m>[39m
            [36m<h3[39m
              [33mid[39m=[32m"workspace-title-project-1"[39m
            [36m>[39m
              [0m本地工作区[0m
            [36m</h3>[39m
            [36m<p[39m
              [33mclass[39m=[32m"muted"[39m
            [36m>[39m
              [0m尚未绑定本地工作区。[0m
            [36m</p>[39m
            [36m<form[39m
              [33mclass[39m=[32m"stack"[39m
            [36m>[39m
              [36m<div[39m
                [33mclass[39m=[32m"form-field"[39m
              [36m>[39m
                [36m<label[39m
                  [33mfor[39m=[32m"workspace-path-project-1"[39m
                [36m>[39m
                  [0m本地工作区路径[0m
                [36m</label>[39m
                [36m<input[39m
                  [33mid[39m=[32m"workspace-path-project-1"[39m
                  [33mname[39m=[32m"workspacePath"[39m
                  [33mvalue[39m=[32m""[39m
                [36m/>[39m
              [36m</div>[39m
              [36m<button[39m
                [33mtype[39m=[32m"submit"[39m
              [36m>[39m
                [0m绑定工作区[0m
              [36m</button>[39m
            [36m</form>[39m
          [36m</div>[39m
        [36m</div>[39m
      [36m</section>[39m
      [36m<section[39m
        [33maria-labelledby[39m=[32m"members-title-project-1"[39m
        [33mclass[39m=[32m"stack"[39m
      [36m>[39m
        [36m<h3[39m
          [33mid[39m=[32m"members-title-project-1"[39m
        [36m>[39m
          [0m项目成员[0m
        [36m</h3>[39m
        [36m<p[39m
          [33mclass[39m=[32m"muted"[39m
        [36m>[39m
          [0mAgent 库为空，请先[0m
          [36m<a[39m
            [33mhref[39m=[32m"/team"[39m
          [36m>[39m
            [0m创建 Agent[0m
          [36m</a>[39m
          [0m。[0m
        [36m</p>[39m
        [36m<div[39m
          [33mclass[39m=[32m"stack"[39m
        [36m>[39m
          [36m<p[39m
            [33mclass[39m=[32m"error-text"[39m
            [33mid[39m=[32m"members-error-project-1"[39m
            [33mrole[39m=[32m"alert"[39m
          [36m>[39m
            [0m无法加载项目成员，请重试。[0m
          [36m</p>[39m
          [36m<button[39m
            [33mtype[39m=[32m"button"[39m
          [36m>[39m
            [0m重试加载成员[0m
          [36m</button>[39m
        [36m</div>[39m
      [36m</section>[39m
    [36m</section>[39m
  [36m</div>[39m
[36m</body>[39m
 ❯ Object.getElementError node_modules/@testing-library/dom/dist/config.js:37:19
 ❯ node_modules/@testing-library/dom/dist/query-helpers.js:76:38
 ❯ node_modules/@testing-library/dom/dist/query-helpers.js:52:17
 ❯ node_modules/@testing-library/dom/dist/query-helpers.js:95:19
 ❯ tests/project-setup-panel.test.tsx:132:19
    130|     );
    131|     expect(screen.getByLabelText("本地工作区路径")).toBeEnabled();
    132|     expect(screen.getByText("Agent 库为空，请先创建 Agent。")).toBeInTheDocumen…
       |                   ^
    133|
    134|     await userEvent.setup().click(

⎯⎯⎯⎯⎯⎯⎯⎯⎯⎯⎯⎯⎯⎯⎯⎯⎯⎯⎯⎯⎯⎯⎯⎯[1/1]⎯


 Test Files  1 failed | 1 passed (2)
      Tests  1 failed | 4 passed (5)
   Start at  03:30:10
   Duration  3.02s (transform 218ms, setup 726ms, import 427ms, tests 1.04s, environment 3.23s)

# exit: 1
