# hf-gate-run
# label: narrow-overflow-red
# command: cmd /c npm run smoke:collaboration
# started: 2026-07-30T00:49:52+00:00

> collaboration-cockpit@0.1.0 smoke:collaboration
> node tests/collaboration-browser-smoke.mjs

(node:14816) ExperimentalWarning: SQLite is an experimental feature and might change at any time
(Use `node --trace-warnings ...` to show where the warning was created)
RECOVERY PASS: refresh and process restart restored planned run
node:internal/modules/run_main:107
    triggerUncaughtException(
    ^

AssertionError [ERR_ASSERTION]: selected run-detail surface must fit without horizontal overflow: {"buttons":[{"clientWidth":56,"height":44,"left":218.359375,"right":274.359375,"scrollWidth":56,"width":56,"disabled":true,"tabIndex":0},{"clientWidth":56,"height":44,"left":282.359375,"right":338.359375,"scrollWidth":56,"width":56,"disabled":true,"tabIndex":0},{"clientWidth":56,"height":44,"left":346.359375,"right":402.359375,"scrollWidth":56,"width":56,"disabled":true,"tabIndex":0},{"clientWidth":56,"height":44,"left":410.359375,"right":466.359375,"scrollWidth":56,"width":56,"disabled":true,"tabIndex":0}],"document":{"clientWidth":390,"scrollWidth":390},"regions":[{"clientWidth":358,"height":684,"left":16,"right":374,"scrollWidth":544,"width":358},{"clientWidth":358,"height":212,"left":202.359375,"right":560.359375,"scrollWidth":358,"width":358},{"clientWidth":358,"height":404,"left":202.359375,"right":560.359375,"scrollWidth":358,"width":358}],"usageCards":[{"clientWidth":79,"height":72,"left":218.359375,"right":297.65625,"scrollWidth":79,"width":79.296875},{"clientWidth":108,"height":72,"left":305.65625,"right":413.546875,"scrollWidth":108,"width":107.890625},{"clientWidth":57,"height":72,"left":421.546875,"right":478.953125,"scrollWidth":57,"width":57.40625},{"clientWidth":57,"height":72,"left":486.953125,"right":544.359375,"scrollWidth":57,"width":57.40625},{"clientWidth":166,"height":72,"left":218.359375,"right":384.359375,"scrollWidth":166,"width":166},{"clientWidth":152,"height":72,"left":392.359375,"right":544.359375,"scrollWidth":152,"width":152},{"clientWidth":326,"height":80,"left":218.359375,"right":544.359375,"scrollWidth":326,"width":326},{"clientWidth":326,"height":80,"left":218.359375,"right":544.359375,"scrollWidth":326,"width":326}],"viewportWidth":390}
    at file:///D:/cool-ai/tests/collaboration-browser-smoke.mjs:611:12 {
  generatedMessage: false,
  code: 'ERR_ASSERTION',
  actual: false,
  expected: true,
  operator: '==',
  diff: 'simple'
}

Node.js v24.14.0
# exit: 1
