# hf-gate-run
# label: narrow-build
# command: cmd /c npm run build
# started: 2026-07-30T01:04:10+00:00

> collaboration-cockpit@0.1.0 build
> next build --webpack

⚠ Attempted to load @next/swc-win32-x64-msvc, but an error occurred: \\?\D:\cool-ai\node_modules\@next\swc-win32-x64-msvc\next-swc.win32-x64-msvc.node is not a valid Win32 application.
\\?\D:\cool-ai\node_modules\@next\swc-win32-x64-msvc\next-swc.win32-x64-msvc.node
  Skipping creating a lockfile at D:\cool-ai\.next\lock because we're using WASM bindings
▲ Next.js 16.2.12 (webpack)

  Creating an optimized production build ...
⚠ Attempted to load @next/swc-win32-x64-msvc, but an error occurred: \\?\D:\cool-ai\node_modules\@next\swc-win32-x64-msvc\next-swc.win32-x64-msvc.node is not a valid Win32 application.
\\?\D:\cool-ai\node_modules\@next\swc-win32-x64-msvc\next-swc.win32-x64-msvc.node
⚠ Attempted to load @next/swc-win32-x64-msvc, but an error occurred: \\?\D:\cool-ai\node_modules\@next\swc-win32-x64-msvc\next-swc.win32-x64-msvc.node is not a valid Win32 application.
\\?\D:\cool-ai\node_modules\@next\swc-win32-x64-msvc\next-swc.win32-x64-msvc.node
⚠ Attempted to load @next/swc-win32-x64-msvc, but an error occurred: \\?\D:\cool-ai\node_modules\@next\swc-win32-x64-msvc\next-swc.win32-x64-msvc.node is not a valid Win32 application.
\\?\D:\cool-ai\node_modules\@next\swc-win32-x64-msvc\next-swc.win32-x64-msvc.node
✓ Compiled successfully in 3.7s
  Running TypeScript ...
⚠ Attempted to load @next/swc-win32-x64-msvc, but an error occurred: \\?\D:\cool-ai\node_modules\@next\swc-win32-x64-msvc\next-swc.win32-x64-msvc.node is not a valid Win32 application.
\\?\D:\cool-ai\node_modules\@next\swc-win32-x64-msvc\next-swc.win32-x64-msvc.node
  Finished TypeScript in 7.2s ...
  Collecting page data using 7 workers ...
(node:2736) ExperimentalWarning: SQLite is an experimental feature and might change at any time
(Use `node --trace-warnings ...` to show where the warning was created)
(node:17328) ExperimentalWarning: SQLite is an experimental feature and might change at any time
(Use `node --trace-warnings ...` to show where the warning was created)
(node:15828) ExperimentalWarning: SQLite is an experimental feature and might change at any time
(Use `node --trace-warnings ...` to show where the warning was created)
(node:15416) ExperimentalWarning: SQLite is an experimental feature and might change at any time
(Use `node --trace-warnings ...` to show where the warning was created)
(node:12524) ExperimentalWarning: SQLite is an experimental feature and might change at any time
(Use `node --trace-warnings ...` to show where the warning was created)
(node:5716) ExperimentalWarning: SQLite is an experimental feature and might change at any time
(Use `node --trace-warnings ...` to show where the warning was created)
(node:16012) ExperimentalWarning: SQLite is an experimental feature and might change at any time
(Use `node --trace-warnings ...` to show where the warning was created)
  Generating static pages using 7 workers (0/10) ...
⚠ Attempted to load @next/swc-win32-x64-msvc, but an error occurred: \\?\D:\cool-ai\node_modules\@next\swc-win32-x64-msvc\next-swc.win32-x64-msvc.node is not a valid Win32 application.
\\?\D:\cool-ai\node_modules\@next\swc-win32-x64-msvc\next-swc.win32-x64-msvc.node
  Generating static pages using 7 workers (2/10) 
  Generating static pages using 7 workers (4/10) 
  Generating static pages using 7 workers (7/10) 
✓ Generating static pages using 7 workers (10/10) in 392ms
  Finalizing page optimization ...
  Collecting build traces ...

Route (app)
┌ ○ /
├ ○ /_not-found
├ ƒ /api/agent-templates
├ ƒ /api/agents
├ ƒ /api/agents/[agentId]
├ ƒ /api/missions/[missionId]
├ ƒ /api/missions/[missionId]/work-items
├ ƒ /api/projects
├ ƒ /api/projects/[projectId]/collaboration
├ ƒ /api/projects/[projectId]/context
├ ƒ /api/projects/[projectId]/members
├ ƒ /api/projects/[projectId]/memories
├ ƒ /api/projects/[projectId]/messages
├ ƒ /api/projects/[projectId]/mission
├ ƒ /api/projects/[projectId]/runs
├ ƒ /api/projects/[projectId]/tasks
├ ƒ /api/projects/[projectId]/workspace
├ ƒ /api/providers
├ ƒ /api/providers/[providerId]
├ ƒ /api/providers/verify
├ ƒ /api/runs/[runId]/advance
├ ƒ /api/runs/[runId]/control
├ ƒ /api/runs/[runId]/decisions/[decisionId]/answer
├ ƒ /api/runs/[runId]/recover
├ ƒ /api/runs/[runId]/timeline
├ ƒ /api/skills
├ ƒ /api/skills/[skillId]
├ ƒ /api/tasks/[taskId]/execute
├ ƒ /api/tasks/[taskId]/start
├ ƒ /api/work-items/[workItemId]
├ ƒ /api/work-items/[workItemId]/transition
└ ○ /team


○  (Static)   prerendered as static content
ƒ  (Dynamic)  server-rendered on demand

# exit: 0
