# hf-gate-run
# label: review1-f7-green
# command: npm.cmd test -- tests/collaboration-controls.service.test.ts tests/turn-finalize.test.ts tests/migrations-v4.test.ts tests/collaboration-advance.api.test.ts
# started: 2026-07-30T00:33:04+00:00

> collaboration-cockpit@0.1.0 test
> vitest run tests/collaboration-controls.service.test.ts tests/turn-finalize.test.ts tests/migrations-v4.test.ts tests/collaboration-advance.api.test.ts


 RUN  v4.1.10 D:/cool-ai

(node:6028) ExperimentalWarning: SQLite is an experimental feature and might change at any time
(Use `node --trace-warnings ...` to show where the warning was created)
(node:12544) ExperimentalWarning: SQLite is an experimental feature and might change at any time
(Use `node --trace-warnings ...` to show where the warning was created)
(node:13796) ExperimentalWarning: SQLite is an experimental feature and might change at any time
(Use `node --trace-warnings ...` to show where the warning was created)
(node:8360) ExperimentalWarning: SQLite is an experimental feature and might change at any time
(Use `node --trace-warnings ...` to show where the warning was created)

 Test Files  4 passed (4)
      Tests  45 passed (45)
   Start at  08:33:05
   Duration  11.53s (transform 861ms, setup 1.64s, import 1.04s, tests 21.27s, environment 6.45s)

# exit: 0
