# hf-gate-run
# label: review1-smoke
# command: npm.cmd run smoke:collaboration
# started: 2026-07-30T00:35:36+00:00

> collaboration-cockpit@0.1.0 smoke:collaboration
> node tests/collaboration-browser-smoke.mjs

(node:9896) ExperimentalWarning: SQLite is an experimental feature and might change at any time
(Use `node --trace-warnings ...` to show where the warning was created)
RECOVERY PASS: refresh and process restart restored planned run
OUTBOUND ALLOWLIST PASS: 1 models + 4 chat requests used only expected routes and fields
PRIVATE SEPARATION PASS: primary requests contained current private instructions only; repair contained neither
node:internal/modules/run_main:107
    triggerUncaughtException(
    ^

AssertionError [ERR_ASSERTION]: Expected values to be strictly equal:
+ actual - expected

+ 'in_progress'
- 'todo'

    at file:///D:/cool-ai/tests/collaboration-browser-smoke.mjs:706:10
    at runNextTicks (node:internal/process/task_queues:65:5)
    at process.processImmediate (node:internal/timers:472:9) {
  generatedMessage: true,
  code: 'ERR_ASSERTION',
  actual: 'in_progress',
  expected: 'todo',
  operator: 'strictEqual',
  diff: 'simple'
}

Node.js v24.14.0
# exit: 1
