# hf-gate-run
# label: review1-f2-green
# command: npm.cmd test -- tests/collaboration-recovery.api.test.ts tests/collaboration-operations.test.ts tests/project-chat.api.test.ts tests/collaboration-controls.service.test.ts tests/collaboration-decisions.test.ts
# started: 2026-07-30T00:20:37+00:00

> collaboration-cockpit@0.1.0 test
> vitest run tests/collaboration-recovery.api.test.ts tests/collaboration-operations.test.ts tests/project-chat.api.test.ts tests/collaboration-controls.service.test.ts tests/collaboration-decisions.test.ts


 RUN  v4.1.10 D:/cool-ai

(node:1056) ExperimentalWarning: SQLite is an experimental feature and might change at any time
(Use `node --trace-warnings ...` to show where the warning was created)
(node:13308) ExperimentalWarning: SQLite is an experimental feature and might change at any time
(Use `node --trace-warnings ...` to show where the warning was created)
(node:12128) ExperimentalWarning: SQLite is an experimental feature and might change at any time
(Use `node --trace-warnings ...` to show where the warning was created)
(node:4416) ExperimentalWarning: SQLite is an experimental feature and might change at any time
(Use `node --trace-warnings ...` to show where the warning was created)
(node:4076) ExperimentalWarning: SQLite is an experimental feature and might change at any time
(Use `node --trace-warnings ...` to show where the warning was created)

 Test Files  5 passed (5)
      Tests  29 passed (29)
   Start at  08:20:38
   Duration  7.96s (transform 851ms, setup 2.23s, import 1.39s, tests 16.55s, environment 8.44s)

# exit: 0
