# hf-gate-run
# label: review1-f3-red
# command: npm.cmd test -- tests/turn-finalize.test.ts
# started: 2026-07-30T00:21:29+00:00

> collaboration-cockpit@0.1.0 test
> vitest run tests/turn-finalize.test.ts


 RUN  v4.1.10 D:/cool-ai

(node:828) ExperimentalWarning: SQLite is an experimental feature and might change at any time
(Use `node --trace-warnings ...` to show where the warning was created)
 ❯ tests/turn-finalize.test.ts (17 tests | 2 failed) 7698ms
     × durably sanitizes unexpected business exception as failed/internal_failure and makes a late finalizer a no-op 339ms
     × durably sanitizes SQLite persistence exception as failed/internal_failure and makes a late finalizer a no-op 320ms

⎯⎯⎯⎯⎯⎯⎯ Failed Tests 2 ⎯⎯⎯⎯⎯⎯⎯

 FAIL  tests/turn-finalize.test.ts > attempt finalize CAS > durably sanitizes unexpected business exception as failed/internal_failure and makes a late finalizer a no-op
Error: secret persistence detail
 ❯ tests/turn-finalize.test.ts:664:15
    662|       "unexpected business exception",
    663|       () => {
    664|         throw new Error("secret persistence detail");
       |               ^
    665|       },
    666|     ],
 ❯ src/server/collaboration/turn-orchestrator.ts:948:9
 ❯ transaction src/server/collaboration/turn-orchestrator.ts:127:20
 ❯ Module.finalizeAdvance src/server/collaboration/turn-orchestrator.ts:837:14
 ❯ finalize tests/turn-finalize.test.ts:329:25
 ❯ tests/turn-finalize.test.ts:677:21

⎯⎯⎯⎯⎯⎯⎯⎯⎯⎯⎯⎯⎯⎯⎯⎯⎯⎯⎯⎯⎯⎯⎯⎯[1/2]⎯

 FAIL  tests/turn-finalize.test.ts > attempt finalize CAS > durably sanitizes SQLite persistence exception as failed/internal_failure and makes a late finalizer a no-op
Error: no such table: missing_finalize_table
 ❯ tests/turn-finalize.test.ts:670:18
    668|       "SQLite persistence exception",
    669|       (database: DatabaseSync) => {
    670|         database.exec("INSERT INTO missing_finalize_table VALUES (1)");
       |                  ^
    671|       },
    672|     ],
 ❯ src/server/collaboration/turn-orchestrator.ts:948:9
 ❯ transaction src/server/collaboration/turn-orchestrator.ts:127:20
 ❯ Module.finalizeAdvance src/server/collaboration/turn-orchestrator.ts:837:14
 ❯ finalize tests/turn-finalize.test.ts:329:25
 ❯ tests/turn-finalize.test.ts:677:21

⎯⎯⎯⎯⎯⎯⎯⎯⎯⎯⎯⎯⎯⎯⎯⎯⎯⎯⎯⎯⎯⎯⎯⎯[2/2]⎯


 Test Files  1 failed (1)
      Tests  2 failed | 15 passed (17)
   Start at  08:21:30
   Duration  9.83s (transform 186ms, setup 339ms, import 102ms, tests 7.70s, environment 1.42s)

# exit: 1
