# hf-gate-run
# label: review1-f7-red
# command: npm.cmd test -- tests/collaboration-controls.service.test.ts tests/turn-finalize.test.ts
# started: 2026-07-30T00:30:55+00:00

> collaboration-cockpit@0.1.0 test
> vitest run tests/collaboration-controls.service.test.ts tests/turn-finalize.test.ts


 RUN  v4.1.10 D:/cool-ai

(node:13524) ExperimentalWarning: SQLite is an experimental feature and might change at any time
(Use `node --trace-warnings ...` to show where the warning was created)
(node:16884) ExperimentalWarning: SQLite is an experimental feature and might change at any time
(Use `node --trace-warnings ...` to show where the warning was created)
 ❯ tests/collaboration-controls.service.test.ts (9 tests | 2 failed) 5239ms
     × requires a later provider re-verification before retrying provider auth 476ms
     × requires credential-unavailable recovery to replace a still-corrupt credential 433ms
 ❯ tests/turn-finalize.test.ts (18 tests | 1 failed) 8691ms
     × persists provider credential and verification generations on auth failure 388ms

⎯⎯⎯⎯⎯⎯⎯ Failed Tests 3 ⎯⎯⎯⎯⎯⎯⎯

 FAIL  tests/collaboration-controls.service.test.ts > collaboration run control service > requires a later provider re-verification before retrying provider auth
AssertionError: expected Error: Expected CREDENTIAL_UNAVAILABLE to be an instance of CollaborationError
 ❯ expectCode tests/collaboration-controls.service.test.ts:145:19
    143|     throw new Error(`Expected ${code}`);
    144|   } catch (error) {
    145|     expect(error).toBeInstanceOf(CollaborationError);
       |                   ^
    146|     expect(error).toMatchObject({
    147|       code,
 ❯ tests/collaboration-controls.service.test.ts:252:5

⎯⎯⎯⎯⎯⎯⎯⎯⎯⎯⎯⎯⎯⎯⎯⎯⎯⎯⎯⎯⎯⎯⎯⎯[1/3]⎯

 FAIL  tests/collaboration-controls.service.test.ts > collaboration run control service > requires credential-unavailable recovery to replace a still-corrupt credential
AssertionError: expected Error: Expected CREDENTIAL_UNAVAILABLE to be an instance of CollaborationError
 ❯ expectCode tests/collaboration-controls.service.test.ts:145:19
    143|     throw new Error(`Expected ${code}`);
    144|   } catch (error) {
    145|     expect(error).toBeInstanceOf(CollaborationError);
       |                   ^
    146|     expect(error).toMatchObject({
    147|       code,
 ❯ tests/collaboration-controls.service.test.ts:294:5

⎯⎯⎯⎯⎯⎯⎯⎯⎯⎯⎯⎯⎯⎯⎯⎯⎯⎯⎯⎯⎯⎯⎯⎯[2/3]⎯

 FAIL  tests/turn-finalize.test.ts > attempt finalize CAS > persists provider credential and verification generations on auth failure
AssertionError: expected [ 'id', 'project_id', 'run_id', …(12) ] to deeply equal ArrayContaining{…}

- Expected
+ Received

- ArrayContaining [
-   "failure_provider_id",
-   "failure_provider_version",
-   "failure_credential_version",
-   "failure_credential_generation",
-   "failure_verified_at",
+ [
+   "id",
+   "project_id",
+   "run_id",
+   "agent_id",
+   "operation_id",
+   "status",
+   "lease_token",
+   "lease_expires_at",
+   "prompt_hash",
+   "acquire_execution_epoch",
+   "acquire_context_hash",
+   "included_message_sequence",
+   "error_category",
+   "started_at",
+   "finished_at",
  ]

 ❯ tests/turn-finalize.test.ts:716:23
    714|         }>
    715|       ).map(({ name }) => name);
    716|       expect(columns).toEqual(expect.arrayContaining([
       |                       ^
    717|         "failure_provider_id",
    718|         "failure_provider_version",

⎯⎯⎯⎯⎯⎯⎯⎯⎯⎯⎯⎯⎯⎯⎯⎯⎯⎯⎯⎯⎯⎯⎯⎯[3/3]⎯


 Test Files  2 failed (2)
      Tests  3 failed | 24 passed (27)
   Start at  08:30:56
   Duration  10.94s (transform 344ms, setup 717ms, import 473ms, tests 13.93s, environment 2.95s)

# exit: 1
