# hf-gate-run
# label: review1-f5-red
# command: npm.cmd test -- tests/collaboration-timeline-ui.test.tsx
# started: 2026-07-30T00:24:30+00:00

> collaboration-cockpit@0.1.0 test
> vitest run tests/collaboration-timeline-ui.test.tsx


 RUN  v4.1.10 D:/cool-ai

 ❯ tests/collaboration-timeline-ui.test.tsx (5 tests | 1 failed) 2836ms
     × loads every initial page, then polls after the last sequences and deduplicates overlap 40ms

⎯⎯⎯⎯⎯⎯⎯ Failed Tests 1 ⎯⎯⎯⎯⎯⎯⎯

 FAIL  tests/collaboration-timeline-ui.test.tsx > collaboration timeline and auto-loop > loads every initial page, then polls after the last sequences and deduplicates overlap
AssertionError: the given combination of arguments (undefined and string) is invalid for this assertion. You can use an array, a map, an object, a set, a string, or a weakset instead of a string
 ❯ tests/collaboration-timeline-ui.test.tsx:239:34
    237|     const log = await screen.findByRole("log", { name: "协作时间线" });
    238|     await waitFor(() => expect(log.querySelectorAll("li")).toHaveLengt…
    239|     expect(collaborationUrls[1]).toContain("messageAfter=1");
       |                                  ^
    240|     expect(collaborationUrls[1]).toContain("eventAfter=1");
    241|

⎯⎯⎯⎯⎯⎯⎯⎯⎯⎯⎯⎯⎯⎯⎯⎯⎯⎯⎯⎯⎯⎯⎯⎯[1/1]⎯


 Test Files  1 failed (1)
      Tests  1 failed | 4 passed (5)
   Start at  08:24:31
   Duration  5.06s (transform 110ms, setup 330ms, import 223ms, tests 2.84s, environment 1.42s)

# exit: 1
