# hf-gate-run
# label: review1-f1-red
# command: npm.cmd test -- tests/agent-task-actions.test.ts tests/mission-transaction-primitives.test.ts tests/handoff-plan-ready.test.ts
# started: 2026-07-30T00:18:41+00:00

> collaboration-cockpit@0.1.0 test
> vitest run tests/agent-task-actions.test.ts tests/mission-transaction-primitives.test.ts tests/handoff-plan-ready.test.ts


 RUN  v4.1.10 D:/cool-ai

(node:4404) ExperimentalWarning: SQLite is an experimental feature and might change at any time
(Use `node --trace-warnings ...` to show where the warning was created)
(node:14752) ExperimentalWarning: SQLite is an experimental feature and might change at any time
(Use `node --trace-warnings ...` to show where the warning was created)
(node:16544) ExperimentalWarning: SQLite is an experimental feature and might change at any time
(Use `node --trace-warnings ...` to show where the warning was created)
 ❯ tests/mission-transaction-primitives.test.ts (5 tests | 1 failed) 2102ms
     × creates a complete same-batch DAG, increments mission once, and claims conditionally 382ms
 ❯ tests/handoff-plan-ready.test.ts (11 tests | 1 failed) 4068ms
     × plans only after two distinct committed Agents and a claimed mission task, without completing either 559ms
 ❯ tests/agent-task-actions.test.ts (15 tests | 2 failed) 6568ms
     × creates a complete batch-only DAG, resolves proposed ids, and claims only the current Agent 409ms
     × claims an existing todo only when unassigned, dependencies are done, and its current version wins 533ms

⎯⎯⎯⎯⎯⎯⎯ Failed Tests 4 ⎯⎯⎯⎯⎯⎯⎯

 FAIL  tests/agent-task-actions.test.ts > Agent task action committer > creates a complete batch-only DAG, resolves proposed ids, and claims only the current Agent
AssertionError: expected { …(3) } to deeply equal { …(3) }

- Expected
+ Received

  {
    "assigneeAgentId": "agent-actions-a",
-   "status": "in_progress",
+   "status": "todo",
    "version": 2,
  }

 ❯ tests/agent-task-actions.test.ts:355:54
    353|     expect(result.claimedWorkItemId).toBe(result.taskIdsByClientKey.re…
    354|     expect(result.messageSequence).toBe(1);
    355|     expect(item(result.taskIdsByClientKey.research)).toEqual({
       |                                                      ^
    356|       assigneeAgentId: AGENT_A,
    357|       status: "in_progress",

⎯⎯⎯⎯⎯⎯⎯⎯⎯⎯⎯⎯⎯⎯⎯⎯⎯⎯⎯⎯⎯⎯⎯⎯[1/4]⎯

 FAIL  tests/agent-task-actions.test.ts > Agent task action committer > claims an existing todo only when unassigned, dependencies are done, and its current version wins
AssertionError: expected { …(3) } to deeply equal { …(3) }

- Expected
+ Received

  {
    "assigneeAgentId": "agent-actions-a",
-   "status": "in_progress",
+   "status": "todo",
    "version": 2,
  }

 ❯ tests/agent-task-actions.test.ts:435:31
    433|
    434|     expect(result.claimedWorkItemId).toBe(existing.id);
    435|     expect(item(existing.id)).toEqual({
       |                               ^
    436|       assigneeAgentId: AGENT_A,
    437|       status: "in_progress",

⎯⎯⎯⎯⎯⎯⎯⎯⎯⎯⎯⎯⎯⎯⎯⎯⎯⎯⎯⎯⎯⎯⎯⎯[2/4]⎯

 FAIL  tests/handoff-plan-ready.test.ts > plan-ready action commit > plans only after two distinct committed Agents and a claimed mission task, without completing either
AssertionError: expected [ { …(3) } ] to deeply equal [ { …(3) } ]

- Expected
+ Received

  [
    {
      "assigneeAgentId": "agent-handoff-b",
-     "status": "in_progress",
+     "status": "todo",
      "version": 2,
    },
  ]

 ❯ tests/handoff-plan-ready.test.ts:463:25
    461|     });
    462|     const state = snapshot();
    463|     expect(state.tasks).toEqual([
       |                         ^
    464|       { assigneeAgentId: AGENT_B, status: "in_progress", version: 2 },
    465|     ]);

⎯⎯⎯⎯⎯⎯⎯⎯⎯⎯⎯⎯⎯⎯⎯⎯⎯⎯⎯⎯⎯⎯⎯⎯[3/4]⎯

 FAIL  tests/mission-transaction-primitives.test.ts > transaction-aware mission primitives > creates a complete same-batch DAG, increments mission once, and claims conditionally
AssertionError: expected { …(10) } to match object { …(4) }
(6 matching properties omitted from actual)

- Expected
+ Received

  {
    "assigneeAgentId": "agent-a",
    "id": "bccb5cbc-937c-4828-a6fb-9a1baf9752e7",
-   "status": "in_progress",
+   "status": "todo",
    "version": 2,
  }

 ❯ tests/mission-transaction-primitives.test.ts:217:23
    215|         domain.claimWorkItemTx(database, projectId, keys.write, "agent…
    216|       );
    217|       expect(claimed).toMatchObject({
       |                       ^
    218|         id: keys.write,
    219|         status: "in_progress",

⎯⎯⎯⎯⎯⎯⎯⎯⎯⎯⎯⎯⎯⎯⎯⎯⎯⎯⎯⎯⎯⎯⎯⎯[4/4]⎯


 Test Files  3 failed (3)
      Tests  4 failed | 27 passed (31)
   Start at  08:18:42
   Duration  8.92s (transform 424ms, setup 1.17s, import 638ms, tests 12.74s, environment 4.58s)

# exit: 1
