# hf-gate-run
# label: review1-f7-green
# command: npm.cmd test -- tests/collaboration-controls.service.test.ts tests/turn-finalize.test.ts tests/migrations-v4.test.ts tests/collaboration-advance.api.test.ts
# started: 2026-07-30T00:32:37+00:00

> collaboration-cockpit@0.1.0 test
> vitest run tests/collaboration-controls.service.test.ts tests/turn-finalize.test.ts tests/migrations-v4.test.ts tests/collaboration-advance.api.test.ts


 RUN  v4.1.10 D:/cool-ai

(node:8112) ExperimentalWarning: SQLite is an experimental feature and might change at any time
(Use `node --trace-warnings ...` to show where the warning was created)
(node:6452) ExperimentalWarning: SQLite is an experimental feature and might change at any time
(Use `node --trace-warnings ...` to show where the warning was created)
(node:1796) ExperimentalWarning: SQLite is an experimental feature and might change at any time
(Use `node --trace-warnings ...` to show where the warning was created)
(node:17252) ExperimentalWarning: SQLite is an experimental feature and might change at any time
(Use `node --trace-warnings ...` to show where the warning was created)
 ❯ tests/migrations-v4.test.ts (13 tests | 1 failed) 2922ms
     × creates the complete v4 columns, foreign keys, checks, and unique indexes 127ms

⎯⎯⎯⎯⎯⎯⎯ Failed Tests 1 ⎯⎯⎯⎯⎯⎯⎯

 FAIL  tests/migrations-v4.test.ts > SQLite v4 collaboration migration > creates the complete v4 columns, foreign keys, checks, and unique indexes
AssertionError: collaboration_attempts: expected [ 'id', 'project_id', 'run_id', …(17) ] to deeply equal [ 'id', 'project_id', 'run_id', …(12) ]

- Expected
+ Received

@@ -10,8 +10,13 @@
    "prompt_hash",
    "acquire_execution_epoch",
    "acquire_context_hash",
    "included_message_sequence",
    "error_category",
+   "failure_provider_id",
+   "failure_provider_version",
+   "failure_credential_version",
+   "failure_credential_generation",
+   "failure_verified_at",
    "started_at",
    "finished_at",
  ]

 ❯ tests/migrations-v4.test.ts:326:30
    324|         database.prepare(`PRAGMA table_info("${table}")`).all() as Arr…
    325|       ).map(({ name }) => name);
    326|       expect(columns, table).toEqual(V4_COLUMNS[table]);
       |                              ^
    327|     }
    328|

⎯⎯⎯⎯⎯⎯⎯⎯⎯⎯⎯⎯⎯⎯⎯⎯⎯⎯⎯⎯⎯⎯⎯⎯[1/2]⎯

 FAIL  tests/migrations-v4.test.ts > SQLite v4 collaboration migration > creates the complete v4 columns, foreign keys, checks, and unique indexes
Error: EPERM, Permission denied: \\?\C:\Users\ADMINI~1\AppData\Local\Temp\2\cockpit-v4-migration-iSyC2B '\\?\C:\Users\ADMINI~1\AppData\Local\Temp\2\cockpit-v4-migration-iSyC2B'
 ❯ tests/migrations-v4.test.ts:192:5
    190| afterEach(() => {
    191|   for (const directory of temporaryDirectories.splice(0)) {
    192|     rmSync(directory, { force: true, recursive: true });
       |     ^
    193|   }
    194| });

⎯⎯⎯⎯⎯⎯⎯⎯⎯⎯⎯⎯⎯⎯⎯⎯⎯⎯⎯⎯⎯⎯⎯⎯[2/2]⎯


 Test Files  1 failed | 3 passed (4)
      Tests  1 failed | 44 passed (45)
   Start at  08:32:38
   Duration  11.26s (transform 695ms, setup 1.68s, import 832ms, tests 20.03s, environment 6.46s)

# exit: 1
