# hf-gate-run
# label: review1-f2-green
# command: npm.cmd test -- tests/collaboration-recovery.api.test.ts tests/collaboration-operations.test.ts tests/project-chat.api.test.ts tests/collaboration-controls.service.test.ts tests/collaboration-decisions.test.ts
# started: 2026-07-30T00:20:11+00:00

> collaboration-cockpit@0.1.0 test
> vitest run tests/collaboration-recovery.api.test.ts tests/collaboration-operations.test.ts tests/project-chat.api.test.ts tests/collaboration-controls.service.test.ts tests/collaboration-decisions.test.ts


 RUN  v4.1.10 D:/cool-ai

(node:15632) ExperimentalWarning: SQLite is an experimental feature and might change at any time
(Use `node --trace-warnings ...` to show where the warning was created)
(node:16648) ExperimentalWarning: SQLite is an experimental feature and might change at any time
(Use `node --trace-warnings ...` to show where the warning was created)
(node:9684) ExperimentalWarning: SQLite is an experimental feature and might change at any time
(Use `node --trace-warnings ...` to show where the warning was created)
(node:16652) ExperimentalWarning: SQLite is an experimental feature and might change at any time
(Use `node --trace-warnings ...` to show where the warning was created)
(node:3904) ExperimentalWarning: SQLite is an experimental feature and might change at any time
(Use `node --trace-warnings ...` to show where the warning was created)
 ❯ tests/collaboration-operations.test.ts (6 tests | 3 failed) 1820ms
     × replays the exact successful status and body for the same hash 598ms
     × returns the stable in-progress envelope for a matching pending receipt 433ms
     × persists and exactly replays mapped domain errors 414ms

⎯⎯⎯⎯⎯⎯⎯ Failed Tests 3 ⎯⎯⎯⎯⎯⎯⎯

 FAIL  tests/collaboration-operations.test.ts > generalized collaboration operation receipts > replays the exact successful status and body for the same hash
AssertionError: expected 409 to be 201 // Object.is equality

- Expected
+ Received

- 201
+ 409

 ❯ tests/collaboration-operations.test.ts:122:27
    120|     const replay = await post(input);
    121|
    122|     expect(replay.status).toBe(first.status);
       |                           ^
    123|     await expect(replay.json()).resolves.toEqual(firstBody);
    124|   });

⎯⎯⎯⎯⎯⎯⎯⎯⎯⎯⎯⎯⎯⎯⎯⎯⎯⎯⎯⎯⎯⎯⎯⎯[1/3]⎯

 FAIL  tests/collaboration-operations.test.ts > generalized collaboration operation receipts > returns the stable in-progress envelope for a matching pending receipt
AssertionError: expected { error: { …(2) } } to deeply equal { error: { …(2) } }

- Expected
+ Received

  {
    "error": {
-     "code": "OPERATION_IN_PROGRESS",
-     "message": "Operation is still in progress.",
+     "code": "OPERATION_CONFLICT",
+     "message": "Operation id was already used for different input.",
    },
  }

 ❯ tests/collaboration-operations.test.ts:165:33
    163|
    164|     expect(pending.status).toBe(409);
    165|     await expect(pending.json()).resolves.toEqual({
       |                                 ^
    166|       error: {
    167|         code: "OPERATION_IN_PROGRESS",

⎯⎯⎯⎯⎯⎯⎯⎯⎯⎯⎯⎯⎯⎯⎯⎯⎯⎯⎯⎯⎯⎯⎯⎯[2/3]⎯

 FAIL  tests/collaboration-operations.test.ts > generalized collaboration operation receipts > persists and exactly replays mapped domain errors
AssertionError: expected { error: { …(2) } } to deeply equal { error: { …(3) } }

- Expected
+ Received

  {
    "error": {
-     "code": "CONTEXT_NOT_READY",
-     "fields": {
-       "mission": "required",
-       "workspace": "required",
-     },
-     "message": "Collaboration context is not ready.",
+     "code": "OPERATION_CONFLICT",
+     "message": "Operation id was already used for different input.",
    },
  }

 ❯ tests/collaboration-operations.test.ts:209:32
    207|     expect(first.status).toBe(409);
    208|     expect(replay.status).toBe(first.status);
    209|     await expect(replay.json()).resolves.toEqual(firstBody);
       |                                ^
    210|     expect(firstBody).toEqual({
    211|       error: {

⎯⎯⎯⎯⎯⎯⎯⎯⎯⎯⎯⎯⎯⎯⎯⎯⎯⎯⎯⎯⎯⎯⎯⎯[3/3]⎯


 Test Files  1 failed | 4 passed (5)
      Tests  3 failed | 26 passed (29)
   Start at  08:20:13
   Duration  7.76s (transform 935ms, setup 2.32s, import 1.44s, tests 15.49s, environment 8.36s)

# exit: 1
