# hf-gate-run
# label: t1-compat
# command: cmd /c npm test -- tests/migrations.test.ts tests/context-migrations.test.ts tests/workspace-slice.test.tsx
# started: 2026-07-29T21:32:02+00:00

> collaboration-cockpit@0.1.0 test
> vitest run tests/migrations.test.ts tests/context-migrations.test.ts tests/workspace-slice.test.tsx


 RUN  v4.1.10 D:/cool-ai

(node:11544) ExperimentalWarning: SQLite is an experimental feature and might change at any time
(Use `node --trace-warnings ...` to show where the warning was created)
(node:16440) ExperimentalWarning: SQLite is an experimental feature and might change at any time
(Use `node --trace-warnings ...` to show where the warning was created)
(node:3844) ExperimentalWarning: SQLite is an experimental feature and might change at any time
(Use `node --trace-warnings ...` to show where the warning was created)
 ❯ tests/context-migrations.test.ts (3 tests | 1 failed) 672ms
     × validates v2, migrates atomically, and preserves S-1 and S-2 rows 249ms

⎯⎯⎯⎯⎯⎯⎯ Failed Tests 1 ⎯⎯⎯⎯⎯⎯⎯

 FAIL  tests/context-migrations.test.ts > version 3 context migration > validates v2, migrates atomically, and preserves S-1 and S-2 rows
SchemaMigrationError: Database migration failed.
 ❯ openDatabase src/server/db.ts:23:11
     21|     }
     22|     if (error instanceof SchemaMigrationError) throw error;
     23|     throw new SchemaMigrationError("STORAGE_UNAVAILABLE", "Database mi…
       |           ^
     24|   }
     25| }
 ❯ tests/context-migrations.test.ts:85:22

⎯⎯⎯⎯⎯⎯⎯⎯⎯⎯⎯⎯⎯⎯⎯⎯⎯⎯⎯⎯⎯⎯⎯⎯[1/1]⎯


 Test Files  1 failed | 2 passed (3)
      Tests  1 failed | 11 passed (12)
   Start at  05:32:03
   Duration  3.61s (transform 422ms, setup 1.19s, import 529ms, tests 2.34s, environment 4.63s)

# exit: 1
