# hf-gate-run
# label: t1-red
# command: cmd /c npm test -- tests/collaboration-slice.test.tsx
# started: 2026-07-29T21:28:56+00:00

> collaboration-cockpit@0.1.0 test
> vitest run tests/collaboration-slice.test.tsx


 RUN  v4.1.10 D:/cool-ai

(node:7656) ExperimentalWarning: SQLite is an experimental feature and might change at any time
(Use `node --trace-warnings ...` to show where the warning was created)
 ❯ tests/collaboration-slice.test.tsx (4 tests | 4 failed) 445ms
     × migrates a valid database to the necessary v4 collaboration facts 76ms
     × deduplicates create-or-append and preserves stable message/event sequences and first baton 131ms
     × renders route-backed loading, empty, and recoverable error states 116ms
     × sends through the real route and reloads the persisted owner echo 120ms

⎯⎯⎯⎯⎯⎯⎯ Failed Tests 4 ⎯⎯⎯⎯⎯⎯⎯

 FAIL  tests/collaboration-slice.test.tsx > collaboration T-1 vertical slice > migrates a valid database to the necessary v4 collaboration facts
AssertionError: expected { user_version: 3 } to deeply equal { user_version: 4 }

- Expected
+ Received

  {
-   "user_version": 4,
+   "user_version": 3,
  }

 ❯ tests/collaboration-slice.test.tsx:149:61
    147|     const database = openDatabase(databasePath);
    148|     try {
    149|       expect(database.prepare("PRAGMA user_version").get()).toEqual({ …
       |                                                             ^
    150|       const tables = (
    151|         database

⎯⎯⎯⎯⎯⎯⎯⎯⎯⎯⎯⎯⎯⎯⎯⎯⎯⎯⎯⎯⎯⎯⎯⎯[1/4]⎯

 FAIL  tests/collaboration-slice.test.tsx > collaboration T-1 vertical slice > deduplicates create-or-append and preserves stable message/event sequences and first baton
AssertionError: The create-or-append collaboration route is unavailable.
 ❯ runRoute tests/collaboration-slice.test.tsx:48:12
     46|     return (await import(/* @vite-ignore */ routeId)) as RunRoute;
     47|   } catch {
     48|     expect.fail("The create-or-append collaboration route is unavailab…
       |            ^
     49|   }
     50| }
 ❯ postRun tests/collaboration-slice.test.tsx:116:17
 ❯ tests/collaboration-slice.test.tsx:176:19

⎯⎯⎯⎯⎯⎯⎯⎯⎯⎯⎯⎯⎯⎯⎯⎯⎯⎯⎯⎯⎯⎯⎯⎯[2/4]⎯

 FAIL  tests/collaboration-slice.test.tsx > collaboration T-1 vertical slice > renders route-backed loading, empty, and recoverable error states
AssertionError: The collaboration panel is unavailable.
 ❯ collaborationPanel tests/collaboration-slice.test.tsx:60:12
     58|     return module.CollaborationPanel;
     59|   } catch {
     60|     expect.fail("The collaboration panel is unavailable.");
       |            ^
     61|   }
     62| }
 ❯ tests/collaboration-slice.test.tsx:247:19

⎯⎯⎯⎯⎯⎯⎯⎯⎯⎯⎯⎯⎯⎯⎯⎯⎯⎯⎯⎯⎯⎯⎯⎯[3/4]⎯

 FAIL  tests/collaboration-slice.test.tsx > collaboration T-1 vertical slice > sends through the real route and reloads the persisted owner echo
AssertionError: The collaboration panel is unavailable.
 ❯ collaborationPanel tests/collaboration-slice.test.tsx:60:12
     58|     return module.CollaborationPanel;
     59|   } catch {
     60|     expect.fail("The collaboration panel is unavailable.");
       |            ^
     61|   }
     62| }
 ❯ tests/collaboration-slice.test.tsx:295:19

⎯⎯⎯⎯⎯⎯⎯⎯⎯⎯⎯⎯⎯⎯⎯⎯⎯⎯⎯⎯⎯⎯⎯⎯[4/4]⎯


 Test Files  1 failed (1)
      Tests  4 failed (4)
   Start at  05:28:57
   Duration  2.64s (transform 79ms, setup 334ms, import 185ms, tests 445ms, environment 1.42s)

# exit: 1
