# hf-gate-run
# label: t11-compat
# command: npm.cmd test -- tests/turn-acquire.test.ts tests/turn-finalize.test.ts tests/collaboration-controls.service.test.ts tests/collaboration-operations.test.ts tests/project-chat.api.test.ts
# started: 2026-07-29T22:23:04+00:00

> collaboration-cockpit@0.1.0 test
> vitest run tests/turn-acquire.test.ts tests/turn-finalize.test.ts tests/collaboration-controls.service.test.ts tests/collaboration-operations.test.ts tests/project-chat.api.test.ts


 RUN  v4.1.10 D:/cool-ai

(node:16976) ExperimentalWarning: SQLite is an experimental feature and might change at any time
(Use `node --trace-warnings ...` to show where the warning was created)
(node:1712) ExperimentalWarning: SQLite is an experimental feature and might change at any time
(Use `node --trace-warnings ...` to show where the warning was created)
(node:12224) ExperimentalWarning: SQLite is an experimental feature and might change at any time
(Use `node --trace-warnings ...` to show where the warning was created)
(node:9168) ExperimentalWarning: SQLite is an experimental feature and might change at any time
(Use `node --trace-warnings ...` to show where the warning was created)
(node:12752) ExperimentalWarning: SQLite is an experimental feature and might change at any time
(Use `node --trace-warnings ...` to show where the warning was created)

 Test Files  5 passed (5)
      Tests  44 passed (44)
   Start at  06:23:05
   Duration  9.76s (transform 734ms, setup 2.30s, import 796ms, tests 20.71s, environment 8.29s)

# exit: 0
