# hf-gate-run
# label: t11-red
# command: cmd /c npm test -- tests/collaboration-recovery.test.ts tests/collaboration-recovery.api.test.ts
# started: 2026-07-29T22:22:10+00:00

> collaboration-cockpit@0.1.0 test
> vitest run tests/collaboration-recovery.test.ts tests/collaboration-recovery.api.test.ts


 RUN  v4.1.10 D:/cool-ai

(node:10984) ExperimentalWarning: SQLite is an experimental feature and might change at any time
(Use `node --trace-warnings ...` to show where the warning was created)
(node:8172) ExperimentalWarning: SQLite is an experimental feature and might change at any time
(Use `node --trace-warnings ...` to show where the warning was created)
 ❯ tests/collaboration-recovery.api.test.ts (3 tests | 1 failed) 1477ms
     × reconciles an expired attempt before returning collaboration read facts 480ms

⎯⎯⎯⎯⎯⎯⎯ Failed Tests 1 ⎯⎯⎯⎯⎯⎯⎯

 FAIL  tests/collaboration-recovery.api.test.ts > collaboration recovery API triggers > reconciles an expired attempt before returning collaboration read facts
AssertionError: expected { pendingDecision: null, …(5) } to match object { run: { …(2) }, …(1) }
(15 matching properties omitted from actual)

- Expected
+ Received

@@ -2,8 +2,8 @@
    "run": {
      "pauseCategory": "interrupted",
      "status": "paused",
    },
    "usage": {
-     "unreportedCalls": 1,
+     "unreportedCalls": 0,
    },
  }

 ❯ tests/collaboration-recovery.api.test.ts:212:34
    210|
    211|     expect(response.status).toBe(200);
    212|     await expect(response.json()).resolves.toMatchObject({
       |                                  ^
    213|       run: { pauseCategory: "interrupted", status: "paused" },
    214|       usage: { unreportedCalls: 1 },

⎯⎯⎯⎯⎯⎯⎯⎯⎯⎯⎯⎯⎯⎯⎯⎯⎯⎯⎯⎯⎯⎯⎯⎯[1/1]⎯


 Test Files  1 failed | 1 passed (2)
      Tests  1 failed | 6 passed (7)
   Start at  06:22:11
   Duration  3.99s (transform 319ms, setup 731ms, import 253ms, tests 3.22s, environment 3.01s)

# exit: 1
