# hf-gate-run
# label: t11-green
# command: npm.cmd test -- tests/collaboration-recovery.test.ts tests/collaboration-recovery.api.test.ts
# started: 2026-07-29T22:21:48+00:00

> collaboration-cockpit@0.1.0 test
> vitest run tests/collaboration-recovery.test.ts tests/collaboration-recovery.api.test.ts


 RUN  v4.1.10 D:/cool-ai

 ❯ tests/collaboration-recovery.api.test.ts (0 test)
(node:16672) ExperimentalWarning: SQLite is an experimental feature and might change at any time
(Use `node --trace-warnings ...` to show where the warning was created)

⎯⎯⎯⎯⎯⎯ Failed Suites 1 ⎯⎯⎯⎯⎯⎯⎯

 FAIL  tests/collaboration-recovery.api.test.ts [ tests/collaboration-recovery.api.test.ts ]
Error: Transform failed with 15 errors:

[31m[PARSE_ERROR] [0mIdentifier `mkdtempSync` has already been declared
     [38;5;246m╭[0m[38;5;246m─[0m[38;5;246m[[0m tests/collaboration-recovery.api.test.ts:1:10 [38;5;246m][0m
     [38;5;246m│[0m
 [38;5;246m  1 │[0m [38;5;249mi[0m[38;5;249mm[0m[38;5;249mp[0m[38;5;249mo[0m[38;5;249mr[0m[38;5;249mt[0m[38;5;249m [0m[38;5;249m{[0m[38;5;249m [0mmkdtempSync[38;5;249m,[0m[38;5;249m [0m[38;5;249mr[0m[38;5;249mm[0m[38;5;249mS[0m[38;5;249my[0m[38;5;249mn[0m[38;5;249mc[0m[38;5;249m [0m[38;5;249m}[0m[38;5;249m [0m[38;5;249mf[0m[38;5;249mr[0m[38;5;249mo[0m[38;5;249mm[0m[38;5;249m [0m[38;5;249m"[0m[38;5;249mn[0m[38;5;249mo[0m[38;5;249md[0m[38;5;249me[0m[38;5;249m:[0m[38;5;249mf[0m[38;5;249ms[0m[38;5;249m"[0m[38;5;249m;[0m
 [38;5;240m    │[0m          ─────┬─────  
 [38;5;240m    │[0m               ╰─────── `mkdtempSync` has already been declared here
 [38;5;240m    │[0m 
 [38;5;246m267 │[0m [38;5;249mi[0m[38;5;249mm[0m[38;5;249mp[0m[38;5;249mo[0m[38;5;249mr[0m[38;5;249mt[0m[38;5;249m [0m[38;5;249m{[0m[38;5;249m [0mmkdtempSync[38;5;249m,[0m[38;5;249m [0m[38;5;249mr[0m[38;5;249mm[0m[38;5;249mS[0m[38;5;249my[0m[38;5;249mn[0m[38;5;249mc[0m[38;5;249m [0m[38;5;249m}[0m[38;5;249m [0m[38;5;249mf[0m[38;5;249mr[0m[38;5;249mo[0m[38;5;249mm[0m[38;5;249m [0m[38;5;249m"[0m[38;5;249mn[0m[38;5;249mo[0m[38;5;249md[0m[38;5;249me[0m[38;5;249m:[0m[38;5;249mf[0m[38;5;249ms[0m[38;5;249m"[0m[38;5;249m;[0m
 [38;5;240m    │[0m          ─────┬─────  
 [38;5;240m    │[0m               ╰─────── It can not be redeclared here
[38;5;246m─────╯[0m

[31m[PARSE_ERROR] [0mIdentifier `rmSync` has already been declared
     [38;5;246m╭[0m[38;5;246m─[0m[38;5;246m[[0m tests/collaboration-recovery.api.test.ts:1:23 [38;5;246m][0m
     [38;5;246m│[0m
 [38;5;246m  1 │[0m [38;5;249mi[0m[38;5;249mm[0m[38;5;249mp[0m[38;5;249mo[0m[38;5;249mr[0m[38;5;249mt[0m[38;5;249m [0m[38;5;249m{[0m[38;5;249m [0m[38;5;249mm[0m[38;5;249mk[0m[38;5;249md[0m[38;5;249mt[0m[38;5;249me[0m[38;5;249mm[0m[38;5;249mp[0m[38;5;249mS[0m[38;5;249my[0m[38;5;249mn[0m[38;5;249mc[0m[38;5;249m,[0m[38;5;249m [0mrmSync[38;5;249m [0m[38;5;249m}[0m[38;5;249m [0m[38;5;249mf[0m[38;5;249mr[0m[38;5;249mo[0m[38;5;249mm[0m[38;5;249m [0m[38;5;249m"[0m[38;5;249mn[0m[38;5;249mo[0m[38;5;249md[0m[38;5;249me[0m[38;5;249m:[0m[38;5;249mf[0m[38;5;249ms[0m[38;5;249m"[0m[38;5;249m;[0m
 [38;5;240m    │[0m                       ───┬──  
 [38;5;240m    │[0m                          ╰──── `rmSync` has already been declared here
 [38;5;240m    │[0m 
 [38;5;246m267 │[0m [38;5;249mi[0m[38;5;249mm[0m[38;5;249mp[0m[38;5;249mo[0m[38;5;249mr[0m[38;5;249mt[0m[38;5;249m [0m[38;5;249m{[0m[38;5;249m [0m[38;5;249mm[0m[38;5;249mk[0m[38;5;249md[0m[38;5;249mt[0m[38;5;249me[0m[38;5;249mm[0m[38;5;249mp[0m[38;5;249mS[0m[38;5;249my[0m[38;5;249mn[0m[38;5;249mc[0m[38;5;249m,[0m[38;5;249m [0mrmSync[38;5;249m [0m[38;5;249m}[0m[38;5;249m [0m[38;5;249mf[0m[38;5;249mr[0m[38;5;249mo[0m[38;5;249mm[0m[38;5;249m [0m[38;5;249m"[0m[38;5;249mn[0m[38;5;249mo[0m[38;5;249md[0m[38;5;249me[0m[38;5;249m:[0m[38;5;249mf[0m[38;5;249ms[0m[38;5;249m"[0m[38;5;249m;[0m
 [38;5;240m    │[0m                       ───┬──  
 [38;5;240m    │[0m                          ╰──── It can not be redeclared here
[38;5;246m─────╯[0m

[31m[PARSE_ERROR] [0mIdentifier `tmpdir` has already been declared
     [38;5;246m╭[0m[38;5;246m─[0m[38;5;246m[[0m tests/collaboration-recovery.api.test.ts:2:10 [38;5;246m][0m
     [38;5;246m│[0m
 [38;5;246m  2 │[0m [38;5;249mi[0m[38;5;249mm[0m[38;5;249mp[0m[38;5;249mo[0m[38;5;249mr[0m[38;5;249mt[0m[38;5;249m [0m[38;5;249m{[0m[38;5;249m [0mtmpdir[38;5;249m [0m[38;5;249m}[0m[38;5;249m [0m[38;5;249mf[0m[38;5;249mr[0m[38;5;249mo[0m[38;5;249mm[0m[38;5;249m [0m[38;5;249m"[0m[38;5;249mn[0m[38;5;249mo[0m[38;5;249md[0m[38;5;249me[0m[38;5;249m:[0m[38;5;249mo[0m[38;5;249ms[0m[38;5;249m"[0m[38;5;249m;[0m
 [38;5;240m    │[0m          ───┬──  
 [38;5;240m    │[0m             ╰──── `tmpdir` has already been declared here
 [38;5;240m    │[0m 
 [38;5;246m268 │[0m [38;5;249mi[0m[38;5;249mm[0m[38;5;249mp[0m[38;5;249mo[0m[38;5;249mr[0m[38;5;249mt[0m[38;5;249m [0m[38;5;249m{[0m[38;5;249m [0mtmpdir[38;5;249m [0m[38;5;249m}[0m[38;5;249m [0m[38;5;249mf[0m[38;5;249mr[0m[38;5;249mo[0m[38;5;249mm[0m[38;5;249m [0m[38;5;249m"[0m[38;5;249mn[0m[38;5;249mo[0m[38;5;249md[0m[38;5;249me[0m[38;5;249m:[0m[38;5;249mo[0m[38;5;249ms[0m[38;5;249m"[0m[38;5;249m;[0m
 [38;5;240m    │[0m          ───┬──  
 [38;5;240m    │[0m             ╰──── It can not be redeclared here
[38;5;246m─────╯[0m

[31m[PARSE_ERROR] [0mIdentifier `join` has already been declared
     [38;5;246m╭[0m[38;5;246m─[0m[38;5;246m[[0m tests/collaboration-recovery.api.test.ts:3:10 [38;5;246m][0m
     [38;5;246m│[0m
 [38;5;246m  3 │[0m [38;5;249mi[0m[38;5;249mm[0m[38;5;249mp[0m[38;5;249mo[0m[38;5;249mr[0m[38;5;249mt[0m[38;5;249m [0m[38;5;249m{[0m[38;5;249m [0mjoin[38;5;249m [0m[38;5;249m}[0m[38;5;249m [0m[38;5;249mf[0m[38;5;249mr[0m[38;5;249mo[0m[38;5;249mm[0m[38;5;249m [0m[38;5;249m"[0m[38;5;249mn[0m[38;5;249mo[0m[38;5;249md[0m[38;5;249me[0m[38;5;249m:[0m[38;5;249mp[0m[38;5;249ma[0m[38;5;249mt[0m[38;5;249mh[0m[38;5;249m"[0m[38;5;249m;[0m
 [38;5;240m    │[0m          ──┬─  
 [38;5;240m    │[0m            ╰─── `join` has already been declared here
 [38;5;240m    │[0m 
 [38;5;246m269 │[0m [38;5;249mi[0m[38;5;249mm[0m[38;5;249mp[0m[38;5;249mo[0m[38;5;249mr[0m[38;5;249mt[0m[38;5;249m [0m[38;5;249m{[0m[38;5;249m [0mjoin[38;5;249m [0m[38;5;249m}[0m[38;5;249m [0m[38;5;249mf[0m[38;5;249mr[0m[38;5;249mo[0m[38;5;249mm[0m[38;5;249m [0m[38;5;249m"[0m[38;5;249mn[0m[38;5;249mo[0m[38;5;249md[0m[38;5;249me[0m[38;5;249m:[0m[38;5;249mp[0m[38;5;249ma[0m[38;5;249mt[0m[38;5;249mh[0m[38;5;249m"[0m[38;5;249m;[0m
 [38;5;240m    │[0m          ──┬─  
 [38;5;240m    │[0m            ╰─── It can not be redeclared here
[38;5;246m─────╯[0m

[31m[PARSE_ERROR] [0mIdentifier `afterEach` has already been declared
     [38;5;246m╭[0m[38;5;246m─[0m[38;5;246m[[0m tests/collaboration-recovery.api.test.ts:4:10 [38;5;246m][0m
     [38;5;246m│[0m
 [38;5;246m  4 │[0m [38;5;249mi[0m[38;5;249mm[0m[38;5;249mp[0m[38;5;249mo[0m[38;5;249mr[0m[38;5;249mt[0m[38;5;249m [0m[38;5;249m{[0m[38;5;249m [0mafterEach[38;5;249m,[0m[38;5;249m [0m[38;5;249mb[0m[38;5;249me[0m[38;5;249mf[0m[38;5;249mo[0m[38;5;249mr[0m[38;5;249me[0m[38;5;249mE[0m[38;5;249ma[0m[38;5;249mc[0m[38;5;249mh[0m[38;5;249m,[0m[38;5;249m [0m[38;5;249md[0m[38;5;249me[0m[38;5;249ms[0m[38;5;249mc[0m[38;5;249mr[0m[38;5;249mi[0m[38;5;249mb[0m[38;5;249me[0m[38;5;249m,[0m[38;5;249m [0m[38;5;249me[0m[38;5;249mx[0m[38;5;249mp[0m[38;5;249me[0m[38;5;249mc[0m[38;5;249mt[0m[38;5;249m,[0m[38;5;249m [0m[38;5;249mi[0m[38;5;249mt[0m[38;5;249m [0m[38;5;249m}[0m[38;5;249m [0m[38;5;249mf[0m[38;5;249mr[0m[38;5;249mo[0m[38;5;249mm[0m[38;5;249m [0m[38;5;249m"[0m[38;5;249mv[0m[38;5;249mi[0m[38;5;249mt[0m[38;5;249me[0m[38;5;249ms[0m[38;5;249mt[0m[38;5;249m"[0m[38;5;249m;[0m
 [38;5;240m    │[0m          ────┬────  
 [38;5;240m    │[0m              ╰────── `afterEach` has already been declared here
 [38;5;240m    │[0m 
 [38;5;246m270 │[0m [38;5;249mi[0m[38;5;249mm[0m[38;5;249mp[0m[38;5;249mo[0m[38;5;249mr[0m[38;5;249mt[0m[38;5;249m [0m[38;5;249m{[0m[38;5;249m [0mafterEach[38;5;249m,[0m[38;5;249m [0m[38;5;249mb[0m[38;5;249me[0m[38;5;249mf[0m[38;5;249mo[0m[38;5;249mr[0m[38;5;249me[0m[38;5;249mE[0m[38;5;249ma[0m[38;5;249mc[0m[38;5;249mh[0m[38;5;249m,[0m[38;5;249m [0m[38;5;249md[0m[38;5;249me[0m[38;5;249ms[0m[38;5;249mc[0m[38;5;249mr[0m[38;5;249mi[0m[38;5;249mb[0m[38;5;249me[0m[38;5;249m,[0m[38;5;249m [0m[38;5;249me[0m[38;5;249mx[0m[38;5;249mp[0m[38;5;249me[0m[38;5;249mc[0m[38;5;249mt[0m[38;5;249m,[0m[38;5;249m [0m[38;5;249mi[0m[38;5;249mt[0m[38;5;249m [0m[38;5;249m}[0m[38;5;249m [0m[38;5;249mf[0m[38;5;249mr[0m[38;5;249mo[0m[38;5;249mm[0m[38;5;249m [0m[38;5;249m"[0m[38;5;249mv[0m[38;5;249mi[0m[38;5;249mt[0m[38;5;249me[0m[38;5;249ms[0m[38;5;249mt[0m[38;5;249m"[0m[38;5;249m;[0m
 [38;5;240m    │[0m          ────┬────  
 [38;5;240m    │[0m              ╰────── It can not be redeclared here
[38;5;246m─────╯[0m

...
  Plugin: vite:oxc
  File: D:/cool-ai/tests/collaboration-recovery.api.test.ts
 ❯ transformWithOxc node_modules/vite/dist/node/chunks/node.js:4033:19
 ❯ TransformPluginContext.transform node_modules/vite/dist/node/chunks/node.js:4104:26
 ❯ EnvironmentPluginContainer.transform node_modules/vite/dist/node/chunks/node.js:30201:51
 ❯ loadAndTransform node_modules/vite/dist/node/chunks/node.js:20124:26

⎯⎯⎯⎯⎯⎯⎯⎯⎯⎯⎯⎯⎯⎯⎯⎯⎯⎯⎯⎯⎯⎯⎯⎯[1/1]⎯


 Test Files  1 failed | 1 passed (2)
      Tests  4 passed (4)
   Start at  06:21:49
   Duration  3.89s (transform 215ms, setup 725ms, import 125ms, tests 1.67s, environment 2.93s)

# exit: 1
