# hf-gate-run
# label: t11-red
# command: npm.cmd test -- tests/collaboration-recovery.test.ts tests/collaboration-recovery.api.test.ts
# started: 2026-07-29T22:20:29+00:00

> collaboration-cockpit@0.1.0 test
> vitest run tests/collaboration-recovery.test.ts tests/collaboration-recovery.api.test.ts


 RUN  v4.1.10 D:/cool-ai

 ❯ tests/collaboration-recovery.test.ts (0 test)
(node:13912) ExperimentalWarning: SQLite is an experimental feature and might change at any time
(Use `node --trace-warnings ...` to show where the warning was created)
 ❯ tests/collaboration-recovery.api.test.ts (3 tests | 3 failed) 725ms
     × reconciles an expired attempt before returning collaboration read state 287ms
     × reconciles before a relevant message mutation and preserves the mutation 263ms
     × explicit recover completes and replays its receipt while repeated calls stay idempotent 174ms

⎯⎯⎯⎯⎯⎯ Failed Suites 1 ⎯⎯⎯⎯⎯⎯⎯

 FAIL  tests/collaboration-recovery.test.ts [ tests/collaboration-recovery.test.ts ]
Error: Transform failed with 18 errors:

[31m[PARSE_ERROR] [0mIdentifier `mkdtempSync` has already been declared
     [38;5;246m╭[0m[38;5;246m─[0m[38;5;246m[[0m tests/collaboration-recovery.test.ts:1:10 [38;5;246m][0m
     [38;5;246m│[0m
 [38;5;246m  1 │[0m [38;5;249mi[0m[38;5;249mm[0m[38;5;249mp[0m[38;5;249mo[0m[38;5;249mr[0m[38;5;249mt[0m[38;5;249m [0m[38;5;249m{[0m[38;5;249m [0mmkdtempSync[38;5;249m,[0m[38;5;249m [0m[38;5;249mr[0m[38;5;249mm[0m[38;5;249mS[0m[38;5;249my[0m[38;5;249mn[0m[38;5;249mc[0m[38;5;249m [0m[38;5;249m}[0m[38;5;249m [0m[38;5;249mf[0m[38;5;249mr[0m[38;5;249mo[0m[38;5;249mm[0m[38;5;249m [0m[38;5;249m"[0m[38;5;249mn[0m[38;5;249mo[0m[38;5;249md[0m[38;5;249me[0m[38;5;249m:[0m[38;5;249mf[0m[38;5;249ms[0m[38;5;249m"[0m[38;5;249m;[0m
 [38;5;240m    │[0m          ─────┬─────  
 [38;5;240m    │[0m               ╰─────── `mkdtempSync` has already been declared here
 [38;5;240m    │[0m 
 [38;5;246m380 │[0m [38;5;249mi[0m[38;5;249mm[0m[38;5;249mp[0m[38;5;249mo[0m[38;5;249mr[0m[38;5;249mt[0m[38;5;249m [0m[38;5;249m{[0m[38;5;249m [0mmkdtempSync[38;5;249m,[0m[38;5;249m [0m[38;5;249mr[0m[38;5;249mm[0m[38;5;249mS[0m[38;5;249my[0m[38;5;249mn[0m[38;5;249mc[0m[38;5;249m [0m[38;5;249m}[0m[38;5;249m [0m[38;5;249mf[0m[38;5;249mr[0m[38;5;249mo[0m[38;5;249mm[0m[38;5;249m [0m[38;5;249m"[0m[38;5;249mn[0m[38;5;249mo[0m[38;5;249md[0m[38;5;249me[0m[38;5;249m:[0m[38;5;249mf[0m[38;5;249ms[0m[38;5;249m"[0m[38;5;249m;[0m
 [38;5;240m    │[0m          ─────┬─────  
 [38;5;240m    │[0m               ╰─────── It can not be redeclared here
[38;5;246m─────╯[0m

[31m[PARSE_ERROR] [0mIdentifier `rmSync` has already been declared
     [38;5;246m╭[0m[38;5;246m─[0m[38;5;246m[[0m tests/collaboration-recovery.test.ts:1:23 [38;5;246m][0m
     [38;5;246m│[0m
 [38;5;246m  1 │[0m [38;5;249mi[0m[38;5;249mm[0m[38;5;249mp[0m[38;5;249mo[0m[38;5;249mr[0m[38;5;249mt[0m[38;5;249m [0m[38;5;249m{[0m[38;5;249m [0m[38;5;249mm[0m[38;5;249mk[0m[38;5;249md[0m[38;5;249mt[0m[38;5;249me[0m[38;5;249mm[0m[38;5;249mp[0m[38;5;249mS[0m[38;5;249my[0m[38;5;249mn[0m[38;5;249mc[0m[38;5;249m,[0m[38;5;249m [0mrmSync[38;5;249m [0m[38;5;249m}[0m[38;5;249m [0m[38;5;249mf[0m[38;5;249mr[0m[38;5;249mo[0m[38;5;249mm[0m[38;5;249m [0m[38;5;249m"[0m[38;5;249mn[0m[38;5;249mo[0m[38;5;249md[0m[38;5;249me[0m[38;5;249m:[0m[38;5;249mf[0m[38;5;249ms[0m[38;5;249m"[0m[38;5;249m;[0m
 [38;5;240m    │[0m                       ───┬──  
 [38;5;240m    │[0m                          ╰──── `rmSync` has already been declared here
 [38;5;240m    │[0m 
 [38;5;246m380 │[0m [38;5;249mi[0m[38;5;249mm[0m[38;5;249mp[0m[38;5;249mo[0m[38;5;249mr[0m[38;5;249mt[0m[38;5;249m [0m[38;5;249m{[0m[38;5;249m [0m[38;5;249mm[0m[38;5;249mk[0m[38;5;249md[0m[38;5;249mt[0m[38;5;249me[0m[38;5;249mm[0m[38;5;249mp[0m[38;5;249mS[0m[38;5;249my[0m[38;5;249mn[0m[38;5;249mc[0m[38;5;249m,[0m[38;5;249m [0mrmSync[38;5;249m [0m[38;5;249m}[0m[38;5;249m [0m[38;5;249mf[0m[38;5;249mr[0m[38;5;249mo[0m[38;5;249mm[0m[38;5;249m [0m[38;5;249m"[0m[38;5;249mn[0m[38;5;249mo[0m[38;5;249md[0m[38;5;249me[0m[38;5;249m:[0m[38;5;249mf[0m[38;5;249ms[0m[38;5;249m"[0m[38;5;249m;[0m
 [38;5;240m    │[0m                       ───┬──  
 [38;5;240m    │[0m                          ╰──── It can not be redeclared here
[38;5;246m─────╯[0m

[31m[PARSE_ERROR] [0mIdentifier `tmpdir` has already been declared
     [38;5;246m╭[0m[38;5;246m─[0m[38;5;246m[[0m tests/collaboration-recovery.test.ts:2:10 [38;5;246m][0m
     [38;5;246m│[0m
 [38;5;246m  2 │[0m [38;5;249mi[0m[38;5;249mm[0m[38;5;249mp[0m[38;5;249mo[0m[38;5;249mr[0m[38;5;249mt[0m[38;5;249m [0m[38;5;249m{[0m[38;5;249m [0mtmpdir[38;5;249m [0m[38;5;249m}[0m[38;5;249m [0m[38;5;249mf[0m[38;5;249mr[0m[38;5;249mo[0m[38;5;249mm[0m[38;5;249m [0m[38;5;249m"[0m[38;5;249mn[0m[38;5;249mo[0m[38;5;249md[0m[38;5;249me[0m[38;5;249m:[0m[38;5;249mo[0m[38;5;249ms[0m[38;5;249m"[0m[38;5;249m;[0m
 [38;5;240m    │[0m          ───┬──  
 [38;5;240m    │[0m             ╰──── `tmpdir` has already been declared here
 [38;5;240m    │[0m 
 [38;5;246m381 │[0m [38;5;249mi[0m[38;5;249mm[0m[38;5;249mp[0m[38;5;249mo[0m[38;5;249mr[0m[38;5;249mt[0m[38;5;249m [0m[38;5;249m{[0m[38;5;249m [0mtmpdir[38;5;249m [0m[38;5;249m}[0m[38;5;249m [0m[38;5;249mf[0m[38;5;249mr[0m[38;5;249mo[0m[38;5;249mm[0m[38;5;249m [0m[38;5;249m"[0m[38;5;249mn[0m[38;5;249mo[0m[38;5;249md[0m[38;5;249me[0m[38;5;249m:[0m[38;5;249mo[0m[38;5;249ms[0m[38;5;249m"[0m[38;5;249m;[0m
 [38;5;240m    │[0m          ───┬──  
 [38;5;240m    │[0m             ╰──── It can not be redeclared here
[38;5;246m─────╯[0m

[31m[PARSE_ERROR] [0mIdentifier `join` has already been declared
     [38;5;246m╭[0m[38;5;246m─[0m[38;5;246m[[0m tests/collaboration-recovery.test.ts:3:10 [38;5;246m][0m
     [38;5;246m│[0m
 [38;5;246m  3 │[0m [38;5;249mi[0m[38;5;249mm[0m[38;5;249mp[0m[38;5;249mo[0m[38;5;249mr[0m[38;5;249mt[0m[38;5;249m [0m[38;5;249m{[0m[38;5;249m [0mjoin[38;5;249m [0m[38;5;249m}[0m[38;5;249m [0m[38;5;249mf[0m[38;5;249mr[0m[38;5;249mo[0m[38;5;249mm[0m[38;5;249m [0m[38;5;249m"[0m[38;5;249mn[0m[38;5;249mo[0m[38;5;249md[0m[38;5;249me[0m[38;5;249m:[0m[38;5;249mp[0m[38;5;249ma[0m[38;5;249mt[0m[38;5;249mh[0m[38;5;249m"[0m[38;5;249m;[0m
 [38;5;240m    │[0m          ──┬─  
 [38;5;240m    │[0m            ╰─── `join` has already been declared here
 [38;5;240m    │[0m 
 [38;5;246m382 │[0m [38;5;249mi[0m[38;5;249mm[0m[38;5;249mp[0m[38;5;249mo[0m[38;5;249mr[0m[38;5;249mt[0m[38;5;249m [0m[38;5;249m{[0m[38;5;249m [0mjoin[38;5;249m [0m[38;5;249m}[0m[38;5;249m [0m[38;5;249mf[0m[38;5;249mr[0m[38;5;249mo[0m[38;5;249mm[0m[38;5;249m [0m[38;5;249m"[0m[38;5;249mn[0m[38;5;249mo[0m[38;5;249md[0m[38;5;249me[0m[38;5;249m:[0m[38;5;249mp[0m[38;5;249ma[0m[38;5;249mt[0m[38;5;249mh[0m[38;5;249m"[0m[38;5;249m;[0m
 [38;5;240m    │[0m          ──┬─  
 [38;5;240m    │[0m            ╰─── It can not be redeclared here
[38;5;246m─────╯[0m

[31m[PARSE_ERROR] [0mIdentifier `afterEach` has already been declared
     [38;5;246m╭[0m[38;5;246m─[0m[38;5;246m[[0m tests/collaboration-recovery.test.ts:4:10 [38;5;246m][0m
     [38;5;246m│[0m
 [38;5;246m  4 │[0m [38;5;249mi[0m[38;5;249mm[0m[38;5;249mp[0m[38;5;249mo[0m[38;5;249mr[0m[38;5;249mt[0m[38;5;249m [0m[38;5;249m{[0m[38;5;249m [0mafterEach[38;5;249m,[0m[38;5;249m [0m[38;5;249mb[0m[38;5;249me[0m[38;5;249mf[0m[38;5;249mo[0m[38;5;249mr[0m[38;5;249me[0m[38;5;249mE[0m[38;5;249ma[0m[38;5;249mc[0m[38;5;249mh[0m[38;5;249m,[0m[38;5;249m [0m[38;5;249md[0m[38;5;249me[0m[38;5;249ms[0m[38;5;249mc[0m[38;5;249mr[0m[38;5;249mi[0m[38;5;249mb[0m[38;5;249me[0m[38;5;249m,[0m[38;5;249m [0m[38;5;249me[0m[38;5;249mx[0m[38;5;249mp[0m[38;5;249me[0m[38;5;249mc[0m[38;5;249mt[0m[38;5;249m,[0m[38;5;249m [0m[38;5;249mi[0m[38;5;249mt[0m[38;5;249m [0m[38;5;249m}[0m[38;5;249m [0m[38;5;249mf[0m[38;5;249mr[0m[38;5;249mo[0m[38;5;249mm[0m[38;5;249m [0m[38;5;249m"[0m[38;5;249mv[0m[38;5;249mi[0m[38;5;249mt[0m[38;5;249me[0m[38;5;249ms[0m[38;5;249mt[0m[38;5;249m"[0m[38;5;249m;[0m
 [38;5;240m    │[0m          ────┬────  
 [38;5;240m    │[0m              ╰────── `afterEach` has already been declared here
 [38;5;240m    │[0m 
 [38;5;246m383 │[0m [38;5;249mi[0m[38;5;249mm[0m[38;5;249mp[0m[38;5;249mo[0m[38;5;249mr[0m[38;5;249mt[0m[38;5;249m [0m[38;5;249m{[0m[38;5;249m [0mafterEach[38;5;249m,[0m[38;5;249m [0m[38;5;249mb[0m[38;5;249me[0m[38;5;249mf[0m[38;5;249mo[0m[38;5;249mr[0m[38;5;249me[0m[38;5;249mE[0m[38;5;249ma[0m[38;5;249mc[0m[38;5;249mh[0m[38;5;249m,[0m[38;5;249m [0m[38;5;249md[0m[38;5;249me[0m[38;5;249ms[0m[38;5;249mc[0m[38;5;249mr[0m[38;5;249mi[0m[38;5;249mb[0m[38;5;249me[0m[38;5;249m,[0m[38;5;249m [0m[38;5;249me[0m[38;5;249mx[0m[38;5;249mp[0m[38;5;249me[0m[38;5;249mc[0m[38;5;249mt[0m[38;5;249m,[0m[38;5;249m [0m[38;5;249mi[0m[38;5;249mt[0m[38;5;249m [0m[38;5;249m}[0m[38;5;249m [0m[38;5;249mf[0m[38;5;249mr[0m[38;5;249mo[0m[38;5;249mm[0m[38;5;249m [0m[38;5;249m"[0m[38;5;249mv[0m[38;5;249mi[0m[38;5;249mt[0m[38;5;249me[0m[38;5;249ms[0m[38;5;249mt[0m[38;5;249m"[0m[38;5;249m;[0m
 [38;5;240m    │[0m          ────┬────  
 [38;5;240m    │[0m              ╰────── It can not be redeclared here
[38;5;246m─────╯[0m

...
  Plugin: vite:oxc
  File: D:/cool-ai/tests/collaboration-recovery.test.ts
 ❯ transformWithOxc node_modules/vite/dist/node/chunks/node.js:4033:19
 ❯ TransformPluginContext.transform node_modules/vite/dist/node/chunks/node.js:4104:26
 ❯ EnvironmentPluginContainer.transform node_modules/vite/dist/node/chunks/node.js:30201:51
 ❯ loadAndTransform node_modules/vite/dist/node/chunks/node.js:20124:26

⎯⎯⎯⎯⎯⎯⎯⎯⎯⎯⎯⎯⎯⎯⎯⎯⎯⎯⎯⎯⎯⎯⎯⎯[1/4]⎯


⎯⎯⎯⎯⎯⎯⎯ Failed Tests 3 ⎯⎯⎯⎯⎯⎯⎯

 FAIL  tests/collaboration-recovery.api.test.ts > collaboration recovery triggers > reconciles an expired attempt before returning collaboration read state
AssertionError: expected { pendingDecision: null, …(5) } to match object { run: { …(2) } }
(24 matching properties omitted from actual)

- Expected
+ Received

  {
    "run": {
-     "pauseCategory": "interrupted",
-     "status": "paused",
+     "pauseCategory": null,
+     "status": "running",
    },
  }

 ❯ tests/collaboration-recovery.api.test.ts:212:34
    210|
    211|     expect(response.status).toBe(200);
    212|     await expect(response.json()).resolves.toMatchObject({
       |                                  ^
    213|       run: { pauseCategory: "interrupted", status: "paused" },
    214|     });

⎯⎯⎯⎯⎯⎯⎯⎯⎯⎯⎯⎯⎯⎯⎯⎯⎯⎯⎯⎯⎯⎯⎯⎯[2/4]⎯

 FAIL  tests/collaboration-recovery.api.test.ts > collaboration recovery triggers > reconciles before a relevant message mutation and preserves the mutation
AssertionError: expected { message: { …(11) }, run: { …(9) } } to match object { message: { …(2) }, run: { …(2) } }
(7 matching properties omitted from actual)

- Expected
+ Received

@@ -2,9 +2,9 @@
    "message": {
      "content": "Are you still there?",
      "runId": "run-recovery-api",
    },
    "run": {
-     "pauseCategory": "interrupted",
-     "status": "paused",
+     "pauseCategory": null,
+     "status": "running",
    },
  }

 ❯ tests/collaboration-recovery.api.test.ts:237:34
    235|
    236|     expect(response.status).toBe(201);
    237|     await expect(response.json()).resolves.toMatchObject({
       |                                  ^
    238|       message: { content: "Are you still there?", runId: RUN_ID },
    239|       run: { pauseCategory: "interrupted", status: "paused" },

⎯⎯⎯⎯⎯⎯⎯⎯⎯⎯⎯⎯⎯⎯⎯⎯⎯⎯⎯⎯⎯⎯⎯⎯[3/4]⎯

 FAIL  tests/collaboration-recovery.api.test.ts > collaboration recovery triggers > explicit recover completes and replays its receipt while repeated calls stay idempotent
AssertionError: T-11 recover API route must exist: expected undefined to be type of 'function'

Expected: "function"
Received: "undefined"

 ❯ recoverRoute tests/collaboration-recovery.api.test.ts:188:53
    186| async function recoverRoute(): Promise<RecoverRoute> {
    187|   const load = recoverModules["../app/api/runs/[runId]/recover/route.t…
    188|   expect(load, "T-11 recover API route must exist").toBeTypeOf("functi…
       |                                                     ^
    189|   return load!();
    190| }
 ❯ tests/collaboration-recovery.api.test.ts:249:25

⎯⎯⎯⎯⎯⎯⎯⎯⎯⎯⎯⎯⎯⎯⎯⎯⎯⎯⎯⎯⎯⎯⎯⎯[4/4]⎯


 Test Files  2 failed (2)
      Tests  3 failed (3)
   Start at  06:20:30
   Duration  2.98s (transform 216ms, setup 730ms, import 138ms, tests 725ms, environment 2.96s)

# exit: 1
