# hf-gate-run
# label: t12-red
# command: cmd /c npm test -- tests/mission-transaction-primitives.test.ts
# started: 2026-07-29T22:26:27+00:00

> collaboration-cockpit@0.1.0 test
> vitest run tests/mission-transaction-primitives.test.ts


 RUN  v4.1.10 D:/cool-ai

(node:17324) ExperimentalWarning: SQLite is an experimental feature and might change at any time
(Use `node --trace-warnings ...` to show where the warning was created)
 ❯ tests/mission-transaction-primitives.test.ts (5 tests | 5 failed) 530ms
     × uses the caller transaction, supports outer rollback, and never begins or closes it 114ms
     × creates a complete same-batch DAG, increments mission once, and claims conditionally 103ms
     × reuses S-3 fields and rejects duplicate keys, missing dependencies, and cycles atomically 102ms
     × rejects mission, membership, item version, status, and assignment conflicts without mutation 105ms
     × makes an owner write win deterministically and reports the stale claim version 105ms

⎯⎯⎯⎯⎯⎯⎯ Failed Tests 5 ⎯⎯⎯⎯⎯⎯⎯

 FAIL  tests/mission-transaction-primitives.test.ts > transaction-aware mission primitives > uses the caller transaction, supports outer rollback, and never begins or closes it
 FAIL  tests/mission-transaction-primitives.test.ts > transaction-aware mission primitives > creates a complete same-batch DAG, increments mission once, and claims conditionally
 FAIL  tests/mission-transaction-primitives.test.ts > transaction-aware mission primitives > reuses S-3 fields and rejects duplicate keys, missing dependencies, and cycles atomically
 FAIL  tests/mission-transaction-primitives.test.ts > transaction-aware mission primitives > rejects mission, membership, item version, status, and assignment conflicts without mutation
 FAIL  tests/mission-transaction-primitives.test.ts > transaction-aware mission primitives > makes an owner write win deterministically and reports the stale claim version
Error: table projects has no column named updated_at
 ❯ tests/mission-transaction-primitives.test.ts:119:10
    117|       const id = "project-tx";
    118|       database
    119|         .prepare(
       |          ^
    120|           `INSERT INTO projects (
    121|              id, name, workspace_path, version, created_at, updated_at
 ❯ tests/mission-transaction-primitives.test.ts:129:4

⎯⎯⎯⎯⎯⎯⎯⎯⎯⎯⎯⎯⎯⎯⎯⎯⎯⎯⎯⎯⎯⎯⎯⎯[1/5]⎯


 Test Files  1 failed (1)
      Tests  5 failed (5)
   Start at  06:26:29
   Duration  2.65s (transform 106ms, setup 336ms, import 112ms, tests 530ms, environment 1.41s)

# exit: 1
