# hf-gate-run
# label: t12-green
# command: cmd /c npm test -- tests/mission-transaction-primitives.test.ts
# started: 2026-07-29T22:27:55+00:00

> collaboration-cockpit@0.1.0 test
> vitest run tests/mission-transaction-primitives.test.ts


 RUN  v4.1.10 D:/cool-ai

(node:17260) ExperimentalWarning: SQLite is an experimental feature and might change at any time
(Use `node --trace-warnings ...` to show where the warning was created)
 ❯ tests/mission-transaction-primitives.test.ts (5 tests | 1 failed) 1822ms
     × creates a complete same-batch DAG, increments mission once, and claims conditionally 311ms

⎯⎯⎯⎯⎯⎯⎯ Failed Tests 1 ⎯⎯⎯⎯⎯⎯⎯

 FAIL  tests/mission-transaction-primitives.test.ts > transaction-aware mission primitives > creates a complete same-batch DAG, increments mission once, and claims conditionally
AssertionError: expected { mission: { …(7) }, …(1) } to match object { mission: { …(2) }, …(1) }
(12 matching properties omitted from actual)

- Expected
+ Received

@@ -3,18 +3,20 @@
      "id": "9aa33681-b3d4-4349-8621-d025f020bd68",
      "version": 2,
    },
    "workItems": [
      {
-       "dependencyIds": [],
-       "id": "809928b3-16b5-4f21-9489-9a5298328b02",
-       "title": "Research",
+       "dependencyIds": [
+         "809928b3-16b5-4f21-9489-9a5298328b02",
+       ],
+       "id": "62500ffa-8807-4ebe-b0b4-fbde63ef2514",
+       "title": "Write",
        "version": 1,
      },
      {
-       "description": "Draft",
-       "id": "62500ffa-8807-4ebe-b0b4-fbde63ef2514",
-       "title": "Write",
+       "description": "",
+       "id": "809928b3-16b5-4f21-9489-9a5298328b02",
+       "title": "Research",
        "version": 1,
      },
    ],
  }

 ❯ tests/mission-transaction-primitives.test.ts:182:56
    180|       expect(Object.keys(keys)).toEqual(["research", "write"]);
    181|       expect(keys.research).not.toBe(keys.write);
    182|       expect(getMissionState(databasePath, projectId)).toMatchObject({
       |                                                        ^
    183|         mission: { id: missionId, version: 2 },
    184|         workItems: [

⎯⎯⎯⎯⎯⎯⎯⎯⎯⎯⎯⎯⎯⎯⎯⎯⎯⎯⎯⎯⎯⎯⎯⎯[1/1]⎯


 Test Files  1 failed (1)
      Tests  1 failed | 4 passed (5)
   Start at  06:27:56
   Duration  3.95s (transform 110ms, setup 337ms, import 119ms, tests 1.82s, environment 1.41s)

# exit: 1
