# hf-gate-run
# label: t12-compat
# command: cmd /c npm test -- tests/mission-crud.test.ts tests/work-item-dependencies.test.ts tests/work-item-transitions.test.ts tests/collaboration-context-guards.test.ts
# started: 2026-07-29T22:28:27+00:00

> collaboration-cockpit@0.1.0 test
> vitest run tests/mission-crud.test.ts tests/work-item-dependencies.test.ts tests/work-item-transitions.test.ts tests/collaboration-context-guards.test.ts


 RUN  v4.1.10 D:/cool-ai

(node:15760) ExperimentalWarning: SQLite is an experimental feature and might change at any time
(Use `node --trace-warnings ...` to show where the warning was created)
(node:3404) ExperimentalWarning: SQLite is an experimental feature and might change at any time
(Use `node --trace-warnings ...` to show where the warning was created)
(node:9248) ExperimentalWarning: SQLite is an experimental feature and might change at any time
(Use `node --trace-warnings ...` to show where the warning was created)
(node:14884) ExperimentalWarning: SQLite is an experimental feature and might change at any time
(Use `node --trace-warnings ...` to show where the warning was created)

 Test Files  4 passed (4)
      Tests  21 passed (21)
   Start at  06:28:28
   Duration  8.35s (transform 611ms, setup 1.63s, import 791ms, tests 14.61s, environment 6.43s)

# exit: 0
