# hf-gate-run
# label: t13-red
# command: npm.cmd test -- tests/agent-task-actions.test.ts
# started: 2026-07-29T22:32:52+00:00

> collaboration-cockpit@0.1.0 test
> vitest run tests/agent-task-actions.test.ts


 RUN  v4.1.10 D:/cool-ai

(node:5084) ExperimentalWarning: SQLite is an experimental feature and might change at any time
(Use `node --trace-warnings ...` to show where the warning was created)
 ❯ tests/agent-task-actions.test.ts (15 tests | 15 failed) 4412ms
     × creates a complete batch-only DAG, resolves proposed ids, and claims only the current Agent 257ms
     × claims an existing todo only when unassigned, dependencies are done, and its current version wins 374ms
     × commits pure visible text with zero tasks and no claim without changing mission facts 246ms
     × rejects duplicate client keys and rolls back the whole turn 243ms
     × rejects client key bounds and rolls back the whole turn 232ms
     × rejects client key characters and rolls back the whole turn 250ms
     × rejects dependencies outside the batch and rolls back the whole turn 274ms
     × rejects a dependency cycle and rolls back the whole turn 234ms
     × rejects S-3 title and description bounds and rolls back the whole turn 224ms
     × rejects an existing claim that is blocked and rolls back its Agent message 366ms
     × rejects an existing claim that is assigned and rolls back its Agent message 372ms
     × rejects an existing claim that is dependency and rolls back its Agent message 319ms
     × rejects an existing claim that is missing and rolls back its Agent message 319ms
     × rejects an unresolved proposed claim and a non-current committing Agent atomically 230ms
     × uses the T-10 finalize transaction so a late invalid claim rolls back message, tasks, and claim 470ms

⎯⎯⎯⎯⎯⎯ Failed Tests 15 ⎯⎯⎯⎯⎯⎯⎯

 FAIL  tests/agent-task-actions.test.ts > Agent task action committer > creates a complete batch-only DAG, resolves proposed ids, and claims only the current Agent
AssertionError: T-13 action committer module must exist: expected undefined to be type of 'function'

Expected: "function"
Received: "undefined"

 ❯ committer tests/agent-task-actions.test.ts:139:59
    137| async function committer(): Promise<Required<CommitterModule>> {
    138|   const load = committers["../src/server/collaboration/action-committe…
    139|   expect(load, "T-13 action committer module must exist").toBeTypeOf("…
       |                                                           ^
    140|   const implementation = await load!();
    141|   expect(implementation.commitAgentTaskActionsTx).toBeTypeOf("function…
 ❯ commit tests/agent-task-actions.test.ts:180:32
 ❯ tests/agent-task-actions.test.ts:301:26

⎯⎯⎯⎯⎯⎯⎯⎯⎯⎯⎯⎯⎯⎯⎯⎯⎯⎯⎯⎯⎯⎯⎯[1/15]⎯

 FAIL  tests/agent-task-actions.test.ts > Agent task action committer > claims an existing todo only when unassigned, dependencies are done, and its current version wins
AssertionError: T-13 action committer module must exist: expected undefined to be type of 'function'

Expected: "function"
Received: "undefined"

 ❯ committer tests/agent-task-actions.test.ts:139:59
    137| async function committer(): Promise<Required<CommitterModule>> {
    138|   const load = committers["../src/server/collaboration/action-committe…
    139|   expect(load, "T-13 action committer module must exist").toBeTypeOf("…
       |                                                           ^
    140|   const implementation = await load!();
    141|   expect(implementation.commitAgentTaskActionsTx).toBeTypeOf("function…
 ❯ commit tests/agent-task-actions.test.ts:180:32
 ❯ tests/agent-task-actions.test.ts:403:26

⎯⎯⎯⎯⎯⎯⎯⎯⎯⎯⎯⎯⎯⎯⎯⎯⎯⎯⎯⎯⎯⎯⎯[2/15]⎯

 FAIL  tests/agent-task-actions.test.ts > Agent task action committer > commits pure visible text with zero tasks and no claim without changing mission facts
AssertionError: T-13 action committer module must exist: expected undefined to be type of 'function'

Expected: "function"
Received: "undefined"

 ❯ committer tests/agent-task-actions.test.ts:139:59
    137| async function committer(): Promise<Required<CommitterModule>> {
    138|   const load = committers["../src/server/collaboration/action-committe…
    139|   expect(load, "T-13 action committer module must exist").toBeTypeOf("…
       |                                                           ^
    140|   const implementation = await load!();
    141|   expect(implementation.commitAgentTaskActionsTx).toBeTypeOf("function…
 ❯ commit tests/agent-task-actions.test.ts:180:32
 ❯ tests/agent-task-actions.test.ts:418:26

⎯⎯⎯⎯⎯⎯⎯⎯⎯⎯⎯⎯⎯⎯⎯⎯⎯⎯⎯⎯⎯⎯⎯[3/15]⎯

 FAIL  tests/agent-task-actions.test.ts > Agent task action committer > rejects duplicate client keys and rolls back the whole turn
 FAIL  tests/agent-task-actions.test.ts > Agent task action committer > rejects client key bounds and rolls back the whole turn
 FAIL  tests/agent-task-actions.test.ts > Agent task action committer > rejects client key characters and rolls back the whole turn
 FAIL  tests/agent-task-actions.test.ts > Agent task action committer > rejects dependencies outside the batch and rolls back the whole turn
 FAIL  tests/agent-task-actions.test.ts > Agent task action committer > rejects a dependency cycle and rolls back the whole turn
 FAIL  tests/agent-task-actions.test.ts > Agent task action committer > rejects S-3 title and description bounds and rolls back the whole turn
AssertionError: expected AssertionError: T-13 action committer mod… { …(4) } to match object { code: 'ACTION_INVALID' }
(5 matching properties omitted from actual)

- Expected
+ Received

- {
-   "code": "ACTION_INVALID",
+ AssertionError {
+   "message": "T-13 action committer module must exist: expected undefined to be type of 'function'",
+   "actual": "undefined",
+   "expected": "function",
+   "showDiff": true,
+   "operator": "strictEqual",
  }

 ❯ tests/agent-task-actions.test.ts:471:64
    469|     ],
    470|   ] as const)("rejects %s and rolls back the whole turn", async (_case…
    471|     await expect(commit({ turn: turn({ tasks: [...tasks] }) })).reject…
       |                                                                ^
    472|       code: "ACTION_INVALID",
    473|     });

⎯⎯⎯⎯⎯⎯⎯⎯⎯⎯⎯⎯⎯⎯⎯⎯⎯⎯⎯⎯⎯⎯⎯[4/15]⎯

 FAIL  tests/agent-task-actions.test.ts > Agent task action committer > rejects an existing claim that is blocked and rolls back its Agent message
 FAIL  tests/agent-task-actions.test.ts > Agent task action committer > rejects an existing claim that is assigned and rolls back its Agent message
 FAIL  tests/agent-task-actions.test.ts > Agent task action committer > rejects an existing claim that is dependency and rolls back its Agent message
 FAIL  tests/agent-task-actions.test.ts > Agent task action committer > rejects an existing claim that is missing and rolls back its Agent message
AssertionError: expected AssertionError: T-13 action committer mod… { …(4) } to match object { code: 'ACTION_CONFLICT' }
(5 matching properties omitted from actual)

- Expected
+ Received

- {
-   "code": "ACTION_CONFLICT",
+ AssertionError {
+   "message": "T-13 action committer module must exist: expected undefined to be type of 'function'",
+   "actual": "undefined",
+   "expected": "function",
+   "showDiff": true,
+   "operator": "strictEqual",
  }

 ❯ tests/agent-task-actions.test.ts:520:8
    518|           }),
    519|         }),
    520|       ).rejects.toMatchObject({ code: "ACTION_CONFLICT" });
       |        ^
    521|       expect(counts().messages).toBe(0);
    522|       expect(item(existing.id).version).toBe(1);

⎯⎯⎯⎯⎯⎯⎯⎯⎯⎯⎯⎯⎯⎯⎯⎯⎯⎯⎯⎯⎯⎯⎯[5/15]⎯

 FAIL  tests/agent-task-actions.test.ts > Agent task action committer > rejects an unresolved proposed claim and a non-current committing Agent atomically
AssertionError: expected AssertionError: T-13 action committer mod… { …(4) } to match object { code: 'ACTION_INVALID' }
(5 matching properties omitted from actual)

- Expected
+ Received

- {
-   "code": "ACTION_INVALID",
+ AssertionError {
+   "message": "T-13 action committer module must exist: expected undefined to be type of 'function'",
+   "actual": "undefined",
+   "expected": "function",
+   "showDiff": true,
+   "operator": "strictEqual",
  }

 ❯ tests/agent-task-actions.test.ts:539:6
    537|         }),
    538|       }),
    539|     ).rejects.toMatchObject({ code: "ACTION_INVALID" });
       |      ^
    540|     await expect(commit({ agentId: AGENT_B })).rejects.toMatchObject({
    541|       code: "ACTION_CONFLICT",

⎯⎯⎯⎯⎯⎯⎯⎯⎯⎯⎯⎯⎯⎯⎯⎯⎯⎯⎯⎯⎯⎯⎯[6/15]⎯

 FAIL  tests/agent-task-actions.test.ts > Agent task action committer > uses the T-10 finalize transaction so a late invalid claim rolls back message, tasks, and claim
AssertionError: expected { affectedRows: 1, …(2) } to match object { affectedRows: 1, …(2) }
(11 matching properties omitted from actual)

- Expected
+ Received

  {
    "affectedRows": 1,
    "body": {
-     "error": {
-       "category": "action_invalid",
-       "code": "ACTION_CONFLICT",
+     "attemptStatus": "committed",
+     "run": {
+       "createdAt": "2026-07-30T03:00:00.000Z",
+       "currentAgentId": "agent-actions-a",
+       "id": "run-actions",
+       "pauseCategory": null,
+       "projectId": "project-actions",
+       "roundCount": 1,
+       "status": "running",
+       "updatedAt": "2026-07-30T03:00:00.000Z",
+       "version": 1,
      },
    },
-   "status": 409,
+   "status": 200,
  }

 ❯ tests/agent-task-actions.test.ts:591:22
    589|     );
    590|
    591|     expect(response).toMatchObject({
       |                      ^
    592|       affectedRows: 1,
    593|       body: { error: { category: "action_invalid", code: "ACTION_CONFL…

⎯⎯⎯⎯⎯⎯⎯⎯⎯⎯⎯⎯⎯⎯⎯⎯⎯⎯⎯⎯⎯⎯⎯[7/15]⎯


 Test Files  1 failed (1)
      Tests  15 failed (15)
   Start at  06:32:53
   Duration  6.59s (transform 167ms, setup 362ms, import 125ms, tests 4.41s, environment 1.42s)

# exit: 1
