# hf-gate-run
# label: t14-green
# command: npm.cmd test -- tests/handoff-plan-ready.test.ts tests/agent-task-actions.test.ts tests/turn-finalize.test.ts tests/turn-acquire.test.ts
# started: 2026-07-29T22:39:13+00:00

> collaboration-cockpit@0.1.0 test
> vitest run tests/handoff-plan-ready.test.ts tests/agent-task-actions.test.ts tests/turn-finalize.test.ts tests/turn-acquire.test.ts


 RUN  v4.1.10 D:/cool-ai

(node:16608) ExperimentalWarning: SQLite is an experimental feature and might change at any time
(Use `node --trace-warnings ...` to show where the warning was created)
(node:11372) ExperimentalWarning: SQLite is an experimental feature and might change at any time
(Use `node --trace-warnings ...` to show where the warning was created)
(node:13452) ExperimentalWarning: SQLite is an experimental feature and might change at any time
(Use `node --trace-warnings ...` to show where the warning was created)
(node:5968) ExperimentalWarning: SQLite is an experimental feature and might change at any time
(Use `node --trace-warnings ...` to show where the warning was created)
 ❯ tests/agent-task-actions.test.ts (15 tests | 3 failed) 6459ms
     × creates a complete batch-only DAG, resolves proposed ids, and claims only the current Agent 342ms
     × claims an existing todo only when unassigned, dependencies are done, and its current version wins 486ms
     × commits pure visible text with zero tasks and no claim without changing mission facts 312ms

⎯⎯⎯⎯⎯⎯⎯ Failed Tests 3 ⎯⎯⎯⎯⎯⎯⎯

 FAIL  tests/agent-task-actions.test.ts > Agent task action committer > creates a complete batch-only DAG, resolves proposed ids, and claims only the current Agent
Error: FOREIGN KEY constraint failed
 ❯ Module.commitAgentTaskActionsTx src/server/collaboration/action-committer.ts:348:8
    346|          ) VALUES (?, ?, ?, ?, ?, ?, ?, ?)`,
    347|       )
    348|       .run(
       |        ^
    349|         turnId,
    350|         input.attemptId,
 ❯ commit tests/agent-task-actions.test.ts:184:35
 ❯ tests/agent-task-actions.test.ts:301:20

⎯⎯⎯⎯⎯⎯⎯⎯⎯⎯⎯⎯⎯⎯⎯⎯⎯⎯⎯⎯⎯⎯⎯⎯[1/3]⎯

 FAIL  tests/agent-task-actions.test.ts > Agent task action committer > claims an existing todo only when unassigned, dependencies are done, and its current version wins
Error: FOREIGN KEY constraint failed
 ❯ Module.commitAgentTaskActionsTx src/server/collaboration/action-committer.ts:348:8
    346|          ) VALUES (?, ?, ?, ?, ?, ?, ?, ?)`,
    347|       )
    348|       .run(
       |        ^
    349|         turnId,
    350|         input.attemptId,
 ❯ commit tests/agent-task-actions.test.ts:184:35
 ❯ tests/agent-task-actions.test.ts:403:20

⎯⎯⎯⎯⎯⎯⎯⎯⎯⎯⎯⎯⎯⎯⎯⎯⎯⎯⎯⎯⎯⎯⎯⎯[2/3]⎯

 FAIL  tests/agent-task-actions.test.ts > Agent task action committer > commits pure visible text with zero tasks and no claim without changing mission facts
Error: FOREIGN KEY constraint failed
 ❯ Module.commitAgentTaskActionsTx src/server/collaboration/action-committer.ts:348:8
    346|          ) VALUES (?, ?, ?, ?, ?, ?, ?, ?)`,
    347|       )
    348|       .run(
       |        ^
    349|         turnId,
    350|         input.attemptId,
 ❯ commit tests/agent-task-actions.test.ts:184:35
 ❯ tests/agent-task-actions.test.ts:418:20

⎯⎯⎯⎯⎯⎯⎯⎯⎯⎯⎯⎯⎯⎯⎯⎯⎯⎯⎯⎯⎯⎯⎯⎯[3/3]⎯


 Test Files  1 failed | 3 passed (4)
      Tests  3 failed | 48 passed (51)
   Start at  06:39:14
   Duration  9.85s (transform 538ms, setup 1.64s, import 647ms, tests 22.59s, environment 6.41s)

# exit: 1
