# hf-gate-run
# label: t15-green
# command: npm.cmd test -- tests/collaboration-usage-budget.test.ts tests/turn-acquire.test.ts tests/turn-finalize.test.ts tests/handoff-plan-ready.test.ts tests/collaboration-controls.service.test.ts
# started: 2026-07-29T22:44:28+00:00

> collaboration-cockpit@0.1.0 test
> vitest run tests/collaboration-usage-budget.test.ts tests/turn-acquire.test.ts tests/turn-finalize.test.ts tests/handoff-plan-ready.test.ts tests/collaboration-controls.service.test.ts


 RUN  v4.1.10 D:/cool-ai

(node:380) ExperimentalWarning: SQLite is an experimental feature and might change at any time
(Use `node --trace-warnings ...` to show where the warning was created)
(node:2940) ExperimentalWarning: SQLite is an experimental feature and might change at any time
(Use `node --trace-warnings ...` to show where the warning was created)
(node:9104) ExperimentalWarning: SQLite is an experimental feature and might change at any time
(Use `node --trace-warnings ...` to show where the warning was created)
(node:11140) ExperimentalWarning: SQLite is an experimental feature and might change at any time
(Use `node --trace-warnings ...` to show where the warning was created)
(node:7740) ExperimentalWarning: SQLite is an experimental feature and might change at any time
(Use `node --trace-warnings ...` to show where the warning was created)

 Test Files  5 passed (5)
      Tests  49 passed (49)
   Start at  06:44:30
   Duration  10.29s (transform 773ms, setup 2.25s, import 1.02s, tests 25.78s, environment 8.36s)

# exit: 0
