# hf-gate-run
# label: t15-green
# command: npm.cmd test -- tests/collaboration-usage-budget.test.ts tests/turn-acquire.test.ts tests/turn-finalize.test.ts tests/handoff-plan-ready.test.ts tests/collaboration-controls.service.test.ts
# started: 2026-07-29T22:43:35+00:00

> collaboration-cockpit@0.1.0 test
> vitest run tests/collaboration-usage-budget.test.ts tests/turn-acquire.test.ts tests/turn-finalize.test.ts tests/handoff-plan-ready.test.ts tests/collaboration-controls.service.test.ts


 RUN  v4.1.10 D:/cool-ai

(node:17236) ExperimentalWarning: SQLite is an experimental feature and might change at any time
(Use `node --trace-warnings ...` to show where the warning was created)
(node:3800) ExperimentalWarning: SQLite is an experimental feature and might change at any time
(Use `node --trace-warnings ...` to show where the warning was created)
(node:9412) ExperimentalWarning: SQLite is an experimental feature and might change at any time
(Use `node --trace-warnings ...` to show where the warning was created)
(node:8816) ExperimentalWarning: SQLite is an experimental feature and might change at any time
(Use `node --trace-warnings ...` to show where the warning was created)
(node:14400) ExperimentalWarning: SQLite is an experimental feature and might change at any time
(Use `node --trace-warnings ...` to show where the warning was created)

 Test Files  5 passed (5)
      Tests  48 passed (48)
   Start at  06:43:36
   Duration  10.11s (transform 759ms, setup 2.20s, import 979ms, tests 23.46s, environment 9.70s)

# exit: 0
