# hf-gate-run
# label: t16-green
# command: cmd /c npm test -- tests/collaboration-decisions.test.ts
# started: 2026-07-29T22:49:38+00:00

> collaboration-cockpit@0.1.0 test
> vitest run tests/collaboration-decisions.test.ts


 RUN  v4.1.10 D:/cool-ai

(node:16840) ExperimentalWarning: SQLite is an experimental feature and might change at any time
(Use `node --trace-warnings ...` to show where the warning was created)
 ❯ tests/collaboration-decisions.test.ts (6 tests | 1 failed) 3467ms
     × atomically writes the Agent message, turn, sole open decision and events while waiting 450ms

⎯⎯⎯⎯⎯⎯⎯ Failed Tests 1 ⎯⎯⎯⎯⎯⎯⎯

 FAIL  tests/collaboration-decisions.test.ts > decision request commit > atomically writes the Agent message, turn, sole open decision and events while waiting
AssertionError: expected [ { sequence: 4, …(3) }, …(1) ] to deeply equal [ ObjectContaining{…}, …(1) ]

- Expected
+ Received

@@ -1,9 +1,16 @@
  [
    {
      "actorType": "agent",
-     "sequence": 1,
+     "payload": {
+       "agentDisplayName": "Requester",
+       "agentId": "agent-requester",
+       "messageId": "daa11a38-144a-42d2-9a0d-7437464762dc",
+       "messageSequence": 1,
+       "turnId": "a9e2690e-8242-46ed-84f5-f3e1ba709764",
+     },
+     "sequence": 4,
      "type": "agent_message",
    },
    {
      "actorType": "agent",
      "payload": {
@@ -14,9 +21,9 @@
          "Run another review",
        ],
        "question": "How should the team proceed?",
        "turnId": "a9e2690e-8242-46ed-84f5-f3e1ba709764",
      },
-     "sequence": 2,
+     "sequence": 5,
      "type": "decision_requested",
    },
  ]

 ❯ tests/collaboration-decisions.test.ts:312:7
    310|         ["agent_message", "decision_requested"].includes(type),
    311|       ),
    312|     ).toEqual([
       |       ^
    313|       expect.objectContaining({
    314|         actorType: "agent",

⎯⎯⎯⎯⎯⎯⎯⎯⎯⎯⎯⎯⎯⎯⎯⎯⎯⎯⎯⎯⎯⎯⎯⎯[1/1]⎯


 Test Files  1 failed (1)
      Tests  1 failed | 5 passed (6)
   Start at  06:49:39
   Duration  5.71s (transform 227ms, setup 334ms, import 235ms, tests 3.47s, environment 1.41s)

# exit: 1
