# hf-gate-run
# label: t18-red
# command: cmd /c npm test -- tests/owner-decision-races.test.ts
# started: 2026-07-29T22:59:48+00:00

> collaboration-cockpit@0.1.0 test
> vitest run tests/owner-decision-races.test.ts


 RUN  v4.1.10 D:/cool-ai

(node:3212) ExperimentalWarning: SQLite is an experimental feature and might change at any time
(Use `node --trace-warnings ...` to show where the warning was created)
 ❯ tests/owner-decision-races.test.ts (4 tests | 1 failed) 3131ms
     × keeps ordinary and mentioned post-acquire messages queued without answering or changing requester 742ms

⎯⎯⎯⎯⎯⎯⎯ Failed Tests 1 ⎯⎯⎯⎯⎯⎯⎯

 FAIL  tests/owner-decision-races.test.ts > calling owner messages and decision requests > keeps ordinary and mentioned post-acquire messages queued without answering or changing requester
AssertionError: expected null to be '2026-07-30T06:30:00.000Z' // Object.is equality

- Expected:
"2026-07-30T06:30:00.000Z"

+ Received:
null

 ❯ tests/owner-decision-races.test.ts:253:47
    251|       last.sequence,
    252|     ]);
    253|     expect(state.ownerMessages[0].consumedAt).toBe(NOW);
       |                                               ^
    254|     expect(state.ownerMessages.slice(1).every(({ consumedAt }) => cons…
    255|       true,

⎯⎯⎯⎯⎯⎯⎯⎯⎯⎯⎯⎯⎯⎯⎯⎯⎯⎯⎯⎯⎯⎯⎯⎯[1/1]⎯


 Test Files  1 failed (1)
      Tests  1 failed | 3 passed (4)
   Start at  06:59:49
   Duration  5.36s (transform 184ms, setup 370ms, import 207ms, tests 3.13s, environment 1.40s)

# exit: 1
