# hf-gate-run
# label: t19-red
# command: npm.cmd test -- tests/collaboration-read-api.test.ts
# started: 2026-07-29T23:03:48+00:00

> collaboration-cockpit@0.1.0 test
> vitest run tests/collaboration-read-api.test.ts


 RUN  v4.1.10 D:/cool-ai

(node:16676) ExperimentalWarning: SQLite is an experimental feature and might change at any time
(Use `node --trace-warnings ...` to show where the warning was created)
 ❯ tests/collaboration-read-api.test.ts (8 tests | 8 failed) 3624ms
     × pages project messages and run events independently while restoring current facts and snapshots after reopen 686ms
     × returns every designed event as an exact strict payload and supports a missing after sequence 384ms
     × rejects unknown payload key with only a sanitized public error 415ms
     × rejects wrong payload type with only a sanitized public error 411ms
     × rejects invalid independent pagination input: ?messageAfter=-1 436ms
     × rejects invalid independent pagination input: ?messageLimit=0 426ms
     × rejects invalid independent pagination input: ?eventAfter=1.5 428ms
     × rejects invalid independent pagination input: ?eventLimit=201 436ms

⎯⎯⎯⎯⎯⎯⎯ Failed Tests 8 ⎯⎯⎯⎯⎯⎯⎯

 FAIL  tests/collaboration-read-api.test.ts > typed collaboration read API > pages project messages and run events independently while restoring current facts and snapshots after reopen
AssertionError: expected { pendingDecision: null, …(5) } to match object { …(6) }

- Expected
+ Received

@@ -1,25 +1,50 @@
  {
-   "pendingDecision": {
-     "id": "decision-open",
-     "options": [
-       "Approve",
-       "Revise",
-     ],
-     "requestingAgentId": "agent-read-a",
-     "status": "open",
-   },
+   "pendingDecision": null,
    "projectMessagesPage": {
      "items": [
        {
+         "authorAgentId": null,
          "authorDisplayName": "Owner Snapshot",
+         "authorType": "owner",
+         "content": "Start",
+         "createdAt": "2026-07-30T07:00:00.000Z",
+         "id": "message-1",
+         "mentionAgentId": "agent-read-b",
          "mentionDisplayName": "Beta Snapshot",
          "mentionMemberStatus": "current",
+         "runId": "run-read-api",
          "sequence": 1,
+       },
+       {
+         "authorAgentId": "agent-read-a",
+         "authorDisplayName": "Alpha Snapshot",
+         "authorType": "agent",
+         "content": "Drafted",
+         "createdAt": "2026-07-30T07:00:00.000Z",
+         "id": "message-2",
+         "mentionAgentId": null,
+         "mentionDisplayName": null,
+         "mentionMemberStatus": null,
+         "runId": "run-read-api",
+         "sequence": 2,
        },
+       {
+         "authorAgentId": null,
+         "authorDisplayName": "Owner Snapshot",
+         "authorType": "owner",
+         "content": "Yes",
+         "createdAt": "2026-07-30T07:00:00.000Z",
+         "id": "message-3",
+         "mentionAgentId": "agent-read-b",
+         "mentionDisplayName": "Beta Snapshot",
+         "mentionMemberStatus": "current",
+         "runId": "run-read-api",
+         "sequence": 3,
+       },
      ],
-     "nextAfter": 1,
+     "nextAfter": null,
    },
    "readiness": {
      "missing": [],
      "ready": true,
    },
@@ -29,20 +54,315 @@
      "roundCount": 2,
      "status": "waiting_owner",
    },
    "timelinePage": {
      "items": [
+       {
+         "actorId": null,
+         "actorType": "owner",
+         "createdAt": "2026-07-30T07:00:00.000Z",
+         "id": "event-1",
+         "payload": {
+           "currentAgentId": "agent-read-a",
+           "messageId": "message-1",
+           "messageSequence": 1,
+         },
+         "runId": "run-read-api",
+         "sequence": 1,
+         "type": "run_started",
+       },
+       {
+         "actorId": null,
+         "actorType": "owner",
+         "createdAt": "2026-07-30T07:00:00.000Z",
+         "id": "event-2",
+         "payload": {
+           "mentionAgentId": "agent-read-b",
+           "mentionDisplayName": "Beta Snapshot",
+           "messageId": "message-1",
+           "messageSequence": 1,
+         },
+         "runId": "run-read-api",
+         "sequence": 2,
+         "type": "owner_message",
+       },
        {
+         "actorId": null,
+         "actorType": "system",
+         "createdAt": "2026-07-30T07:00:00.000Z",
+         "id": "event-3",
+         "payload": {
+           "agentDisplayName": "Alpha Snapshot",
+           "agentId": "agent-read-a",
+           "messageId": "message-2",
+           "messageSequence": 2,
+           "turnId": "turn-1",
+         },
+         "runId": "run-read-api",
+         "sequence": 3,
+         "type": "agent_message",
+       },
+       {
+         "actorId": null,
+         "actorType": "system",
+         "createdAt": "2026-07-30T07:00:00.000Z",
+         "id": "event-4",
+         "payload": {
+           "agentId": "agent-read-a",
+           "attemptId": "attempt-1",
+           "kind": "primary",
+         },
+         "runId": "run-read-api",
+         "sequence": 4,
+         "type": "model_call_started",
+       },
+       {
+         "actorId": null,
+         "actorType": "system",
+         "createdAt": "2026-07-30T07:00:00.000Z",
+         "id": "event-5",
+         "payload": {
+           "attemptId": "attempt-1",
+           "kind": "primary",
+         },
+         "runId": "run-read-api",
          "sequence": 5,
          "type": "model_call_succeeded",
        },
        {
+         "actorId": null,
+         "actorType": "system",
+         "createdAt": "2026-07-30T07:00:00.000Z",
+         "id": "event-6",
+         "payload": {
+           "attemptId": "attempt-2",
+           "category": "provider_timeout",
+           "kind": "repair",
+         },
+         "runId": "run-read-api",
          "sequence": 6,
          "type": "model_call_failed",
        },
+       {
+         "actorId": null,
+         "actorType": "system",
+         "createdAt": "2026-07-30T07:00:00.000Z",
+         "id": "event-7",
+         "payload": {
+           "attemptId": "attempt-1",
+           "completionTokens": 5,
+           "kind": "primary",
+           "promptTokens": 8,
+           "reported": true,
+           "totalTokens": 13,
+         },
+         "runId": "run-read-api",
+         "sequence": 7,
+         "type": "usage_recorded",
+       },
+       {
+         "actorId": null,
+         "actorType": "system",
+         "createdAt": "2026-07-30T07:00:00.000Z",
+         "id": "event-8",
+         "payload": {
+           "items": [
+             {
+               "dependsOnIds": [],
+               "id": "task-1",
+               "title": "Draft",
+             },
            ],
-     "nextAfter": 6,
+           "turnId": "turn-1",
+         },
+         "runId": "run-read-api",
+         "sequence": 8,
+         "type": "tasks_created",
+       },
+       {
+         "actorId": null,
+         "actorType": "system",
+         "createdAt": "2026-07-30T07:00:00.000Z",
+         "id": "event-9",
+         "payload": {
+           "agentId": "agent-read-a",
+           "turnId": "turn-1",
+           "workItemId": "task-1",
+         },
+         "runId": "run-read-api",
+         "sequence": 9,
+         "type": "task_claimed",
+       },
+       {
+         "actorId": null,
+         "actorType": "system",
+         "createdAt": "2026-07-30T07:00:00.000Z",
+         "id": "event-10",
+         "payload": {
+           "fromAgentId": "agent-read-a",
+           "overriddenByMention": false,
+           "reason": "Review",
+           "summary": "Ready",
+           "toAgentId": "agent-read-b",
+           "turnId": "turn-1",
+         },
+         "runId": "run-read-api",
+         "sequence": 10,
+         "type": "handoff",
+       },
+       {
+         "actorId": null,
+         "actorType": "system",
+         "createdAt": "2026-07-30T07:00:00.000Z",
+         "id": "event-11",
+         "payload": {
+           "agentId": "agent-read-a",
+           "decisionId": "decision-1",
+           "options": [
+             "Yes",
+             "No",
+           ],
+           "question": "Ship?",
+           "turnId": "turn-1",
+         },
+         "runId": "run-read-api",
+         "sequence": 11,
+         "type": "decision_requested",
+       },
+       {
+         "actorId": null,
+         "actorType": "system",
+         "createdAt": "2026-07-30T07:00:00.000Z",
+         "id": "event-12",
+         "payload": {
+           "answer": "Yes",
+           "decisionId": "decision-1",
+           "messageId": "message-3",
+           "messageSequence": 3,
+           "nextAgentId": "agent-read-b",
+         },
+         "runId": "run-read-api",
+         "sequence": 12,
+         "type": "decision_answered",
+       },
+       {
+         "actorId": null,
+         "actorType": "system",
+         "createdAt": "2026-07-30T07:00:00.000Z",
+         "id": "event-13",
+         "payload": {
+           "agentId": "agent-read-a",
+           "boundary": "tokens",
+           "limit": 100,
+           "value": 101,
+         },
+         "runId": "run-read-api",
+         "sequence": 13,
+         "type": "boundary_paused",
+       },
+       {
+         "actorId": null,
+         "actorType": "owner",
+         "createdAt": "2026-07-30T07:00:00.000Z",
+         "id": "event-14",
+         "payload": {
+           "category": "provider_timeout",
+         },
+         "runId": "run-read-api",
+         "sequence": 14,
+         "type": "run_paused",
+       },
+       {
+         "actorId": null,
+         "actorType": "owner",
+         "createdAt": "2026-07-30T07:00:00.000Z",
+         "id": "event-15",
+         "payload": {
+           "currentAgentId": "agent-read-a",
+         },
+         "runId": "run-read-api",
+         "sequence": 15,
+         "type": "run_resumed",
+       },
+       {
+         "actorId": null,
+         "actorType": "owner",
+         "createdAt": "2026-07-30T07:00:00.000Z",
+         "id": "event-16",
+         "payload": {
+           "currentAgentId": "agent-read-a",
+         },
+         "runId": "run-read-api",
+         "sequence": 16,
+         "type": "run_retried",
+       },
+       {
+         "actorId": null,
+         "actorType": "owner",
+         "createdAt": "2026-07-30T07:00:00.000Z",
+         "id": "event-17",
+         "payload": {
+           "turnId": "turn-1",
+         },
+         "runId": "run-read-api",
+         "sequence": 17,
+         "type": "run_planned",
+       },
+       {
+         "actorId": null,
+         "actorType": "owner",
+         "createdAt": "2026-07-30T07:00:00.000Z",
+         "id": "event-18",
+         "payload": {},
+         "runId": "run-read-api",
+         "sequence": 18,
+         "type": "run_stopped",
+       },
+       {
+         "actorId": null,
+         "actorType": "system",
+         "createdAt": "2026-07-30T07:00:00.000Z",
+         "id": "event-19",
+         "payload": {
+           "attemptId": "attempt-2",
+         },
+         "runId": "run-read-api",
+         "sequence": 19,
+         "type": "attempt_interrupted",
+       },
+       {
+         "actorId": null,
+         "actorType": "system",
+         "createdAt": "2026-07-30T07:00:00.000Z",
+         "id": "event-20",
+         "payload": {
+           "attemptId": "attempt-2",
+           "category": "action_invalid",
+           "missing": [
+             "participants",
+             "tasks",
+             "claim",
+           ],
+         },
+         "runId": "run-read-api",
+         "sequence": 20,
+         "type": "action_rejected",
+       },
+       {
+         "actorId": null,
+         "actorType": "system",
+         "createdAt": "2026-07-30T07:00:00.000Z",
+         "id": "event-21",
+         "payload": {
+           "attemptId": "attempt-2",
+         },
+         "runId": "run-read-api",
+         "sequence": 21,
+         "type": "context_changed",
+       },
+     ],
+     "nextAfter": null,
    },
    "usage": {
      "byAgent": [
        {
          "agentId": "agent-read-a",

 ❯ tests/collaboration-read-api.test.ts:225:18
    223|     const body = await first.json();
    224|
    225|     expect(body).toMatchObject({
       |                  ^
    226|       run: { id: RUN_ID, currentAgentId: AGENT_A, status: "waiting_own…
    227|       pendingDecision: {

⎯⎯⎯⎯⎯⎯⎯⎯⎯⎯⎯⎯⎯⎯⎯⎯⎯⎯⎯⎯⎯⎯⎯⎯[1/8]⎯

 FAIL  tests/collaboration-read-api.test.ts > typed collaboration read API > returns every designed event as an exact strict payload and supports a missing after sequence
AssertionError: ../app/api/runs/[runId]/timeline/route.ts must exist: expected undefined to be type of 'function'

Expected: "function"
Received: "undefined"

 ❯ loadRoute tests/collaboration-read-api.test.ts:187:38
    185| async function loadRoute(path: string): Promise<GetRoute> {
    186|   const load = routeModules[path];
    187|   expect(load, `${path} must exist`).toBeTypeOf("function");
       |                                      ^
    188|   return load!();
    189| }
 ❯ timeline tests/collaboration-read-api.test.ts:200:23
 ❯ tests/collaboration-read-api.test.ts:279:28

⎯⎯⎯⎯⎯⎯⎯⎯⎯⎯⎯⎯⎯⎯⎯⎯⎯⎯⎯⎯⎯⎯⎯⎯[2/8]⎯

 FAIL  tests/collaboration-read-api.test.ts > typed collaboration read API > rejects unknown payload key with only a sanitized public error
 FAIL  tests/collaboration-read-api.test.ts > typed collaboration read API > rejects wrong payload type with only a sanitized public error
AssertionError: ../app/api/runs/[runId]/timeline/route.ts must exist: expected undefined to be type of 'function'

Expected: "function"
Received: "undefined"

 ❯ loadRoute tests/collaboration-read-api.test.ts:187:38
    185| async function loadRoute(path: string): Promise<GetRoute> {
    186|   const load = routeModules[path];
    187|   expect(load, `${path} must exist`).toBeTypeOf("function");
       |                                      ^
    188|   return load!();
    189| }
 ❯ timeline tests/collaboration-read-api.test.ts:200:23
 ❯ tests/collaboration-read-api.test.ts:308:28

⎯⎯⎯⎯⎯⎯⎯⎯⎯⎯⎯⎯⎯⎯⎯⎯⎯⎯⎯⎯⎯⎯⎯⎯[3/8]⎯

 FAIL  tests/collaboration-read-api.test.ts > typed collaboration read API > rejects invalid independent pagination input: ?messageAfter=-1
 FAIL  tests/collaboration-read-api.test.ts > typed collaboration read API > rejects invalid independent pagination input: ?messageLimit=0
 FAIL  tests/collaboration-read-api.test.ts > typed collaboration read API > rejects invalid independent pagination input: ?eventAfter=1.5
 FAIL  tests/collaboration-read-api.test.ts > typed collaboration read API > rejects invalid independent pagination input: ?eventLimit=201
AssertionError: expected 200 to be 400 // Object.is equality

- Expected
+ Received

- 400
+ 200

 ❯ tests/collaboration-read-api.test.ts:328:29
    326|   ])("rejects invalid independent pagination input: %s", async (query)…
    327|     const response = await collaboration(query);
    328|     expect(response.status).toBe(400);
       |                             ^
    329|     await expect(response.json()).resolves.toMatchObject({
    330|       error: { code: "INVALID_INPUT" },

⎯⎯⎯⎯⎯⎯⎯⎯⎯⎯⎯⎯⎯⎯⎯⎯⎯⎯⎯⎯⎯⎯⎯⎯[4/8]⎯


 Test Files  1 failed (1)
      Tests  8 failed (8)
   Start at  07:03:49
   Duration  5.70s (transform 225ms, setup 331ms, import 80ms, tests 3.62s, environment 1.41s)

# exit: 1
