# hf-gate-run
# label: t2-green
# command: cmd /c npm test -- tests/migrations-v4.test.ts
# started: 2026-07-29T21:38:19+00:00

> collaboration-cockpit@0.1.0 test
> vitest run tests/migrations-v4.test.ts


 RUN  v4.1.10 D:/cool-ai

(node:15728) ExperimentalWarning: SQLite is an experimental feature and might change at any time
(Use `node --trace-warnings ...` to show where the warning was created)
 ❯ tests/migrations-v4.test.ts (13 tests | 13 failed) 506ms
     × migrates only a complete v3 schema 46ms
     × rejects drifted v3 without repairing or writing DDL 41ms
     × preserves existing v3 project, membership, mission, work-item, dependency, and memory rows 42ms
     × rolls back all v4 DDL and user_version after an injected DDL failure 38ms
     × creates the complete v4 columns, foreign keys, checks, and unique indexes 38ms
     × rejects 'column drift' in v4 without repair 37ms
     × rejects 'foreign-key drift' in v4 without repair 41ms
     × rejects 'CHECK drift' in v4 without repair 36ms
     × rejects 'active-run partial unique index drift' in v4 without repair 37ms
     × rejects 'calling-attempt partial unique index …' in v4 without repair 38ms
     × rejects 'open-decision partial unique index dr…' in v4 without repair 38ms
     × rejects 'project-message unique index drift' in v4 without repair 34ms
     × reopens a valid v4 database idempotently without changing data or schema SQL 36ms

⎯⎯⎯⎯⎯⎯ Failed Tests 13 ⎯⎯⎯⎯⎯⎯⎯

 FAIL  tests/migrations-v4.test.ts > SQLite v4 collaboration migration > migrates only a complete v3 schema
SchemaMigrationError: Database migration failed.
 ❯ openDatabase src/server/db.ts:23:11
     21|     }
     22|     if (error instanceof SchemaMigrationError) throw error;
     23|     throw new SchemaMigrationError("STORAGE_UNAVAILABLE", "Database mi…
       |           ^
     24|   }
     25| }
 ❯ makeCompleteV3 tests/migrations-v4.test.ts:151:3
 ❯ tests/migrations-v4.test.ts:199:5

⎯⎯⎯⎯⎯⎯⎯⎯⎯⎯⎯⎯⎯⎯⎯⎯⎯⎯⎯⎯⎯⎯⎯[1/13]⎯

 FAIL  tests/migrations-v4.test.ts > SQLite v4 collaboration migration > rejects drifted v3 without repairing or writing DDL
SchemaMigrationError: Database migration failed.
 ❯ openDatabase src/server/db.ts:23:11
     21|     }
     22|     if (error instanceof SchemaMigrationError) throw error;
     23|     throw new SchemaMigrationError("STORAGE_UNAVAILABLE", "Database mi…
       |           ^
     24|   }
     25| }
 ❯ makeCompleteV3 tests/migrations-v4.test.ts:151:3
 ❯ tests/migrations-v4.test.ts:223:5

⎯⎯⎯⎯⎯⎯⎯⎯⎯⎯⎯⎯⎯⎯⎯⎯⎯⎯⎯⎯⎯⎯⎯[2/13]⎯

 FAIL  tests/migrations-v4.test.ts > SQLite v4 collaboration migration > preserves existing v3 project, membership, mission, work-item, dependency, and memory rows
SchemaMigrationError: Database migration failed.
 ❯ openDatabase src/server/db.ts:23:11
     21|     }
     22|     if (error instanceof SchemaMigrationError) throw error;
     23|     throw new SchemaMigrationError("STORAGE_UNAVAILABLE", "Database mi…
       |           ^
     24|   }
     25| }
 ❯ makeCompleteV3 tests/migrations-v4.test.ts:151:3
 ❯ tests/migrations-v4.test.ts:242:5

⎯⎯⎯⎯⎯⎯⎯⎯⎯⎯⎯⎯⎯⎯⎯⎯⎯⎯⎯⎯⎯⎯⎯[3/13]⎯

 FAIL  tests/migrations-v4.test.ts > SQLite v4 collaboration migration > rolls back all v4 DDL and user_version after an injected DDL failure
SchemaMigrationError: Database migration failed.
 ❯ openDatabase src/server/db.ts:23:11
     21|     }
     22|     if (error instanceof SchemaMigrationError) throw error;
     23|     throw new SchemaMigrationError("STORAGE_UNAVAILABLE", "Database mi…
       |           ^
     24|   }
     25| }
 ❯ makeCompleteV3 tests/migrations-v4.test.ts:151:3
 ❯ tests/migrations-v4.test.ts:298:5

⎯⎯⎯⎯⎯⎯⎯⎯⎯⎯⎯⎯⎯⎯⎯⎯⎯⎯⎯⎯⎯⎯⎯[4/13]⎯

 FAIL  tests/migrations-v4.test.ts > SQLite v4 collaboration migration > creates the complete v4 columns, foreign keys, checks, and unique indexes
SchemaMigrationError: Database migration failed.
 ❯ openDatabase src/server/db.ts:23:11
     21|     }
     22|     if (error instanceof SchemaMigrationError) throw error;
     23|     throw new SchemaMigrationError("STORAGE_UNAVAILABLE", "Database mi…
       |           ^
     24|   }
     25| }
 ❯ tests/migrations-v4.test.ts:320:22

⎯⎯⎯⎯⎯⎯⎯⎯⎯⎯⎯⎯⎯⎯⎯⎯⎯⎯⎯⎯⎯⎯⎯[5/13]⎯

 FAIL  tests/migrations-v4.test.ts > SQLite v4 collaboration migration > rejects 'column drift' in v4 without repair
 FAIL  tests/migrations-v4.test.ts > SQLite v4 collaboration migration > rejects 'foreign-key drift' in v4 without repair
 FAIL  tests/migrations-v4.test.ts > SQLite v4 collaboration migration > rejects 'CHECK drift' in v4 without repair
 FAIL  tests/migrations-v4.test.ts > SQLite v4 collaboration migration > rejects 'active-run partial unique index drift' in v4 without repair
 FAIL  tests/migrations-v4.test.ts > SQLite v4 collaboration migration > rejects 'calling-attempt partial unique index …' in v4 without repair
 FAIL  tests/migrations-v4.test.ts > SQLite v4 collaboration migration > rejects 'open-decision partial unique index dr…' in v4 without repair
 FAIL  tests/migrations-v4.test.ts > SQLite v4 collaboration migration > rejects 'project-message unique index drift' in v4 without repair
SchemaMigrationError: Database migration failed.
 ❯ openDatabase src/server/db.ts:23:11
     21|     }
     22|     if (error instanceof SchemaMigrationError) throw error;
     23|     throw new SchemaMigrationError("STORAGE_UNAVAILABLE", "Database mi…
       |           ^
     24|   }
     25| }
 ❯ tests/migrations-v4.test.ts:450:5

⎯⎯⎯⎯⎯⎯⎯⎯⎯⎯⎯⎯⎯⎯⎯⎯⎯⎯⎯⎯⎯⎯⎯[6/13]⎯

 FAIL  tests/migrations-v4.test.ts > SQLite v4 collaboration migration > reopens a valid v4 database idempotently without changing data or schema SQL
SchemaMigrationError: Database migration failed.
 ❯ openDatabase src/server/db.ts:23:11
     21|     }
     22|     if (error instanceof SchemaMigrationError) throw error;
     23|     throw new SchemaMigrationError("STORAGE_UNAVAILABLE", "Database mi…
       |           ^
     24|   }
     25| }
 ❯ tests/migrations-v4.test.ts:463:19

⎯⎯⎯⎯⎯⎯⎯⎯⎯⎯⎯⎯⎯⎯⎯⎯⎯⎯⎯⎯⎯⎯⎯[7/13]⎯


 Test Files  1 failed (1)
      Tests  13 failed (13)
   Start at  05:38:20
   Duration  2.69s (transform 89ms, setup 339ms, import 73ms, tests 506ms, environment 1.50s)

# exit: 1
