# hf-gate-run
# label: t2-red
# command: cmd /c npm test -- tests/migrations-v4.test.ts
# started: 2026-07-29T21:35:50+00:00

> collaboration-cockpit@0.1.0 test
> vitest run tests/migrations-v4.test.ts


 RUN  v4.1.10 D:/cool-ai

(node:1140) ExperimentalWarning: SQLite is an experimental feature and might change at any time
(Use `node --trace-warnings ...` to show where the warning was created)
 ❯ tests/migrations-v4.test.ts (13 tests | 8 failed) 1814ms
     × migrates only a complete v3 schema 394ms
     × rejects 'column drift' in v4 without repair 81ms
     × rejects 'foreign-key drift' in v4 without repair 90ms
     × rejects 'CHECK drift' in v4 without repair 86ms
     × rejects 'active-run partial unique index drift' in v4 without repair 90ms
     × rejects 'calling-attempt partial unique index …' in v4 without repair 103ms
     × rejects 'open-decision partial unique index dr…' in v4 without repair 91ms
     × rejects 'project-message unique index drift' in v4 without repair 88ms

⎯⎯⎯⎯⎯⎯⎯ Failed Tests 8 ⎯⎯⎯⎯⎯⎯⎯

 FAIL  tests/migrations-v4.test.ts > SQLite v4 collaboration migration > migrates only a complete v3 schema
AssertionError: expected function to throw an error, but it didn't
 ❯ expectSchemaDrift tests/migrations-v4.test.ts:169:36
    167|
    168| function expectSchemaDrift(path: string): void {
    169|   expect(() => openDatabase(path)).toThrowError(
       |                                    ^
    170|     expect.objectContaining({ code: "SCHEMA_DRIFT", message: expect.no…
    171|   );
 ❯ tests/migrations-v4.test.ts:204:5

⎯⎯⎯⎯⎯⎯⎯⎯⎯⎯⎯⎯⎯⎯⎯⎯⎯⎯⎯⎯⎯⎯⎯[1/16]⎯

 FAIL  tests/migrations-v4.test.ts > SQLite v4 collaboration migration > migrates only a complete v3 schema
Error: EPERM, Permission denied: \\?\C:\Users\ADMINI~1\AppData\Local\Temp\2\cockpit-v4-migration-hdMRBD '\\?\C:\Users\ADMINI~1\AppData\Local\Temp\2\cockpit-v4-migration-hdMRBD'
 ❯ tests/migrations-v4.test.ts:183:5
    181| afterEach(() => {
    182|   for (const directory of temporaryDirectories.splice(0)) {
    183|     rmSync(directory, { force: true, recursive: true });
       |     ^
    184|   }
    185| });

⎯⎯⎯⎯⎯⎯⎯⎯⎯⎯⎯⎯⎯⎯⎯⎯⎯⎯⎯⎯⎯⎯⎯[2/16]⎯

 FAIL  tests/migrations-v4.test.ts > SQLite v4 collaboration migration > rejects 'column drift' in v4 without repair
 FAIL  tests/migrations-v4.test.ts > SQLite v4 collaboration migration > rejects 'foreign-key drift' in v4 without repair
 FAIL  tests/migrations-v4.test.ts > SQLite v4 collaboration migration > rejects 'CHECK drift' in v4 without repair
 FAIL  tests/migrations-v4.test.ts > SQLite v4 collaboration migration > rejects 'active-run partial unique index drift' in v4 without repair
 FAIL  tests/migrations-v4.test.ts > SQLite v4 collaboration migration > rejects 'calling-attempt partial unique index …' in v4 without repair
 FAIL  tests/migrations-v4.test.ts > SQLite v4 collaboration migration > rejects 'open-decision partial unique index dr…' in v4 without repair
 FAIL  tests/migrations-v4.test.ts > SQLite v4 collaboration migration > rejects 'project-message unique index drift' in v4 without repair
AssertionError: expected function to throw an error, but it didn't
 ❯ expectSchemaDrift tests/migrations-v4.test.ts:169:36
    167|
    168| function expectSchemaDrift(path: string): void {
    169|   expect(() => openDatabase(path)).toThrowError(
       |                                    ^
    170|     expect.objectContaining({ code: "SCHEMA_DRIFT", message: expect.no…
    171|   );
 ❯ tests/migrations-v4.test.ts:446:5

⎯⎯⎯⎯⎯⎯⎯⎯⎯⎯⎯⎯⎯⎯⎯⎯⎯⎯⎯⎯⎯⎯⎯[3/16]⎯

 FAIL  tests/migrations-v4.test.ts > SQLite v4 collaboration migration > rejects 'column drift' in v4 without repair
Error: EPERM, Permission denied: \\?\C:\Users\ADMINI~1\AppData\Local\Temp\2\cockpit-v4-migration-9fwX7Y '\\?\C:\Users\ADMINI~1\AppData\Local\Temp\2\cockpit-v4-migration-9fwX7Y'
 ❯ tests/migrations-v4.test.ts:183:5
    181| afterEach(() => {
    182|   for (const directory of temporaryDirectories.splice(0)) {
    183|     rmSync(directory, { force: true, recursive: true });
       |     ^
    184|   }
    185| });

⎯⎯⎯⎯⎯⎯⎯⎯⎯⎯⎯⎯⎯⎯⎯⎯⎯⎯⎯⎯⎯⎯⎯[4/16]⎯

 FAIL  tests/migrations-v4.test.ts > SQLite v4 collaboration migration > rejects 'foreign-key drift' in v4 without repair
Error: EPERM, Permission denied: \\?\C:\Users\ADMINI~1\AppData\Local\Temp\2\cockpit-v4-migration-iafFY2 '\\?\C:\Users\ADMINI~1\AppData\Local\Temp\2\cockpit-v4-migration-iafFY2'
 ❯ tests/migrations-v4.test.ts:183:5
    181| afterEach(() => {
    182|   for (const directory of temporaryDirectories.splice(0)) {
    183|     rmSync(directory, { force: true, recursive: true });
       |     ^
    184|   }
    185| });

⎯⎯⎯⎯⎯⎯⎯⎯⎯⎯⎯⎯⎯⎯⎯⎯⎯⎯⎯⎯⎯⎯⎯[5/16]⎯

 FAIL  tests/migrations-v4.test.ts > SQLite v4 collaboration migration > rejects 'CHECK drift' in v4 without repair
Error: EPERM, Permission denied: \\?\C:\Users\ADMINI~1\AppData\Local\Temp\2\cockpit-v4-migration-p0jLdk '\\?\C:\Users\ADMINI~1\AppData\Local\Temp\2\cockpit-v4-migration-p0jLdk'
 ❯ tests/migrations-v4.test.ts:183:5
    181| afterEach(() => {
    182|   for (const directory of temporaryDirectories.splice(0)) {
    183|     rmSync(directory, { force: true, recursive: true });
       |     ^
    184|   }
    185| });

⎯⎯⎯⎯⎯⎯⎯⎯⎯⎯⎯⎯⎯⎯⎯⎯⎯⎯⎯⎯⎯⎯⎯[6/16]⎯

 FAIL  tests/migrations-v4.test.ts > SQLite v4 collaboration migration > rejects 'active-run partial unique index drift' in v4 without repair
Error: EPERM, Permission denied: \\?\C:\Users\ADMINI~1\AppData\Local\Temp\2\cockpit-v4-migration-pvRZu2 '\\?\C:\Users\ADMINI~1\AppData\Local\Temp\2\cockpit-v4-migration-pvRZu2'
 ❯ tests/migrations-v4.test.ts:183:5
    181| afterEach(() => {
    182|   for (const directory of temporaryDirectories.splice(0)) {
    183|     rmSync(directory, { force: true, recursive: true });
       |     ^
    184|   }
    185| });

⎯⎯⎯⎯⎯⎯⎯⎯⎯⎯⎯⎯⎯⎯⎯⎯⎯⎯⎯⎯⎯⎯⎯[7/16]⎯

 FAIL  tests/migrations-v4.test.ts > SQLite v4 collaboration migration > rejects 'calling-attempt partial unique index …' in v4 without repair
Error: EPERM, Permission denied: \\?\C:\Users\ADMINI~1\AppData\Local\Temp\2\cockpit-v4-migration-b8xOxq '\\?\C:\Users\ADMINI~1\AppData\Local\Temp\2\cockpit-v4-migration-b8xOxq'
 ❯ tests/migrations-v4.test.ts:183:5
    181| afterEach(() => {
    182|   for (const directory of temporaryDirectories.splice(0)) {
    183|     rmSync(directory, { force: true, recursive: true });
       |     ^
    184|   }
    185| });

⎯⎯⎯⎯⎯⎯⎯⎯⎯⎯⎯⎯⎯⎯⎯⎯⎯⎯⎯⎯⎯⎯⎯[8/16]⎯

 FAIL  tests/migrations-v4.test.ts > SQLite v4 collaboration migration > rejects 'open-decision partial unique index dr…' in v4 without repair
Error: EPERM, Permission denied: \\?\C:\Users\ADMINI~1\AppData\Local\Temp\2\cockpit-v4-migration-OpN7aq '\\?\C:\Users\ADMINI~1\AppData\Local\Temp\2\cockpit-v4-migration-OpN7aq'
 ❯ tests/migrations-v4.test.ts:183:5
    181| afterEach(() => {
    182|   for (const directory of temporaryDirectories.splice(0)) {
    183|     rmSync(directory, { force: true, recursive: true });
       |     ^
    184|   }
    185| });

⎯⎯⎯⎯⎯⎯⎯⎯⎯⎯⎯⎯⎯⎯⎯⎯⎯⎯⎯⎯⎯⎯⎯[9/16]⎯

 FAIL  tests/migrations-v4.test.ts > SQLite v4 collaboration migration > rejects 'project-message unique index drift' in v4 without repair
Error: EPERM, Permission denied: \\?\C:\Users\ADMINI~1\AppData\Local\Temp\2\cockpit-v4-migration-Tefbu3 '\\?\C:\Users\ADMINI~1\AppData\Local\Temp\2\cockpit-v4-migration-Tefbu3'
 ❯ tests/migrations-v4.test.ts:183:5
    181| afterEach(() => {
    182|   for (const directory of temporaryDirectories.splice(0)) {
    183|     rmSync(directory, { force: true, recursive: true });
       |     ^
    184|   }
    185| });

⎯⎯⎯⎯⎯⎯⎯⎯⎯⎯⎯⎯⎯⎯⎯⎯⎯⎯⎯⎯⎯⎯[10/16]⎯


 Test Files  1 failed (1)
      Tests  8 failed | 5 passed (13)
   Start at  05:35:51
   Duration  4.04s (transform 79ms, setup 333ms, import 66ms, tests 1.81s, environment 1.55s)

# exit: 1
