# hf-gate-run
# label: t20-red
# command: npm.cmd test -- tests/collaboration-chat.test.tsx
# started: 2026-07-29T23:11:28+00:00

> collaboration-cockpit@0.1.0 test
> vitest run tests/collaboration-chat.test.tsx


 RUN  v4.1.10 D:/cool-ai

 ❯ tests/collaboration-chat.test.tsx (6 tests | 6 failed) 1439ms
     × shows loading, empty, and collaboration API error copy 166ms
     × validates 1..10000 characters with a field-linked error 51ms
     × preserves the draft while sending and on sanitized API failure 104ms
     × uses one keyboard-operable member combobox and sends the stable agent id 29ms
     × uses message or start APIs by run state and focuses the successful owner message 81ms
     × renders immutable mention snapshots and left-member state without parsing plain @ text 1005ms

⎯⎯⎯⎯⎯⎯⎯ Failed Tests 6 ⎯⎯⎯⎯⎯⎯⎯

 FAIL  tests/collaboration-chat.test.tsx > collaboration chat composer > shows loading, empty, and collaboration API error copy
Error: expect(element).toHaveTextContent()

Expected element to have text content:
  服务暂时不可用，请稍后重试。
Received:
  无法加载项目群聊，请稍后重试。
 ❯ tests/collaboration-chat.test.tsx:126:46
    124|     );
    125|     render(createElement(CollaborationPanel, { projectId: "project-1" …
    126|     expect(await screen.findByRole("alert")).toHaveTextContent(
       |                                              ^
    127|       "服务暂时不可用，请稍后重试。",
    128|     );

⎯⎯⎯⎯⎯⎯⎯⎯⎯⎯⎯⎯⎯⎯⎯⎯⎯⎯⎯⎯⎯⎯⎯⎯[1/6]⎯

 FAIL  tests/collaboration-chat.test.tsx > collaboration chat composer > validates 1..10000 characters with a field-linked error
TestingLibraryElementError: Unable to find an element with the text: 请输入 1 至 10000 个字符。. This could be because the text is broken up by multiple elements. In this case, you can provide a function for your text matcher to make your matcher more flexible.

Ignored nodes: comments, script, style
[36m<body>[39m
  [36m<div>[39m
    [36m<section[39m
      [33maria-labelledby[39m=[32m"collaboration-title"[39m
      [33mclass[39m=[32m"stack"[39m
    [36m>[39m
      [36m<div[39m
        [33mclass[39m=[32m"panel-heading"[39m
      [36m>[39m
        [36m<div>[39m
          [36m<p[39m
            [33mclass[39m=[32m"eyebrow"[39m
          [36m>[39m
            [0m平等协作[0m
          [36m</p>[39m
          [36m<h3[39m
            [33mid[39m=[32m"collaboration-title"[39m
          [36m>[39m
            [0m项目群聊[0m
          [36m</h3>[39m
        [36m</div>[39m
      [36m</div>[39m
      [36m<p[39m
        [33mclass[39m=[32m"state-message"[39m
      [36m>[39m
        [0m尚无协作消息。[0m
      [36m</p>[39m
      [36m<form[39m
        [33mclass[39m=[32m"composer"[39m
      [36m>[39m
        [36m<div[39m
          [33mclass[39m=[32m"form-field"[39m
        [36m>[39m
          [36m<label[39m
            [33mfor[39m=[32m"collaboration-message-project-1"[39m
          [36m>[39m
            [0m发送给项目群聊[0m
          [36m</label>[39m
          [36m<textarea[39m
            [33mid[39m=[32m"collaboration-message-project-1"[39m
            [33mmaxlength[39m=[32m"10000"[39m
          [36m>[39m
            [0m   [0m
          [36m</textarea>[39m
        [36m</div>[39m
        [36m<button[39m
          [33mdisabled[39m=[32m""[39m
          [33mtype[39m=[32m"submit"[39m
        [36m>[39m
          [0m发送并启动协作[0m
        [36m</button>[39m
      [36m</form>[39m
    [36m</section>[39m
  [36m</div>[39m
[36m</body>[39m
 ❯ Object.getElementError node_modules/@testing-library/dom/dist/config.js:37:19
 ❯ node_modules/@testing-library/dom/dist/query-helpers.js:76:38
 ❯ node_modules/@testing-library/dom/dist/query-helpers.js:52:17
 ❯ node_modules/@testing-library/dom/dist/query-helpers.js:95:19
 ❯ tests/collaboration-chat.test.tsx:141:19
    139|     fireEvent.change(composer, { target: { value: "   " } });
    140|     await user.click(send);
    141|     expect(screen.getByText("请输入 1 至 10000 个字符。")).toHaveAttribute(
       |                   ^
    142|       "id",
    143|       composer.getAttribute("aria-describedby"),

⎯⎯⎯⎯⎯⎯⎯⎯⎯⎯⎯⎯⎯⎯⎯⎯⎯⎯⎯⎯⎯⎯⎯⎯[2/6]⎯

 FAIL  tests/collaboration-chat.test.tsx > collaboration chat composer > preserves the draft while sending and on sanitized API failure
Error: expect(element).toHaveTextContent()

Expected element to have text content:
  所选 Agent 不是项目成员。
Received:
  无法发送消息，请稍后重试。
 ❯ tests/collaboration-chat.test.tsx:176:46
    174|       ),
    175|     );
    176|     expect(await screen.findByRole("alert")).toHaveTextContent(
       |                                              ^
    177|       "所选 Agent 不是项目成员。",
    178|     );

⎯⎯⎯⎯⎯⎯⎯⎯⎯⎯⎯⎯⎯⎯⎯⎯⎯⎯⎯⎯⎯⎯⎯⎯[3/6]⎯

 FAIL  tests/collaboration-chat.test.tsx > collaboration chat composer > uses one keyboard-operable member combobox and sends the stable agent id
TestingLibraryElementError: Unable to find an accessible element with the role "combobox" and name "@成员"

Here are the accessible roles:

  region:

  Name "项目群聊":
  [36m<section[39m
    [33maria-labelledby[39m=[32m"collaboration-title"[39m
    [33mclass[39m=[32m"stack"[39m
  [36m/>[39m

  --------------------------------------------------
  paragraph:

  Name "":
  [36m<p[39m
    [33mclass[39m=[32m"eyebrow"[39m
  [36m/>[39m

  Name "":
  [36m<p[39m
    [33mclass[39m=[32m"state-message"[39m
  [36m/>[39m

  --------------------------------------------------
  heading:

  Name "项目群聊":
  [36m<h3[39m
    [33mid[39m=[32m"collaboration-title"[39m
  [36m/>[39m

  --------------------------------------------------
  textbox:

  Name "发送给项目群聊":
  [36m<textarea[39m
    [33mid[39m=[32m"collaboration-message-project-1"[39m
    [33mmaxlength[39m=[32m"10000"[39m
  [36m/>[39m

  --------------------------------------------------
  button:

  Name "发送并启动协作":
  [36m<button[39m
    [33mdisabled[39m=[32m""[39m
    [33mtype[39m=[32m"submit"[39m
  [36m/>[39m

  --------------------------------------------------

Ignored nodes: comments, script, style
[36m<body>[39m
  [36m<div>[39m
    [36m<section[39m
      [33maria-labelledby[39m=[32m"collaboration-title"[39m
      [33mclass[39m=[32m"stack"[39m
    [36m>[39m
      [36m<div[39m
        [33mclass[39m=[32m"panel-heading"[39m
      [36m>[39m
        [36m<div>[39m
          [36m<p[39m
            [33mclass[39m=[32m"eyebrow"[39m
          [36m>[39m
            [0m平等协作[0m
          [36m</p>[39m
          [36m<h3[39m
            [33mid[39m=[32m"collaboration-title"[39m
          [36m>[39m
            [0m项目群聊[0m
          [36m</h3>[39m
        [36m</div>[39m
      [36m</div>[39m
      [36m<p[39m
        [33mclass[39m=[32m"state-message"[39m
      [36m>[39m
        [0m尚无协作消息。[0m
      [36m</p>[39m
      [36m<form[39m
        [33mclass[39m=[32m"composer"[39m
      [36m>[39m
        [36m<div[39m
          [33mclass[39m=[32m"form-field"[39m
        [36m>[39m
          [36m<label[39m
            [33mfor[39m=[32m"collaboration-message-project-1"[39m
          [36m>[39m
            [0m发送给项目群聊[0m
          [36m</label>[39m
          [36m<textarea[39m
            [33mid[39m=[32m"collaboration-message-project-1"[39m
            [33mmaxlength[39m=[32m"10000"[39m
          [36m/>[39m
        [36m</div>[39m
        [36m<button[39m
          [33mdisabled[39m=[32m""[39m
          [33mtype[39m=[32m"submit"[39m
        [36m>[39m
          [0m发送并启动协作[0m
        [36m</button>[39m
      [36m</form>[39m
    [36m</section>[39m
  [36m</div>[39m
[36m</body>[39m
 ❯ Object.getElementError node_modules/@testing-library/dom/dist/config.js:37:19
 ❯ node_modules/@testing-library/dom/dist/query-helpers.js:76:38
 ❯ node_modules/@testing-library/dom/dist/query-helpers.js:52:17
 ❯ node_modules/@testing-library/dom/dist/query-helpers.js:95:19
 ❯ tests/collaboration-chat.test.tsx:219:26
    217|     await screen.findByText("尚无协作消息。");
    218|
    219|     const combo = screen.getByRole("combobox", { name: "@成员" });
       |                          ^
    220|     expect(combo).toHaveAttribute("aria-controls");
    221|     await user.click(combo);

⎯⎯⎯⎯⎯⎯⎯⎯⎯⎯⎯⎯⎯⎯⎯⎯⎯⎯⎯⎯⎯⎯⎯⎯[4/6]⎯

 FAIL  tests/collaboration-chat.test.tsx > collaboration chat composer > uses message or start APIs by run state and focuses the successful owner message
TestingLibraryElementError: Unable to find an accessible element with the role "button" and name "发送消息"

Here are the accessible roles:

  region:

  Name "项目群聊":
  [36m<section[39m
    [33maria-labelledby[39m=[32m"collaboration-title"[39m
    [33mclass[39m=[32m"stack"[39m
  [36m/>[39m

  --------------------------------------------------
  paragraph:

  Name "":
  [36m<p[39m
    [33mclass[39m=[32m"eyebrow"[39m
  [36m/>[39m

  Name "":
  [36m<p[39m
    [33mclass[39m=[32m"muted"[39m
  [36m/>[39m

  Name "":
  [36m<p[39m
    [33mclass[39m=[32m"state-message"[39m
  [36m/>[39m

  --------------------------------------------------
  heading:

  Name "项目群聊":
  [36m<h3[39m
    [33mid[39m=[32m"collaboration-title"[39m
  [36m/>[39m

  --------------------------------------------------
  textbox:

  Name "发送给项目群聊":
  [36m<textarea[39m
    [33mid[39m=[32m"collaboration-message-project-1"[39m
    [33mmaxlength[39m=[32m"10000"[39m
  [36m/>[39m

  --------------------------------------------------
  button:

  Name "发送并启动协作":
  [36m<button[39m
    [33mtype[39m=[32m"submit"[39m
  [36m/>[39m

  --------------------------------------------------

Ignored nodes: comments, script, style
[36m<body>[39m
  [36m<div>[39m
    [36m<section[39m
      [33maria-labelledby[39m=[32m"collaboration-title"[39m
      [33mclass[39m=[32m"stack"[39m
    [36m>[39m
      [36m<div[39m
        [33mclass[39m=[32m"panel-heading"[39m
      [36m>[39m
        [36m<div>[39m
          [36m<p[39m
            [33mclass[39m=[32m"eyebrow"[39m
          [36m>[39m
            [0m平等协作[0m
          [36m</p>[39m
          [36m<h3[39m
            [33mid[39m=[32m"collaboration-title"[39m
          [36m>[39m
            [0m项目群聊[0m
          [36m</h3>[39m
        [36m</div>[39m
        [36m<p[39m
          [33mclass[39m=[32m"muted"[39m
        [36m>[39m
          [0m当前持棒：[0m
          [0magent-a[0m
        [36m</p>[39m
      [36m</div>[39m
      [36m<p[39m
        [33mclass[39m=[32m"state-message"[39m
      [36m>[39m
        [0m尚无协作消息。[0m
      [36m</p>[39m
      [36m<form[39m
        [33mclass[39m=[32m"composer"[39m
      [36m>[39m
        [36m<div[39m
          [33mclass[39m=[32m"form-field"[39m
        [36m>[39m
          [36m<label[39m
            [33mfor[39m=[32m"collaboration-message-project-1"[39m
          [36m>[39m
            [0m发送给项目群聊[0m
          [36m</label>[39m
          [36m<textarea[39m
            [33mid[39m=[32m"collaboration-message-project-1"[39m
            [33mmaxlength[39m=[32m"10000"[39m
          [36m>[39m
            [0mPlan the release[0m
          [36m</textarea>[39m
        [36m</div>[39m
        [36m<button[39m
          [33mtype[39m=[32m"submit"[39m
        [36m>[39m
          [0m发送并启动协作[0m
        [36m</button>[39m
      [36m</form>[39m
    [36m</section>[39m
  [36m</div>[39m
[36m</body>[39m
 ❯ Object.getElementError node_modules/@testing-library/dom/dist/config.js:37:19
 ❯ node_modules/@testing-library/dom/dist/query-helpers.js:76:38
 ❯ node_modules/@testing-library/dom/dist/query-helpers.js:52:17
 ❯ node_modules/@testing-library/dom/dist/query-helpers.js:95:19
 ❯ tests/collaboration-chat.test.tsx:272:29
    270|     const composer = await screen.findByLabelText("发送给项目群聊");
    271|     await user.type(composer, "Plan the release");
    272|     await user.click(screen.getByRole("button", { name: "发送消息" }));
       |                             ^
    273|
    274|     const message = await screen.findByText("Plan the release");

⎯⎯⎯⎯⎯⎯⎯⎯⎯⎯⎯⎯⎯⎯⎯⎯⎯⎯⎯⎯⎯⎯⎯⎯[5/6]⎯

 FAIL  tests/collaboration-chat.test.tsx > collaboration chat composer > renders immutable mention snapshots and left-member state without parsing plain @ text
TestingLibraryElementError: Unable to find an element with the text: @Former Name. This could be because the text is broken up by multiple elements. In this case, you can provide a function for your text matcher to make your matcher more flexible.

Ignored nodes: comments, script, style
[36m<body>[39m
  [36m<div>[39m
    [36m<section[39m
      [33maria-labelledby[39m=[32m"collaboration-title"[39m
      [33mclass[39m=[32m"stack"[39m
    [36m>[39m
      [36m<div[39m
        [33mclass[39m=[32m"panel-heading"[39m
      [36m>[39m
        [36m<div>[39m
          [36m<p[39m
            [33mclass[39m=[32m"eyebrow"[39m
          [36m>[39m
            [0m平等协作[0m
          [36m</p>[39m
          [36m<h3[39m
            [33mid[39m=[32m"collaboration-title"[39m
          [36m>[39m
            [0m项目群聊[0m
          [36m</h3>[39m
        [36m</div>[39m
      [36m</div>[39m
      [36m<ol[39m
        [33maria-label[39m=[32m"项目群聊消息"[39m
        [33mclass[39m=[32m"timeline"[39m
      [36m>[39m
        [36m<li[39m
          [33mclass[39m=[32m"timeline-item"[39m
        [36m>[39m
          [36m<strong>[39m
            [0m项目所有者[0m
          [36m</strong>[39m
          [36m<span>[39m
            [0mAsk @renamed text[0m
          [36m</span>[39m
        [36m</li>[39m
      [36m</ol>[39m
      [36m<form[39m
        [33mclass[39m=[32m"composer"[39m
      [36m>[39m
        [36m<div[39m
          [33mclass[39m=[32m"form-field"[39m
        [36m>[39m
          [36m<label[39m
            [33mfor[39m=[32m"collaboration-message-project-1"[39m
          [36m>[39m
            [0m发送给项目群聊[0m
          [36m</label>[39m
          [36m<textarea[39m
            [33mid[39m=[32m"collaboration-message-project-1"[39m
            [33mmaxlength[39m=[32m"10000"[39m
          [36m/>[39m
        [36m</div>[39m
        [36m<button[39m
          [33mdisabled[39m=[32m""[39m
          [33mtype[39m=[32m"submit"[39m
        [36m>[39m
          [0m发送并启动协作[0m
        [36m</button>[39m
      [36m</form>[39m
    [36m</section>[39m
  [36m</div>[39m
[36m</body>[39m

Ignored nodes: comments, script, style
[36m<body>[39m
  [36m<div>[39m
    [36m<section[39m
      [33maria-labelledby[39m=[32m"collaboration-title"[39m
      [33mclass[39m=[32m"stack"[39m
    [36m>[39m
      [36m<div[39m
        [33mclass[39m=[32m"panel-heading"[39m
      [36m>[39m
        [36m<div>[39m
          [36m<p[39m
            [33mclass[39m=[32m"eyebrow"[39m
          [36m>[39m
            [0m平等协作[0m
          [36m</p>[39m
          [36m<h3[39m
            [33mid[39m=[32m"collaboration-title"[39m
          [36m>[39m
            [0m项目群聊[0m
          [36m</h3>[39m
        [36m</div>[39m
      [36m</div>[39m
      [36m<ol[39m
        [33maria-label[39m=[32m"项目群聊消息"[39m
        [33mclass[39m=[32m"timeline"[39m
      [36m>[39m
        [36m<li[39m
          [33mclass[39m=[32m"timeline-item"[39m
        [36m>[39m
          [36m<strong>[39m
            [0m项目所有者[0m
          [36m</strong>[39m
          [36m<span>[39m
            [0mAsk @renamed text[0m
          [36m</span>[39m
        [36m</li>[39m
      [36m</ol>[39m
      [36m<form[39m
        [33mclass[39m=[32m"composer"[39m
      [36m>[39m
        [36m<div[39m
          [33mclass[39m=[32m"form-field"[39m
        [36m>[39m
          [36m<label[39m
            [33mfor[39m=[32m"collaboration-message-project-1"[39m
          [36m>[39m
            [0m发送给项目群聊[0m
          [36m</label>[39m
          [36m<textarea[39m
            [33mid[39m=[32m"collaboration-message-project-1"[39m
            [33mmaxlength[39m=[32m"10000"[39m
          [36m/>[39m
        [36m</div>[39m
        [36m<button[39m
          [33mdisabled[39m=[32m""[39m
          [33mtype[39m=[32m"submit"[39m
        [36m>[39m
          [0m发送并启动协作[0m
        [36m</button>[39m
      [36m</form>[39m
    [36m</section>[39m
  [36m</div>[39m
[36m</body>[39m
 ❯ waitForWrapper node_modules/@testing-library/dom/dist/wait-for.js:163:27
 ❯ node_modules/@testing-library/dom/dist/query-helpers.js:86:33
 ❯ tests/collaboration-chat.test.tsx:301:25
    299|     render(createElement(CollaborationPanel, { projectId: "project-1" …
    300|
    301|     expect(await screen.findByText("@Former Name")).toBeInTheDocument(…
       |                         ^
    302|     expect(screen.getByText("已离组")).toBeInTheDocument();
    303|     expect(screen.getByText("Ask @renamed text")).toBeInTheDocument();

⎯⎯⎯⎯⎯⎯⎯⎯⎯⎯⎯⎯⎯⎯⎯⎯⎯⎯⎯⎯⎯⎯⎯⎯[6/6]⎯


 Test Files  1 failed (1)
      Tests  6 failed (6)
   Start at  07:11:29
   Duration  3.61s (transform 65ms, setup 334ms, import 163ms, tests 1.44s, environment 1.41s)

# exit: 1
