# hf-gate-run
# label: t20-green
# command: npm.cmd test -- tests/collaboration-chat.test.tsx
# started: 2026-07-29T23:12:37+00:00

> collaboration-cockpit@0.1.0 test
> vitest run tests/collaboration-chat.test.tsx


 RUN  v4.1.10 D:/cool-ai

 ❯ tests/collaboration-chat.test.tsx (6 tests | 2 failed) 1593ms
     × validates 1..10000 characters with a field-linked error 57ms
     × uses one keyboard-operable member combobox and sends the stable agent id 1171ms

⎯⎯⎯⎯⎯⎯⎯ Failed Tests 2 ⎯⎯⎯⎯⎯⎯⎯

 FAIL  tests/collaboration-chat.test.tsx > collaboration chat composer > validates 1..10000 characters with a field-linked error
TestingLibraryElementError: Unable to find an element with the text: 请输入 1 至 10000 个字符。. This could be because the text is broken up by multiple elements. In this case, you can provide a function for your text matcher to make your matcher more flexible.

Ignored nodes: comments, script, style
[36m<body>[39m
  [36m<div>[39m
    [36m<section[39m
      [33maria-labelledby[39m=[32m"collaboration-title"[39m
      [33mclass[39m=[32m"stack"[39m
    [36m>[39m
      [36m<div[39m
        [33mclass[39m=[32m"panel-heading"[39m
      [36m>[39m
        [36m<div>[39m
          [36m<p[39m
            [33mclass[39m=[32m"eyebrow"[39m
          [36m>[39m
            [0m平等协作[0m
          [36m</p>[39m
          [36m<h3[39m
            [33mid[39m=[32m"collaboration-title"[39m
          [36m>[39m
            [0m项目群聊[0m
          [36m</h3>[39m
        [36m</div>[39m
      [36m</div>[39m
      [36m<p[39m
        [33mclass[39m=[32m"state-message"[39m
      [36m>[39m
        [0m尚无协作消息。[0m
      [36m</p>[39m
      [36m<form[39m
        [33mclass[39m=[32m"composer"[39m
      [36m>[39m
        [36m<div[39m
          [33mclass[39m=[32m"form-field"[39m
        [36m>[39m
          [36m<label[39m
            [33mfor[39m=[32m"collaboration-message-project-1"[39m
          [36m>[39m
            [0m发送给项目群聊[0m
          [36m</label>[39m
          [36m<textarea[39m
            [33mid[39m=[32m"collaboration-message-project-1"[39m
          [36m>[39m
            [0m   [0m
          [36m</textarea>[39m
        [36m</div>[39m
        [36m<div[39m
          [33mclass[39m=[32m"mention-picker"[39m
        [36m>[39m
          [36m<button[39m
            [33maria-controls[39m=[32m"collaboration-members-project-1"[39m
            [33maria-expanded[39m=[32m"false"[39m
            [33maria-haspopup[39m=[32m"listbox"[39m
            [33maria-label[39m=[32m"@成员"[39m
            [33mrole[39m=[32m"combobox"[39m
            [33mtype[39m=[32m"button"[39m
          [36m>[39m
            [0m@成员[0m
          [36m</button>[39m
        [36m</div>[39m
        [36m<button[39m
          [33mdisabled[39m=[32m""[39m
          [33mtype[39m=[32m"submit"[39m
        [36m>[39m
          [0m发送并启动协作[0m
        [36m</button>[39m
      [36m</form>[39m
    [36m</section>[39m
  [36m</div>[39m
[36m</body>[39m
 ❯ Object.getElementError node_modules/@testing-library/dom/dist/config.js:37:19
 ❯ node_modules/@testing-library/dom/dist/query-helpers.js:76:38
 ❯ node_modules/@testing-library/dom/dist/query-helpers.js:52:17
 ❯ node_modules/@testing-library/dom/dist/query-helpers.js:95:19
 ❯ tests/collaboration-chat.test.tsx:141:19
    139|     fireEvent.change(composer, { target: { value: "   " } });
    140|     await user.click(send);
    141|     expect(screen.getByText("请输入 1 至 10000 个字符。")).toHaveAttribute(
       |                   ^
    142|       "id",
    143|       composer.getAttribute("aria-describedby"),

⎯⎯⎯⎯⎯⎯⎯⎯⎯⎯⎯⎯⎯⎯⎯⎯⎯⎯⎯⎯⎯⎯⎯⎯[1/2]⎯

 FAIL  tests/collaboration-chat.test.tsx > collaboration chat composer > uses one keyboard-operable member combobox and sends the stable agent id
TestingLibraryElementError: Unable to find an element with the text: Ask @Alpha plainly. This could be because the text is broken up by multiple elements. In this case, you can provide a function for your text matcher to make your matcher more flexible.

Ignored nodes: comments, script, style
[36m<body>[39m
  [36m<div>[39m
    [36m<section[39m
      [33maria-labelledby[39m=[32m"collaboration-title"[39m
      [33mclass[39m=[32m"stack"[39m
    [36m>[39m
      [36m<div[39m
        [33mclass[39m=[32m"panel-heading"[39m
      [36m>[39m
        [36m<div>[39m
          [36m<p[39m
            [33mclass[39m=[32m"eyebrow"[39m
          [36m>[39m
            [0m平等协作[0m
          [36m</p>[39m
          [36m<h3[39m
            [33mid[39m=[32m"collaboration-title"[39m
          [36m>[39m
            [0m项目群聊[0m
          [36m</h3>[39m
        [36m</div>[39m
        [36m<p[39m
          [33mclass[39m=[32m"muted"[39m
        [36m>[39m
          [0m当前持棒：[0m
          [0magent-b[0m
        [36m</p>[39m
      [36m</div>[39m
      [36m<ol[39m
        [33maria-label[39m=[32m"项目群聊消息"[39m
        [33mclass[39m=[32m"timeline"[39m
      [36m>[39m
        [36m<li[39m
          [33mclass[39m=[32m"timeline-item"[39m
          [33mtabindex[39m=[32m"-1"[39m
        [36m>[39m
          [36m<strong>[39m
            [0m项目所有者[0m
          [36m</strong>[39m
          [36m<span[39m
            [33mclass[39m=[32m"mention-chip"[39m
          [36m>[39m
            [0m@[0m
            [0mBeta[0m
          [36m</span>[39m
          [36m<span>[39m
            [0mPlan the release[0m
          [36m</span>[39m
        [36m</li>[39m
      [36m</ol>[39m
      [36m<form[39m
        [33mclass[39m=[32m"composer"[39m
      [36m>[39m
        [36m<div[39m
          [33mclass[39m=[32m"form-field"[39m
        [36m>[39m
          [36m<label[39m
            [33mfor[39m=[32m"collaboration-message-project-1"[39m
          [36m>[39m
            [0m发送给项目群聊[0m
          [36m</label>[39m
          [36m<textarea[39m
            [33mid[39m=[32m"collaboration-message-project-1"[39m
          [36m/>[39m
        [36m</div>[39m
        [36m<div[39m
          [33mclass[39m=[32m"mention-picker"[39m
        [36m>[39m
          [36m<button[39m
            [33maria-controls[39m=[32m"collaboration-members-project-1"[39m
            [33maria-expanded[39m=[32m"false"[39m
            [33maria-haspopup[39m=[32m"listbox"[39m
            [33maria-label[39m=[32m"@成员"[39m
            [33mrole[39m=[32m"combobox"[39m
            [33mtype[39m=[32m"button"[39m
          [36m>[39m
            [0m@成员[0m
          [36m</button>[39m
        [36m</div>[39m
        [36m<button[39m
          [33mdisabled[39m=[32m""[39m
          [33mtype[39m=[32m"submit"[39m
        [36m>[39m
          [0m发送消息[0m
        [36m</button>[39m
      [36m</form>[39m
    [36m</section>[39m
  [36m</div>[39m
[36m</body>[39m

Ignored nodes: comments, script, style
[36m<body>[39m
  [36m<div>[39m
    [36m<section[39m
      [33maria-labelledby[39m=[32m"collaboration-title"[39m
      [33mclass[39m=[32m"stack"[39m
    [36m>[39m
      [36m<div[39m
        [33mclass[39m=[32m"panel-heading"[39m
      [36m>[39m
        [36m<div>[39m
          [36m<p[39m
            [33mclass[39m=[32m"eyebrow"[39m
          [36m>[39m
            [0m平等协作[0m
          [36m</p>[39m
          [36m<h3[39m
            [33mid[39m=[32m"collaboration-title"[39m
          [36m>[39m
            [0m项目群聊[0m
          [36m</h3>[39m
        [36m</div>[39m
        [36m<p[39m
          [33mclass[39m=[32m"muted"[39m
        [36m>[39m
          [0m当前持棒：[0m
          [0magent-b[0m
        [36m</p>[39m
      [36m</div>[39m
      [36m<ol[39m
        [33maria-label[39m=[32m"项目群聊消息"[39m
        [33mclass[39m=[32m"timeline"[39m
      [36m>[39m
        [36m<li[39m
          [33mclass[39m=[32m"timeline-item"[39m
          [33mtabindex[39m=[32m"-1"[39m
        [36m>[39m
          [36m<strong>[39m
            [0m项目所有者[0m
          [36m</strong>[39m
          [36m<span[39m
            [33mclass[39m=[32m"mention-chip"[39m
          [36m>[39m
            [0m@[0m
            [0mBeta[0m
          [36m</span>[39m
          [36m<span>[39m
            [0mPlan the release[0m
          [36m</span>[39m
        [36m</li>[39m
      [36m</ol>[39m
      [36m<form[39m
        [33mclass[39m=[32m"composer"[39m
      [36m>[39m
        [36m<div[39m
          [33mclass[39m=[32m"form-field"[39m
        [36m>[39m
          [36m<label[39m
            [33mfor[39m=[32m"collaboration-message-project-1"[39m
          [36m>[39m
            [0m发送给项目群聊[0m
          [36m</label>[39m
          [36m<textarea[39m
            [33mid[39m=[32m"collaboration-message-project-1"[39m
          [36m/>[39m
        [36m</div>[39m
        [36m<div[39m
          [33mclass[39m=[32m"mention-picker"[39m
        [36m>[39m
          [36m<button[39m
            [33maria-controls[39m=[32m"collaboration-members-project-1"[39m
            [33maria-expanded[39m=[32m"false"[39m
            [33maria-haspopup[39m=[32m"listbox"[39m
            [33maria-label[39m=[32m"@成员"[39m
            [33mrole[39m=[32m"combobox"[39m
            [33mtype[39m=[32m"button"[39m
          [36m>[39m
            [0m@成员[0m
          [36m</button>[39m
        [36m</div>[39m
        [36m<button[39m
          [33mdisabled[39m=[32m""[39m
          [33mtype[39m=[32m"submit"[39m
        [36m>[39m
          [0m发送消息[0m
        [36m</button>[39m
      [36m</form>[39m
    [36m</section>[39m
  [36m</div>[39m
[36m</body>[39m
 ❯ waitForWrapper node_modules/@testing-library/dom/dist/wait-for.js:163:27
 ❯ node_modules/@testing-library/dom/dist/query-helpers.js:86:33
 ❯ tests/collaboration-chat.test.tsx:236:18
    234|     await user.type(screen.getByLabelText("发送给项目群聊"), "Ask @Alpha plai…
    235|     await user.click(screen.getByRole("button", { name: "发送并启动协作" }));
    236|     await screen.findByText("Ask @Alpha plainly");
       |                  ^
    237|     expect(sentBodies).toHaveLength(1);
    238|     expect(sentBodies[0]).toMatchObject({

⎯⎯⎯⎯⎯⎯⎯⎯⎯⎯⎯⎯⎯⎯⎯⎯⎯⎯⎯⎯⎯⎯⎯⎯[2/2]⎯


 Test Files  1 failed (1)
      Tests  2 failed | 4 passed (6)
   Start at  07:12:38
   Duration  3.81s (transform 78ms, setup 345ms, import 185ms, tests 1.59s, environment 1.43s)

# exit: 1
