# hf-gate-run
# label: t21-red
# command: npm.cmd test -- tests/collaboration-timeline-ui.test.tsx
# started: 2026-07-29T23:16:24+00:00

> collaboration-cockpit@0.1.0 test
> vitest run tests/collaboration-timeline-ui.test.tsx


 RUN  v4.1.10 D:/cool-ai

 ❯ tests/collaboration-timeline-ui.test.tsx (4 tests | 4 failed) 12053ms
     × renders typed messages and model calls as statuses with actor, time, heading, and equal baton 1035ms
     × polls updates, preserves an above-bottom position, and announces a new-event affordance 5004ms
     × keeps one advance in flight and creates a fresh operation id for the next turn 5004ms
     × reuses the logical operation id on retry and stops for every non-running state and unmount 1008ms

⎯⎯⎯⎯⎯⎯⎯ Failed Tests 4 ⎯⎯⎯⎯⎯⎯⎯

 FAIL  tests/collaboration-timeline-ui.test.tsx > collaboration timeline and auto-loop > renders typed messages and model calls as statuses with actor, time, heading, and equal baton
TestingLibraryElementError: Unable to find role="log" and name "协作时间线"

Ignored nodes: comments, script, style
[36m<body>[39m
  [36m<div>[39m
    [36m<section[39m
      [33maria-labelledby[39m=[32m"collaboration-title"[39m
      [33mclass[39m=[32m"stack"[39m
    [36m>[39m
      [36m<div[39m
        [33mclass[39m=[32m"panel-heading"[39m
      [36m>[39m
        [36m<div>[39m
          [36m<p[39m
            [33mclass[39m=[32m"eyebrow"[39m
          [36m>[39m
            [0m平等协作[0m
          [36m</p>[39m
          [36m<h3[39m
            [33mid[39m=[32m"collaboration-title"[39m
          [36m>[39m
            [0m项目群聊[0m
          [36m</h3>[39m
        [36m</div>[39m
        [36m<p[39m
          [33mclass[39m=[32m"muted"[39m
        [36m>[39m
          [0m当前持棒：[0m
          [0magent-a[0m
        [36m</p>[39m
      [36m</div>[39m
      [36m<ol[39m
        [33maria-label[39m=[32m"项目群聊消息"[39m
        [33mclass[39m=[32m"timeline"[39m
      [36m>[39m
        [36m<li[39m
          [33mclass[39m=[32m"timeline-item"[39m
          [33mtabindex[39m=[32m"-1"[39m
        [36m>[39m
          [36m<strong>[39m
            [0mAlpha[0m
          [36m</strong>[39m
          [36m<span>[39m
            [0mA real agent message[0m
          [36m</span>[39m
        [36m</li>[39m
      [36m</ol>[39m
      [36m<form[39m
        [33mclass[39m=[32m"composer"[39m
      [36m>[39m
        [36m<div[39m
          [33mclass[39m=[32m"form-field"[39m
        [36m>[39m
          [36m<label[39m
            [33mfor[39m=[32m"collaboration-message-project-1"[39m
          [36m>[39m
            [0m发送给项目群聊[0m
          [36m</label>[39m
          [36m<textarea[39m
            [33mid[39m=[32m"collaboration-message-project-1"[39m
          [36m/>[39m
        [36m</div>[39m
        [36m<div[39m
          [33mclass[39m=[32m"mention-picker"[39m
        [36m>[39m
          [36m<button[39m
            [33maria-controls[39m=[32m"collaboration-members-project-1"[39m
            [33maria-expanded[39m=[32m"false"[39m
            [33maria-haspopup[39m=[32m"listbox"[39m
            [33maria-label[39m=[32m"@成员"[39m
            [33mrole[39m=[32m"combobox"[39m
            [33mtype[39m=[32m"button"[39m
          [36m>[39m
            [0m@成员[0m
          [36m</button>[39m
        [36m</div>[39m
        [36m<button[39m
          [33mdisabled[39m=[32m""[39m
          [33mtype[39m=[32m"submit"[39m
        [36m>[39m
          [0m发送消息[0m
        [36m</button>[39m
      [36m</form>[39m
    [36m</section>[39m
  [36m</div>[39m
[36m</body>[39m

Ignored nodes: comments, script, style
[36m<body>[39m
  [36m<div>[39m
    [36m<section[39m
      [33maria-labelledby[39m=[32m"collaboration-title"[39m
      [33mclass[39m=[32m"stack"[39m
    [36m>[39m
      [36m<div[39m
        [33mclass[39m=[32m"panel-heading"[39m
      [36m>[39m
        [36m<div>[39m
          [36m<p[39m
            [33mclass[39m=[32m"eyebrow"[39m
          [36m>[39m
            [0m平等协作[0m
          [36m</p>[39m
          [36m<h3[39m
            [33mid[39m=[32m"collaboration-title"[39m
          [36m>[39m
            [0m项目群聊[0m
          [36m</h3>[39m
        [36m</div>[39m
        [36m<p[39m
          [33mclass[39m=[32m"muted"[39m
        [36m>[39m
          [0m当前持棒：[0m
          [0magent-a[0m
        [36m</p>[39m
      [36m</div>[39m
      [36m<ol[39m
        [33maria-label[39m=[32m"项目群聊消息"[39m
        [33mclass[39m=[32m"timeline"[39m
      [36m>[39m
        [36m<li[39m
          [33mclass[39m=[32m"timeline-item"[39m
          [33mtabindex[39m=[32m"-1"[39m
        [36m>[39m
          [36m<strong>[39m
            [0mAlpha[0m
          [36m</strong>[39m
          [36m<span>[39m
            [0mA real agent message[0m
          [36m</span>[39m
        [36m</li>[39m
      [36m</ol>[39m
      [36m<form[39m
        [33mclass[39m=[32m"composer"[39m
      [36m>[39m
        [36m<div[39m
          [33mclass[39m=[32m"form-field"[39m
        [36m>[39m
          [36m<label[39m
            [33mfor[39m=[32m"collaboration-message-project-1"[39m
          [36m>[39m
            [0m发送给项目群聊[0m
          [36m</label>[39m
          [36m<textarea[39m
            [33mid[39m=[32m"collaboration-message-project-1"[39m
          [36m/>[39m
        [36m</div>[39m
        [36m<div[39m
          [33mclass[39m=[32m"mention-picker"[39m
        [36m>[39m
          [36m<button[39m
            [33maria-controls[39m=[32m"collaboration-members-project-1"[39m
            [33maria-expanded[39m=[32m"false"[39m
            [33maria-haspopup[39m=[32m"listbox"[39m
            [33maria-label[39m=[32m"@成员"[39m
            [33mrole[39m=[32m"combobox"[39m
            [33mtype[39m=[32m"button"[39m
          [36m>[39m
            [0m@成员[0m
          [36m</button>[39m
        [36m</div>[39m
        [36m<button[39m
          [33mdisabled[39m=[32m""[39m
          [33mtype[39m=[32m"submit"[39m
        [36m>[39m
          [0m发送消息[0m
        [36m</button>[39m
      [36m</form>[39m
    [36m</section>[39m
  [36m</div>[39m
[36m</body>[39m
 ❯ waitForWrapper node_modules/@testing-library/dom/dist/wait-for.js:163:27
 ❯ node_modules/@testing-library/dom/dist/query-helpers.js:86:33
 ❯ tests/collaboration-timeline-ui.test.tsx:134:30
    132|     render(createElement(CollaborationPanel, { projectId: "project-1" …
    133|
    134|     const log = await screen.findByRole("log", { name: "协作时间线" });
       |                              ^
    135|     expect(log).toHaveTextContent("正在调用模型");
    136|     expect(log).toHaveTextContent("A real agent message");

⎯⎯⎯⎯⎯⎯⎯⎯⎯⎯⎯⎯⎯⎯⎯⎯⎯⎯⎯⎯⎯⎯⎯⎯[1/4]⎯

 FAIL  tests/collaboration-timeline-ui.test.tsx > collaboration timeline and auto-loop > polls updates, preserves an above-bottom position, and announces a new-event affordance
Error: Test timed out in 5000ms.
If this is a long-running test, pass a timeout value as the last argument or configure it globally with "testTimeout".
 ❯ tests/collaboration-timeline-ui.test.tsx:148:3
    146|   });
    147|
    148|   it("polls updates, preserves an above-bottom position, and announces…
       |   ^
    149|     vi.useFakeTimers();
    150|     const first = event();

⎯⎯⎯⎯⎯⎯⎯⎯⎯⎯⎯⎯⎯⎯⎯⎯⎯⎯⎯⎯⎯⎯⎯⎯[2/4]⎯

 FAIL  tests/collaboration-timeline-ui.test.tsx > collaboration timeline and auto-loop > keeps one advance in flight and creates a fresh operation id for the next turn
Error: Test timed out in 5000ms.
If this is a long-running test, pass a timeout value as the last argument or configure it globally with "testTimeout".
 ❯ tests/collaboration-timeline-ui.test.tsx:188:3
    186|   });
    187|
    188|   it("keeps one advance in flight and creates a fresh operation id for…
       |   ^
    189|     vi.useFakeTimers();
    190|     const advanceBodies: Array<{ operationId: string }> = [];

⎯⎯⎯⎯⎯⎯⎯⎯⎯⎯⎯⎯⎯⎯⎯⎯⎯⎯⎯⎯⎯⎯⎯⎯[3/4]⎯

 FAIL  tests/collaboration-timeline-ui.test.tsx > collaboration timeline and auto-loop > reuses the logical operation id on retry and stops for every non-running state and unmount
TestingLibraryElementError: Unable to find role="button" and name "重试推进"

Ignored nodes: comments, script, style
[36m<body>[39m
  [36m<div>[39m
    [36m<section[39m
      [33maria-labelledby[39m=[32m"collaboration-title"[39m
      [33mclass[39m=[32m"stack"[39m
    [36m>[39m
      [36m<div[39m
        [33mclass[39m=[32m"panel-heading"[39m
      [36m>[39m
        [36m<div>[39m
          [36m<p[39m
            [33mclass[39m=[32m"eyebrow"[39m
          [36m>[39m
            [0m平等协作[0m
          [36m</p>[39m
          [36m<h3[39m
            [33mid[39m=[32m"collaboration-title"[39m
          [36m>[39m
            [0m项目群聊[0m
          [36m</h3>[39m
        [36m</div>[39m
        [36m<p[39m
          [33mclass[39m=[32m"muted"[39m
        [36m>[39m
          [0m当前持棒：[0m
          [0magent-a[0m
        [36m</p>[39m
      [36m</div>[39m
      [36m<ol[39m
        [33maria-label[39m=[32m"项目群聊消息"[39m
        [33mclass[39m=[32m"timeline"[39m
      [36m>[39m
        [36m<li[39m
          [33mclass[39m=[32m"timeline-item"[39m
          [33mtabindex[39m=[32m"-1"[39m
        [36m>[39m
          [36m<strong>[39m
            [0mAlpha[0m
          [36m</strong>[39m
          [36m<span>[39m
            [0mA real agent message[0m
          [36m</span>[39m
        [36m</li>[39m
      [36m</ol>[39m
      [36m<form[39m
        [33mclass[39m=[32m"composer"[39m
      [36m>[39m
        [36m<div[39m
          [33mclass[39m=[32m"form-field"[39m
        [36m>[39m
          [36m<label[39m
            [33mfor[39m=[32m"collaboration-message-project-1"[39m
          [36m>[39m
            [0m发送给项目群聊[0m
          [36m</label>[39m
          [36m<textarea[39m
            [33mid[39m=[32m"collaboration-message-project-1"[39m
          [36m/>[39m
        [36m</div>[39m
        [36m<div[39m
          [33mclass[39m=[32m"mention-picker"[39m
        [36m>[39m
          [36m<button[39m
            [33maria-controls[39m=[32m"collaboration-members-project-1"[39m
            [33maria-expanded[39m=[32m"false"[39m
            [33maria-haspopup[39m=[32m"listbox"[39m
            [33maria-label[39m=[32m"@成员"[39m
            [33mrole[39m=[32m"combobox"[39m
            [33mtype[39m=[32m"button"[39m
          [36m>[39m
            [0m@成员[0m
          [36m</button>[39m
        [36m</div>[39m
        [36m<button[39m
          [33mdisabled[39m=[32m""[39m
          [33mtype[39m=[32m"submit"[39m
        [36m>[39m
          [0m发送消息[0m
        [36m</button>[39m
      [36m</form>[39m
    [36m</section>[39m
  [36m</div>[39m
[36m</body>[39m

Ignored nodes: comments, script, style
[36m<body>[39m
  [36m<div>[39m
    [36m<section[39m
      [33maria-labelledby[39m=[32m"collaboration-title"[39m
      [33mclass[39m=[32m"stack"[39m
    [36m>[39m
      [36m<div[39m
        [33mclass[39m=[32m"panel-heading"[39m
      [36m>[39m
        [36m<div>[39m
          [36m<p[39m
            [33mclass[39m=[32m"eyebrow"[39m
          [36m>[39m
            [0m平等协作[0m
          [36m</p>[39m
          [36m<h3[39m
            [33mid[39m=[32m"collaboration-title"[39m
          [36m>[39m
            [0m项目群聊[0m
          [36m</h3>[39m
        [36m</div>[39m
        [36m<p[39m
          [33mclass[39m=[32m"muted"[39m
        [36m>[39m
          [0m当前持棒：[0m
          [0magent-a[0m
        [36m</p>[39m
      [36m</div>[39m
      [36m<ol[39m
        [33maria-label[39m=[32m"项目群聊消息"[39m
        [33mclass[39m=[32m"timeline"[39m
      [36m>[39m
        [36m<li[39m
          [33mclass[39m=[32m"timeline-item"[39m
          [33mtabindex[39m=[32m"-1"[39m
        [36m>[39m
          [36m<strong>[39m
            [0mAlpha[0m
          [36m</strong>[39m
          [36m<span>[39m
            [0mA real agent message[0m
          [36m</span>[39m
        [36m</li>[39m
      [36m</ol>[39m
      [36m<form[39m
        [33mclass[39m=[32m"composer"[39m
      [36m>[39m
        [36m<div[39m
          [33mclass[39m=[32m"form-field"[39m
        [36m>[39m
          [36m<label[39m
            [33mfor[39m=[32m"collaboration-message-project-1"[39m
          [36m>[39m
            [0m发送给项目群聊[0m
          [36m</label>[39m
          [36m<textarea[39m
            [33mid[39m=[32m"collaboration-message-project-1"[39m
          [36m/>[39m
        [36m</div>[39m
        [36m<div[39m
          [33mclass[39m=[32m"mention-picker"[39m
        [36m>[39m
          [36m<button[39m
            [33maria-controls[39m=[32m"collaboration-members-project-1"[39m
            [33maria-expanded[39m=[32m"false"[39m
            [33maria-haspopup[39m=[32m"listbox"[39m
            [33maria-label[39m=[32m"@成员"[39m
            [33mrole[39m=[32m"combobox"[39m
            [33mtype[39m=[32m"button"[39m
          [36m>[39m
            [0m@成员[0m
          [36m</button>[39m
        [36m</div>[39m
        [36m<button[39m
          [33mdisabled[39m=[32m""[39m
          [33mtype[39m=[32m"submit"[39m
        [36m>[39m
          [0m发送消息[0m
        [36m</button>[39m
      [36m</form>[39m
    [36m</section>[39m
  [36m</div>[39m
[36m</body>[39m
 ❯ waitForWrapper node_modules/@testing-library/dom/dist/wait-for.js:163:27
 ❯ node_modules/@testing-library/dom/dist/query-helpers.js:86:33
 ❯ tests/collaboration-timeline-ui.test.tsx:253:25
    251|
    252|     const view = render(createElement(CollaborationPanel, { projectId:…
    253|     expect(await screen.findByRole("button", { name: "重试推进" })).toBeIn…
       |                         ^
    254|     expect(screen.queryByText("network detail")).not.toBeInTheDocument…
    255|     await user.click(screen.getByRole("button", { name: "重试推进" }));

⎯⎯⎯⎯⎯⎯⎯⎯⎯⎯⎯⎯⎯⎯⎯⎯⎯⎯⎯⎯⎯⎯⎯⎯[4/4]⎯


 Test Files  1 failed (1)
      Tests  4 failed (4)
   Start at  07:16:25
   Duration  14.26s (transform 78ms, setup 335ms, import 186ms, tests 12.05s, environment 1.41s)

# exit: 1
