# hf-gate-run
# label: t21-advance-red
# command: npm.cmd test -- tests/collaboration-advance.api.test.ts
# started: 2026-07-29T23:26:20+00:00

> collaboration-cockpit@0.1.0 test
> vitest run tests/collaboration-advance.api.test.ts


 RUN  v4.1.10 D:/cool-ai

(node:12996) ExperimentalWarning: SQLite is an experimental feature and might change at any time
(Use `node --trace-warnings ...` to show where the warning was created)
 ❯ tests/collaboration-advance.api.test.ts (4 tests | 4 failed) 779ms
     × executes the acquired immutable prompt through the configured provider and replays exactly 214ms
     × uses exactly one repair call and persists only the repaired public turn 189ms
     × maps provider failures, sanitizes every surface, and durably replays the error 192ms
     × validates JSON and operation ids through stable collaboration error envelopes 182ms

⎯⎯⎯⎯⎯⎯⎯ Failed Tests 4 ⎯⎯⎯⎯⎯⎯⎯

 FAIL  tests/collaboration-advance.api.test.ts > collaboration advance route > executes the acquired immutable prompt through the configured provider and replays exactly
AssertionError: the real advance route must exist: expected undefined to be type of 'function'

Expected: "function"
Received: "undefined"

 ❯ route tests/collaboration-advance.api.test.ts:150:53
    148| async function route(): Promise<AdvanceRoute> {
    149|   const load = routeModules["../app/api/runs/[runId]/advance/route.ts"…
    150|   expect(load, "the real advance route must exist").toBeTypeOf("functi…
       |                                                     ^
    151|   return load!();
    152| }
 ❯ postAdvance tests/collaboration-advance.api.test.ts:157:32
 ❯ tests/collaboration-advance.api.test.ts:226:25

⎯⎯⎯⎯⎯⎯⎯⎯⎯⎯⎯⎯⎯⎯⎯⎯⎯⎯⎯⎯⎯⎯⎯⎯[1/4]⎯

 FAIL  tests/collaboration-advance.api.test.ts > collaboration advance route > uses exactly one repair call and persists only the repaired public turn
AssertionError: the real advance route must exist: expected undefined to be type of 'function'

Expected: "function"
Received: "undefined"

 ❯ route tests/collaboration-advance.api.test.ts:150:53
    148| async function route(): Promise<AdvanceRoute> {
    149|   const load = routeModules["../app/api/runs/[runId]/advance/route.ts"…
    150|   expect(load, "the real advance route must exist").toBeTypeOf("functi…
       |                                                     ^
    151|   return load!();
    152| }
 ❯ postAdvance tests/collaboration-advance.api.test.ts:157:32
 ❯ tests/collaboration-advance.api.test.ts:282:26

⎯⎯⎯⎯⎯⎯⎯⎯⎯⎯⎯⎯⎯⎯⎯⎯⎯⎯⎯⎯⎯⎯⎯⎯[2/4]⎯

 FAIL  tests/collaboration-advance.api.test.ts > collaboration advance route > maps provider failures, sanitizes every surface, and durably replays the error
AssertionError: the real advance route must exist: expected undefined to be type of 'function'

Expected: "function"
Received: "undefined"

 ❯ route tests/collaboration-advance.api.test.ts:150:53
    148| async function route(): Promise<AdvanceRoute> {
    149|   const load = routeModules["../app/api/runs/[runId]/advance/route.ts"…
    150|   expect(load, "the real advance route must exist").toBeTypeOf("functi…
       |                                                     ^
    151|   return load!();
    152| }
 ❯ postAdvance tests/collaboration-advance.api.test.ts:157:32
 ❯ tests/collaboration-advance.api.test.ts:310:25

⎯⎯⎯⎯⎯⎯⎯⎯⎯⎯⎯⎯⎯⎯⎯⎯⎯⎯⎯⎯⎯⎯⎯⎯[3/4]⎯

 FAIL  tests/collaboration-advance.api.test.ts > collaboration advance route > validates JSON and operation ids through stable collaboration error envelopes
AssertionError: the real advance route must exist: expected undefined to be type of 'function'

Expected: "function"
Received: "undefined"

 ❯ route tests/collaboration-advance.api.test.ts:150:53
    148| async function route(): Promise<AdvanceRoute> {
    149|   const load = routeModules["../app/api/runs/[runId]/advance/route.ts"…
    150|   expect(load, "the real advance route must exist").toBeTypeOf("functi…
       |                                                     ^
    151|   return load!();
    152| }
 ❯ postAdvance tests/collaboration-advance.api.test.ts:157:32
 ❯ tests/collaboration-advance.api.test.ts:336:31

⎯⎯⎯⎯⎯⎯⎯⎯⎯⎯⎯⎯⎯⎯⎯⎯⎯⎯⎯⎯⎯⎯⎯⎯[4/4]⎯


 Test Files  1 failed (1)
      Tests  4 failed (4)
   Start at  07:26:21
   Duration  2.94s (transform 123ms, setup 340ms, import 107ms, tests 779ms, environment 1.44s)

# exit: 1
