# hf-gate-run
# label: t21-green
# command: npm.cmd test -- tests/collaboration-timeline-ui.test.tsx
# started: 2026-07-29T23:18:23+00:00

> collaboration-cockpit@0.1.0 test
> vitest run tests/collaboration-timeline-ui.test.tsx


 RUN  v4.1.10 D:/cool-ai

 ❯ tests/collaboration-timeline-ui.test.tsx (4 tests | 1 failed) 3654ms
     × reuses the logical operation id on retry and stops for every non-running state and unmount 1073ms

⎯⎯⎯⎯⎯⎯⎯ Failed Tests 1 ⎯⎯⎯⎯⎯⎯⎯

 FAIL  tests/collaboration-timeline-ui.test.tsx > collaboration timeline and auto-loop > reuses the logical operation id on retry and stops for every non-running state and unmount
AssertionError: expected [ …(3) ] to have a length of 2 but got 3

Ignored nodes: comments, script, style
[36m<html>[39m
  [36m<head />[39m
  [36m<body>[39m
    [36m<div>[39m
      [36m<section[39m
        [33maria-labelledby[39m=[32m"collaboration-title"[39m
        [33mclass[39m=[32m"stack"[39m
      [36m>[39m
        [36m<div[39m
          [33mclass[39m=[32m"panel-heading"[39m
        [36m>[39m
          [36m<div>[39m
            [36m<p[39m
              [33mclass[39m=[32m"eyebrow"[39m
            [36m>[39m
              [0m平等协作[0m
            [36m</p>[39m
            [36m<h3[39m
              [33mid[39m=[32m"collaboration-title"[39m
            [36m>[39m
              [0m项目群聊[0m
            [36m</h3>[39m
          [36m</div>[39m
          [36m<div[39m
            [33mclass[39m=[32m"baton"[39m
            [33mdata-accent[39m=[32m"sage"[39m
          [36m>[39m
            [36m<span[39m
              [33maria-label[39m=[32m"Alpha 的头像"[39m
              [33mclass[39m=[32m"agent-avatar"[39m
            [36m>[39m
              [0mA[0m
            [36m</span>[39m
            [36m<span>[39m
              [36m<span[39m
                [33mclass[39m=[32m"eyebrow"[39m
              [36m>[39m
                [0m当前持棒[0m
              [36m</span>[39m
              [36m<strong>[39m
                [0mAlpha[0m
              [36m</strong>[39m
            [36m</span>[39m
          [36m</div>[39m
        [36m</div>[39m
        [36m<ol[39m
          [33maria-label[39m=[32m"协作时间线"[39m
          [33mclass[39m=[32m"timeline collaboration-timeline"[39m
          [33mrole[39m=[32m"log"[39m
        [36m>[39m
          [36m<li[39m
            [33mclass[39m=[32m"timeline-item timeline-event"[39m
            [33mtabindex[39m=[32m"-1"[39m
          [36m>[39m
            [36m<div[39m
              [33mclass[39m=[32m"timeline-event-heading"[39m
            [36m>[39m
              [36m<h4>[39m
                [0mAgent 发来消息[0m
              [36m</h4>[39m
              [36m<time[39m
                [33mdatetime[39m=[32m"2026-07-30T00:00:30.000Z"[39m
              [36m>[39m
                [0m08:00[0m
              [36m</time>[39m
            [36m</div>[39m
            [36m<strong>[39m
              [0mAlpha[0m
            [36m</strong>[39m
            [36m<span>[39m
              [0mA real agent message[0m
            [36m</span>[39m
          [36m</li>[39m
        [36m</ol>[39m
        [36m<p[39m
          [33maria-atomic[39m=[32m"true"[39m
          [33maria-live[39m=[32m"polite"[39m
          [33mclass[39m=[32m"sr-only"[39m
          [33mrole[39m=[32m"status"[39m
        [36m/>[39m
        [36m<form[39m
          [33mclass[39m=[32m"composer"[39m
        [36m>[39m
          [36m<div[39m
            [33mclass[39m=[32m"form-field"[39m
          [36m>[39m
            [36m<label[39m
              [33mfor[39m=[32m"collaboration-message-project-1"[39m
            [36m>[39m
              [0m发送给项目群聊[0m
            [36m</label>[39m
            [36m<textarea[39m
              [33mid[39m=[32m"collaboration-message-project-1"[39m
            [36m/>[39m
          [36m</div>[39m
          [36m<div[39m
            [33mclass[39m=[32m"mention-picker"[39m
          [36m>[39m
            [36m<button[39m
              [33maria-controls[39m=[32m"collaboration-members-project-1"[39m
              [33maria-expanded[39m=[32m"false"[39m
              [33maria-haspopup[39m=[32m"listbox"[39m
              [33maria-label[39m=[32m"@成员"[39m
              [33mrole[39m=[32m"combobox"[39m
              [33mtype[39m=[32m"button"[39m
            [36m>[39m
              [0m@成员[0m
            [36m</button>[39m
          [36m</div>[39m
          [36m<button[39m
            [33mdisabled[39m=[32m""[39m
            [33mtype[39m=[32m"submit"[39m
          [36m>[39m
            [0m发送消息[0m
          [36m</button>[39m
        [36m</form>[39m
      [36m</section>[39m
    [36m</div>[39m
  [36m</body>[39m
[36m</html>[39m

- Expected
+ Received

- 2
+ 3

 ❯ tests/collaboration-timeline-ui.test.tsx:252:40
    250|     expect(screen.queryByText("network detail")).not.toBeInTheDocument…
    251|     await user.click(screen.getByRole("button", { name: "重试推进" }));
    252|     await waitFor(() => expect(bodies).toHaveLength(2));
       |                                        ^
    253|     expect(bodies[1].operationId).toBe(bodies[0].operationId);
    254|     view.unmount();
 ❯ runWithExpensiveErrorDiagnosticsDisabled node_modules/@testing-library/dom/dist/config.js:47:12
 ❯ checkCallback node_modules/@testing-library/dom/dist/wait-for.js:124:77
 ❯ Timeout.checkRealTimersCallback node_modules/@testing-library/dom/dist/wait-for.js:118:16

⎯⎯⎯⎯⎯⎯⎯⎯⎯⎯⎯⎯⎯⎯⎯⎯⎯⎯⎯⎯⎯⎯⎯⎯[1/1]⎯


 Test Files  1 failed (1)
      Tests  1 failed | 3 passed (4)
   Start at  07:18:24
   Duration  5.85s (transform 85ms, setup 333ms, import 194ms, tests 3.65s, environment 1.40s)

# exit: 1
