# hf-gate-run
# label: t21-regressions
# command: npm.cmd test
# started: 2026-07-29T23:19:24+00:00

> collaboration-cockpit@0.1.0 test
> vitest run


 RUN  v4.1.10 D:/cool-ai

(node:16884) ExperimentalWarning: SQLite is an experimental feature and might change at any time
(Use `node --trace-warnings ...` to show where the warning was created)
(node:12760) ExperimentalWarning: SQLite is an experimental feature and might change at any time
(Use `node --trace-warnings ...` to show where the warning was created)
(node:15000) ExperimentalWarning: SQLite is an experimental feature and might change at any time
(Use `node --trace-warnings ...` to show where the warning was created)
(node:11824) ExperimentalWarning: SQLite is an experimental feature and might change at any time
(Use `node --trace-warnings ...` to show where the warning was created)
(node:12112) ExperimentalWarning: SQLite is an experimental feature and might change at any time
(Use `node --trace-warnings ...` to show where the warning was created)
(node:14988) ExperimentalWarning: SQLite is an experimental feature and might change at any time
(Use `node --trace-warnings ...` to show where the warning was created)
(node:10348) ExperimentalWarning: SQLite is an experimental feature and might change at any time
(Use `node --trace-warnings ...` to show where the warning was created)
(node:8656) ExperimentalWarning: SQLite is an experimental feature and might change at any time
(Use `node --trace-warnings ...` to show where the warning was created)
(node:14524) ExperimentalWarning: SQLite is an experimental feature and might change at any time
(Use `node --trace-warnings ...` to show where the warning was created)
(node:10492) ExperimentalWarning: SQLite is an experimental feature and might change at any time
(Use `node --trace-warnings ...` to show where the warning was created)
(node:8772) ExperimentalWarning: SQLite is an experimental feature and might change at any time
(Use `node --trace-warnings ...` to show where the warning was created)
(node:3336) ExperimentalWarning: SQLite is an experimental feature and might change at any time
(Use `node --trace-warnings ...` to show where the warning was created)
(node:11660) ExperimentalWarning: SQLite is an experimental feature and might change at any time
(Use `node --trace-warnings ...` to show where the warning was created)
(node:13848) ExperimentalWarning: SQLite is an experimental feature and might change at any time
(Use `node --trace-warnings ...` to show where the warning was created)
(node:16156) ExperimentalWarning: SQLite is an experimental feature and might change at any time
(Use `node --trace-warnings ...` to show where the warning was created)
(node:17348) ExperimentalWarning: SQLite is an experimental feature and might change at any time
(Use `node --trace-warnings ...` to show where the warning was created)
(node:16556) ExperimentalWarning: SQLite is an experimental feature and might change at any time
(Use `node --trace-warnings ...` to show where the warning was created)
(node:9104) ExperimentalWarning: SQLite is an experimental feature and might change at any time
(Use `node --trace-warnings ...` to show where the warning was created)
(node:5248) ExperimentalWarning: SQLite is an experimental feature and might change at any time
(Use `node --trace-warnings ...` to show where the warning was created)
(node:12500) ExperimentalWarning: SQLite is an experimental feature and might change at any time
(Use `node --trace-warnings ...` to show where the warning was created)
(node:8368) ExperimentalWarning: SQLite is an experimental feature and might change at any time
(Use `node --trace-warnings ...` to show where the warning was created)
(node:11020) ExperimentalWarning: SQLite is an experimental feature and might change at any time
(Use `node --trace-warnings ...` to show where the warning was created)
(node:12708) ExperimentalWarning: SQLite is an experimental feature and might change at any time
(Use `node --trace-warnings ...` to show where the warning was created)
(node:5500) ExperimentalWarning: SQLite is an experimental feature and might change at any time
(Use `node --trace-warnings ...` to show where the warning was created)
(node:7992) ExperimentalWarning: SQLite is an experimental feature and might change at any time
(Use `node --trace-warnings ...` to show where the warning was created)
(node:16980) ExperimentalWarning: SQLite is an experimental feature and might change at any time
(Use `node --trace-warnings ...` to show where the warning was created)
(node:9524) ExperimentalWarning: SQLite is an experimental feature and might change at any time
(Use `node --trace-warnings ...` to show where the warning was created)
(node:9156) ExperimentalWarning: SQLite is an experimental feature and might change at any time
(Use `node --trace-warnings ...` to show where the warning was created)
(node:12364) ExperimentalWarning: SQLite is an experimental feature and might change at any time
(Use `node --trace-warnings ...` to show where the warning was created)
(node:6116) ExperimentalWarning: SQLite is an experimental feature and might change at any time
(Use `node --trace-warnings ...` to show where the warning was created)
(node:17008) ExperimentalWarning: SQLite is an experimental feature and might change at any time
(Use `node --trace-warnings ...` to show where the warning was created)
(node:11688) ExperimentalWarning: SQLite is an experimental feature and might change at any time
(Use `node --trace-warnings ...` to show where the warning was created)
(node:11328) ExperimentalWarning: SQLite is an experimental feature and might change at any time
(Use `node --trace-warnings ...` to show where the warning was created)
(node:16500) ExperimentalWarning: SQLite is an experimental feature and might change at any time
(Use `node --trace-warnings ...` to show where the warning was created)
(node:3068) ExperimentalWarning: SQLite is an experimental feature and might change at any time
(Use `node --trace-warnings ...` to show where the warning was created)
(node:16848) ExperimentalWarning: SQLite is an experimental feature and might change at any time
(Use `node --trace-warnings ...` to show where the warning was created)
(node:16648) ExperimentalWarning: SQLite is an experimental feature and might change at any time
(Use `node --trace-warnings ...` to show where the warning was created)
 ❯ tests/accessibility.test.tsx (4 tests | 1 failed) 771ms
     × announces the restored task status through a polite status region 95ms
(node:6192) ExperimentalWarning: SQLite is an experimental feature and might change at any time
(Use `node --trace-warnings ...` to show where the warning was created)
(node:2264) ExperimentalWarning: SQLite is an experimental feature and might change at any time
(Use `node --trace-warnings ...` to show where the warning was created)
(node:12068) ExperimentalWarning: SQLite is an experimental feature and might change at any time
(Use `node --trace-warnings ...` to show where the warning was created)
(node:6016) ExperimentalWarning: SQLite is an experimental feature and might change at any time
(Use `node --trace-warnings ...` to show where the warning was created)
(node:12328) ExperimentalWarning: SQLite is an experimental feature and might change at any time
(Use `node --trace-warnings ...` to show where the warning was created)
(node:17168) ExperimentalWarning: SQLite is an experimental feature and might change at any time
(Use `node --trace-warnings ...` to show where the warning was created)
(node:14676) ExperimentalWarning: SQLite is an experimental feature and might change at any time
(Use `node --trace-warnings ...` to show where the warning was created)
 ❯ tests/visual-tokens.test.ts (3 tests | 1 failed) 17ms
     × keeps raw visual values out of component styles 10ms

⎯⎯⎯⎯⎯⎯⎯ Failed Tests 2 ⎯⎯⎯⎯⎯⎯⎯

 FAIL  tests/accessibility.test.tsx > narrow-screen and keyboard accessibility > announces the restored task status through a polite status region
TestingLibraryElementError: Found multiple elements with the role "status"

Here are the matching elements:

Ignored nodes: comments, script, style
[36m<p[39m
  [33maria-atomic[39m=[32m"true"[39m
  [33maria-live[39m=[32m"polite"[39m
  [33mclass[39m=[32m"sr-only"[39m
  [33mrole[39m=[32m"status"[39m
[36m/>[39m

Ignored nodes: comments, script, style
[36m<p[39m
  [33maria-atomic[39m=[32m"true"[39m
  [33maria-live[39m=[32m"polite"[39m
  [33mclass[39m=[32m"muted"[39m
  [33mrole[39m=[32m"status"[39m
[36m>[39m
  [0m最新任务状态：已完成[0m
[36m</p>[39m

(If this is intentional, then use the `*AllBy*` variant of the query (like `queryAllByText`, `getAllByText`, or `findAllByText`)).

Ignored nodes: comments, script, style
[36m<body[39m
  [33mstyle[39m=[32m""[39m
[36m>[39m
  [36m<div>[39m
    [36m<div[39m
      [33mclass[39m=[32m"collaboration-cockpit"[39m
      [33mdata-testid[39m=[32m"collaboration-cockpit"[39m
    [36m>[39m
      [36m<div[39m
        [33maria-label[39m=[32m"驾驶舱面板"[39m
        [33mclass[39m=[32m"mobile-toolbar"[39m
        [33mrole[39m=[32m"toolbar"[39m
      [36m>[39m
        [36m<button[39m
          [33maria-controls[39m=[32m"project-navigation-drawer"[39m
          [33maria-expanded[39m=[32m"false"[39m
          [33maria-label[39m=[32m"打开项目导航"[39m
          [33mtype[39m=[32m"button"[39m
        [36m>[39m
          [0m项目[0m
        [36m</button>[39m
        [36m<button[39m
          [33maria-controls[39m=[32m"task-editor-surface"[39m
          [33maria-expanded[39m=[32m"false"[39m
          [33maria-label[39m=[32m"打开编辑"[39m
          [33mtype[39m=[32m"button"[39m
        [36m>[39m
          [0m编辑[0m
        [36m</button>[39m
        [36m<button[39m
          [33maria-controls[39m=[32m"task-context-drawer"[39m
          [33maria-expanded[39m=[32m"false"[39m
          [33maria-label[39m=[32m"打开当前任务上下文"[39m
          [33mtype[39m=[32m"button"[39m
        [36m>[39m
          [0m上下文[0m
        [36m</button>[39m
      [36m</div>[39m
      [36m<aside[39m
        [33maria-label[39m=[32m"项目导航"[39m
        [33mclass[39m=[32m"cockpit-sidebar"[39m
        [33mdata-open[39m=[32m"false"[39m
        [33mdata-testid[39m=[32m"project-surface"[39m
        [33mid[39m=[32m"project-navigation-drawer"[39m
      [36m>[39m
        [36m<span[39m
          [33mclass[39m=[32m"sr-only"[39m
          [33mid[39m=[32m"project-navigation-label"[39m
        [36m>[39m
          [0m项目导航[0m
        [36m</span>[39m
        [36m<button[39m
          [33maria-label[39m=[32m"关闭项目导航"[39m
          [33mclass[39m=[32m"drawer-close"[39m
          [33mtabindex[39m=[32m"-1"[39m
          [33mtype[39m=[32m"button"[39m
        [36m>[39m
          [0m关闭[0m
        [36m</button>[39m
        [36m<div[39m
          [33mclass[39m=[32m"product-identity"[39m
        [36m>[39m
          [36m<span[39m
            [33maria-hidden[39m=[32m"true"[39m
            [33mclass[39m=[32m"product-mark"[39m
          [36m>[39m
            [0mC[0m
          [36m</span>[39m
          [36m<div>[39m
            [36m<p[39m
              [33mclass[39m=[32m"eyebrow"[39m
            [36m>[39m
              [0m协作驾驶舱[0m
            [36m</p>[39m
            [36m<h1>[39m
              [0mCool AI[0m
            [36m</h1>[39m
          [36m</div>[39m
        [36m</div>[39m
        [36m<nav[39m
          [33maria-label[39m=[32m"主导航"[39m
        [36m>[39m
          [36m<ul[39m
            [33mclass[39m=[32m"project-list"[39m
          [36m>[39m
            [36m<li>[39m
              [36m<a[39m
                [33maria-current[39m=[32m"page"[39m
                [33mhref[39m=[32m"/"[39m
              [36m>[39m
                [0m工作[0m
              [36m</a>[39m
            [36m</li>[39m
            [36m<li>[39m
              [36m<a[39m
                [33mhref[39m=[32m"/team"[39m
              [36m>[39m
                [0m团队[0m
              [36m</a>[39m
            [36m</li>[39m
          [36m</ul>[39m
        [36m</nav>[39m
        [36m<section[39m
          [33maria-labelledby[39m=[32m"projects-title"[39m
          [33mclass[39m=[32m"stack"[39m
        [36m>[39m
          [36m<h2[39m
            [33mid[39m=[32m"projects-title"[39m
          [36m>[39m
            [0m项目[0m
          [36m</h2>[39m
          [36m<form[39m
            [33mclass[39m=[32m"stack"[39m
          [36m>[39m
            [36m<div[39m
              [33mclass[39m=[32m"form-field"[39m
            [36m>[39m
              [36m<label[39m
                [33mfor[39m=[32m"project-name"[39m
              [36m>[39m
                [0m项目名称[0m
              [36m</label>[39m
              [36m<input[39m
                [33mid[39m=[32m"project-name"[39m
                [33mname[39m=[32m"name"[39m
                [33mvalue[39m=[32m""[39m
              [36m/>[39m
            [36m</div>[39m
            [36m<button[39m
              [33mtype[39m=[32m"submit"[39m
            [36m>[39m
              [0m创建项目[0m
            [36m</button>[39m
          [36m</form>[39m
          [36m<nav[39m
            [33maria-label[39m=[32m"项目"[39m
          [36m>[39m
            [36m<ul[39m
              [33mclass[39m=[32m"project-list"[39m
            [36m>[39m
              [36m<li>[39m
                [36m<button[39m
                  [33maria-current[39m=[32m"page"[39m
                  [33mtype[39m=[32m"button"[39m
                [36m>[39m
                  [0mLaunch plan[0m
                [36m</button>[39m
              [36m</li>[39m
            [36m</ul>[39m
          [36m</nav>[39m
        [36m</section>[39m
        [36m<section[39m
          [33maria-labelledby[39m=[32m"project-setup-title-project-1"[39m
          [33mclass[39m=[32m"stack project-setup"[39m
        [36m>[39m
          [36m<h2[39m
            [33mid[39m=[32m"project-setup-title-project-1"[39m
          [36m>[39m
            [0m项目设置[0m
          [36m</h2>[39m
          [36m<section[39m
            [33maria-labelledby[39m=[32m"workspace-title-project-1"[39m
            [33mclass[39m=[32m"stack"[39m
          [36m>[39m
            [36m<div>[39m
              [36m<div[39m
                [33mclass[39m=[32m"stack"[39m
              [36m>[39m
                [36m<h3[39m
                  [33mid[39m=[32m"workspace-title-project-1"[39m
                [36m>[39m
                  [0m本地工作区[0m
                [36m</h3>[39m
                [36m<p[39m
                  [33mclass[39m=[32m"muted"[39m
                [36m>[39m
                  [0m尚未绑定本地工作区。[0m
                [36m</p>[39m
                [36m<form[39m
                  [33mclass[39m=[32m"stack"[39m
                [36m>[39m
                  [36m<div[39m
                    [33mclass[39m=[32m"form-field"[39m
                  [36m>[39m
                    [36m<label[39m
                      [33mfor[39m=[32m"workspace-path-project-1"[39m
                    [36m>[39m
                      [0m本地工作区路径[0m
                    [36m</label>[39m
                    [36m<input[39m
                      [33mid[39m=[32m"workspace-path-project-1"[39m
                      [33mname[39m=[32m"workspacePath"[39m
                      [33mvalue[39m=[32m""[39m
                    [36m/>[39m
                  [36m</div>[39m
                  [36m<button[39m
                    [33mtype[39m=[32m"submit"[39m
                  [36m>[39m
                    [0m绑定工作区[0m
                  [36m</button>[39m
                [36m</form>[39m
              [36m</div>[39m
            [36m</div>[39m
          [36m</section>[39m
          [36m<section[39m
            [33maria-labelledby[39m=[32m"members-title-project-1"[39m
            [33mclass[39m=[32m"stack"[39m
          [36m>[39m
            [36m<h3[39m
              [33mid[39m=[32m"members-title-project-1"[39m
            [36m>[39m
              [0m项目成员[0m
            [36m</h3>[39m
            [36m<p[39m
              [33mclass[39m=[32m"muted"[39m
            [36m>[39m
              [0mAgent 库为空，请先[0m
              [36m<a[39m
                [33mhref[39m=[32m"/team"[39m
              [36m>[39m
                [0m创建 Agent[0m
              [36m</a>[39m
              [0m。[0m
            [36m</p>[39m
            [36m<p[39m
              [33mclass[39m=[32m"muted"[39m
            [36m>[39m
              [0m尚未组建项目成员。[0m
            [36m</p>[39m
          [36m</section>[39m
        [36m</section>[39m
      [36m</aside>[39m
      [36m<main[39m
        [33maria-label[39m=[32m"任务事件流"[39m
        [33mclass[39m=[32m"cockpit-flow"[39m
        [33mdata-open[39m=[32m"false"[39m
        [33mdata-testid[39m=[32m"editor-surface"[39m
        [33mid[39m=[32m"task-editor-surface"[39m
      [36m>[39m
        [36m<span[39m
          [33mclass[39m=[32m"sr-only"[39m
          [33mid[39m=[32m"task-editor-label"[39m
        [36m>[39m
          [0m任务编辑[0m
        [36m</span>[39m
        [36m<button[39m
          [33maria-label[39m=[32m"关闭任务编辑"[39m
          [33mclass[39m=[32m"drawer-close"[39m
          [33mdata-dialog-close[39m=[32m"true"[39m
          [33mtabindex[39m=[32m"-1"[39m
          [33mtype[39m=[32m"button"[39m
        [36m>[39m
          [0m关闭[0m
        [36m</button>[39m
        [36m<div[39m
          [33mclass[39m=[32m"panel-heading"[39m
        [36m>[39m
          [36m<span[39m
            [33maria-hidden[39m=[32m"true"[39m
            [33mclass[39m=[32m"agent-mark"[39m
          [36m>[39m
            [0mA[0m
          [36m</span>[39m
          [36m<div>[39m
            [36m<p[39m
              [33mclass[39m=[32m"eyebrow"[39m
            [36m>[39m
              [0m确定性示例 Agent[0m
            [36m</p>[39m
            [36m<h2[39m
              [33mid[39m=[32m"tasks-title"[39m
              [33mtabindex[39m=[32m"-1"[39m
            [36m>[39m
              [0mLaunch plan[0m
            [36m</h2>[39m
          [36m</div>[39m
        [36m</div>[39m
        [36m<section[39m
          [33maria-labelledby[39m=[32m"collaboration-title"[39m
          [33mclass[39m=[32m"stack"[39m
        [36m>[39m
          [36m<div[39m
            [33mclass[39m=[32m"panel-heading"[39m
          [36m>[39m
            [36m<div>[39m
              [36m<p[39m
                [33mclass[39m=[32m"eyebrow"[39m
              [36m>[39m
                [0m平等协作[0m
              [36m</p>[39m
              [36m<h3[39m
                [33mid[39m=[32m"collaboration-title"[39m
              [36m>[39m
                [0m项目群聊[0m
              [36m</h3>[39m
            [36m</div>[39m
          [36m</div>[39m
          [36m<p[39m
            [33mclass[39m=[32m"state-message"[39m
          [36m>[39m
            [0m尚无协作消息。[0m
          [36m</p>[39m
          [36m<p[39m
            [33maria-atomic[39m=[32m"true"[39m
            [33maria-live[39m=[32m"polite"[39m
            [33mclass[39m=[32m"sr-only"[39m
            [33mrole[39m=[32m"status"[39m
          [36m/>[39m
          [36m<form[39m
            [33mclass[39m=[32m"composer"[39m
          [36m>[39m
            [36m<div[39m
              [33mclass[39m=[32m"form-field"[39m
            [36m>[39m
              [36m<label[39m
                [33mfor[39m=[32m"collaboration-message-project-1"[39m
              [36m>[39m
                [0m发送给项目群聊[0m
              [36m</label>[39m
              [36m<textarea[39m
                [33mid[39m=[32m"collaboration-message-project-1"[39m
              [36m/>[39m
            [36m</div>[39m
            [36m<div[39m
              [33mclass[39m=[32m"mention-picker"[39m
            [36m>[39m
              [36m<button[39m
                [33maria-controls[39m=[32m"collaboration-members-project-1"[39m
                [33maria-expanded[39m=[32m"false"[39m
                [33maria-haspopup[39m=[32m"listbox"[39m
                [33maria-label[39m=[32m"@成员"[39m
                [33mrole[39m=[32m"combobox"[39m
                [33mtype[39m=[32m"button"[39m
              [36m>[39m
                [0m@成员[0m
              [36m</button>[39m
            [36m</div>[39m
            [36m<button[39m
              [33mdisabled[39m=[32m""[39m
              [33mtype[39m=[32m"submit"[39m
            [36m>[39m
              [0m发送并启动协作[0m
            [36m</button>[39m
          [36m</form>[39m
        [36m</section>[39m
        [36m<section[39m
          [33maria-labelledby[39m=[32m"mission-board-title-project-1"[39m
          [33mclass[39m=[32m"stack mission-board"[39m
          [33mid[39m=[32m"mission-board"[39m
        [36m>[39m
          [36m<h2[39m
            [33mid[39m=[32m"mission-board-title-project-1"[39m
          [36m>[39m
            [0m使命看板[0m
          [36m</h2>[39m
          [36m<div[39m
            [33mclass[39m=[32m"stack"[39m
          [36m>[39m
            [36m<p[39m
              [33mclass[39m=[32m"state-message"[39m
            [36m>[39m
              [0m尚未创建使命。[0m
            [36m</p>[39m
            [36m<form[39m
              [33mclass[39m=[32m"stack mission-form"[39m
            [36m>[39m
              [36m<div[39m
                [33mclass[39m=[32m"form-field"[39m
              [36m>[39m
                [36m<label[39m
                  [33mfor[39m=[32m"mission-title-project-1"[39m
                [36m>[39m
                  [0m使命标题[0m
                [36m</label>[39m
                [36m<input[39m
                  [33mid[39m=[32m"mission-title-project-1"[39m
                  [33mvalue[39m=[32m""[39m
                [36m/>[39m
              [36m</div>[39m
              [36m<div[39m
                [33mclass[39m=[32m"form-field"[39m
              [36m>[39m
                [36m<label[39m
                  [33mfor[39m=[32m"mission-goal-project-1"[39m
                [36m>[39m
                  [0m使命目标[0m
                [36m</label>[39m
                [36m<textarea[39m
                  [33mid[39m=[32m"mission-goal-project-1"[39m
                [36m/>[39m
              [36m</div>[39m
              [36m<div[39m
                [33mclass[39m=[32m"form-row"[39m
              [36m>[39m
                [36m<button[39m
                  [33mtype[39m=[32m"submit"[39m
                [36m>[39m
                  [0m创建使命[0m
                [36m</button>[39m
              [36m</div>[39m
            [36m</form>[39m
          [36m</div>[39m
        [36m</section>[39m
        [36m<form[39m
          [33mclass[39m=[32m"composer"[39m
        [36m>[39m
          [36m<div[39m
            [33mclass[39m=[32m"form-row"[39m
          [36m>[39m
            [36m<div[39m
              [33mclass[39m=[32m"form-field"[39m
            [36m>[39m
              [36m<label[39m
                [33mfor[39m=[32m"task-goal"[39m
              [36m>[39m
                [0m任务目标[0m
              [36m</label>[39m
              [36m<input[39m
                [33mid[39m=[32m"task-goal"[39m
                [33mname[39m=[32m"goal"[39m
                [33mvalue[39m=[32m""[39m
              [36m/>[39m
            [36m</div>[39m
            [36m<button[39m
              [33mdisabled[39m=[32m""[39m
              [33mtype[39m=[32m"submit"[39m
            [36m>[39m
              [0m运行任务[0m
            [36m</button>[39m
          [36m</div>[39m
        [36m</form>[39m
        [36m<p[39m
          [33maria-atomic[39m=[32m"true"[39m
          [33maria-live[39m=[32m"polite"[39m
          [33mclass[39m=[32m"muted"[39m
          [33mrole[39m=[32m"status"[39m
        [36m>[39m
          [0m最新任务状态：已完成[0m
        [36m</p>[39m
      [36m</main>[39m
      [36m<aside[39m
        [33maria-label[39m=[32m"当前任务上下文"[39m
        [33mclass[39m=[32m"cockpit-context"[39m
        [33mdata-open[39m=[32m"false"[39m
        [33mdata-testid[39m=[32m"context-surface"[39m
        [33mid[39m=[32m"task-context-drawer"[39m
      [36m>[39m
        [36m<span[39m
          [33mclass[39m=[32m"sr-only"[39m
          [33mid[39m=[32m"task-context-label"[39m
        [36m>[39m
          [0m当前任务上下文[0m
        [36m</span>[39m
        [36m<button[39m
          [33maria-label[39m=[32m"关闭当前任务上下文"[39m
          [33mclass[39m=[32m"drawer-close"[39m
          [33mdata-dialog-close[39m=[32m"true"[39m
          [33mtabindex[39m=[32m"-1"[39m
          [33mtype[39m=[32m"button"[39m
        [36m>[39m
          [0m关闭[0m
        [36m</button>[39m
        [36m<div>[39m
          [36m<p[39m
            [33mclass[39m=[32m"eyebrow"[39m
          [36m>[39m
            [0m项目资源[0m
          [36m</p>[39m
          [36m<h2>[39m
            [0m项目上下文[0m
          [36m</h2>[39m
        [36m</div>[39m
        [36m<div[39m
          [33mclass[39m=[32m"stack project-context-panel"[39m
        [36m>[39m
          [36m<div[39m
            [33maria-label[39m=[32m"项目上下文资源"[39m
            [33mclass[39m=[32m"project-context-tabs"[39m
            [33mrole[39m=[32m"tablist"[39m
          [36m>[39m
            [36m<button[39m
              [33maria-controls[39m=[32m"project-context-memory-project-1"[39m
              [33maria-selected[39m=[32m"true"[39m
              [33mid[39m=[32m"project-context-tab-memory-project-1"[39m
              [33mrole[39m=[32m"tab"[39m
              [33mtabindex[39m=[32m"0"[39m
              [33mtype[39m=[32m"button"[39m
            [36m>[39m
              [0m共享记忆[0m
            [36m</button>[39m
            [36m<button[39m
              [33maria-controls[39m=[32m"project-context-context-project-1"[39m
              [33maria-selected[39m=[32m"false"[39m
              [33mid[39m=[32m"project-context-tab-context-project-1"[39m
              [33mrole[39m=[32m"tab"[39m
              [33mtabindex[39m=[32m"-1"[39m
              [33mtype[39m=[32m"button"[39m
            [36m>[39m
              [0m上下文预览[0m
            [36m</button>[39m
            [36m<button[39m
              [33maria-controls[39m=[32m"project-context-skeleton-project-1"[39m
              [33maria-selected[39m=[32m"false"[39m
              [33mid[39m=[32m"project-context-tab-skeleton-project-1"[39m
              [33mrole[39m=[32m"tab"[39m
              [33mtabindex[39m=[32m"-1"[39m
              [33mtype[39m=[32m"button"[39m
            [36m>[39m
              [0m骨架运行[0m
            [36m</button>[39m
          [36m</div>[39m
          [36m<div[39m
            [33maria-labelledby[39m=[32m"project-context-tab-memory-project-1"[39m
            [33mid[39m=[32m"project-context-memory-project-1"[39m
            [33mrole[39m=[32m"tabpanel"[39m
          [36m>[39m
            [36m<section[39m
              [33maria-labelledby[39m=[32m"memory-title-project-1"[39m
              [33mclass[39m=[32m"stack"[39m
            [36m>[39m
              [36m<h2[39m
                [33mid[39m=[32m"memory-title-project-1"[39m
              [36m>[39m
                [0m共享记忆[0m
              [36m</h2>[39m
              [36m<form[39m
                [33mclass[39m=[32m"stack memory-form"[39m
              [36m>[39m
                [36m<fieldset>[39m
                  [36m<legend>[39m
                    [0m记忆类型[0m
                  [36m</legend>[39m
                  [36m<div[39m
                    [33mclass[39m=[32m"memory-type-options"[39m
                  [36m>[39m
                    [36m<label[39m
                      [33mclass[39m=[32m"check-row"[39m
                    [36m>[39m
                      [36m<input[39m
                        [33mchecked[39m=[32m""[39m
                        [33mname[39m=[32m"memory-type-project-1"[39m
                        [33mtype[39m=[32m"radio"[39m
                        [33mvalue[39m=[32m"goal"[39m
                      [36m/>[39m
                      [36m<span>[39m
                        [0m目标[0m
                      [36m</span>[39m
                    [36m</label>[39m
                    [36m<label[39m
                      [33mclass[39m=[32m"check-row"[39m
                    [36m>[39m
                      [36m<input[39m
                        [33mname[39m=[32m"memory-type-project-1"[39m
                        [33mtype[39m=[32m"radio"[39m
                        [33mvalue[39m=[32m"decision"[39m
                      [36m/>[39m
                      [36m<span>[39m
                        [0m决策[0m
                      [36m</span>[39m
                    [36m</label>[39m
                    [36m<label[39m
                      [33mclass[39m=[32m"check-row"[39m
                    [36m>[39m
                      [36m<input[39m
                        [33mname[39m=[32m"memory-type-project-1"[39m
                        [33mtype[39m=[32m"radio"[39m
                        [33mvalue[39m=[32m"fact"[39m
                      [36m/>[39m
                      [36m<span>[39m
                        [0m事实[0m
                      [36m</span>[39m
                    [36m</label>[39m
                    [36m<label[39m
                      [33mclass[39m=[32m"check-row"[39m
                    [36m>[39m
                      [36m<input[39m
                        [33mname[39m=[32m"memory-type-project-1"[39m
                        [33mtype[39m=[32m"radio"[39m
                        [33mvalue[39m=[32m"artifact"[39m
                      [36m/>[39m
                      [36m<span>[39m
                        [0m产物[0m
                      [36m</span>[39m
                    [36m</label>[39m
                  [36m</div>[39m
                [36m</fieldset>[39m
                [36m<div[39m
                  [33mclass[39m=[32m"form-field"[39m
                [36m>[39m
                  [36m<label[39m
                    [33mfor[39m=[32m"memory-content-project-1"[39m
                  [36m>[39m
                    [0m记忆正文[0m
                  [36m</label>[39m
                  [36m<textarea[39m
                    [33mid[39m=[32m"memory-content-project-1"[39m
                  [36m/>[39m
                [36m</div>[39m
                [36m<div[39m
                  [33mclass[39m=[32m"form-field"[39m
                [36m>[39m
                  [36m<label[39m
                    [33mfor[39m=[32m"memory-source-type-project-1"[39m
                  [36m>[39m
                    [0m来源类型[0m
                  [36m</label>[39m
                  [36m<select[39m
                    [33mid[39m=[32m"memory-source-type-project-1"[39m
                  [36m>[39m
                    [36m<option[39m
                      [33mvalue[39m=[32m"owner_input"[39m
                    [36m>[39m
                      [0mOwner 输入[0m
                    [36m</option>[39m
                    [36m<option[39m
                      [33mvalue[39m=[32m"work_item"[39m
                    [36m>[39m
                      [0m任务[0m
                    [36m</option>[39m
                    [36m<option[39m
                      [33mvalue[39m=[32m"artifact_path"[39m
                    [36m>[39m
                      [0m产物路径[0m
                    [36m</option>[39m
                  [36m</select>[39m
                [36m</div>[39m
                [36m<div[39m
                  [33mclass[39m=[32m"form-field"[39m
                [36m>[39m
                  [36m<label[39m
                    [33mfor[39m=[32m"memory-source-ref-project-1"[39m
                  [36m>[39m
                    [0m来源引用[0m
                  [36m</label>[39m
                  [36m<input[39m
                    [33mid[39m=[32m"memory-source-ref-project-1"[39m
                    [33mvalue[39m=[32m""[39m
                  [36m/>[39m
                [36m</div>[39m
                [36m<div[39m
                  [33mclass[39m=[32m"form-field"[39m
                [36m>[39m
                  [36m<label[39m
                    [33mfor[39m=[32m"memory-supersede-project-1"[39m
                  [36m>[39m
                    [0m取代旧记忆[0m
                  [36m</label>[39m
                  [36m<select[39m
                    [33mid[39m=[32m"memory-supersede-project-1"[39m
                  [36m>[39m
                    [36m<option[39m
                      [33mvalue[39m=[32m""[39m
                    [36m>[39m
                      [0m不取代[0m
                    [36m</option>[39m
                  [36m</select>[39m
                [36m</div>[39m
                [36m<button[39m
                  [33mtype[39m=[32m"submit"[39m
                [36m>[39m
                  [0m保存记忆[0m
                [36m</button>[39m
              [36m</form>[39m
              [36m<button[39m
                [33mtype[39m=[32m"button"[39m
              [36m>[39m
                [0m查看历史记忆[0m
              [36m</button>[39m
              [36m<p[39m
                [33mclass[39m=[32m"state-message"[39m
              [36m>[39m
                [0m尚无共享记忆。[0m
              [36m</p>[39m
            [36m</section>[39m
          [36m</div>[39m
        [36m</div>[39m
      [36m</aside>[39m
    [36m</div>[39m
  [36m</div>[39m
[36m</body>[39m
 ❯ Object.getElementError node_modules/@testing-library/dom/dist/config.js:37:19
 ❯ getElementError node_modules/@testing-library/dom/dist/query-helpers.js:20:35
 ❯ getMultipleElementsFoundError node_modules/@testing-library/dom/dist/query-helpers.js:23:10
 ❯ node_modules/@testing-library/dom/dist/query-helpers.js:55:13
 ❯ node_modules/@testing-library/dom/dist/query-helpers.js:95:19
 ❯ tests/accessibility.test.tsx:124:27
    122|
    123|     await screen.findByText("最新任务状态：已完成");
    124|     const status = screen.getByRole("status");
       |                           ^
    125|     expect(status).toHaveAttribute("aria-live", "polite");
    126|     expect(status).toHaveTextContent("最新任务状态：已完成");

⎯⎯⎯⎯⎯⎯⎯⎯⎯⎯⎯⎯⎯⎯⎯⎯⎯⎯⎯⎯⎯⎯⎯⎯[1/2]⎯

 FAIL  tests/visual-tokens.test.ts > visual token discipline > keeps raw visual values out of component styles
AssertionError: Raw visual value is not tokenized: width: 100%;: expected false to be true // Object.is equality

- Expected
+ Received

- true
+ false

 ❯ tests/visual-tokens.test.ts:72:9
     70|         value.includes("var(") || /^(?:0|auto|none|inherit)$/.test(val…
     71|         `Raw visual value is not tokenized: ${match[0].trim()}`,
     72|       ).toBe(true);
       |         ^
     73|     }
     74|   });

⎯⎯⎯⎯⎯⎯⎯⎯⎯⎯⎯⎯⎯⎯⎯⎯⎯⎯⎯⎯⎯⎯⎯⎯[2/2]⎯


 Test Files  2 failed | 73 passed (75)
      Tests  2 failed | 394 passed (396)
   Start at  07:19:25
   Duration  51.69s (transform 3.02s, setup 31.39s, import 9.50s, tests 150.58s, environment 140.04s)

# exit: 1
