# hf-gate-run
# label: t22-red
# command: npm.cmd test -- tests/collaboration-controls.test.tsx
# started: 2026-07-29T23:31:25+00:00

> collaboration-cockpit@0.1.0 test
> vitest run tests/collaboration-controls.test.tsx


 RUN  v4.1.10 D:/cool-ai

 ❯ tests/collaboration-controls.test.tsx (11 tests | 11 failed) 11102ms
     × renders a waiting decision, radio options, free text, usage totals, and per-Agent metrics 1032ms
     × answers with expectedVersion, a stable operation id, optional mention, and focuses success 1006ms
     × preserves an answer draft during submission and sanitized failure 1005ms
     × shows valid controls and disabled reasons for running/null 1005ms
     × shows valid controls and disabled reasons for paused/manual 1005ms
     × shows valid controls and disabled reasons for paused/provider_auth 1005ms
     × shows valid controls and disabled reasons for failed/internal_failure 1005ms
     × shows valid controls and disabled reasons for planned/null 1004ms
     × shows valid controls and disabled reasons for stopped/null 1005ms
     × sends control expectedVersion and unique operation ids, with stop confirmation 1006ms
     × shows controls and usage loading, empty, fixed category errors, and retry success 1022ms

⎯⎯⎯⎯⎯⎯ Failed Tests 11 ⎯⎯⎯⎯⎯⎯⎯

 FAIL  tests/collaboration-controls.test.tsx > collaboration decisions, controls, and usage > renders a waiting decision, radio options, free text, usage totals, and per-Agent metrics
TestingLibraryElementError: Unable to find role="heading" and name "等待你的决策"

Ignored nodes: comments, script, style
[36m<body>[39m
  [36m<div>[39m
    [36m<section[39m
      [33maria-labelledby[39m=[32m"collaboration-title"[39m
      [33mclass[39m=[32m"stack"[39m
    [36m>[39m
      [36m<div[39m
        [33mclass[39m=[32m"panel-heading"[39m
      [36m>[39m
        [36m<div>[39m
          [36m<p[39m
            [33mclass[39m=[32m"eyebrow"[39m
          [36m>[39m
            [0m平等协作[0m
          [36m</p>[39m
          [36m<h3[39m
            [33mid[39m=[32m"collaboration-title"[39m
          [36m>[39m
            [0m项目群聊[0m
          [36m</h3>[39m
        [36m</div>[39m
        [36m<div[39m
          [33mclass[39m=[32m"baton"[39m
          [33mdata-accent[39m=[32m"sage"[39m
        [36m>[39m
          [36m<span[39m
            [33maria-label[39m=[32m"Alpha 的头像"[39m
            [33mclass[39m=[32m"agent-avatar"[39m
          [36m>[39m
            [0mA[0m
          [36m</span>[39m
          [36m<span>[39m
            [36m<span[39m
              [33mclass[39m=[32m"eyebrow"[39m
            [36m>[39m
              [0m当前持棒[0m
            [36m</span>[39m
            [36m<strong>[39m
              [0mAlpha[0m
            [36m</strong>[39m
          [36m</span>[39m
        [36m</div>[39m
      [36m</div>[39m
      [36m<p[39m
        [33mclass[39m=[32m"state-message"[39m
      [36m>[39m
        [0m尚无协作消息。[0m
      [36m</p>[39m
      [36m<p[39m
        [33maria-atomic[39m=[32m"true"[39m
        [33maria-label[39m=[32m"时间线更新摘要"[39m
        [33maria-live[39m=[32m"polite"[39m
        [33mclass[39m=[32m"sr-only"[39m
      [36m/>[39m
      [36m<form[39m
        [33mclass[39m=[32m"composer"[39m
      [36m>[39m
        [36m<div[39m
          [33mclass[39m=[32m"form-field"[39m
        [36m>[39m
          [36m<label[39m
            [33mfor[39m=[32m"collaboration-message-project-1"[39m
          [36m>[39m
            [0m发送给项目群聊[0m
          [36m</label>[39m
          [36m<textarea[39m
            [33mid[39m=[32m"collaboration-message-project-1"[39m
          [36m/>[39m
        [36m</div>[39m
        [36m<div[39m
          [33mclass[39m=[32m"mention-picker"[39m
        [36m>[39m
          [36m<button[39m
            [33maria-controls[39m=[32m"collaboration-members-project-1"[39m
            [33maria-expanded[39m=[32m"false"[39m
            [33maria-haspopup[39m=[32m"listbox"[39m
            [33maria-label[39m=[32m"@成员"[39m
            [33mrole[39m=[32m"combobox"[39m
            [33mtype[39m=[32m"button"[39m
          [36m>[39m
            [0m@成员[0m
          [36m</button>[39m
        [36m</div>[39m
        [36m<button[39m
          [33mdisabled[39m=[32m""[39m
          [33mtype[39m=[32m"submit"[39m
        [36m>[39m
          [0m发送消息[0m
        [36m</button>[39m
      [36m</form>[39m
    [36m</section>[39m
  [36m</div>[39m
[36m</body>[39m

Ignored nodes: comments, script, style
[36m<body>[39m
  [36m<div>[39m
    [36m<section[39m
      [33maria-labelledby[39m=[32m"collaboration-title"[39m
      [33mclass[39m=[32m"stack"[39m
    [36m>[39m
      [36m<div[39m
        [33mclass[39m=[32m"panel-heading"[39m
      [36m>[39m
        [36m<div>[39m
          [36m<p[39m
            [33mclass[39m=[32m"eyebrow"[39m
          [36m>[39m
            [0m平等协作[0m
          [36m</p>[39m
          [36m<h3[39m
            [33mid[39m=[32m"collaboration-title"[39m
          [36m>[39m
            [0m项目群聊[0m
          [36m</h3>[39m
        [36m</div>[39m
        [36m<div[39m
          [33mclass[39m=[32m"baton"[39m
          [33mdata-accent[39m=[32m"sage"[39m
        [36m>[39m
          [36m<span[39m
            [33maria-label[39m=[32m"Alpha 的头像"[39m
            [33mclass[39m=[32m"agent-avatar"[39m
          [36m>[39m
            [0mA[0m
          [36m</span>[39m
          [36m<span>[39m
            [36m<span[39m
              [33mclass[39m=[32m"eyebrow"[39m
            [36m>[39m
              [0m当前持棒[0m
            [36m</span>[39m
            [36m<strong>[39m
              [0mAlpha[0m
            [36m</strong>[39m
          [36m</span>[39m
        [36m</div>[39m
      [36m</div>[39m
      [36m<p[39m
        [33mclass[39m=[32m"state-message"[39m
      [36m>[39m
        [0m尚无协作消息。[0m
      [36m</p>[39m
      [36m<p[39m
        [33maria-atomic[39m=[32m"true"[39m
        [33maria-label[39m=[32m"时间线更新摘要"[39m
        [33maria-live[39m=[32m"polite"[39m
        [33mclass[39m=[32m"sr-only"[39m
      [36m/>[39m
      [36m<form[39m
        [33mclass[39m=[32m"composer"[39m
      [36m>[39m
        [36m<div[39m
          [33mclass[39m=[32m"form-field"[39m
        [36m>[39m
          [36m<label[39m
            [33mfor[39m=[32m"collaboration-message-project-1"[39m
          [36m>[39m
            [0m发送给项目群聊[0m
          [36m</label>[39m
          [36m<textarea[39m
            [33mid[39m=[32m"collaboration-message-project-1"[39m
          [36m/>[39m
        [36m</div>[39m
        [36m<div[39m
          [33mclass[39m=[32m"mention-picker"[39m
        [36m>[39m
          [36m<button[39m
            [33maria-controls[39m=[32m"collaboration-members-project-1"[39m
            [33maria-expanded[39m=[32m"false"[39m
            [33maria-haspopup[39m=[32m"listbox"[39m
            [33maria-label[39m=[32m"@成员"[39m
            [33mrole[39m=[32m"combobox"[39m
            [33mtype[39m=[32m"button"[39m
          [36m>[39m
            [0m@成员[0m
          [36m</button>[39m
        [36m</div>[39m
        [36m<button[39m
          [33mdisabled[39m=[32m""[39m
          [33mtype[39m=[32m"submit"[39m
        [36m>[39m
          [0m发送消息[0m
        [36m</button>[39m
      [36m</form>[39m
    [36m</section>[39m
  [36m</div>[39m
[36m</body>[39m
 ❯ waitForWrapper node_modules/@testing-library/dom/dist/wait-for.js:163:27
 ❯ node_modules/@testing-library/dom/dist/query-helpers.js:86:33
 ❯ tests/collaboration-controls.test.tsx:137:25
    135|     render(createElement(CollaborationPanel, { projectId: "project-1" …
    136|
    137|     expect(await screen.findByRole("heading", { name: "等待你的决策" })).toB…
       |                         ^
    138|     expect(screen.getByText("When should we ship?")).toBeInTheDocument…
    139|     expect(screen.getByRole("radio", { name: "Ship now" })).toBeInTheD…

⎯⎯⎯⎯⎯⎯⎯⎯⎯⎯⎯⎯⎯⎯⎯⎯⎯⎯⎯⎯⎯⎯⎯[1/11]⎯

 FAIL  tests/collaboration-controls.test.tsx > collaboration decisions, controls, and usage > answers with expectedVersion, a stable operation id, optional mention, and focuses success
TestingLibraryElementError: Unable to find role="radio" and name "Ship now"

Ignored nodes: comments, script, style
[36m<body>[39m
  [36m<div>[39m
    [36m<section[39m
      [33maria-labelledby[39m=[32m"collaboration-title"[39m
      [33mclass[39m=[32m"stack"[39m
    [36m>[39m
      [36m<div[39m
        [33mclass[39m=[32m"panel-heading"[39m
      [36m>[39m
        [36m<div>[39m
          [36m<p[39m
            [33mclass[39m=[32m"eyebrow"[39m
          [36m>[39m
            [0m平等协作[0m
          [36m</p>[39m
          [36m<h3[39m
            [33mid[39m=[32m"collaboration-title"[39m
          [36m>[39m
            [0m项目群聊[0m
          [36m</h3>[39m
        [36m</div>[39m
        [36m<div[39m
          [33mclass[39m=[32m"baton"[39m
          [33mdata-accent[39m=[32m"sage"[39m
        [36m>[39m
          [36m<span[39m
            [33maria-label[39m=[32m"Alpha 的头像"[39m
            [33mclass[39m=[32m"agent-avatar"[39m
          [36m>[39m
            [0mA[0m
          [36m</span>[39m
          [36m<span>[39m
            [36m<span[39m
              [33mclass[39m=[32m"eyebrow"[39m
            [36m>[39m
              [0m当前持棒[0m
            [36m</span>[39m
            [36m<strong>[39m
              [0mAlpha[0m
            [36m</strong>[39m
          [36m</span>[39m
        [36m</div>[39m
      [36m</div>[39m
      [36m<p[39m
        [33mclass[39m=[32m"state-message"[39m
      [36m>[39m
        [0m尚无协作消息。[0m
      [36m</p>[39m
      [36m<p[39m
        [33maria-atomic[39m=[32m"true"[39m
        [33maria-label[39m=[32m"时间线更新摘要"[39m
        [33maria-live[39m=[32m"polite"[39m
        [33mclass[39m=[32m"sr-only"[39m
      [36m/>[39m
      [36m<form[39m
        [33mclass[39m=[32m"composer"[39m
      [36m>[39m
        [36m<div[39m
          [33mclass[39m=[32m"form-field"[39m
        [36m>[39m
          [36m<label[39m
            [33mfor[39m=[32m"collaboration-message-project-1"[39m
          [36m>[39m
            [0m发送给项目群聊[0m
          [36m</label>[39m
          [36m<textarea[39m
            [33mid[39m=[32m"collaboration-message-project-1"[39m
          [36m/>[39m
        [36m</div>[39m
        [36m<div[39m
          [33mclass[39m=[32m"mention-picker"[39m
        [36m>[39m
          [36m<button[39m
            [33maria-controls[39m=[32m"collaboration-members-project-1"[39m
            [33maria-expanded[39m=[32m"false"[39m
            [33maria-haspopup[39m=[32m"listbox"[39m
            [33maria-label[39m=[32m"@成员"[39m
            [33mrole[39m=[32m"combobox"[39m
            [33mtype[39m=[32m"button"[39m
          [36m>[39m
            [0m@成员[0m
          [36m</button>[39m
        [36m</div>[39m
        [36m<button[39m
          [33mdisabled[39m=[32m""[39m
          [33mtype[39m=[32m"submit"[39m
        [36m>[39m
          [0m发送消息[0m
        [36m</button>[39m
      [36m</form>[39m
    [36m</section>[39m
  [36m</div>[39m
[36m</body>[39m

Ignored nodes: comments, script, style
[36m<body>[39m
  [36m<div>[39m
    [36m<section[39m
      [33maria-labelledby[39m=[32m"collaboration-title"[39m
      [33mclass[39m=[32m"stack"[39m
    [36m>[39m
      [36m<div[39m
        [33mclass[39m=[32m"panel-heading"[39m
      [36m>[39m
        [36m<div>[39m
          [36m<p[39m
            [33mclass[39m=[32m"eyebrow"[39m
          [36m>[39m
            [0m平等协作[0m
          [36m</p>[39m
          [36m<h3[39m
            [33mid[39m=[32m"collaboration-title"[39m
          [36m>[39m
            [0m项目群聊[0m
          [36m</h3>[39m
        [36m</div>[39m
        [36m<div[39m
          [33mclass[39m=[32m"baton"[39m
          [33mdata-accent[39m=[32m"sage"[39m
        [36m>[39m
          [36m<span[39m
            [33maria-label[39m=[32m"Alpha 的头像"[39m
            [33mclass[39m=[32m"agent-avatar"[39m
          [36m>[39m
            [0mA[0m
          [36m</span>[39m
          [36m<span>[39m
            [36m<span[39m
              [33mclass[39m=[32m"eyebrow"[39m
            [36m>[39m
              [0m当前持棒[0m
            [36m</span>[39m
            [36m<strong>[39m
              [0mAlpha[0m
            [36m</strong>[39m
          [36m</span>[39m
        [36m</div>[39m
      [36m</div>[39m
      [36m<p[39m
        [33mclass[39m=[32m"state-message"[39m
      [36m>[39m
        [0m尚无协作消息。[0m
      [36m</p>[39m
      [36m<p[39m
        [33maria-atomic[39m=[32m"true"[39m
        [33maria-label[39m=[32m"时间线更新摘要"[39m
        [33maria-live[39m=[32m"polite"[39m
        [33mclass[39m=[32m"sr-only"[39m
      [36m/>[39m
      [36m<form[39m
        [33mclass[39m=[32m"composer"[39m
      [36m>[39m
        [36m<div[39m
          [33mclass[39m=[32m"form-field"[39m
        [36m>[39m
          [36m<label[39m
            [33mfor[39m=[32m"collaboration-message-project-1"[39m
          [36m>[39m
            [0m发送给项目群聊[0m
          [36m</label>[39m
          [36m<textarea[39m
            [33mid[39m=[32m"collaboration-message-project-1"[39m
          [36m/>[39m
        [36m</div>[39m
        [36m<div[39m
          [33mclass[39m=[32m"mention-picker"[39m
        [36m>[39m
          [36m<button[39m
            [33maria-controls[39m=[32m"collaboration-members-project-1"[39m
            [33maria-expanded[39m=[32m"false"[39m
            [33maria-haspopup[39m=[32m"listbox"[39m
            [33maria-label[39m=[32m"@成员"[39m
            [33mrole[39m=[32m"combobox"[39m
            [33mtype[39m=[32m"button"[39m
          [36m>[39m
            [0m@成员[0m
          [36m</button>[39m
        [36m</div>[39m
        [36m<button[39m
          [33mdisabled[39m=[32m""[39m
          [33mtype[39m=[32m"submit"[39m
        [36m>[39m
          [0m发送消息[0m
        [36m</button>[39m
      [36m</form>[39m
    [36m</section>[39m
  [36m</div>[39m
[36m</body>[39m
 ❯ waitForWrapper node_modules/@testing-library/dom/dist/wait-for.js:163:27
 ❯ node_modules/@testing-library/dom/dist/query-helpers.js:86:33
 ❯ tests/collaboration-controls.test.tsx:171:35
    169|     render(createElement(CollaborationPanel, { projectId: "project-1" …
    170|
    171|     await user.click(await screen.findByRole("radio", { name: "Ship no…
       |                                   ^
    172|     await user.click(screen.getByRole("combobox", { name: "回答后交给成员" })…
    173|     await user.keyboard("{ArrowDown}{Enter}");

⎯⎯⎯⎯⎯⎯⎯⎯⎯⎯⎯⎯⎯⎯⎯⎯⎯⎯⎯⎯⎯⎯⎯[2/11]⎯

 FAIL  tests/collaboration-controls.test.tsx > collaboration decisions, controls, and usage > preserves an answer draft during submission and sanitized failure
TestingLibraryElementError: Unable to find a label with the text of: 其他回答

Ignored nodes: comments, script, style
[36m<body>[39m
  [36m<div>[39m
    [36m<section[39m
      [33maria-labelledby[39m=[32m"collaboration-title"[39m
      [33mclass[39m=[32m"stack"[39m
    [36m>[39m
      [36m<div[39m
        [33mclass[39m=[32m"panel-heading"[39m
      [36m>[39m
        [36m<div>[39m
          [36m<p[39m
            [33mclass[39m=[32m"eyebrow"[39m
          [36m>[39m
            [0m平等协作[0m
          [36m</p>[39m
          [36m<h3[39m
            [33mid[39m=[32m"collaboration-title"[39m
          [36m>[39m
            [0m项目群聊[0m
          [36m</h3>[39m
        [36m</div>[39m
        [36m<div[39m
          [33mclass[39m=[32m"baton"[39m
          [33mdata-accent[39m=[32m"sage"[39m
        [36m>[39m
          [36m<span[39m
            [33maria-label[39m=[32m"Alpha 的头像"[39m
            [33mclass[39m=[32m"agent-avatar"[39m
          [36m>[39m
            [0mA[0m
          [36m</span>[39m
          [36m<span>[39m
            [36m<span[39m
              [33mclass[39m=[32m"eyebrow"[39m
            [36m>[39m
              [0m当前持棒[0m
            [36m</span>[39m
            [36m<strong>[39m
              [0mAlpha[0m
            [36m</strong>[39m
          [36m</span>[39m
        [36m</div>[39m
      [36m</div>[39m
      [36m<p[39m
        [33mclass[39m=[32m"state-message"[39m
      [36m>[39m
        [0m尚无协作消息。[0m
      [36m</p>[39m
      [36m<p[39m
        [33maria-atomic[39m=[32m"true"[39m
        [33maria-label[39m=[32m"时间线更新摘要"[39m
        [33maria-live[39m=[32m"polite"[39m
        [33mclass[39m=[32m"sr-only"[39m
      [36m/>[39m
      [36m<form[39m
        [33mclass[39m=[32m"composer"[39m
      [36m>[39m
        [36m<div[39m
          [33mclass[39m=[32m"form-field"[39m
        [36m>[39m
          [36m<label[39m
            [33mfor[39m=[32m"collaboration-message-project-1"[39m
          [36m>[39m
            [0m发送给项目群聊[0m
          [36m</label>[39m
          [36m<textarea[39m
            [33mid[39m=[32m"collaboration-message-project-1"[39m
          [36m/>[39m
        [36m</div>[39m
        [36m<div[39m
          [33mclass[39m=[32m"mention-picker"[39m
        [36m>[39m
          [36m<button[39m
            [33maria-controls[39m=[32m"collaboration-members-project-1"[39m
            [33maria-expanded[39m=[32m"false"[39m
            [33maria-haspopup[39m=[32m"listbox"[39m
            [33maria-label[39m=[32m"@成员"[39m
            [33mrole[39m=[32m"combobox"[39m
            [33mtype[39m=[32m"button"[39m
          [36m>[39m
            [0m@成员[0m
          [36m</button>[39m
        [36m</div>[39m
        [36m<button[39m
          [33mdisabled[39m=[32m""[39m
          [33mtype[39m=[32m"submit"[39m
        [36m>[39m
          [0m发送消息[0m
        [36m</button>[39m
      [36m</form>[39m
    [36m</section>[39m
  [36m</div>[39m
[36m</body>[39m

Ignored nodes: comments, script, style
[36m<body>[39m
  [36m<div>[39m
    [36m<section[39m
      [33maria-labelledby[39m=[32m"collaboration-title"[39m
      [33mclass[39m=[32m"stack"[39m
    [36m>[39m
      [36m<div[39m
        [33mclass[39m=[32m"panel-heading"[39m
      [36m>[39m
        [36m<div>[39m
          [36m<p[39m
            [33mclass[39m=[32m"eyebrow"[39m
          [36m>[39m
            [0m平等协作[0m
          [36m</p>[39m
          [36m<h3[39m
            [33mid[39m=[32m"collaboration-title"[39m
          [36m>[39m
            [0m项目群聊[0m
          [36m</h3>[39m
        [36m</div>[39m
        [36m<div[39m
          [33mclass[39m=[32m"baton"[39m
          [33mdata-accent[39m=[32m"sage"[39m
        [36m>[39m
          [36m<span[39m
            [33maria-label[39m=[32m"Alpha 的头像"[39m
            [33mclass[39m=[32m"agent-avatar"[39m
          [36m>[39m
            [0mA[0m
          [36m</span>[39m
          [36m<span>[39m
            [36m<span[39m
              [33mclass[39m=[32m"eyebrow"[39m
            [36m>[39m
              [0m当前持棒[0m
            [36m</span>[39m
            [36m<strong>[39m
              [0mAlpha[0m
            [36m</strong>[39m
          [36m</span>[39m
        [36m</div>[39m
      [36m</div>[39m
      [36m<p[39m
        [33mclass[39m=[32m"state-message"[39m
      [36m>[39m
        [0m尚无协作消息。[0m
      [36m</p>[39m
      [36m<p[39m
        [33maria-atomic[39m=[32m"true"[39m
        [33maria-label[39m=[32m"时间线更新摘要"[39m
        [33maria-live[39m=[32m"polite"[39m
        [33mclass[39m=[32m"sr-only"[39m
      [36m/>[39m
      [36m<form[39m
        [33mclass[39m=[32m"composer"[39m
      [36m>[39m
        [36m<div[39m
          [33mclass[39m=[32m"form-field"[39m
        [36m>[39m
          [36m<label[39m
            [33mfor[39m=[32m"collaboration-message-project-1"[39m
          [36m>[39m
            [0m发送给项目群聊[0m
          [36m</label>[39m
          [36m<textarea[39m
            [33mid[39m=[32m"collaboration-message-project-1"[39m
          [36m/>[39m
        [36m</div>[39m
        [36m<div[39m
          [33mclass[39m=[32m"mention-picker"[39m
        [36m>[39m
          [36m<button[39m
            [33maria-controls[39m=[32m"collaboration-members-project-1"[39m
            [33maria-expanded[39m=[32m"false"[39m
            [33maria-haspopup[39m=[32m"listbox"[39m
            [33maria-label[39m=[32m"@成员"[39m
            [33mrole[39m=[32m"combobox"[39m
            [33mtype[39m=[32m"button"[39m
          [36m>[39m
            [0m@成员[0m
          [36m</button>[39m
        [36m</div>[39m
        [36m<button[39m
          [33mdisabled[39m=[32m""[39m
          [33mtype[39m=[32m"submit"[39m
        [36m>[39m
          [0m发送消息[0m
        [36m</button>[39m
      [36m</form>[39m
    [36m</section>[39m
  [36m</div>[39m
[36m</body>[39m
 ❯ waitForWrapper node_modules/@testing-library/dom/dist/wait-for.js:163:27
 ❯ node_modules/@testing-library/dom/dist/query-helpers.js:86:33
 ❯ tests/collaboration-controls.test.tsx:196:32
    194|     const user = userEvent.setup();
    195|     render(createElement(CollaborationPanel, { projectId: "project-1" …
    196|     const input = await screen.findByLabelText("其他回答");
       |                                ^
    197|     await user.type(input, "Keep this decision draft");
    198|     await user.click(screen.getByRole("button", { name: "提交回答" }));

⎯⎯⎯⎯⎯⎯⎯⎯⎯⎯⎯⎯⎯⎯⎯⎯⎯⎯⎯⎯⎯⎯⎯[3/11]⎯

 FAIL  tests/collaboration-controls.test.tsx > collaboration decisions, controls, and usage > shows valid controls and disabled reasons for running/null
TestingLibraryElementError: Unable to find role="region" and name "运行控制"

Ignored nodes: comments, script, style
[36m<body>[39m
  [36m<div>[39m
    [36m<section[39m
      [33maria-labelledby[39m=[32m"collaboration-title"[39m
      [33mclass[39m=[32m"stack"[39m
    [36m>[39m
      [36m<div[39m
        [33mclass[39m=[32m"panel-heading"[39m
      [36m>[39m
        [36m<div>[39m
          [36m<p[39m
            [33mclass[39m=[32m"eyebrow"[39m
          [36m>[39m
            [0m平等协作[0m
          [36m</p>[39m
          [36m<h3[39m
            [33mid[39m=[32m"collaboration-title"[39m
          [36m>[39m
            [0m项目群聊[0m
          [36m</h3>[39m
        [36m</div>[39m
        [36m<div[39m
          [33mclass[39m=[32m"baton"[39m
          [33mdata-accent[39m=[32m"sage"[39m
        [36m>[39m
          [36m<span[39m
            [33maria-label[39m=[32m"Alpha 的头像"[39m
            [33mclass[39m=[32m"agent-avatar"[39m
          [36m>[39m
            [0mA[0m
          [36m</span>[39m
          [36m<span>[39m
            [36m<span[39m
              [33mclass[39m=[32m"eyebrow"[39m
            [36m>[39m
              [0m当前持棒[0m
            [36m</span>[39m
            [36m<strong>[39m
              [0mAlpha[0m
            [36m</strong>[39m
          [36m</span>[39m
        [36m</div>[39m
      [36m</div>[39m
      [36m<p[39m
        [33mclass[39m=[32m"state-message"[39m
      [36m>[39m
        [0m尚无协作消息。[0m
      [36m</p>[39m
      [36m<p[39m
        [33maria-atomic[39m=[32m"true"[39m
        [33maria-label[39m=[32m"时间线更新摘要"[39m
        [33maria-live[39m=[32m"polite"[39m
        [33mclass[39m=[32m"sr-only"[39m
      [36m/>[39m
      [36m<div[39m
        [33mclass[39m=[32m"state-message"[39m
      [36m>[39m
        [36m<p[39m
          [33mclass[39m=[32m"error-text"[39m
          [33mrole[39m=[32m"alert"[39m
        [36m>[39m
          [0m无法推进协作，请稍后重试。[0m
        [36m</p>[39m
        [36m<button[39m
          [33mtype[39m=[32m"button"[39m
        [36m>[39m
          [0m重试推进[0m
        [36m</button>[39m
      [36m</div>[39m
      [36m<form[39m
        [33mclass[39m=[32m"composer"[39m
      [36m>[39m
        [36m<div[39m
          [33mclass[39m=[32m"form-field"[39m
        [36m>[39m
          [36m<label[39m
            [33mfor[39m=[32m"collaboration-message-project-1"[39m
          [36m>[39m
            [0m发送给项目群聊[0m
          [36m</label>[39m
          [36m<textarea[39m
            [33mid[39m=[32m"collaboration-message-project-1"[39m
          [36m/>[39m
        [36m</div>[39m
        [36m<div[39m
          [33mclass[39m=[32m"mention-picker"[39m
        [36m>[39m
          [36m<button[39m
            [33maria-controls[39m=[32m"collaboration-members-project-1"[39m
            [33maria-expanded[39m=[32m"false"[39m
            [33maria-haspopup[39m=[32m"listbox"[39m
            [33maria-label[39m=[32m"@成员"[39m
            [33mrole[39m=[32m"combobox"[39m
            [33mtype[39m=[32m"button"[39m
          [36m>[39m
            [0m@成员[0m
          [36m</button>[39m
        [36m</div>[39m
        [36m<button[39m
          [33mdisabled[39m=[32m""[39m
          [33mtype[39m=[32m"submit"[39m
        [36m>[39m
          [0m发送消息[0m
        [36m</button>[39m
      [36m</form>[39m
    [36m</section>[39m
  [36m</div>[39m
[36m</body>[39m

Ignored nodes: comments, script, style
[36m<body>[39m
  [36m<div>[39m
    [36m<section[39m
      [33maria-labelledby[39m=[32m"collaboration-title"[39m
      [33mclass[39m=[32m"stack"[39m
    [36m>[39m
      [36m<div[39m
        [33mclass[39m=[32m"panel-heading"[39m
      [36m>[39m
        [36m<div>[39m
          [36m<p[39m
            [33mclass[39m=[32m"eyebrow"[39m
          [36m>[39m
            [0m平等协作[0m
          [36m</p>[39m
          [36m<h3[39m
            [33mid[39m=[32m"collaboration-title"[39m
          [36m>[39m
            [0m项目群聊[0m
          [36m</h3>[39m
        [36m</div>[39m
        [36m<div[39m
          [33mclass[39m=[32m"baton"[39m
          [33mdata-accent[39m=[32m"sage"[39m
        [36m>[39m
          [36m<span[39m
            [33maria-label[39m=[32m"Alpha 的头像"[39m
            [33mclass[39m=[32m"agent-avatar"[39m
          [36m>[39m
            [0mA[0m
          [36m</span>[39m
          [36m<span>[39m
            [36m<span[39m
              [33mclass[39m=[32m"eyebrow"[39m
            [36m>[39m
              [0m当前持棒[0m
            [36m</span>[39m
            [36m<strong>[39m
              [0mAlpha[0m
            [36m</strong>[39m
          [36m</span>[39m
        [36m</div>[39m
      [36m</div>[39m
      [36m<p[39m
        [33mclass[39m=[32m"state-message"[39m
      [36m>[39m
        [0m尚无协作消息。[0m
      [36m</p>[39m
      [36m<p[39m
        [33maria-atomic[39m=[32m"true"[39m
        [33maria-label[39m=[32m"时间线更新摘要"[39m
        [33maria-live[39m=[32m"polite"[39m
        [33mclass[39m=[32m"sr-only"[39m
      [36m/>[39m
      [36m<div[39m
        [33mclass[39m=[32m"state-message"[39m
      [36m>[39m
        [36m<p[39m
          [33mclass[39m=[32m"error-text"[39m
          [33mrole[39m=[32m"alert"[39m
        [36m>[39m
          [0m无法推进协作，请稍后重试。[0m
        [36m</p>[39m
        [36m<button[39m
          [33mtype[39m=[32m"button"[39m
        [36m>[39m
          [0m重试推进[0m
        [36m</button>[39m
      [36m</div>[39m
      [36m<form[39m
        [33mclass[39m=[32m"composer"[39m
      [36m>[39m
        [36m<div[39m
          [33mclass[39m=[32m"form-field"[39m
        [36m>[39m
          [36m<label[39m
            [33mfor[39m=[32m"collaboration-message-project-1"[39m
          [36m>[39m
            [0m发送给项目群聊[0m
          [36m</label>[39m
          [36m<textarea[39m
            [33mid[39m=[32m"collaboration-message-project-1"[39m
          [36m/>[39m
        [36m</div>[39m
        [36m<div[39m
          [33mclass[39m=[32m"mention-picker"[39m
        [36m>[39m
          [36m<button[39m
            [33maria-controls[39m=[32m"collaboration-members-project-1"[39m
            [33maria-expanded[39m=[32m"false"[39m
            [33maria-haspopup[39m=[32m"listbox"[39m
            [33maria-label[39m=[32m"@成员"[39m
            [33mrole[39m=[32m"combobox"[39m
            [33mtype[39m=[32m"button"[39m
          [36m>[39m
            [0m@成员[0m
          [36m</button>[39m
        [36m</div>[39m
        [36m<button[39m
          [33mdisabled[39m=[32m""[39m
          [33mtype[39m=[32m"submit"[39m
        [36m>[39m
          [0m发送消息[0m
        [36m</button>[39m
      [36m</form>[39m
    [36m</section>[39m
  [36m</div>[39m
[36m</body>[39m
 ❯ waitForWrapper node_modules/@testing-library/dom/dist/wait-for.js:163:27
 ❯ node_modules/@testing-library/dom/dist/query-helpers.js:86:33
 ❯ tests/collaboration-controls.test.tsx:228:20
    226|       installFetch(read(status, category, null));
    227|       render(createElement(CollaborationPanel, { projectId: "project-1…
    228|       await screen.findByRole("region", { name: "运行控制" });
       |                    ^
    229|
    230|       if (enabledName) {

⎯⎯⎯⎯⎯⎯⎯⎯⎯⎯⎯⎯⎯⎯⎯⎯⎯⎯⎯⎯⎯⎯⎯[4/11]⎯

 FAIL  tests/collaboration-controls.test.tsx > collaboration decisions, controls, and usage > shows valid controls and disabled reasons for paused/manual
 FAIL  tests/collaboration-controls.test.tsx > collaboration decisions, controls, and usage > shows valid controls and disabled reasons for paused/provider_auth
 FAIL  tests/collaboration-controls.test.tsx > collaboration decisions, controls, and usage > shows valid controls and disabled reasons for failed/internal_failure
TestingLibraryElementError: Unable to find role="region" and name "运行控制"

Ignored nodes: comments, script, style
[36m<body>[39m
  [36m<div>[39m
    [36m<section[39m
      [33maria-labelledby[39m=[32m"collaboration-title"[39m
      [33mclass[39m=[32m"stack"[39m
    [36m>[39m
      [36m<div[39m
        [33mclass[39m=[32m"panel-heading"[39m
      [36m>[39m
        [36m<div>[39m
          [36m<p[39m
            [33mclass[39m=[32m"eyebrow"[39m
          [36m>[39m
            [0m平等协作[0m
          [36m</p>[39m
          [36m<h3[39m
            [33mid[39m=[32m"collaboration-title"[39m
          [36m>[39m
            [0m项目群聊[0m
          [36m</h3>[39m
        [36m</div>[39m
        [36m<div[39m
          [33mclass[39m=[32m"baton"[39m
          [33mdata-accent[39m=[32m"sage"[39m
        [36m>[39m
          [36m<span[39m
            [33maria-label[39m=[32m"Alpha 的头像"[39m
            [33mclass[39m=[32m"agent-avatar"[39m
          [36m>[39m
            [0mA[0m
          [36m</span>[39m
          [36m<span>[39m
            [36m<span[39m
              [33mclass[39m=[32m"eyebrow"[39m
            [36m>[39m
              [0m当前持棒[0m
            [36m</span>[39m
            [36m<strong>[39m
              [0mAlpha[0m
            [36m</strong>[39m
          [36m</span>[39m
        [36m</div>[39m
      [36m</div>[39m
      [36m<p[39m
        [33mclass[39m=[32m"state-message"[39m
      [36m>[39m
        [0m尚无协作消息。[0m
      [36m</p>[39m
      [36m<p[39m
        [33maria-atomic[39m=[32m"true"[39m
        [33maria-label[39m=[32m"时间线更新摘要"[39m
        [33maria-live[39m=[32m"polite"[39m
        [33mclass[39m=[32m"sr-only"[39m
      [36m/>[39m
      [36m<form[39m
        [33mclass[39m=[32m"composer"[39m
      [36m>[39m
        [36m<div[39m
          [33mclass[39m=[32m"form-field"[39m
        [36m>[39m
          [36m<label[39m
            [33mfor[39m=[32m"collaboration-message-project-1"[39m
          [36m>[39m
            [0m发送给项目群聊[0m
          [36m</label>[39m
          [36m<textarea[39m
            [33mid[39m=[32m"collaboration-message-project-1"[39m
          [36m/>[39m
        [36m</div>[39m
        [36m<div[39m
          [33mclass[39m=[32m"mention-picker"[39m
        [36m>[39m
          [36m<button[39m
            [33maria-controls[39m=[32m"collaboration-members-project-1"[39m
            [33maria-expanded[39m=[32m"false"[39m
            [33maria-haspopup[39m=[32m"listbox"[39m
            [33maria-label[39m=[32m"@成员"[39m
            [33mrole[39m=[32m"combobox"[39m
            [33mtype[39m=[32m"button"[39m
          [36m>[39m
            [0m@成员[0m
          [36m</button>[39m
        [36m</div>[39m
        [36m<button[39m
          [33mdisabled[39m=[32m""[39m
          [33mtype[39m=[32m"submit"[39m
        [36m>[39m
          [0m发送消息[0m
        [36m</button>[39m
      [36m</form>[39m
    [36m</section>[39m
  [36m</div>[39m
[36m</body>[39m

Ignored nodes: comments, script, style
[36m<body>[39m
  [36m<div>[39m
    [36m<section[39m
      [33maria-labelledby[39m=[32m"collaboration-title"[39m
      [33mclass[39m=[32m"stack"[39m
    [36m>[39m
      [36m<div[39m
        [33mclass[39m=[32m"panel-heading"[39m
      [36m>[39m
        [36m<div>[39m
          [36m<p[39m
            [33mclass[39m=[32m"eyebrow"[39m
          [36m>[39m
            [0m平等协作[0m
          [36m</p>[39m
          [36m<h3[39m
            [33mid[39m=[32m"collaboration-title"[39m
          [36m>[39m
            [0m项目群聊[0m
          [36m</h3>[39m
        [36m</div>[39m
        [36m<div[39m
          [33mclass[39m=[32m"baton"[39m
          [33mdata-accent[39m=[32m"sage"[39m
        [36m>[39m
          [36m<span[39m
            [33maria-label[39m=[32m"Alpha 的头像"[39m
            [33mclass[39m=[32m"agent-avatar"[39m
          [36m>[39m
            [0mA[0m
          [36m</span>[39m
          [36m<span>[39m
            [36m<span[39m
              [33mclass[39m=[32m"eyebrow"[39m
            [36m>[39m
              [0m当前持棒[0m
            [36m</span>[39m
            [36m<strong>[39m
              [0mAlpha[0m
            [36m</strong>[39m
          [36m</span>[39m
        [36m</div>[39m
      [36m</div>[39m
      [36m<p[39m
        [33mclass[39m=[32m"state-message"[39m
      [36m>[39m
        [0m尚无协作消息。[0m
      [36m</p>[39m
      [36m<p[39m
        [33maria-atomic[39m=[32m"true"[39m
        [33maria-label[39m=[32m"时间线更新摘要"[39m
        [33maria-live[39m=[32m"polite"[39m
        [33mclass[39m=[32m"sr-only"[39m
      [36m/>[39m
      [36m<form[39m
        [33mclass[39m=[32m"composer"[39m
      [36m>[39m
        [36m<div[39m
          [33mclass[39m=[32m"form-field"[39m
        [36m>[39m
          [36m<label[39m
            [33mfor[39m=[32m"collaboration-message-project-1"[39m
          [36m>[39m
            [0m发送给项目群聊[0m
          [36m</label>[39m
          [36m<textarea[39m
            [33mid[39m=[32m"collaboration-message-project-1"[39m
          [36m/>[39m
        [36m</div>[39m
        [36m<div[39m
          [33mclass[39m=[32m"mention-picker"[39m
        [36m>[39m
          [36m<button[39m
            [33maria-controls[39m=[32m"collaboration-members-project-1"[39m
            [33maria-expanded[39m=[32m"false"[39m
            [33maria-haspopup[39m=[32m"listbox"[39m
            [33maria-label[39m=[32m"@成员"[39m
            [33mrole[39m=[32m"combobox"[39m
            [33mtype[39m=[32m"button"[39m
          [36m>[39m
            [0m@成员[0m
          [36m</button>[39m
        [36m</div>[39m
        [36m<button[39m
          [33mdisabled[39m=[32m""[39m
          [33mtype[39m=[32m"submit"[39m
        [36m>[39m
          [0m发送消息[0m
        [36m</button>[39m
      [36m</form>[39m
    [36m</section>[39m
  [36m</div>[39m
[36m</body>[39m
 ❯ waitForWrapper node_modules/@testing-library/dom/dist/wait-for.js:163:27
 ❯ node_modules/@testing-library/dom/dist/query-helpers.js:86:33
 ❯ tests/collaboration-controls.test.tsx:228:20
    226|       installFetch(read(status, category, null));
    227|       render(createElement(CollaborationPanel, { projectId: "project-1…
    228|       await screen.findByRole("region", { name: "运行控制" });
       |                    ^
    229|
    230|       if (enabledName) {

⎯⎯⎯⎯⎯⎯⎯⎯⎯⎯⎯⎯⎯⎯⎯⎯⎯⎯⎯⎯⎯⎯⎯[5/11]⎯

 FAIL  tests/collaboration-controls.test.tsx > collaboration decisions, controls, and usage > shows valid controls and disabled reasons for planned/null
 FAIL  tests/collaboration-controls.test.tsx > collaboration decisions, controls, and usage > shows valid controls and disabled reasons for stopped/null
TestingLibraryElementError: Unable to find role="region" and name "运行控制"

Ignored nodes: comments, script, style
[36m<body>[39m
  [36m<div>[39m
    [36m<section[39m
      [33maria-labelledby[39m=[32m"collaboration-title"[39m
      [33mclass[39m=[32m"stack"[39m
    [36m>[39m
      [36m<div[39m
        [33mclass[39m=[32m"panel-heading"[39m
      [36m>[39m
        [36m<div>[39m
          [36m<p[39m
            [33mclass[39m=[32m"eyebrow"[39m
          [36m>[39m
            [0m平等协作[0m
          [36m</p>[39m
          [36m<h3[39m
            [33mid[39m=[32m"collaboration-title"[39m
          [36m>[39m
            [0m项目群聊[0m
          [36m</h3>[39m
        [36m</div>[39m
        [36m<div[39m
          [33mclass[39m=[32m"baton"[39m
          [33mdata-accent[39m=[32m"sage"[39m
        [36m>[39m
          [36m<span[39m
            [33maria-label[39m=[32m"Alpha 的头像"[39m
            [33mclass[39m=[32m"agent-avatar"[39m
          [36m>[39m
            [0mA[0m
          [36m</span>[39m
          [36m<span>[39m
            [36m<span[39m
              [33mclass[39m=[32m"eyebrow"[39m
            [36m>[39m
              [0m当前持棒[0m
            [36m</span>[39m
            [36m<strong>[39m
              [0mAlpha[0m
            [36m</strong>[39m
          [36m</span>[39m
        [36m</div>[39m
      [36m</div>[39m
      [36m<p[39m
        [33mclass[39m=[32m"state-message"[39m
      [36m>[39m
        [0m尚无协作消息。[0m
      [36m</p>[39m
      [36m<p[39m
        [33maria-atomic[39m=[32m"true"[39m
        [33maria-label[39m=[32m"时间线更新摘要"[39m
        [33maria-live[39m=[32m"polite"[39m
        [33mclass[39m=[32m"sr-only"[39m
      [36m/>[39m
      [36m<form[39m
        [33mclass[39m=[32m"composer"[39m
      [36m>[39m
        [36m<div[39m
          [33mclass[39m=[32m"form-field"[39m
        [36m>[39m
          [36m<label[39m
            [33mfor[39m=[32m"collaboration-message-project-1"[39m
          [36m>[39m
            [0m发送给项目群聊[0m
          [36m</label>[39m
          [36m<textarea[39m
            [33mid[39m=[32m"collaboration-message-project-1"[39m
          [36m/>[39m
        [36m</div>[39m
        [36m<div[39m
          [33mclass[39m=[32m"mention-picker"[39m
        [36m>[39m
          [36m<button[39m
            [33maria-controls[39m=[32m"collaboration-members-project-1"[39m
            [33maria-expanded[39m=[32m"false"[39m
            [33maria-haspopup[39m=[32m"listbox"[39m
            [33maria-label[39m=[32m"@成员"[39m
            [33mrole[39m=[32m"combobox"[39m
            [33mtype[39m=[32m"button"[39m
          [36m>[39m
            [0m@成员[0m
          [36m</button>[39m
        [36m</div>[39m
        [36m<button[39m
          [33mdisabled[39m=[32m""[39m
          [33mtype[39m=[32m"submit"[39m
        [36m>[39m
          [0m发送并启动协作[0m
        [36m</button>[39m
      [36m</form>[39m
    [36m</section>[39m
  [36m</div>[39m
[36m</body>[39m

Ignored nodes: comments, script, style
[36m<body>[39m
  [36m<div>[39m
    [36m<section[39m
      [33maria-labelledby[39m=[32m"collaboration-title"[39m
      [33mclass[39m=[32m"stack"[39m
    [36m>[39m
      [36m<div[39m
        [33mclass[39m=[32m"panel-heading"[39m
      [36m>[39m
        [36m<div>[39m
          [36m<p[39m
            [33mclass[39m=[32m"eyebrow"[39m
          [36m>[39m
            [0m平等协作[0m
          [36m</p>[39m
          [36m<h3[39m
            [33mid[39m=[32m"collaboration-title"[39m
          [36m>[39m
            [0m项目群聊[0m
          [36m</h3>[39m
        [36m</div>[39m
        [36m<div[39m
          [33mclass[39m=[32m"baton"[39m
          [33mdata-accent[39m=[32m"sage"[39m
        [36m>[39m
          [36m<span[39m
            [33maria-label[39m=[32m"Alpha 的头像"[39m
            [33mclass[39m=[32m"agent-avatar"[39m
          [36m>[39m
            [0mA[0m
          [36m</span>[39m
          [36m<span>[39m
            [36m<span[39m
              [33mclass[39m=[32m"eyebrow"[39m
            [36m>[39m
              [0m当前持棒[0m
            [36m</span>[39m
            [36m<strong>[39m
              [0mAlpha[0m
            [36m</strong>[39m
          [36m</span>[39m
        [36m</div>[39m
      [36m</div>[39m
      [36m<p[39m
        [33mclass[39m=[32m"state-message"[39m
      [36m>[39m
        [0m尚无协作消息。[0m
      [36m</p>[39m
      [36m<p[39m
        [33maria-atomic[39m=[32m"true"[39m
        [33maria-label[39m=[32m"时间线更新摘要"[39m
        [33maria-live[39m=[32m"polite"[39m
        [33mclass[39m=[32m"sr-only"[39m
      [36m/>[39m
      [36m<form[39m
        [33mclass[39m=[32m"composer"[39m
      [36m>[39m
        [36m<div[39m
          [33mclass[39m=[32m"form-field"[39m
        [36m>[39m
          [36m<label[39m
            [33mfor[39m=[32m"collaboration-message-project-1"[39m
          [36m>[39m
            [0m发送给项目群聊[0m
          [36m</label>[39m
          [36m<textarea[39m
            [33mid[39m=[32m"collaboration-message-project-1"[39m
          [36m/>[39m
        [36m</div>[39m
        [36m<div[39m
          [33mclass[39m=[32m"mention-picker"[39m
        [36m>[39m
          [36m<button[39m
            [33maria-controls[39m=[32m"collaboration-members-project-1"[39m
            [33maria-expanded[39m=[32m"false"[39m
            [33maria-haspopup[39m=[32m"listbox"[39m
            [33maria-label[39m=[32m"@成员"[39m
            [33mrole[39m=[32m"combobox"[39m
            [33mtype[39m=[32m"button"[39m
          [36m>[39m
            [0m@成员[0m
          [36m</button>[39m
        [36m</div>[39m
        [36m<button[39m
          [33mdisabled[39m=[32m""[39m
          [33mtype[39m=[32m"submit"[39m
        [36m>[39m
          [0m发送并启动协作[0m
        [36m</button>[39m
      [36m</form>[39m
    [36m</section>[39m
  [36m</div>[39m
[36m</body>[39m
 ❯ waitForWrapper node_modules/@testing-library/dom/dist/wait-for.js:163:27
 ❯ node_modules/@testing-library/dom/dist/query-helpers.js:86:33
 ❯ tests/collaboration-controls.test.tsx:228:20
    226|       installFetch(read(status, category, null));
    227|       render(createElement(CollaborationPanel, { projectId: "project-1…
    228|       await screen.findByRole("region", { name: "运行控制" });
       |                    ^
    229|
    230|       if (enabledName) {

⎯⎯⎯⎯⎯⎯⎯⎯⎯⎯⎯⎯⎯⎯⎯⎯⎯⎯⎯⎯⎯⎯⎯[6/11]⎯

 FAIL  tests/collaboration-controls.test.tsx > collaboration decisions, controls, and usage > sends control expectedVersion and unique operation ids, with stop confirmation
TestingLibraryElementError: Unable to find role="button" and name "暂停"

Ignored nodes: comments, script, style
[36m<body>[39m
  [36m<div>[39m
    [36m<section[39m
      [33maria-labelledby[39m=[32m"collaboration-title"[39m
      [33mclass[39m=[32m"stack"[39m
    [36m>[39m
      [36m<div[39m
        [33mclass[39m=[32m"panel-heading"[39m
      [36m>[39m
        [36m<div>[39m
          [36m<p[39m
            [33mclass[39m=[32m"eyebrow"[39m
          [36m>[39m
            [0m平等协作[0m
          [36m</p>[39m
          [36m<h3[39m
            [33mid[39m=[32m"collaboration-title"[39m
          [36m>[39m
            [0m项目群聊[0m
          [36m</h3>[39m
        [36m</div>[39m
        [36m<div[39m
          [33mclass[39m=[32m"baton"[39m
          [33mdata-accent[39m=[32m"sage"[39m
        [36m>[39m
          [36m<span[39m
            [33maria-label[39m=[32m"Alpha 的头像"[39m
            [33mclass[39m=[32m"agent-avatar"[39m
          [36m>[39m
            [0mA[0m
          [36m</span>[39m
          [36m<span>[39m
            [36m<span[39m
              [33mclass[39m=[32m"eyebrow"[39m
            [36m>[39m
              [0m当前持棒[0m
            [36m</span>[39m
            [36m<strong>[39m
              [0mAlpha[0m
            [36m</strong>[39m
          [36m</span>[39m
        [36m</div>[39m
      [36m</div>[39m
      [36m<p[39m
        [33mclass[39m=[32m"state-message"[39m
      [36m>[39m
        [0m尚无协作消息。[0m
      [36m</p>[39m
      [36m<p[39m
        [33maria-atomic[39m=[32m"true"[39m
        [33maria-label[39m=[32m"时间线更新摘要"[39m
        [33maria-live[39m=[32m"polite"[39m
        [33mclass[39m=[32m"sr-only"[39m
      [36m/>[39m
      [36m<form[39m
        [33mclass[39m=[32m"composer"[39m
      [36m>[39m
        [36m<div[39m
          [33mclass[39m=[32m"form-field"[39m
        [36m>[39m
          [36m<label[39m
            [33mfor[39m=[32m"collaboration-message-project-1"[39m
          [36m>[39m
            [0m发送给项目群聊[0m
          [36m</label>[39m
          [36m<textarea[39m
            [33mid[39m=[32m"collaboration-message-project-1"[39m
          [36m/>[39m
        [36m</div>[39m
        [36m<div[39m
          [33mclass[39m=[32m"mention-picker"[39m
        [36m>[39m
          [36m<button[39m
            [33maria-controls[39m=[32m"collaboration-members-project-1"[39m
            [33maria-expanded[39m=[32m"false"[39m
            [33maria-haspopup[39m=[32m"listbox"[39m
            [33maria-label[39m=[32m"@成员"[39m
            [33mrole[39m=[32m"combobox"[39m
            [33mtype[39m=[32m"button"[39m
          [36m>[39m
            [0m@成员[0m
          [36m</button>[39m
        [36m</div>[39m
        [36m<button[39m
          [33mdisabled[39m=[32m""[39m
          [33mtype[39m=[32m"submit"[39m
        [36m>[39m
          [0m发送消息[0m
        [36m</button>[39m
      [36m</form>[39m
    [36m</section>[39m
  [36m</div>[39m
[36m</body>[39m

Ignored nodes: comments, script, style
[36m<body>[39m
  [36m<div>[39m
    [36m<section[39m
      [33maria-labelledby[39m=[32m"collaboration-title"[39m
      [33mclass[39m=[32m"stack"[39m
    [36m>[39m
      [36m<div[39m
        [33mclass[39m=[32m"panel-heading"[39m
      [36m>[39m
        [36m<div>[39m
          [36m<p[39m
            [33mclass[39m=[32m"eyebrow"[39m
          [36m>[39m
            [0m平等协作[0m
          [36m</p>[39m
          [36m<h3[39m
            [33mid[39m=[32m"collaboration-title"[39m
          [36m>[39m
            [0m项目群聊[0m
          [36m</h3>[39m
        [36m</div>[39m
        [36m<div[39m
          [33mclass[39m=[32m"baton"[39m
          [33mdata-accent[39m=[32m"sage"[39m
        [36m>[39m
          [36m<span[39m
            [33maria-label[39m=[32m"Alpha 的头像"[39m
            [33mclass[39m=[32m"agent-avatar"[39m
          [36m>[39m
            [0mA[0m
          [36m</span>[39m
          [36m<span>[39m
            [36m<span[39m
              [33mclass[39m=[32m"eyebrow"[39m
            [36m>[39m
              [0m当前持棒[0m
            [36m</span>[39m
            [36m<strong>[39m
              [0mAlpha[0m
            [36m</strong>[39m
          [36m</span>[39m
        [36m</div>[39m
      [36m</div>[39m
      [36m<p[39m
        [33mclass[39m=[32m"state-message"[39m
      [36m>[39m
        [0m尚无协作消息。[0m
      [36m</p>[39m
      [36m<p[39m
        [33maria-atomic[39m=[32m"true"[39m
        [33maria-label[39m=[32m"时间线更新摘要"[39m
        [33maria-live[39m=[32m"polite"[39m
        [33mclass[39m=[32m"sr-only"[39m
      [36m/>[39m
      [36m<form[39m
        [33mclass[39m=[32m"composer"[39m
      [36m>[39m
        [36m<div[39m
          [33mclass[39m=[32m"form-field"[39m
        [36m>[39m
          [36m<label[39m
            [33mfor[39m=[32m"collaboration-message-project-1"[39m
          [36m>[39m
            [0m发送给项目群聊[0m
          [36m</label>[39m
          [36m<textarea[39m
            [33mid[39m=[32m"collaboration-message-project-1"[39m
          [36m/>[39m
        [36m</div>[39m
        [36m<div[39m
          [33mclass[39m=[32m"mention-picker"[39m
        [36m>[39m
          [36m<button[39m
            [33maria-controls[39m=[32m"collaboration-members-project-1"[39m
            [33maria-expanded[39m=[32m"false"[39m
            [33maria-haspopup[39m=[32m"listbox"[39m
            [33maria-label[39m=[32m"@成员"[39m
            [33mrole[39m=[32m"combobox"[39m
            [33mtype[39m=[32m"button"[39m
          [36m>[39m
            [0m@成员[0m
          [36m</button>[39m
        [36m</div>[39m
        [36m<button[39m
          [33mdisabled[39m=[32m""[39m
          [33mtype[39m=[32m"submit"[39m
        [36m>[39m
          [0m发送消息[0m
        [36m</button>[39m
      [36m</form>[39m
    [36m</section>[39m
  [36m</div>[39m
[36m</body>[39m
 ❯ waitForWrapper node_modules/@testing-library/dom/dist/wait-for.js:163:27
 ❯ node_modules/@testing-library/dom/dist/query-helpers.js:86:33
 ❯ tests/collaboration-controls.test.tsx:248:35
    246|     render(createElement(CollaborationPanel, { projectId: "project-1" …
    247|
    248|     await user.click(await screen.findByRole("button", { name: "暂停" })…
       |                                   ^
    249|     await waitFor(() => expect(calls).toHaveLength(1));
    250|     expect(calls[0]).toMatchObject({

⎯⎯⎯⎯⎯⎯⎯⎯⎯⎯⎯⎯⎯⎯⎯⎯⎯⎯⎯⎯⎯⎯⎯[7/11]⎯

 FAIL  tests/collaboration-controls.test.tsx > collaboration decisions, controls, and usage > shows controls and usage loading, empty, fixed category errors, and retry success
TestingLibraryElementError: Unable to find role="region" and name "运行用量"

Ignored nodes: comments, script, style
[36m<body>[39m
  [36m<div>[39m
    [36m<section[39m
      [33maria-labelledby[39m=[32m"collaboration-title"[39m
      [33mclass[39m=[32m"stack"[39m
    [36m>[39m
      [36m<div[39m
        [33mclass[39m=[32m"panel-heading"[39m
      [36m>[39m
        [36m<div>[39m
          [36m<p[39m
            [33mclass[39m=[32m"eyebrow"[39m
          [36m>[39m
            [0m平等协作[0m
          [36m</p>[39m
          [36m<h3[39m
            [33mid[39m=[32m"collaboration-title"[39m
          [36m>[39m
            [0m项目群聊[0m
          [36m</h3>[39m
        [36m</div>[39m
        [36m<div[39m
          [33mclass[39m=[32m"baton"[39m
          [33mdata-accent[39m=[32m"sage"[39m
        [36m>[39m
          [36m<span[39m
            [33maria-label[39m=[32m"Alpha 的头像"[39m
            [33mclass[39m=[32m"agent-avatar"[39m
          [36m>[39m
            [0mA[0m
          [36m</span>[39m
          [36m<span>[39m
            [36m<span[39m
              [33mclass[39m=[32m"eyebrow"[39m
            [36m>[39m
              [0m当前持棒[0m
            [36m</span>[39m
            [36m<strong>[39m
              [0mAlpha[0m
            [36m</strong>[39m
          [36m</span>[39m
        [36m</div>[39m
      [36m</div>[39m
      [36m<p[39m
        [33mclass[39m=[32m"state-message"[39m
      [36m>[39m
        [0m尚无协作消息。[0m
      [36m</p>[39m
      [36m<p[39m
        [33maria-atomic[39m=[32m"true"[39m
        [33maria-label[39m=[32m"时间线更新摘要"[39m
        [33maria-live[39m=[32m"polite"[39m
        [33mclass[39m=[32m"sr-only"[39m
      [36m/>[39m
      [36m<form[39m
        [33mclass[39m=[32m"composer"[39m
      [36m>[39m
        [36m<div[39m
          [33mclass[39m=[32m"form-field"[39m
        [36m>[39m
          [36m<label[39m
            [33mfor[39m=[32m"collaboration-message-project-1"[39m
          [36m>[39m
            [0m发送给项目群聊[0m
          [36m</label>[39m
          [36m<textarea[39m
            [33mid[39m=[32m"collaboration-message-project-1"[39m
          [36m/>[39m
        [36m</div>[39m
        [36m<div[39m
          [33mclass[39m=[32m"mention-picker"[39m
        [36m>[39m
          [36m<button[39m
            [33maria-controls[39m=[32m"collaboration-members-project-1"[39m
            [33maria-expanded[39m=[32m"false"[39m
            [33maria-haspopup[39m=[32m"listbox"[39m
            [33maria-label[39m=[32m"@成员"[39m
            [33mrole[39m=[32m"combobox"[39m
            [33mtype[39m=[32m"button"[39m
          [36m>[39m
            [0m@成员[0m
          [36m</button>[39m
        [36m</div>[39m
        [36m<button[39m
          [33mdisabled[39m=[32m""[39m
          [33mtype[39m=[32m"submit"[39m
        [36m>[39m
          [0m发送消息[0m
        [36m</button>[39m
      [36m</form>[39m
    [36m</section>[39m
  [36m</div>[39m
[36m</body>[39m

Ignored nodes: comments, script, style
[36m<body>[39m
  [36m<div>[39m
    [36m<section[39m
      [33maria-labelledby[39m=[32m"collaboration-title"[39m
      [33mclass[39m=[32m"stack"[39m
    [36m>[39m
      [36m<div[39m
        [33mclass[39m=[32m"panel-heading"[39m
      [36m>[39m
        [36m<div>[39m
          [36m<p[39m
            [33mclass[39m=[32m"eyebrow"[39m
          [36m>[39m
            [0m平等协作[0m
          [36m</p>[39m
          [36m<h3[39m
            [33mid[39m=[32m"collaboration-title"[39m
          [36m>[39m
            [0m项目群聊[0m
          [36m</h3>[39m
        [36m</div>[39m
        [36m<div[39m
          [33mclass[39m=[32m"baton"[39m
          [33mdata-accent[39m=[32m"sage"[39m
        [36m>[39m
          [36m<span[39m
            [33maria-label[39m=[32m"Alpha 的头像"[39m
            [33mclass[39m=[32m"agent-avatar"[39m
          [36m>[39m
            [0mA[0m
          [36m</span>[39m
          [36m<span>[39m
            [36m<span[39m
              [33mclass[39m=[32m"eyebrow"[39m
            [36m>[39m
              [0m当前持棒[0m
            [36m</span>[39m
            [36m<strong>[39m
              [0mAlpha[0m
            [36m</strong>[39m
          [36m</span>[39m
        [36m</div>[39m
      [36m</div>[39m
      [36m<p[39m
        [33mclass[39m=[32m"state-message"[39m
      [36m>[39m
        [0m尚无协作消息。[0m
      [36m</p>[39m
      [36m<p[39m
        [33maria-atomic[39m=[32m"true"[39m
        [33maria-label[39m=[32m"时间线更新摘要"[39m
        [33maria-live[39m=[32m"polite"[39m
        [33mclass[39m=[32m"sr-only"[39m
      [36m/>[39m
      [36m<form[39m
        [33mclass[39m=[32m"composer"[39m
      [36m>[39m
        [36m<div[39m
          [33mclass[39m=[32m"form-field"[39m
        [36m>[39m
          [36m<label[39m
            [33mfor[39m=[32m"collaboration-message-project-1"[39m
          [36m>[39m
            [0m发送给项目群聊[0m
          [36m</label>[39m
          [36m<textarea[39m
            [33mid[39m=[32m"collaboration-message-project-1"[39m
          [36m/>[39m
        [36m</div>[39m
        [36m<div[39m
          [33mclass[39m=[32m"mention-picker"[39m
        [36m>[39m
          [36m<button[39m
            [33maria-controls[39m=[32m"collaboration-members-project-1"[39m
            [33maria-expanded[39m=[32m"false"[39m
            [33maria-haspopup[39m=[32m"listbox"[39m
            [33maria-label[39m=[32m"@成员"[39m
            [33mrole[39m=[32m"combobox"[39m
            [33mtype[39m=[32m"button"[39m
          [36m>[39m
            [0m@成员[0m
          [36m</button>[39m
        [36m</div>[39m
        [36m<button[39m
          [33mdisabled[39m=[32m""[39m
          [33mtype[39m=[32m"submit"[39m
        [36m>[39m
          [0m发送消息[0m
        [36m</button>[39m
      [36m</form>[39m
    [36m</section>[39m
  [36m</div>[39m
[36m</body>[39m
 ❯ waitForWrapper node_modules/@testing-library/dom/dist/wait-for.js:163:27
 ❯ node_modules/@testing-library/dom/dist/query-helpers.js:86:33
 ❯ tests/collaboration-controls.test.tsx:307:32
    305|     fireEvent.click(screen.getByRole("button", { name: "重试加载群聊" }));
    306|
    307|     const usage = await screen.findByRole("region", { name: "运行用量" });
       |                                ^
    308|     expect(usage).toHaveTextContent("尚无已报告的模型用量。");
    309|     expect(screen.getByRole("region", { name: "运行控制" })).toBeInTheDocu…

⎯⎯⎯⎯⎯⎯⎯⎯⎯⎯⎯⎯⎯⎯⎯⎯⎯⎯⎯⎯⎯⎯⎯[8/11]⎯


 Test Files  1 failed (1)
      Tests  11 failed (11)
   Start at  07:31:26
   Duration  13.32s (transform 88ms, setup 348ms, import 197ms, tests 11.10s, environment 1.41s)

# exit: 1
