# hf-gate-run
# label: t23-red
# command: cmd /c npm test -- tests/collaboration-accessibility.test.tsx
# started: 2026-07-29T23:40:35+00:00

> collaboration-cockpit@0.1.0 test
> vitest run tests/collaboration-accessibility.test.tsx


 RUN  v4.1.10 D:/cool-ai

 ❯ tests/collaboration-accessibility.test.tsx (0 test)

⎯⎯⎯⎯⎯⎯ Failed Suites 1 ⎯⎯⎯⎯⎯⎯⎯

 FAIL  tests/collaboration-accessibility.test.tsx [ tests/collaboration-accessibility.test.tsx ]
Error: Transform failed with 15 errors:

[31m[PARSE_ERROR] [0mIdentifier `readFileSync` has already been declared
     [38;5;246m╭[0m[38;5;246m─[0m[38;5;246m[[0m tests/collaboration-accessibility.test.tsx:1:10 [38;5;246m][0m
     [38;5;246m│[0m
 [38;5;246m  1 │[0m [38;5;249mi[0m[38;5;249mm[0m[38;5;249mp[0m[38;5;249mo[0m[38;5;249mr[0m[38;5;249mt[0m[38;5;249m [0m[38;5;249m{[0m[38;5;249m [0mreadFileSync[38;5;249m [0m[38;5;249m}[0m[38;5;249m [0m[38;5;249mf[0m[38;5;249mr[0m[38;5;249mo[0m[38;5;249mm[0m[38;5;249m [0m[38;5;249m"[0m[38;5;249mn[0m[38;5;249mo[0m[38;5;249md[0m[38;5;249me[0m[38;5;249m:[0m[38;5;249mf[0m[38;5;249ms[0m[38;5;249m"[0m[38;5;249m;[0m
 [38;5;240m    │[0m          ──────┬─────  
 [38;5;240m    │[0m                ╰─────── `readFileSync` has already been declared here
 [38;5;240m    │[0m 
 [38;5;246m204 │[0m [38;5;249mi[0m[38;5;249mm[0m[38;5;249mp[0m[38;5;249mo[0m[38;5;249mr[0m[38;5;249mt[0m[38;5;249m [0m[38;5;249m{[0m[38;5;249m [0mreadFileSync[38;5;249m [0m[38;5;249m}[0m[38;5;249m [0m[38;5;249mf[0m[38;5;249mr[0m[38;5;249mo[0m[38;5;249mm[0m[38;5;249m [0m[38;5;249m"[0m[38;5;249mn[0m[38;5;249mo[0m[38;5;249md[0m[38;5;249me[0m[38;5;249m:[0m[38;5;249mf[0m[38;5;249ms[0m[38;5;249m"[0m[38;5;249m;[0m
 [38;5;240m    │[0m          ──────┬─────  
 [38;5;240m    │[0m                ╰─────── It can not be redeclared here
[38;5;246m─────╯[0m

[31m[PARSE_ERROR] [0mIdentifier `render` has already been declared
     [38;5;246m╭[0m[38;5;246m─[0m[38;5;246m[[0m tests/collaboration-accessibility.test.tsx:3:10 [38;5;246m][0m
     [38;5;246m│[0m
 [38;5;246m  3 │[0m [38;5;249mi[0m[38;5;249mm[0m[38;5;249mp[0m[38;5;249mo[0m[38;5;249mr[0m[38;5;249mt[0m[38;5;249m [0m[38;5;249m{[0m[38;5;249m [0mrender[38;5;249m,[0m[38;5;249m [0m[38;5;249ms[0m[38;5;249mc[0m[38;5;249mr[0m[38;5;249me[0m[38;5;249me[0m[38;5;249mn[0m[38;5;249m,[0m[38;5;249m [0m[38;5;249mw[0m[38;5;249ma[0m[38;5;249mi[0m[38;5;249mt[0m[38;5;249mF[0m[38;5;249mo[0m[38;5;249mr[0m[38;5;249m,[0m[38;5;249m [0m[38;5;249mw[0m[38;5;249mi[0m[38;5;249mt[0m[38;5;249mh[0m[38;5;249mi[0m[38;5;249mn[0m[38;5;249m [0m[38;5;249m}[0m[38;5;249m [0m[38;5;249mf[0m[38;5;249mr[0m[38;5;249mo[0m[38;5;249mm[0m[38;5;249m [0m[38;5;249m"[0m[38;5;249m@[0m[38;5;249mt[0m[38;5;249me[0m[38;5;249ms[0m[38;5;249mt[0m[38;5;249mi[0m[38;5;249mn[0m[38;5;249mg[0m[38;5;249m-[0m[38;5;249ml[0m[38;5;249mi[0m[38;5;249mb[0m[38;5;249mr[0m[38;5;249ma[0m[38;5;249mr[0m[38;5;249my[0m[38;5;249m/[0m[38;5;249mr[0m[38;5;249me[0m[38;5;249ma[0m[38;5;249mc[0m[38;5;249mt[0m[38;5;249m"[0m[38;5;249m;[0m
 [38;5;240m    │[0m          ───┬──  
 [38;5;240m    │[0m             ╰──── `render` has already been declared here
 [38;5;240m    │[0m 
 [38;5;246m206 │[0m [38;5;249mi[0m[38;5;249mm[0m[38;5;249mp[0m[38;5;249mo[0m[38;5;249mr[0m[38;5;249mt[0m[38;5;249m [0m[38;5;249m{[0m[38;5;249m [0mrender[38;5;249m,[0m[38;5;249m [0m[38;5;249ms[0m[38;5;249mc[0m[38;5;249mr[0m[38;5;249me[0m[38;5;249me[0m[38;5;249mn[0m[38;5;249m,[0m[38;5;249m [0m[38;5;249mw[0m[38;5;249ma[0m[38;5;249mi[0m[38;5;249mt[0m[38;5;249mF[0m[38;5;249mo[0m[38;5;249mr[0m[38;5;249m,[0m[38;5;249m [0m[38;5;249mw[0m[38;5;249mi[0m[38;5;249mt[0m[38;5;249mh[0m[38;5;249mi[0m[38;5;249mn[0m[38;5;249m [0m[38;5;249m}[0m[38;5;249m [0m[38;5;249mf[0m[38;5;249mr[0m[38;5;249mo[0m[38;5;249mm[0m[38;5;249m [0m[38;5;249m"[0m[38;5;249m@[0m[38;5;249mt[0m[38;5;249me[0m[38;5;249ms[0m[38;5;249mt[0m[38;5;249mi[0m[38;5;249mn[0m[38;5;249mg[0m[38;5;249m-[0m[38;5;249ml[0m[38;5;249mi[0m[38;5;249mb[0m[38;5;249mr[0m[38;5;249ma[0m[38;5;249mr[0m[38;5;249my[0m[38;5;249m/[0m[38;5;249mr[0m[38;5;249me[0m[38;5;249ma[0m[38;5;249mc[0m[38;5;249mt[0m[38;5;249m"[0m[38;5;249m;[0m
 [38;5;240m    │[0m          ───┬──  
 [38;5;240m    │[0m             ╰──── It can not be redeclared here
[38;5;246m─────╯[0m

[31m[PARSE_ERROR] [0mIdentifier `screen` has already been declared
     [38;5;246m╭[0m[38;5;246m─[0m[38;5;246m[[0m tests/collaboration-accessibility.test.tsx:3:18 [38;5;246m][0m
     [38;5;246m│[0m
 [38;5;246m  3 │[0m [38;5;249mi[0m[38;5;249mm[0m[38;5;249mp[0m[38;5;249mo[0m[38;5;249mr[0m[38;5;249mt[0m[38;5;249m [0m[38;5;249m{[0m[38;5;249m [0m[38;5;249mr[0m[38;5;249me[0m[38;5;249mn[0m[38;5;249md[0m[38;5;249me[0m[38;5;249mr[0m[38;5;249m,[0m[38;5;249m [0mscreen[38;5;249m,[0m[38;5;249m [0m[38;5;249mw[0m[38;5;249ma[0m[38;5;249mi[0m[38;5;249mt[0m[38;5;249mF[0m[38;5;249mo[0m[38;5;249mr[0m[38;5;249m,[0m[38;5;249m [0m[38;5;249mw[0m[38;5;249mi[0m[38;5;249mt[0m[38;5;249mh[0m[38;5;249mi[0m[38;5;249mn[0m[38;5;249m [0m[38;5;249m}[0m[38;5;249m [0m[38;5;249mf[0m[38;5;249mr[0m[38;5;249mo[0m[38;5;249mm[0m[38;5;249m [0m[38;5;249m"[0m[38;5;249m@[0m[38;5;249mt[0m[38;5;249me[0m[38;5;249ms[0m[38;5;249mt[0m[38;5;249mi[0m[38;5;249mn[0m[38;5;249mg[0m[38;5;249m-[0m[38;5;249ml[0m[38;5;249mi[0m[38;5;249mb[0m[38;5;249mr[0m[38;5;249ma[0m[38;5;249mr[0m[38;5;249my[0m[38;5;249m/[0m[38;5;249mr[0m[38;5;249me[0m[38;5;249ma[0m[38;5;249mc[0m[38;5;249mt[0m[38;5;249m"[0m[38;5;249m;[0m
 [38;5;240m    │[0m                  ───┬──  
 [38;5;240m    │[0m                     ╰──── `screen` has already been declared here
 [38;5;240m    │[0m 
 [38;5;246m206 │[0m [38;5;249mi[0m[38;5;249mm[0m[38;5;249mp[0m[38;5;249mo[0m[38;5;249mr[0m[38;5;249mt[0m[38;5;249m [0m[38;5;249m{[0m[38;5;249m [0m[38;5;249mr[0m[38;5;249me[0m[38;5;249mn[0m[38;5;249md[0m[38;5;249me[0m[38;5;249mr[0m[38;5;249m,[0m[38;5;249m [0mscreen[38;5;249m,[0m[38;5;249m [0m[38;5;249mw[0m[38;5;249ma[0m[38;5;249mi[0m[38;5;249mt[0m[38;5;249mF[0m[38;5;249mo[0m[38;5;249mr[0m[38;5;249m,[0m[38;5;249m [0m[38;5;249mw[0m[38;5;249mi[0m[38;5;249mt[0m[38;5;249mh[0m[38;5;249mi[0m[38;5;249mn[0m[38;5;249m [0m[38;5;249m}[0m[38;5;249m [0m[38;5;249mf[0m[38;5;249mr[0m[38;5;249mo[0m[38;5;249mm[0m[38;5;249m [0m[38;5;249m"[0m[38;5;249m@[0m[38;5;249mt[0m[38;5;249me[0m[38;5;249ms[0m[38;5;249mt[0m[38;5;249mi[0m[38;5;249mn[0m[38;5;249mg[0m[38;5;249m-[0m[38;5;249ml[0m[38;5;249mi[0m[38;5;249mb[0m[38;5;249mr[0m[38;5;249ma[0m[38;5;249mr[0m[38;5;249my[0m[38;5;249m/[0m[38;5;249mr[0m[38;5;249me[0m[38;5;249ma[0m[38;5;249mc[0m[38;5;249mt[0m[38;5;249m"[0m[38;5;249m;[0m
 [38;5;240m    │[0m                  ───┬──  
 [38;5;240m    │[0m                     ╰──── It can not be redeclared here
[38;5;246m─────╯[0m

[31m[PARSE_ERROR] [0mIdentifier `waitFor` has already been declared
     [38;5;246m╭[0m[38;5;246m─[0m[38;5;246m[[0m tests/collaboration-accessibility.test.tsx:3:26 [38;5;246m][0m
     [38;5;246m│[0m
 [38;5;246m  3 │[0m [38;5;249mi[0m[38;5;249mm[0m[38;5;249mp[0m[38;5;249mo[0m[38;5;249mr[0m[38;5;249mt[0m[38;5;249m [0m[38;5;249m{[0m[38;5;249m [0m[38;5;249mr[0m[38;5;249me[0m[38;5;249mn[0m[38;5;249md[0m[38;5;249me[0m[38;5;249mr[0m[38;5;249m,[0m[38;5;249m [0m[38;5;249ms[0m[38;5;249mc[0m[38;5;249mr[0m[38;5;249me[0m[38;5;249me[0m[38;5;249mn[0m[38;5;249m,[0m[38;5;249m [0mwaitFor[38;5;249m,[0m[38;5;249m [0m[38;5;249mw[0m[38;5;249mi[0m[38;5;249mt[0m[38;5;249mh[0m[38;5;249mi[0m[38;5;249mn[0m[38;5;249m [0m[38;5;249m}[0m[38;5;249m [0m[38;5;249mf[0m[38;5;249mr[0m[38;5;249mo[0m[38;5;249mm[0m[38;5;249m [0m[38;5;249m"[0m[38;5;249m@[0m[38;5;249mt[0m[38;5;249me[0m[38;5;249ms[0m[38;5;249mt[0m[38;5;249mi[0m[38;5;249mn[0m[38;5;249mg[0m[38;5;249m-[0m[38;5;249ml[0m[38;5;249mi[0m[38;5;249mb[0m[38;5;249mr[0m[38;5;249ma[0m[38;5;249mr[0m[38;5;249my[0m[38;5;249m/[0m[38;5;249mr[0m[38;5;249me[0m[38;5;249ma[0m[38;5;249mc[0m[38;5;249mt[0m[38;5;249m"[0m[38;5;249m;[0m
 [38;5;240m    │[0m                          ───┬───  
 [38;5;240m    │[0m                             ╰───── `waitFor` has already been declared here
 [38;5;240m    │[0m 
 [38;5;246m206 │[0m [38;5;249mi[0m[38;5;249mm[0m[38;5;249mp[0m[38;5;249mo[0m[38;5;249mr[0m[38;5;249mt[0m[38;5;249m [0m[38;5;249m{[0m[38;5;249m [0m[38;5;249mr[0m[38;5;249me[0m[38;5;249mn[0m[38;5;249md[0m[38;5;249me[0m[38;5;249mr[0m[38;5;249m,[0m[38;5;249m [0m[38;5;249ms[0m[38;5;249mc[0m[38;5;249mr[0m[38;5;249me[0m[38;5;249me[0m[38;5;249mn[0m[38;5;249m,[0m[38;5;249m [0mwaitFor[38;5;249m,[0m[38;5;249m [0m[38;5;249mw[0m[38;5;249mi[0m[38;5;249mt[0m[38;5;249mh[0m[38;5;249mi[0m[38;5;249mn[0m[38;5;249m [0m[38;5;249m}[0m[38;5;249m [0m[38;5;249mf[0m[38;5;249mr[0m[38;5;249mo[0m[38;5;249mm[0m[38;5;249m [0m[38;5;249m"[0m[38;5;249m@[0m[38;5;249mt[0m[38;5;249me[0m[38;5;249ms[0m[38;5;249mt[0m[38;5;249mi[0m[38;5;249mn[0m[38;5;249mg[0m[38;5;249m-[0m[38;5;249ml[0m[38;5;249mi[0m[38;5;249mb[0m[38;5;249mr[0m[38;5;249ma[0m[38;5;249mr[0m[38;5;249my[0m[38;5;249m/[0m[38;5;249mr[0m[38;5;249me[0m[38;5;249ma[0m[38;5;249mc[0m[38;5;249mt[0m[38;5;249m"[0m[38;5;249m;[0m
 [38;5;240m    │[0m                          ───┬───  
 [38;5;240m    │[0m                             ╰───── It can not be redeclared here
[38;5;246m─────╯[0m

[31m[PARSE_ERROR] [0mIdentifier `within` has already been declared
     [38;5;246m╭[0m[38;5;246m─[0m[38;5;246m[[0m tests/collaboration-accessibility.test.tsx:3:35 [38;5;246m][0m
     [38;5;246m│[0m
 [38;5;246m  3 │[0m [38;5;249mi[0m[38;5;249mm[0m[38;5;249mp[0m[38;5;249mo[0m[38;5;249mr[0m[38;5;249mt[0m[38;5;249m [0m[38;5;249m{[0m[38;5;249m [0m[38;5;249mr[0m[38;5;249me[0m[38;5;249mn[0m[38;5;249md[0m[38;5;249me[0m[38;5;249mr[0m[38;5;249m,[0m[38;5;249m [0m[38;5;249ms[0m[38;5;249mc[0m[38;5;249mr[0m[38;5;249me[0m[38;5;249me[0m[38;5;249mn[0m[38;5;249m,[0m[38;5;249m [0m[38;5;249mw[0m[38;5;249ma[0m[38;5;249mi[0m[38;5;249mt[0m[38;5;249mF[0m[38;5;249mo[0m[38;5;249mr[0m[38;5;249m,[0m[38;5;249m [0mwithin[38;5;249m [0m[38;5;249m}[0m[38;5;249m [0m[38;5;249mf[0m[38;5;249mr[0m[38;5;249mo[0m[38;5;249mm[0m[38;5;249m [0m[38;5;249m"[0m[38;5;249m@[0m[38;5;249mt[0m[38;5;249me[0m[38;5;249ms[0m[38;5;249mt[0m[38;5;249mi[0m[38;5;249mn[0m[38;5;249mg[0m[38;5;249m-[0m[38;5;249ml[0m[38;5;249mi[0m[38;5;249mb[0m[38;5;249mr[0m[38;5;249ma[0m[38;5;249mr[0m[38;5;249my[0m[38;5;249m/[0m[38;5;249mr[0m[38;5;249me[0m[38;5;249ma[0m[38;5;249mc[0m[38;5;249mt[0m[38;5;249m"[0m[38;5;249m;[0m
 [38;5;240m    │[0m                                   ───┬──  
 [38;5;240m    │[0m                                      ╰──── `within` has already been declared here
 [38;5;240m    │[0m 
 [38;5;246m206 │[0m [38;5;249mi[0m[38;5;249mm[0m[38;5;249mp[0m[38;5;249mo[0m[38;5;249mr[0m[38;5;249mt[0m[38;5;249m [0m[38;5;249m{[0m[38;5;249m [0m[38;5;249mr[0m[38;5;249me[0m[38;5;249mn[0m[38;5;249md[0m[38;5;249me[0m[38;5;249mr[0m[38;5;249m,[0m[38;5;249m [0m[38;5;249ms[0m[38;5;249mc[0m[38;5;249mr[0m[38;5;249me[0m[38;5;249me[0m[38;5;249mn[0m[38;5;249m,[0m[38;5;249m [0m[38;5;249mw[0m[38;5;249ma[0m[38;5;249mi[0m[38;5;249mt[0m[38;5;249mF[0m[38;5;249mo[0m[38;5;249mr[0m[38;5;249m,[0m[38;5;249m [0mwithin[38;5;249m [0m[38;5;249m}[0m[38;5;249m [0m[38;5;249mf[0m[38;5;249mr[0m[38;5;249mo[0m[38;5;249mm[0m[38;5;249m [0m[38;5;249m"[0m[38;5;249m@[0m[38;5;249mt[0m[38;5;249me[0m[38;5;249ms[0m[38;5;249mt[0m[38;5;249mi[0m[38;5;249mn[0m[38;5;249mg[0m[38;5;249m-[0m[38;5;249ml[0m[38;5;249mi[0m[38;5;249mb[0m[38;5;249mr[0m[38;5;249ma[0m[38;5;249mr[0m[38;5;249my[0m[38;5;249m/[0m[38;5;249mr[0m[38;5;249me[0m[38;5;249ma[0m[38;5;249mc[0m[38;5;249mt[0m[38;5;249m"[0m[38;5;249m;[0m
 [38;5;240m    │[0m                                   ───┬──  
 [38;5;240m    │[0m                                      ╰──── It can not be redeclared here
[38;5;246m─────╯[0m

...
  Plugin: vite:oxc
  File: D:/cool-ai/tests/collaboration-accessibility.test.tsx
 ❯ transformWithOxc node_modules/vite/dist/node/chunks/node.js:4033:19
 ❯ TransformPluginContext.transform node_modules/vite/dist/node/chunks/node.js:4104:26
 ❯ EnvironmentPluginContainer.transform node_modules/vite/dist/node/chunks/node.js:30201:51
 ❯ loadAndTransform node_modules/vite/dist/node/chunks/node.js:20124:26

⎯⎯⎯⎯⎯⎯⎯⎯⎯⎯⎯⎯⎯⎯⎯⎯⎯⎯⎯⎯⎯⎯⎯⎯[1/1]⎯


 Test Files  1 failed (1)
      Tests  no tests
   Start at  07:40:36
   Duration  2.06s (transform 27ms, setup 336ms, import 0ms, tests 0ms, environment 1.42s)

# exit: 1
