# hf-gate-run
# label: t23-red
# command: npm.cmd test -- tests/collaboration-accessibility.test.tsx
# started: 2026-07-29T23:39:54+00:00

> collaboration-cockpit@0.1.0 test
> vitest run tests/collaboration-accessibility.test.tsx


 RUN  v4.1.10 D:/cool-ai

 ❯ tests/collaboration-accessibility.test.tsx (4 tests | 4 failed) 862ms
     × uses one tabbed mobile surface for chat, board, and run detail while preserving desktop 449ms
     × supports a keyboard-only decision and control path with text status 232ms
     × gives stop confirmation sole modal ownership, traps focus, and restores it on Escape 175ms
     × keeps target sizing and text colors on accessible design tokens 4ms

⎯⎯⎯⎯⎯⎯⎯ Failed Tests 4 ⎯⎯⎯⎯⎯⎯⎯

 FAIL  tests/collaboration-accessibility.test.tsx > narrow collaboration cockpit accessibility > uses one tabbed mobile surface for chat, board, and run detail while preserving desktop
TestingLibraryElementError: Unable to find an accessible element with the role "tablist" and name "协作视图"

Here are the accessible roles:

  button:

  Name "关闭任务编辑":
  [36m<button[39m
    [33maria-label[39m=[32m"关闭任务编辑"[39m
    [33mclass[39m=[32m"drawer-close"[39m
    [33mdata-dialog-close[39m=[32m"true"[39m
    [33mtabindex[39m=[32m"0"[39m
    [33mtype[39m=[32m"button"[39m
  [36m/>[39m

  --------------------------------------------------paragraph:

  Name "":
  [36m<p[39m
    [33mclass[39m=[32m"eyebrow"[39m
  [36m/>[39m

  --------------------------------------------------
  heading:

  Name "Launch plan":
  [36m<h2[39m
    [33mid[39m=[32m"tasks-title"[39m
    [33mtabindex[39m=[32m"-1"[39m
  [36m/>[39m

  --------------------------------------------------region:

  Name "项目群聊":
  [36m<section[39m
    [33maria-labelledby[39m=[32m"collaboration-title"[39m
    [33mclass[39m=[32m"stack"[39m
  [36m/>[39m

  Name "运行控制":
  [36m<section[39m
    [33maria-label[39m=[32m"运行控制"[39m
    [33mclass[39m=[32m"run-detail"[39m
    [33mrole[39m=[32m"region"[39m
  [36m/>[39m

  Name "运行用量":
  [36m<section[39m
    [33maria-label[39m=[32m"运行用量"[39m
    [33mclass[39m=[32m"run-detail"[39m
    [33mrole[39m=[32m"region"[39m
  [36m/>[39m

  --------------------------------------------------
  paragraph:

  Name "":
  [36m<p[39m
    [33mclass[39m=[32m"eyebrow"[39m
  [36m/>[39m

  Name "":
  [36m<p />[39m

  Name "":
  [36m<p[39m
    [33mclass[39m=[32m"muted"[39m
  [36m/>[39m

  Name "":
  [36m<p[39m
    [33mclass[39m=[32m"muted"[39m
  [36m/>[39m

  Name "":
  [36m<p[39m
    [33mclass[39m=[32m"state-message"[39m
  [36m/>[39m

  Name "时间线更新摘要":
  [36m<p[39m
    [33maria-atomic[39m=[32m"true"[39m
    [33maria-label[39m=[32m"时间线更新摘要"[39m
    [33maria-live[39m=[32m"polite"[39m
    [33mclass[39m=[32m"sr-only"[39m
  [36m/>[39m

  --------------------------------------------------
  heading:

  Name "项目群聊":
  [36m<h3[39m
    [33mid[39m=[32m"collaboration-title"[39m
  [36m/>[39m

  Name "运行控制":
  [36m<h3 />[39m

  Name "运行用量":
  [36m<h3 />[39m

  --------------------------------------------------
  strong:

  Name "":
  [36m<strong />[39m

  --------------------------------------------------
  button:

  Name "暂停":
  [36m<button[39m
    [33mdisabled[39m=[32m""[39m
    [33mtype[39m=[32m"button"[39m
  [36m/>[39m

  Name "继续":
  [36m<button[39m
    [33mtype[39m=[32m"button"[39m
  [36m/>[39m

  Name "重试":
  [36m<button[39m
    [33mdisabled[39m=[32m""[39m
    [33mtype[39m=[32m"button"[39m
  [36m/>[39m

  Name "停止":
  [36m<button[39m
    [33mtype[39m=[32m"button"[39m
  [36m/>[39m

  Name "发送消息":
  [36m<button[39m
    [33mdisabled[39m=[32m""[39m
    [33mtype[39m=[32m"submit"[39m
  [36m/>[39m

  --------------------------------------------------
  term:

  Name "":
  [36m<dt />[39m

  Name "":
  [36m<dt />[39m

  Name "":
  [36m<dt />[39m

  Name "":
  [36m<dt />[39m

  Name "":
  [36m<dt />[39m

  Name "":
  [36m<dt />[39m

  --------------------------------------------------
  definition:

  Name "":
  [36m<dd />[39m

  Name "":
  [36m<dd />[39m

  Name "":
  [36m<dd />[39m

  Name "":
  [36m<dd />[39m

  Name "":
  [36m<dd />[39m

  Name "":
  [36m<dd />[39m

  --------------------------------------------------
  textbox:

  Name "发送给项目群聊":
  [36m<textarea[39m
    [33mid[39m=[32m"collaboration-message-project-1"[39m
  [36m/>[39m

  --------------------------------------------------
  combobox:

  Name "@成员":
  [36m<button[39m
    [33maria-controls[39m=[32m"collaboration-members-project-1"[39m
    [33maria-expanded[39m=[32m"false"[39m
    [33maria-haspopup[39m=[32m"listbox"[39m
    [33maria-label[39m=[32m"@成员"[39m
    [33mrole[39m=[32m"combobox"[39m
    [33mtype[39m=[32m"button"[39m
  [36m/>[39m

  --------------------------------------------------region:

  Name "使命看板":
  [36m<section[39m
    [33maria-labelledby[39m=[32m"mission-board-title-project-1"[39m
    [33mclass[39m=[32m"stack mission-board"[39m
    [33mid[39m=[32m"mission-board"[39m
  [36m/>[39m

  Name "创建任务":
  [36m<section[39m
    [33maria-labelledby[39m=[32m"new-work-item-project-1"[39m
    [33mclass[39m=[32m"stack"[39m
  [36m/>[39m

  Name "使命任务看板":
  [36m<div[39m
    [33maria-label[39m=[32m"使命任务看板"[39m
    [33mclass[39m=[32m"mission-board-grid"[39m
    [33mrole[39m=[32m"region"[39m
  [36m/>[39m

  Name "待办":
  [36m<section[39m
    [33maria-labelledby[39m=[32m"status-todo-project-1"[39m
    [33mclass[39m=[32m"mission-status status-todo"[39m
    [33mrole[39m=[32m"region"[39m
  [36m/>[39m

  Name "进行中":
  [36m<section[39m
    [33maria-labelledby[39m=[32m"status-in_progress-project-1"[39m
    [33mclass[39m=[32m"mission-status status-in_progress"[39m
    [33mrole[39m=[32m"region"[39m
  [36m/>[39m

  Name "阻塞":
  [36m<section[39m
    [33maria-labelledby[39m=[32m"status-blocked-project-1"[39m
    [33mclass[39m=[32m"mission-status status-blocked"[39m
    [33mrole[39m=[32m"region"[39m
  [36m/>[39m

  Name "完成":
  [36m<section[39m
    [33maria-labelledby[39m=[32m"status-done-project-1"[39m
    [33mclass[39m=[32m"mission-status status-done"[39m
    [33mrole[39m=[32m"region"[39m
  [36m/>[39m

  --------------------------------------------------
  heading:

  Name "使命看板":
  [36m<h2[39m
    [33mid[39m=[32m"mission-board-title-project-1"[39m
  [36m/>[39m

  Name "Launch":
  [36m<h3[39m
    [33mtabindex[39m=[32m"-1"[39m
  [36m/>[39m

  Name "创建任务":
  [36m<h3[39m
    [33mid[39m=[32m"new-work-item-project-1"[39m
  [36m/>[39m

  Name "待办":
  [36m<h3[39m
    [33mid[39m=[32m"status-todo-project-1"[39m
  [36m/>[39m

  Name "进行中":
  [36m<h3[39m
    [33mid[39m=[32m"status-in_progress-project-1"[39m
  [36m/>[39m

  Name "阻塞":
  [36m<h3[39m
    [33mid[39m=[32m"status-blocked-project-1"[39m
  [36m/>[39m

  Name "完成":
  [36m<h3[39m
    [33mid[39m=[32m"status-done-project-1"[39m
  [36m/>[39m

  --------------------------------------------------
  banner:

  Name "":
  [36m<header[39m
    [33mclass[39m=[32m"stack mission-summary"[39m
  [36m/>[39m

  --------------------------------------------------
  paragraph:

  Name "":
  [36m<p />[39m

  Name "":
  [36m<p[39m
    [33mclass[39m=[32m"muted"[39m
  [36m/>[39m

  --------------------------------------------------
  button:

  Name "编辑使命":
  [36m<button[39m
    [33mtype[39m=[32m"button"[39m
  [36m/>[39m

  Name "创建任务":
  [36m<button[39m
    [33mtype[39m=[32m"submit"[39m
  [36m/>[39m

  --------------------------------------------------
  textbox:

  Name "任务标题":
  [36m<input[39m
    [33mid[39m=[32m"work-item-title-project-1"[39m
    [33mvalue[39m=[32m""[39m
  [36m/>[39m

  Name "任务说明":
  [36m<textarea[39m
    [33mid[39m=[32m"work-item-description-project-1"[39m
  [36m/>[39m

  --------------------------------------------------
  combobox:

  Name "负责人":
  [36m<select />[39m

  --------------------------------------------------
  option:

  Name "未分配":
  [36m<option[39m
    [33mvalue[39m=[32m""[39m
  [36m/>[39m

  Name "Alpha · Peer":
  [36m<option[39m
    [33mvalue[39m=[32m"agent-a"[39m
  [36m/>[39m

  Name "Beta · Peer":
  [36m<option[39m
    [33mvalue[39m=[32m"agent-b"[39m
  [36m/>[39m

  --------------------------------------------------
  group:

  Name "前置依赖":
  [36m<fieldset />[39m

  --------------------------------------------------
  list:

  Name "待办任务":
  [36m<ul[39m
    [33maria-label[39m=[32m"待办任务"[39m
    [33mclass[39m=[32m"stack"[39m
  [36m/>[39m

  Name "进行中任务":
  [36m<ul[39m
    [33maria-label[39m=[32m"进行中任务"[39m
    [33mclass[39m=[32m"stack"[39m
  [36m/>[39m

  Name "阻塞任务":
  [36m<ul[39m
    [33maria-label[39m=[32m"阻塞任务"[39m
    [33mclass[39m=[32m"stack"[39m
  [36m/>[39m

  Name "完成任务":
  [36m<ul[39m
    [33maria-label[39m=[32m"完成任务"[39m
    [33mclass[39m=[32m"stack"[39m
  [36m/>[39m

  --------------------------------------------------
  listitem:

  Name "":
  [36m<li[39m
    [33mclass[39m=[32m"muted"[39m
  [36m/>[39m

  Name "":
  [36m<li[39m
    [33mclass[39m=[32m"muted"[39m
  [36m/>[39m

  Name "":
  [36m<li[39m
    [33mclass[39m=[32m"muted"[39m
  [36m/>[39m

  Name "":
  [36m<li[39m
    [33mclass[39m=[32m"muted"[39m
  [36m/>[39m

  --------------------------------------------------textbox:

  Name "任务目标":
  [36m<input[39m
    [33mid[39m=[32m"task-goal"[39m
    [33mname[39m=[32m"goal"[39m
    [33mvalue[39m=[32m""[39m
  [36m/>[39m

  --------------------------------------------------
  button:

  Name "运行任务":
  [36m<button[39m
    [33mdisabled[39m=[32m""[39m
    [33mtype[39m=[32m"submit"[39m
  [36m/>[39m

  --------------------------------------------------paragraph:

  Name "":
  [36m<p[39m
    [33mclass[39m=[32m"state-message"[39m
  [36m/>[39m

  --------------------------------------------------status:

  Name "":
  [36m<p[39m
    [33maria-atomic[39m=[32m"true"[39m
    [33maria-live[39m=[32m"polite"[39m
    [33mclass[39m=[32m"muted"[39m
    [33mrole[39m=[32m"status"[39m
  [36m/>[39m

  --------------------------------------------------

Ignored nodes: comments, script, style
[36m<main[39m
  [33maria-labelledby[39m=[32m"task-editor-label"[39m
  [33maria-modal[39m=[32m"true"[39m
  [33mclass[39m=[32m"cockpit-flow"[39m
  [33mdata-open[39m=[32m"true"[39m
  [33mdata-testid[39m=[32m"editor-surface"[39m
  [33mid[39m=[32m"task-editor-surface"[39m
  [33mrole[39m=[32m"dialog"[39m
[36m>[39m
  [36m<span[39m
    [33mclass[39m=[32m"sr-only"[39m
    [33mid[39m=[32m"task-editor-label"[39m
  [36m>[39m
    [0m任务编辑[0m
  [36m</span>[39m
  [36m<button[39m
    [33maria-label[39m=[32m"关闭任务编辑"[39m
    [33mclass[39m=[32m"drawer-close"[39m
    [33mdata-dialog-close[39m=[32m"true"[39m
    [33mtabindex[39m=[32m"0"[39m
    [33mtype[39m=[32m"button"[39m
  [36m>[39m
    [0m关闭[0m
  [36m</button>[39m
  [36m<div[39m
    [33mclass[39m=[32m"panel-heading"[39m
  [36m>[39m
    [36m<span[39m
      [33maria-hidden[39m=[32m"true"[39m
      [33mclass[39m=[32m"agent-mark"[39m
    [36m>[39m
      [0mA[0m
    [36m</span>[39m
    [36m<div>[39m
      [36m<p[39m
        [33mclass[39m=[32m"eyebrow"[39m
      [36m>[39m
        [0m确定性示例 Agent[0m
      [36m</p>[39m
      [36m<h2[39m
        [33mid[39m=[32m"tasks-title"[39m
        [33mtabindex[39m=[32m"-1"[39m
      [36m>[39m
        [0mLaunch plan[0m
      [36m</h2>[39m
    [36m</div>[39m
  [36m</div>[39m
  [36m<section[39m
    [33maria-labelledby[39m=[32m"collaboration-title"[39m
    [33mclass[39m=[32m"stack"[39m
  [36m>[39m
    [36m<div[39m
      [33mclass[39m=[32m"panel-heading"[39m
    [36m>[39m
      [36m<div>[39m
        [36m<p[39m
          [33mclass[39m=[32m"eyebrow"[39m
        [36m>[39m
          [0m平等协作[0m
        [36m</p>[39m
        [36m<h3[39m
          [33mid[39m=[32m"collaboration-title"[39m
        [36m>[39m
          [0m项目群聊[0m
        [36m</h3>[39m
      [36m</div>[39m
      [36m<div[39m
        [33mclass[39m=[32m"baton"[39m
        [33mdata-accent[39m=[32m"sage"[39m
      [36m>[39m
        [36m<span[39m
          [33maria-label[39m=[32m"Alpha 的头像"[39m
          [33mclass[39m=[32m"agent-avatar"[39m
        [36m>[39m
          [0mA[0m
        [36m</span>[39m
        [36m<span>[39m
          [36m<span[39m
            [33mclass[39m=[32m"eyebrow"[39m
          [36m>[39m
            [0m当前持棒[0m
          [36m</span>[39m
          [36m<strong>[39m
            [0mAlpha[0m
          [36m</strong>[39m
        [36m</span>[39m
      [36m</div>[39m
    [36m</div>[39m
    [36m<div[39m
      [33mclass[39m=[32m"run-details"[39m
    [36m>[39m
      [36m<section[39m
        [33maria-label[39m=[32m"运行控制"[39m
        [33mclass[39m=[32m"run-detail"[39m
        [33mrole[39m=[32m"region"[39m
      [36m>[39m
        [36m<div[39m
          [33mclass[39m=[32m"panel-heading"[39m
        [36m>[39m
          [36m<h3>[39m
            [0m运行控制[0m
          [36m</h3>[39m
          [36m<span[39m
            [33mclass[39m=[32m"status-label"[39m
          [36m>[39m
            [0mpaused[0m
          [36m</span>[39m
        [36m</div>[39m
        [36m<p>[39m
          [0m运行已暂停，请检查后重试。[0m
        [36m</p>[39m
        [36m<div[39m
          [33mclass[39m=[32m"control-actions"[39m
        [36m>[39m
          [36m<button[39m
            [33mdisabled[39m=[32m""[39m
            [33mtype[39m=[32m"button"[39m
          [36m>[39m
            [0m暂停[0m
          [36m</button>[39m
          [36m<button[39m
            [33mtype[39m=[32m"button"[39m
          [36m>[39m
            [0m继续[0m
          [36m</button>[39m
          [36m<button[39m
            [33mdisabled[39m=[32m""[39m
            [33mtype[39m=[32m"button"[39m
          [36m>[39m
            [0m重试[0m
          [36m</button>[39m
          [36m<button[39m
            [33mtype[39m=[32m"button"[39m
          [36m>[39m
            [0m停止[0m
          [36m</button>[39m
        [36m</div>[39m
        [36m<p[39m
          [33mclass[39m=[32m"muted"[39m
        [36m>[39m
          [0m手动暂停请使用继续。[0m
        [36m</p>[39m
      [36m</section>[39m
      [36m<section[39m
        [33maria-label[39m=[32m"运行用量"[39m
        [33mclass[39m=[32m"run-detail"[39m
        [33mrole[39m=[32m"region"[39m
      [36m>[39m
        [36m<div[39m
          [33mclass[39m=[32m"panel-heading"[39m
        [36m>[39m
          [36m<h3>[39m
            [0m运行用量[0m
          [36m</h3>[39m
          [36m<span[39m
            [33mclass[39m=[32m"status-label"[39m
          [36m>[39m
            [0m轮次 [0m
            [0m2[0m
          [36m</span>[39m
        [36m</div>[39m
        [36m<p[39m
          [33mclass[39m=[32m"muted"[39m
        [36m>[39m
          [0m尚无已报告的模型用量。[0m
        [36m</p>[39m
        [36m<dl[39m
          [33mclass[39m=[32m"metric-grid"[39m
        [36m>[39m
          [36m<div>[39m
            [36m<dt>[39m
              [0mPrompt [0m
            [36m</dt>[39m
            [36m<dd>[39m
              [0m0[0m
            [36m</dd>[39m
          [36m</div>[39m
          [36m<div>[39m
            [36m<dt>[39m
              [0mCompletion [0m
            [36m</dt>[39m
            [36m<dd>[39m
              [0m0[0m
            [36m</dd>[39m
          [36m</div>[39m
          [36m<div>[39m
            [36m<dt>[39m
              [0m总计 [0m
            [36m</dt>[39m
            [36m<dd>[39m
              [0m0[0m
            [36m</dd>[39m
          [36m</div>[39m
          [36m<div>[39m
            [36m<dt>[39m
              [0m交棒 [0m
            [36m</dt>[39m
            [36m<dd>[39m
              [0m0[0m
            [36m</dd>[39m
          [36m</div>[39m
          [36m<div>[39m
            [36m<dt>[39m
              [0m修复调用 [0m
            [36m</dt>[39m
            [36m<dd>[39m
              [0m0[0m
            [36m</dd>[39m
          [36m</div>[39m
          [36m<div>[39m
            [36m<dt>[39m
              [0m未报告 [0m
            [36m</dt>[39m
            [36m<dd>[39m
              [0m0[0m
            [36m</dd>[39m
          [36m</div>[39m
        [36m</dl>[39m
      [36m</section>[39m
    [36m</div>[39m
    [36m<p[39m
      [33mclass[39m=[32m"state-message"[39m
    [36m>[39m
      [0m尚无协作消息。[0m
    [36m</p>[39m
    [36m<p[39m
      [33maria-atomic[39m=[32m"true"[39m
      [33maria-label[39m=[32m"时间线更新摘要"[39m
      [33maria-live[39m=[32m"polite"[39m
      [33mclass[39m=[32m"sr-only"[39m
    [36m/>[39m
    [36m<form[39m
      [33mclass[39m=[32m"composer"[39m
    [36m>[39m
      [36m<div[39m
        [33mclass[39m=[32m"form-field"[39m
      [36m>[39m
        [36m<label[39m
          [33mfor[39m=[32m"collaboration-message-project-1"[39m
        [36m>[39m
          [0m发送给项目群聊[0m
        [36m</label>[39m
        [36m<textarea[39m
          [33mid[39m=[32m"collaboration-message-project-1"[39m
        [36m/>[39m
      [36m</div>[39m
      [36m<div[39m
        [33mclass[39m=[32m"mention-picker"[39m
      [36m>[39m
        [36m<button[39m
          [33maria-controls[39m=[32m"collaboration-members-project-1"[39m
          [33maria-expanded[39m=[32m"false"[39m
          [33maria-haspopup[39m=[32m"listbox"[39m
          [33maria-label[39m=[32m"@成员"[39m
          [33mrole[39m=[32m"combobox"[39m
          [33mtype[39m=[32m"button"[39m
        [36m>[39m
          [0m@成员[0m
        [36m</button>[39m
      [36m</div>[39m
      [36m<button[39m
        [33mdisabled[39m=[32m""[39m
        [33mtype[39m=[32m"submit"[39m
      [36m>[39m
        [0m发送消息[0m
      [36m</button>[39m
    [36m</form>[39m
  [36m</section>[39m
  [36m<section[39m
    [33maria-labelledby[39m=[32m"mission-board-title-project-1"[39m
    [33mclass[39m=[32m"stack mission-board"[39m
    [33mid[39m=[32m"mission-board"[39m
  [36m>[39m
    [36m<h2[39m
      [33mid[39m=[32m"mission-board-title-project-1"[39m
    [36m>[39m
      [0m使命看板[0m
    [36m</h2>[39m
    [36m<header[39m
      [33mclass[39m=[32m"stack mission-summary"[39m
    [36m>[39m
      [36m<h3[39m
        [33mtabindex[39m=[32m"-1"[39m
      [36m>[39m
        [0mLaunch[0m
      [36m</h3>[39m
      [36m<p>[39m
        [0mPrepare launch[0m
      [36m</p>[39m
      [36m<button[39m
        [33mtype[39m=[32m"button"[39m
      [36m>[39m
        [0m编辑使命[0m
      [36m</button>[39m
    [36m</header>[39m
    [36m<section[39m
      [33maria-labelledby[39m=[32m"new-work-item-project-1"[39m
      [33mclass[39m=[32m"stack"[39m
    [36m>[39m
      [36m<h3[39m
        [33mid[39m=[32m"new-work-item-project-1"[39m
      [36m>[39m
        [0m创建任务[0m
      [36m</h3>[39m
      [36m<form[39m
        [33mclass[39m=[32m"stack work-item-form"[39m
      [36m>[39m
        [36m<div[39m
          [33mclass[39m=[32m"form-field"[39m
        [36m>[39m
          [36m<label[39m
            [33mfor[39m=[32m"work-item-title-project-1"[39m
          [36m>[39m
            [0m任务标题[0m
          [36m</label>[39m
          [36m<input[39m
            [33mid[39m=[32m"work-item-title-project-1"[39m
            [33mvalue[39m=[32m""[39m
          [36m/>[39m
        [36m</div>[39m
        [36m<div[39m
          [33mclass[39m=[32m"form-field"[39m
        [36m>[39m
          [36m<label[39m
            [33mfor[39m=[32m"work-item-description-project-1"[39m
          [36m>[39m
            [0m任务说明[0m
          [36m</label>[39m
          [36m<textarea[39m
            [33mid[39m=[32m"work-item-description-project-1"[39m
          [36m/>[39m
        [36m</div>[39m
        [36m<div[39m
          [33mclass[39m=[32m"form-field"[39m
        [36m>[39m
          [36m<label>[39m
            [0m负责人[0m
            [36m<select>[39m
              [36m<option[39m
                [33mvalue[39m=[32m""[39m
              [36m>[39m
                [0m未分配[0m
              [36m</option>[39m
              [36m<option[39m
                [33mvalue[39m=[32m"agent-a"[39m
              [36m>[39m
                [0mAlpha[0m
                [0m · [0m
                [0mPeer[0m
              [36m</option>[39m
              [36m<option[39m
                [33mvalue[39m=[32m"agent-b"[39m
              [36m>[39m
                [0mBeta[0m
                [0m · [0m
                [0mPeer[0m
              [36m</option>[39m
            [36m</select>[39m
          [36m</label>[39m
        [36m</div>[39m
        [36m<fieldset>[39m
          [36m<legend>[39m
            [0m前置依赖[0m
          [36m</legend>[39m
          [36m<p[39m
            [33mclass[39m=[32m"muted"[39m
          [36m>[39m
            [0m暂无可选前置任务。[0m
          [36m</p>[39m
        [36m</fieldset>[39m
        [36m<button[39m
          [33mtype[39m=[32m"submit"[39m
        [36m>[39m
          [0m创建任务[0m
        [36m</button>[39m
      [36m</form>[39m
    [36m</section>[39m
    [36m<div[39m
      [33maria-label[39m=[32m"使命任务看板"[39m
      [33mclass[39m=[32m"mission-board-grid"[39m
      [33mrole[39m=[32m"region"[39m
    [36m>[39m
      [36m<section[39m
        [33maria-labelledby[39m=[32m"status-todo-project-1"[39m
        [33mclass[39m=[32m"mission-status status-todo"[39m
        [33mrole[39m=[32m"region"[39m
      [36m>[39m
        [36m<h3[39m
          [33mid[39m=[32m"status-todo-project-1"[39m
        [36m>[39m
          [0m待办[0m
        [36m</h3>[39m
        [36m<ul[39m
          [33maria-label[39m=[32m"待办任务"[39m
          [33mclass[39m=[32m"stack"[39m
        [36m>[39m
          [36m<li[39m
            [33mclass[39m=[32m"muted"[39m
          [36m>[39m
            [0m暂无[0m
            [0m待办[0m
            [0m任务。[0m
          [36m</li>[39m
        [36m</ul>[39m
      [36m</section>[39m
      [36m<section[39m
        [33maria-labelledby[39m=[32m"status-in_progress-project-1"[39m
        [33mclass[39m=[32m"mission-status status-in_progress"[39m
        [33mrole[39m=[32m"region"[39m
      [36m>[39m
        [36m<h3[39m
          [33mid[39m=[32m"status-in_progress-project-1"[39m
        [36m>[39m
          [0m进行中[0m
        [36m</h3>[39m
        [36m<ul[39m
          [33maria-label[39m=[32m"进行中任务"[39m
          [33mclass[39m=[32m"stack"[39m
        [36m>[39m
          [36m<li[39m
            [33mclass[39m=[32m"muted"[39m
          [36m>[39m
            [0m暂无[0m
            [0m进行中[0m
            [0m任务。[0m
          [36m</li>[39m
        [36m</ul>[39m
      [36m</section>[39m
      [36m<section[39m
        [33maria-labelledby[39m=[32m"status-blocked-project-1"[39m
        [33mclass[39m=[32m"mission-status status-blocked"[39m
        [33mrole[39m=[32m"region"[39m
      [36m>[39m
        [36m<h3[39m
          [33mid[39m=[32m"status-blocked-project-1"[39m
        [36m>[39m
          [0m阻塞[0m
        [36m</h3>[39m
        [36m<ul[39m
          [33maria-label[39m=[32m"阻塞任务"[39m
          [33mclass[39m=[32m"stack"[39m
        [36m>[39m
          [36m<li[39m
            [33mclass[39m=[32m"muted"[39m
          [36m>[39m
            [0m暂无[0m
            [0m阻塞[0m
            [0m任务。[0m
          [36m</li>[39m
        [36m</ul>[39m
      [36m</section>[39m
      [36m<section[39m
        [33maria-labelledby[39m=[32m"status-done-project-1"[39m
        [33mclass[39m=[32m"mission-status status-done"[39m
        [33mrole[39m=[32m"region"[39m
      [36m>[39m
        [36m<h3[39m
          [33mid[39m=[32m"status-done-project-1"[39m
        [36m>[39m
          [0m完成[0m
        [36m</h3>[39m
        [36m<ul[39m
          [33maria-label[39m=[32m"完成任务"[39m
          [33mclass[39m=[32m"stack"[39m
        [36m>[39m
          [36m<li[39m
            [33mclass[39m=[32m"muted"[39m
          [36m>[39m
            [0m暂无[0m
            [0m完成[0m
            [0m任务。[0m
          [36m</li>[39m
        [36m</ul>[39m
      [36m</section>[39m
    [36m</div>[39m
  [36m</section>[39m
  [36m<form[39m
    [33mclass[39m=[32m"composer"[39m
  [36m>[39m
    [36m<div[39m
      [33mclass[39m=[32m"form-row"[39m
    [36m>[39m
      [36m<div[39m
        [33mclass[39m=[32m"form-field"[39m
      [36m>[39m
        [36m<label[39m
          [33mfor[39m=[32m"task-goal"[39m
        [36m>[39m
          [0m任务目标[0m
        [36m</label>[39m
        [36m<input[39m
          [33mid[39m=[32m"task-goal"[39m
          [33mname[39m=[32m"goal"[39m
          [33mvalue[39m=[32m""[39m
        [36m/>[39m
      [36m</div>[39m
      [36m<button[39m
        [33mdisabled[39m=[32m""[39m
        [33mtype[39m=[32m"submit"[39m
      [36m>[39m
        [0m运行任务[0m
      [36m</button>[39m
    [36m</div>[39m
  [36m</form>[39m
  [36m<p[39m
    [33mclass[39m=[32m"state-message"[39m
  [36m>[39m
    [0m暂无任务。输入目标即可运行示例 Agent。[0m
  [36m</p>[39m
  [36m<p[39m
    [33maria-atomic[39m=[32m"true"[39m
    [33maria-live[39m=[32m"polite"[39m
    [33mclass[39m=[32m"muted"[39m
    [33mrole[39m=[32m"status"[39m
  [36m/>[39m
[36m</main>[39m
 ❯ Object.getElementError node_modules/@testing-library/dom/dist/config.js:37:19
 ❯ node_modules/@testing-library/dom/dist/query-helpers.js:76:38
 ❯ node_modules/@testing-library/dom/dist/query-helpers.js:52:17
 ❯ node_modules/@testing-library/dom/dist/query-helpers.js:95:19
 ❯ tests/collaboration-accessibility.test.tsx:199:33
    197|     await user.click(await screen.findByRole("button", { name: "打开编辑" …
    198|     const editor = screen.getByRole("dialog", { name: "任务编辑" });
    199|     const tabs = within(editor).getByRole("tablist", { name: "协作视图" });
       |                                 ^
    200|     const chatTab = within(tabs).getByRole("tab", { name: "群聊" });
    201|     const boardTab = within(tabs).getByRole("tab", { name: "看板" });

⎯⎯⎯⎯⎯⎯⎯⎯⎯⎯⎯⎯⎯⎯⎯⎯⎯⎯⎯⎯⎯⎯⎯⎯[1/4]⎯

 FAIL  tests/collaboration-accessibility.test.tsx > narrow collaboration cockpit accessibility > supports a keyboard-only decision and control path with text status
TestingLibraryElementError: Unable to find an accessible element with the role "tab" and name "运行详情"

Here are the accessible roles:

  button:

  Name "关闭任务编辑":
  [36m<button[39m
    [33maria-label[39m=[32m"关闭任务编辑"[39m
    [33mclass[39m=[32m"drawer-close"[39m
    [33mdata-dialog-close[39m=[32m"true"[39m
    [33mtabindex[39m=[32m"0"[39m
    [33mtype[39m=[32m"button"[39m
  [36m/>[39m

  --------------------------------------------------paragraph:

  Name "":
  [36m<p[39m
    [33mclass[39m=[32m"eyebrow"[39m
  [36m/>[39m

  --------------------------------------------------
  heading:

  Name "Launch plan":
  [36m<h2[39m
    [33mid[39m=[32m"tasks-title"[39m
    [33mtabindex[39m=[32m"-1"[39m
  [36m/>[39m

  --------------------------------------------------region:

  Name "项目群聊":
  [36m<section[39m
    [33maria-labelledby[39m=[32m"collaboration-title"[39m
    [33mclass[39m=[32m"stack"[39m
  [36m/>[39m

  Name "运行控制":
  [36m<section[39m
    [33maria-label[39m=[32m"运行控制"[39m
    [33mclass[39m=[32m"run-detail"[39m
    [33mrole[39m=[32m"region"[39m
  [36m/>[39m

  Name "运行用量":
  [36m<section[39m
    [33maria-label[39m=[32m"运行用量"[39m
    [33mclass[39m=[32m"run-detail"[39m
    [33mrole[39m=[32m"region"[39m
  [36m/>[39m

  --------------------------------------------------
  paragraph:

  Name "":
  [36m<p[39m
    [33mclass[39m=[32m"eyebrow"[39m
  [36m/>[39m

  Name "":
  [36m<p[39m
    [33mclass[39m=[32m"eyebrow"[39m
  [36m/>[39m

  Name "":
  [36m<p />[39m

  Name "":
  [36m<p[39m
    [33mclass[39m=[32m"muted"[39m
  [36m/>[39m

  Name "":
  [36m<p[39m
    [33mclass[39m=[32m"muted"[39m
  [36m/>[39m

  Name "":
  [36m<p[39m
    [33mclass[39m=[32m"muted"[39m
  [36m/>[39m

  Name "":
  [36m<p[39m
    [33mclass[39m=[32m"state-message"[39m
  [36m/>[39m

  Name "时间线更新摘要":
  [36m<p[39m
    [33maria-atomic[39m=[32m"true"[39m
    [33maria-label[39m=[32m"时间线更新摘要"[39m
    [33maria-live[39m=[32m"polite"[39m
    [33mclass[39m=[32m"sr-only"[39m
  [36m/>[39m

  --------------------------------------------------
  heading:

  Name "项目群聊":
  [36m<h3[39m
    [33mid[39m=[32m"collaboration-title"[39m
  [36m/>[39m

  Name "等待你的决策":
  [36m<h3 />[39m

  Name "运行控制":
  [36m<h3 />[39m

  Name "运行用量":
  [36m<h3 />[39m

  --------------------------------------------------
  strong:

  Name "":
  [36m<strong />[39m

  --------------------------------------------------
  group:

  Name "选择一个回答":
  [36m<fieldset />[39m

  --------------------------------------------------
  radio:

  Name "Ship now":
  [36m<input[39m
    [33mname[39m=[32m"decision-decision-1"[39m
    [33mtype[39m=[32m"radio"[39m
    [33mvalue[39m=[32m"Ship now"[39m
  [36m/>[39m

  Name "Wait":
  [36m<input[39m
    [33mname[39m=[32m"decision-decision-1"[39m
    [33mtype[39m=[32m"radio"[39m
    [33mvalue[39m=[32m"Wait"[39m
  [36m/>[39m

  --------------------------------------------------
  textbox:

  Name "其他回答":
  [36m<textarea[39m
    [33mid[39m=[32m"decision-answer-decision-1"[39m
  [36m/>[39m

  Name "发送给项目群聊":
  [36m<textarea[39m
    [33mid[39m=[32m"collaboration-message-project-1"[39m
  [36m/>[39m

  --------------------------------------------------
  combobox:

  Name "回答后交给成员":
  [36m<select[39m
    [33mid[39m=[32m"decision-mention-decision-1"[39m
  [36m/>[39m

  Name "@成员":
  [36m<button[39m
    [33maria-controls[39m=[32m"collaboration-members-project-1"[39m
    [33maria-expanded[39m=[32m"false"[39m
    [33maria-haspopup[39m=[32m"listbox"[39m
    [33maria-label[39m=[32m"@成员"[39m
    [33mrole[39m=[32m"combobox"[39m
    [33mtype[39m=[32m"button"[39m
  [36m/>[39m

  --------------------------------------------------
  option:

  Name "不指定":
  [36m<option[39m
    [33mvalue[39m=[32m""[39m
  [36m/>[39m

  Name "Beta":
  [36m<option[39m
    [33mvalue[39m=[32m"agent-b"[39m
  [36m/>[39m

  --------------------------------------------------
  button:

  Name "提交回答":
  [36m<button[39m
    [33mdisabled[39m=[32m""[39m
    [33mtype[39m=[32m"submit"[39m
  [36m/>[39m

  Name "暂停":
  [36m<button[39m
    [33mdisabled[39m=[32m""[39m
    [33mtype[39m=[32m"button"[39m
  [36m/>[39m

  Name "继续":
  [36m<button[39m
    [33mdisabled[39m=[32m""[39m
    [33mtype[39m=[32m"button"[39m
  [36m/>[39m

  Name "重试":
  [36m<button[39m
    [33mdisabled[39m=[32m""[39m
    [33mtype[39m=[32m"button"[39m
  [36m/>[39m

  Name "停止":
  [36m<button[39m
    [33mtype[39m=[32m"button"[39m
  [36m/>[39m

  Name "发送消息":
  [36m<button[39m
    [33mdisabled[39m=[32m""[39m
    [33mtype[39m=[32m"submit"[39m
  [36m/>[39m

  --------------------------------------------------
  term:

  Name "":
  [36m<dt />[39m

  Name "":
  [36m<dt />[39m

  Name "":
  [36m<dt />[39m

  Name "":
  [36m<dt />[39m

  Name "":
  [36m<dt />[39m

  Name "":
  [36m<dt />[39m

  --------------------------------------------------
  definition:

  Name "":
  [36m<dd />[39m

  Name "":
  [36m<dd />[39m

  Name "":
  [36m<dd />[39m

  Name "":
  [36m<dd />[39m

  Name "":
  [36m<dd />[39m

  Name "":
  [36m<dd />[39m

  --------------------------------------------------region:

  Name "使命看板":
  [36m<section[39m
    [33maria-labelledby[39m=[32m"mission-board-title-project-1"[39m
    [33mclass[39m=[32m"stack mission-board"[39m
    [33mid[39m=[32m"mission-board"[39m
  [36m/>[39m

  Name "创建任务":
  [36m<section[39m
    [33maria-labelledby[39m=[32m"new-work-item-project-1"[39m
    [33mclass[39m=[32m"stack"[39m
  [36m/>[39m

  Name "使命任务看板":
  [36m<div[39m
    [33maria-label[39m=[32m"使命任务看板"[39m
    [33mclass[39m=[32m"mission-board-grid"[39m
    [33mrole[39m=[32m"region"[39m
  [36m/>[39m

  Name "待办":
  [36m<section[39m
    [33maria-labelledby[39m=[32m"status-todo-project-1"[39m
    [33mclass[39m=[32m"mission-status status-todo"[39m
    [33mrole[39m=[32m"region"[39m
  [36m/>[39m

  Name "进行中":
  [36m<section[39m
    [33maria-labelledby[39m=[32m"status-in_progress-project-1"[39m
    [33mclass[39m=[32m"mission-status status-in_progress"[39m
    [33mrole[39m=[32m"region"[39m
  [36m/>[39m

  Name "阻塞":
  [36m<section[39m
    [33maria-labelledby[39m=[32m"status-blocked-project-1"[39m
    [33mclass[39m=[32m"mission-status status-blocked"[39m
    [33mrole[39m=[32m"region"[39m
  [36m/>[39m

  Name "完成":
  [36m<section[39m
    [33maria-labelledby[39m=[32m"status-done-project-1"[39m
    [33mclass[39m=[32m"mission-status status-done"[39m
    [33mrole[39m=[32m"region"[39m
  [36m/>[39m

  --------------------------------------------------
  heading:

  Name "使命看板":
  [36m<h2[39m
    [33mid[39m=[32m"mission-board-title-project-1"[39m
  [36m/>[39m

  Name "Launch":
  [36m<h3[39m
    [33mtabindex[39m=[32m"-1"[39m
  [36m/>[39m

  Name "创建任务":
  [36m<h3[39m
    [33mid[39m=[32m"new-work-item-project-1"[39m
  [36m/>[39m

  Name "待办":
  [36m<h3[39m
    [33mid[39m=[32m"status-todo-project-1"[39m
  [36m/>[39m

  Name "进行中":
  [36m<h3[39m
    [33mid[39m=[32m"status-in_progress-project-1"[39m
  [36m/>[39m

  Name "阻塞":
  [36m<h3[39m
    [33mid[39m=[32m"status-blocked-project-1"[39m
  [36m/>[39m

  Name "完成":
  [36m<h3[39m
    [33mid[39m=[32m"status-done-project-1"[39m
  [36m/>[39m

  --------------------------------------------------
  banner:

  Name "":
  [36m<header[39m
    [33mclass[39m=[32m"stack mission-summary"[39m
  [36m/>[39m

  --------------------------------------------------
  paragraph:

  Name "":
  [36m<p />[39m

  Name "":
  [36m<p[39m
    [33mclass[39m=[32m"muted"[39m
  [36m/>[39m

  --------------------------------------------------
  button:

  Name "编辑使命":
  [36m<button[39m
    [33mtype[39m=[32m"button"[39m
  [36m/>[39m

  Name "创建任务":
  [36m<button[39m
    [33mtype[39m=[32m"submit"[39m
  [36m/>[39m

  --------------------------------------------------
  textbox:

  Name "任务标题":
  [36m<input[39m
    [33mid[39m=[32m"work-item-title-project-1"[39m
    [33mvalue[39m=[32m""[39m
  [36m/>[39m

  Name "任务说明":
  [36m<textarea[39m
    [33mid[39m=[32m"work-item-description-project-1"[39m
  [36m/>[39m

  --------------------------------------------------
  combobox:

  Name "负责人":
  [36m<select />[39m

  --------------------------------------------------
  option:

  Name "未分配":
  [36m<option[39m
    [33mvalue[39m=[32m""[39m
  [36m/>[39m

  Name "Alpha · Peer":
  [36m<option[39m
    [33mvalue[39m=[32m"agent-a"[39m
  [36m/>[39m

  Name "Beta · Peer":
  [36m<option[39m
    [33mvalue[39m=[32m"agent-b"[39m
  [36m/>[39m

  --------------------------------------------------
  group:

  Name "前置依赖":
  [36m<fieldset />[39m

  --------------------------------------------------
  list:

  Name "待办任务":
  [36m<ul[39m
    [33maria-label[39m=[32m"待办任务"[39m
    [33mclass[39m=[32m"stack"[39m
  [36m/>[39m

  Name "进行中任务":
  [36m<ul[39m
    [33maria-label[39m=[32m"进行中任务"[39m
    [33mclass[39m=[32m"stack"[39m
  [36m/>[39m

  Name "阻塞任务":
  [36m<ul[39m
    [33maria-label[39m=[32m"阻塞任务"[39m
    [33mclass[39m=[32m"stack"[39m
  [36m/>[39m

  Name "完成任务":
  [36m<ul[39m
    [33maria-label[39m=[32m"完成任务"[39m
    [33mclass[39m=[32m"stack"[39m
  [36m/>[39m

  --------------------------------------------------
  listitem:

  Name "":
  [36m<li[39m
    [33mclass[39m=[32m"muted"[39m
  [36m/>[39m

  Name "":
  [36m<li[39m
    [33mclass[39m=[32m"muted"[39m
  [36m/>[39m

  Name "":
  [36m<li[39m
    [33mclass[39m=[32m"muted"[39m
  [36m/>[39m

  Name "":
  [36m<li[39m
    [33mclass[39m=[32m"muted"[39m
  [36m/>[39m

  --------------------------------------------------textbox:

  Name "任务目标":
  [36m<input[39m
    [33mid[39m=[32m"task-goal"[39m
    [33mname[39m=[32m"goal"[39m
    [33mvalue[39m=[32m""[39m
  [36m/>[39m

  --------------------------------------------------
  button:

  Name "运行任务":
  [36m<button[39m
    [33mdisabled[39m=[32m""[39m
    [33mtype[39m=[32m"submit"[39m
  [36m/>[39m

  --------------------------------------------------paragraph:

  Name "":
  [36m<p[39m
    [33mclass[39m=[32m"state-message"[39m
  [36m/>[39m

  --------------------------------------------------status:

  Name "":
  [36m<p[39m
    [33maria-atomic[39m=[32m"true"[39m
    [33maria-live[39m=[32m"polite"[39m
    [33mclass[39m=[32m"muted"[39m
    [33mrole[39m=[32m"status"[39m
  [36m/>[39m

  --------------------------------------------------

Ignored nodes: comments, script, style
[36m<main[39m
  [33maria-labelledby[39m=[32m"task-editor-label"[39m
  [33maria-modal[39m=[32m"true"[39m
  [33mclass[39m=[32m"cockpit-flow"[39m
  [33mdata-open[39m=[32m"true"[39m
  [33mdata-testid[39m=[32m"editor-surface"[39m
  [33mid[39m=[32m"task-editor-surface"[39m
  [33mrole[39m=[32m"dialog"[39m
[36m>[39m
  [36m<span[39m
    [33mclass[39m=[32m"sr-only"[39m
    [33mid[39m=[32m"task-editor-label"[39m
  [36m>[39m
    [0m任务编辑[0m
  [36m</span>[39m
  [36m<button[39m
    [33maria-label[39m=[32m"关闭任务编辑"[39m
    [33mclass[39m=[32m"drawer-close"[39m
    [33mdata-dialog-close[39m=[32m"true"[39m
    [33mtabindex[39m=[32m"0"[39m
    [33mtype[39m=[32m"button"[39m
  [36m>[39m
    [0m关闭[0m
  [36m</button>[39m
  [36m<div[39m
    [33mclass[39m=[32m"panel-heading"[39m
  [36m>[39m
    [36m<span[39m
      [33maria-hidden[39m=[32m"true"[39m
      [33mclass[39m=[32m"agent-mark"[39m
    [36m>[39m
      [0mA[0m
    [36m</span>[39m
    [36m<div>[39m
      [36m<p[39m
        [33mclass[39m=[32m"eyebrow"[39m
      [36m>[39m
        [0m确定性示例 Agent[0m
      [36m</p>[39m
      [36m<h2[39m
        [33mid[39m=[32m"tasks-title"[39m
        [33mtabindex[39m=[32m"-1"[39m
      [36m>[39m
        [0mLaunch plan[0m
      [36m</h2>[39m
    [36m</div>[39m
  [36m</div>[39m
  [36m<section[39m
    [33maria-labelledby[39m=[32m"collaboration-title"[39m
    [33mclass[39m=[32m"stack"[39m
  [36m>[39m
    [36m<div[39m
      [33mclass[39m=[32m"panel-heading"[39m
    [36m>[39m
      [36m<div>[39m
        [36m<p[39m
          [33mclass[39m=[32m"eyebrow"[39m
        [36m>[39m
          [0m平等协作[0m
        [36m</p>[39m
        [36m<h3[39m
          [33mid[39m=[32m"collaboration-title"[39m
        [36m>[39m
          [0m项目群聊[0m
        [36m</h3>[39m
      [36m</div>[39m
      [36m<div[39m
        [33mclass[39m=[32m"baton"[39m
        [33mdata-accent[39m=[32m"sage"[39m
      [36m>[39m
        [36m<span[39m
          [33maria-label[39m=[32m"Alpha 的头像"[39m
          [33mclass[39m=[32m"agent-avatar"[39m
        [36m>[39m
          [0mA[0m
        [36m</span>[39m
        [36m<span>[39m
          [36m<span[39m
            [33mclass[39m=[32m"eyebrow"[39m
          [36m>[39m
            [0m当前持棒[0m
          [36m</span>[39m
          [36m<strong>[39m
            [0mAlpha[0m
          [36m</strong>[39m
        [36m</span>[39m
      [36m</div>[39m
    [36m</div>[39m
    [36m<form[39m
      [33mclass[39m=[32m"decision-panel"[39m
    [36m>[39m
      [36m<div>[39m
        [36m<p[39m
          [33mclass[39m=[32m"eyebrow"[39m
        [36m>[39m
          [0m需要所有者输入[0m
        [36m</p>[39m
        [36m<h3>[39m
          [0m等待你的决策[0m
        [36m</h3>[39m
      [36m</div>[39m
      [36m<p>[39m
        [0mWhen should we ship?[0m
      [36m</p>[39m
      [36m<fieldset>[39m
        [36m<legend>[39m
          [0m选择一个回答[0m
        [36m</legend>[39m
        [36m<label[39m
          [33mclass[39m=[32m"radio-row"[39m
        [36m>[39m
          [36m<input[39m
            [33mname[39m=[32m"decision-decision-1"[39m
            [33mtype[39m=[32m"radio"[39m
            [33mvalue[39m=[32m"Ship now"[39m
          [36m/>[39m
          [36m<span>[39m
            [0mShip now[0m
          [36m</span>[39m
        [36m</label>[39m
        [36m<label[39m
          [33mclass[39m=[32m"radio-row"[39m
        [36m>[39m
          [36m<input[39m
            [33mname[39m=[32m"decision-decision-1"[39m
            [33mtype[39m=[32m"radio"[39m
            [33mvalue[39m=[32m"Wait"[39m
          [36m/>[39m
          [36m<span>[39m
            [0mWait[0m
          [36m</span>[39m
        [36m</label>[39m
      [36m</fieldset>[39m
      [36m<div[39m
        [33mclass[39m=[32m"form-field"[39m
      [36m>[39m
        [36m<label[39m
          [33mfor[39m=[32m"decision-answer-decision-1"[39m
        [36m>[39m
          [0m其他回答[0m
        [36m</label>[39m
        [36m<textarea[39m
          [33mid[39m=[32m"decision-answer-decision-1"[39m
        [36m/>[39m
      [36m</div>[39m
      [36m<div[39m
        [33mclass[39m=[32m"form-field"[39m
      [36m>[39m
        [36m<label[39m
          [33mfor[39m=[32m"decision-mention-decision-1"[39m
        [36m>[39m
          [0m回答后交给成员[0m
        [36m</label>[39m
        [36m<select[39m
          [33mid[39m=[32m"decision-mention-decision-1"[39m
        [36m>[39m
          [36m<option[39m
            [33mvalue[39m=[32m""[39m
          [36m>[39m
            [0m不指定[0m
          [36m</option>[39m
          [36m<option[39m
            [33mvalue[39m=[32m"agent-b"[39m
          [36m>[39m
            [0mBeta[0m
          [36m</option>[39m
        [36m</select>[39m
      [36m</div>[39m
      [36m<p[39m
        [33mclass[39m=[32m"muted"[39m
      [36m>[39m
        [0m请选择一个选项或填写其他回答。[0m
      [36m</p>[39m
      [36m<button[39m
        [33mdisabled[39m=[32m""[39m
        [33mtype[39m=[32m"submit"[39m
      [36m>[39m
        [0m提交回答[0m
      [36m</button>[39m
    [36m</form>[39m
    [36m<div[39m
      [33mclass[39m=[32m"run-details"[39m
    [36m>[39m
      [36m<section[39m
        [33maria-label[39m=[32m"运行控制"[39m
        [33mclass[39m=[32m"run-detail"[39m
        [33mrole[39m=[32m"region"[39m
      [36m>[39m
        [36m<div[39m
          [33mclass[39m=[32m"panel-heading"[39m
        [36m>[39m
          [36m<h3>[39m
            [0m运行控制[0m
          [36m</h3>[39m
          [36m<span[39m
            [33mclass[39m=[32m"status-label"[39m
          [36m>[39m
            [0mwaiting_owner[0m
          [36m</span>[39m
        [36m</div>[39m
        [36m<div[39m
          [33mclass[39m=[32m"control-actions"[39m
        [36m>[39m
          [36m<button[39m
            [33mdisabled[39m=[32m""[39m
            [33mtype[39m=[32m"button"[39m
          [36m>[39m
            [0m暂停[0m
          [36m</button>[39m
          [36m<button[39m
            [33mdisabled[39m=[32m""[39m
            [33mtype[39m=[32m"button"[39m
          [36m>[39m
            [0m继续[0m
          [36m</button>[39m
          [36m<button[39m
            [33mdisabled[39m=[32m""[39m
            [33mtype[39m=[32m"button"[39m
          [36m>[39m
            [0m重试[0m
          [36m</button>[39m
          [36m<button[39m
            [33mtype[39m=[32m"button"[39m
          [36m>[39m
            [0m停止[0m
          [36m</button>[39m
        [36m</div>[39m
        [36m<p[39m
          [33mclass[39m=[32m"muted"[39m
        [36m>[39m
          [0m等待决策时只能回答或停止运行。[0m
        [36m</p>[39m
      [36m</section>[39m
      [36m<section[39m
        [33maria-label[39m=[32m"运行用量"[39m
        [33mclass[39m=[32m"run-detail"[39m
        [33mrole[39m=[32m"region"[39m
      [36m>[39m
        [36m<div[39m
          [33mclass[39m=[32m"panel-heading"[39m
        [36m>[39m
          [36m<h3>[39m
            [0m运行用量[0m
          [36m</h3>[39m
          [36m<span[39m
            [33mclass[39m=[32m"status-label"[39m
          [36m>[39m
            [0m轮次 [0m
            [0m2[0m
          [36m</span>[39m
        [36m</div>[39m
        [36m<p[39m
          [33mclass[39m=[32m"muted"[39m
        [36m>[39m
          [0m尚无已报告的模型用量。[0m
        [36m</p>[39m
        [36m<dl[39m
          [33mclass[39m=[32m"metric-grid"[39m
        [36m>[39m
          [36m<div>[39m
            [36m<dt>[39m
              [0mPrompt [0m
            [36m</dt>[39m
            [36m<dd>[39m
              [0m0[0m
            [36m</dd>[39m
          [36m</div>[39m
          [36m<div>[39m
            [36m<dt>[39m
              [0mCompletion [0m
            [36m</dt>[39m
            [36m<dd>[39m
              [0m0[0m
            [36m</dd>[39m
          [36m</div>[39m
          [36m<div>[39m
            [36m<dt>[39m
              [0m总计 [0m
            [36m</dt>[39m
            [36m<dd>[39m
              [0m0[0m
            [36m</dd>[39m
          [36m</div>[39m
          [36m<div>[39m
            [36m<dt>[39m
              [0m交棒 [0m
            [36m</dt>[39m
            [36m<dd>[39m
              [0m0[0m
            [36m</dd>[39m
          [36m</div>[39m
          [36m<div>[39m
            [36m<dt>[39m
              [0m修复调用 [0m
            [36m</dt>[39m
            [36m<dd>[39m
              [0m0[0m
            [36m</dd>[39m
          [36m</div>[39m
          [36m<div>[39m
            [36m<dt>[39m
              [0m未报告 [0m
            [36m</dt>[39m
            [36m<dd>[39m
              [0m0[0m
            [36m</dd>[39m
          [36m</div>[39m
        [36m</dl>[39m
      [36m</section>[39m
    [36m</div>[39m
    [36m<p[39m
      [33mclass[39m=[32m"state-message"[39m
    [36m>[39m
      [0m尚无协作消息。[0m
    [36m</p>[39m
    [36m<p[39m
      [33maria-atomic[39m=[32m"true"[39m
      [33maria-label[39m=[32m"时间线更新摘要"[39m
      [33maria-live[39m=[32m"polite"[39m
      [33mclass[39m=[32m"sr-only"[39m
    [36m/>[39m
    [36m<form[39m
      [33mclass[39m=[32m"composer"[39m
    [36m>[39m
      [36m<div[39m
        [33mclass[39m=[32m"form-field"[39m
      [36m>[39m
        [36m<label[39m
          [33mfor[39m=[32m"collaboration-message-project-1"[39m
        [36m>[39m
          [0m发送给项目群聊[0m
        [36m</label>[39m
        [36m<textarea[39m
          [33mid[39m=[32m"collaboration-message-project-1"[39m
        [36m/>[39m
      [36m</div>[39m
      [36m<div[39m
        [33mclass[39m=[32m"mention-picker"[39m
      [36m>[39m
        [36m<button[39m
          [33maria-controls[39m=[32m"collaboration-members-project-1"[39m
          [33maria-expanded[39m=[32m"false"[39m
          [33maria-haspopup[39m=[32m"listbox"[39m
          [33maria-label[39m=[32m"@成员"[39m
          [33mrole[39m=[32m"combobox"[39m
          [33mtype[39m=[32m"button"[39m
        [36m>[39m
          [0m@成员[0m
        [36m</button>[39m
      [36m</div>[39m
      [36m<button[39m
        [33mdisabled[39m=[32m""[39m
        [33mtype[39m=[32m"submit"[39m
      [36m>[39m
        [0m发送消息[0m
      [36m</button>[39m
    [36m</form>[39m
  [36m</section>[39m
  [36m<section[39m
    [33maria-labelledby[39m=[32m"mission-board-title-project-1"[39m
    [33mclass[39m=[32m"stack mission-board"[39m
    [33mid[39m=[32m"mission-board"[39m
  [36m>[39m
    [36m<h2[39m
      [33mid[39m=[32m"mission-board-title-project-1"[39m
    [36m>[39m
      [0m使命看板[0m
    [36m</h2>[39m
    [36m<header[39m
      [33mclass[39m=[32m"stack mission-summary"[39m
    [36m>[39m
      [36m<h3[39m
        [33mtabindex[39m=[32m"-1"[39m
      [36m>[39m
        [0mLaunch[0m
      [36m</h3>[39m
      [36m<p>[39m
        [0mPrepare launch[0m
      [36m</p>[39m
      [36m<button[39m
        [33mtype[39m=[32m"button"[39m
      [36m>[39m
        [0m编辑使命[0m
      [36m</button>[39m
    [36m</header>[39m
    [36m<section[39m
      [33maria-labelledby[39m=[32m"new-work-item-project-1"[39m
      [33mclass[39m=[32m"stack"[39m
    [36m>[39m
      [36m<h3[39m
        [33mid[39m=[32m"new-work-item-project-1"[39m
      [36m>[39m
        [0m创建任务[0m
      [36m</h3>[39m
      [36m<form[39m
        [33mclass[39m=[32m"stack work-item-form"[39m
      [36m>[39m
        [36m<div[39m
          [33mclass[39m=[32m"form-field"[39m
        [36m>[39m
          [36m<label[39m
            [33mfor[39m=[32m"work-item-title-project-1"[39m
          [36m>[39m
            [0m任务标题[0m
          [36m</label>[39m
          [36m<input[39m
            [33mid[39m=[32m"work-item-title-project-1"[39m
            [33mvalue[39m=[32m""[39m
          [36m/>[39m
        [36m</div>[39m
        [36m<div[39m
          [33mclass[39m=[32m"form-field"[39m
        [36m>[39m
          [36m<label[39m
            [33mfor[39m=[32m"work-item-description-project-1"[39m
          [36m>[39m
            [0m任务说明[0m
          [36m</label>[39m
          [36m<textarea[39m
            [33mid[39m=[32m"work-item-description-project-1"[39m
          [36m/>[39m
        [36m</div>[39m
        [36m<div[39m
          [33mclass[39m=[32m"form-field"[39m
        [36m>[39m
          [36m<label>[39m
            [0m负责人[0m
            [36m<select>[39m
              [36m<option[39m
                [33mvalue[39m=[32m""[39m
              [36m>[39m
                [0m未分配[0m
              [36m</option>[39m
              [36m<option[39m
                [33mvalue[39m=[32m"agent-a"[39m
              [36m>[39m
                [0mAlpha[0m
                [0m · [0m
                [0mPeer[0m
              [36m</option>[39m
              [36m<option[39m
                [33mvalue[39m=[32m"agent-b"[39m
              [36m>[39m
                [0mBeta[0m
                [0m · [0m
                [0mPeer[0m
              [36m</option>[39m
            [36m</select>[39m
          [36m</label>[39m
        [36m</div>[39m
        [36m<fieldset>[39m
          [36m<legend>[39m
            [0m前置依赖[0m
          [36m</legend>[39m
          [36m<p[39m
            [33mclass[39m=[32m"muted"[39m
          [36m>[39m
            [0m暂无可选前置任务。[0m
          [36m</p>[39m
        [36m</fieldset>[39m
        [36m<button[39m
          [33mtype[39m=[32m"submit"[39m
        [36m>[39m
          [0m创建任务[0m
        [36m</button>[39m
      [36m</form>[39m
    [36m</section>[39m
    [36m<div[39m
      [33maria-label[39m=[32m"使命任务看板"[39m
      [33mclass[39m=[32m"mission-board-grid"[39m
      [33mrole[39m=[32m"region"[39m
    [36m>[39m
      [36m<section[39m
        [33maria-labelledby[39m=[32m"status-todo-project-1"[39m
        [33mclass[39m=[32m"mission-status status-todo"[39m
        [33mrole[39m=[32m"region"[39m
      [36m>[39m
        [36m<h3[39m
          [33mid[39m=[32m"status-todo-project-1"[39m
        [36m>[39m
          [0m待办[0m
        [36m</h3>[39m
        [36m<ul[39m
          [33maria-label[39m=[32m"待办任务"[39m
          [33mclass[39m=[32m"stack"[39m
        [36m>[39m
          [36m<li[39m
            [33mclass[39m=[32m"muted"[39m
          [36m>[39m
            [0m暂无[0m
            [0m待办[0m
            [0m任务。[0m
          [36m</li>[39m
        [36m</ul>[39m
      [36m</section>[39m
      [36m<section[39m
        [33maria-labelledby[39m=[32m"status-in_progress-project-1"[39m
        [33mclass[39m=[32m"mission-status status-in_progress"[39m
        [33mrole[39m=[32m"region"[39m
      [36m>[39m
        [36m<h3[39m
          [33mid[39m=[32m"status-in_progress-project-1"[39m
        [36m>[39m
          [0m进行中[0m
        [36m</h3>[39m
        [36m<ul[39m
          [33maria-label[39m=[32m"进行中任务"[39m
          [33mclass[39m=[32m"stack"[39m
        [36m>[39m
          [36m<li[39m
            [33mclass[39m=[32m"muted"[39m
          [36m>[39m
            [0m暂无[0m
            [0m进行中[0m
            [0m任务。[0m
          [36m</li>[39m
        [36m</ul>[39m
      [36m</section>[39m
      [36m<section[39m
        [33maria-labelledby[39m=[32m"status-blocked-project-1"[39m
        [33mclass[39m=[32m"mission-status status-blocked"[39m
        [33mrole[39m=[32m"region"[39m
      [36m>[39m
        [36m<h3[39m
          [33mid[39m=[32m"status-blocked-project-1"[39m
        [36m>[39m
          [0m阻塞[0m
        [36m</h3>[39m
        [36m<ul[39m
          [33maria-label[39m=[32m"阻塞任务"[39m
          [33mclass[39m=[32m"stack"[39m
        [36m>[39m
          [36m<li[39m
            [33mclass[39m=[32m"muted"[39m
          [36m>[39m
            [0m暂无[0m
            [0m阻塞[0m
            [0m任务。[0m
          [36m</li>[39m
        [36m</ul>[39m
      [36m</section>[39m
      [36m<section[39m
        [33maria-labelledby[39m=[32m"status-done-project-1"[39m
        [33mclass[39m=[32m"mission-status status-done"[39m
        [33mrole[39m=[32m"region"[39m
      [36m>[39m
        [36m<h3[39m
          [33mid[39m=[32m"status-done-project-1"[39m
        [36m>[39m
          [0m完成[0m
        [36m</h3>[39m
        [36m<ul[39m
          [33maria-label[39m=[32m"完成任务"[39m
          [33mclass[39m=[32m"stack"[39m
        [36m>[39m
          [36m<li[39m
            [33mclass[39m=[32m"muted"[39m
          [36m>[39m
            [0m暂无[0m
            [0m完成[0m
            [0m任务。[0m
          [36m</li>[39m
        [36m</ul>[39m
      [36m</section>[39m
    [36m</div>[39m
  [36m</section>[39m
  [36m<form[39m
    [33mclass[39m=[32m"composer"[39m
  [36m>[39m
    [36m<div[39m
      [33mclass[39m=[32m"form-row"[39m
    [36m>[39m
      [36m<div[39m
        [33mclass[39m=[32m"form-field"[39m
      [36m>[39m
        [36m<label[39m
          [33mfor[39m=[32m"task-goal"[39m
        [36m>[39m
          [0m任务目标[0m
        [36m</label>[39m
        [36m<input[39m
          [33mid[39m=[32m"task-goal"[39m
          [33mname[39m=[32m"goal"[39m
          [33mvalue[39m=[32m""[39m
        [36m/>[39m
      [36m</div>[39m
      [36m<button[39m
        [33mdisabled[39m=[32m""[39m
        [33mtype[39m=[32m"submit"[39m
      [36m>[39m
        [0m运行任务[0m
      [36m</button>[39m
    [36m</div>[39m
  [36m</form>[39m
  [36m<p[39m
    [33mclass[39m=[32m"state-message"[39m
  [36m>[39m
    [0m暂无任务。输入目标即可运行示例 Agent。[0m
  [36m</p>[39m
  [36m<p[39m
    [33maria-atomic[39m=[32m"true"[39m
    [33maria-live[39m=[32m"polite"[39m
    [33mclass[39m=[32m"muted"[39m
    [33mrole[39m=[32m"status"[39m
  [36m/>[39m
[36m</main>[39m
 ❯ Object.getElementError node_modules/@testing-library/dom/dist/config.js:37:19
 ❯ node_modules/@testing-library/dom/dist/query-helpers.js:76:38
 ❯ node_modules/@testing-library/dom/dist/query-helpers.js:52:17
 ❯ node_modules/@testing-library/dom/dist/query-helpers.js:95:19
 ❯ tests/collaboration-accessibility.test.tsx:235:35
    233|     await user.click(await screen.findByRole("button", { name: "打开编辑" …
    234|     const editor = screen.getByRole("dialog", { name: "任务编辑" });
    235|     const runTab = within(editor).getByRole("tab", { name: "运行详情" });
       |                                   ^
    236|     runTab.focus();
    237|     await user.keyboard("{Enter}");

⎯⎯⎯⎯⎯⎯⎯⎯⎯⎯⎯⎯⎯⎯⎯⎯⎯⎯⎯⎯⎯⎯⎯⎯[2/4]⎯

 FAIL  tests/collaboration-accessibility.test.tsx > narrow collaboration cockpit accessibility > gives stop confirmation sole modal ownership, traps focus, and restores it on Escape
TestingLibraryElementError: Unable to find an accessible element with the role "tab" and name "运行详情"

Here are the accessible roles:

  button:

  Name "关闭任务编辑":
  [36m<button[39m
    [33maria-label[39m=[32m"关闭任务编辑"[39m
    [33mclass[39m=[32m"drawer-close"[39m
    [33mdata-dialog-close[39m=[32m"true"[39m
    [33mtabindex[39m=[32m"0"[39m
    [33mtype[39m=[32m"button"[39m
  [36m/>[39m

  --------------------------------------------------paragraph:

  Name "":
  [36m<p[39m
    [33mclass[39m=[32m"eyebrow"[39m
  [36m/>[39m

  --------------------------------------------------
  heading:

  Name "Launch plan":
  [36m<h2[39m
    [33mid[39m=[32m"tasks-title"[39m
    [33mtabindex[39m=[32m"-1"[39m
  [36m/>[39m

  --------------------------------------------------region:

  Name "项目群聊":
  [36m<section[39m
    [33maria-labelledby[39m=[32m"collaboration-title"[39m
    [33mclass[39m=[32m"stack"[39m
  [36m/>[39m

  Name "运行控制":
  [36m<section[39m
    [33maria-label[39m=[32m"运行控制"[39m
    [33mclass[39m=[32m"run-detail"[39m
    [33mrole[39m=[32m"region"[39m
  [36m/>[39m

  Name "运行用量":
  [36m<section[39m
    [33maria-label[39m=[32m"运行用量"[39m
    [33mclass[39m=[32m"run-detail"[39m
    [33mrole[39m=[32m"region"[39m
  [36m/>[39m

  --------------------------------------------------
  paragraph:

  Name "":
  [36m<p[39m
    [33mclass[39m=[32m"eyebrow"[39m
  [36m/>[39m

  Name "":
  [36m<p />[39m

  Name "":
  [36m<p[39m
    [33mclass[39m=[32m"muted"[39m
  [36m/>[39m

  Name "":
  [36m<p[39m
    [33mclass[39m=[32m"muted"[39m
  [36m/>[39m

  Name "":
  [36m<p[39m
    [33mclass[39m=[32m"state-message"[39m
  [36m/>[39m

  Name "时间线更新摘要":
  [36m<p[39m
    [33maria-atomic[39m=[32m"true"[39m
    [33maria-label[39m=[32m"时间线更新摘要"[39m
    [33maria-live[39m=[32m"polite"[39m
    [33mclass[39m=[32m"sr-only"[39m
  [36m/>[39m

  --------------------------------------------------
  heading:

  Name "项目群聊":
  [36m<h3[39m
    [33mid[39m=[32m"collaboration-title"[39m
  [36m/>[39m

  Name "运行控制":
  [36m<h3 />[39m

  Name "运行用量":
  [36m<h3 />[39m

  --------------------------------------------------
  strong:

  Name "":
  [36m<strong />[39m

  --------------------------------------------------
  button:

  Name "暂停":
  [36m<button[39m
    [33mdisabled[39m=[32m""[39m
    [33mtype[39m=[32m"button"[39m
  [36m/>[39m

  Name "继续":
  [36m<button[39m
    [33mtype[39m=[32m"button"[39m
  [36m/>[39m

  Name "重试":
  [36m<button[39m
    [33mdisabled[39m=[32m""[39m
    [33mtype[39m=[32m"button"[39m
  [36m/>[39m

  Name "停止":
  [36m<button[39m
    [33mtype[39m=[32m"button"[39m
  [36m/>[39m

  Name "发送消息":
  [36m<button[39m
    [33mdisabled[39m=[32m""[39m
    [33mtype[39m=[32m"submit"[39m
  [36m/>[39m

  --------------------------------------------------
  term:

  Name "":
  [36m<dt />[39m

  Name "":
  [36m<dt />[39m

  Name "":
  [36m<dt />[39m

  Name "":
  [36m<dt />[39m

  Name "":
  [36m<dt />[39m

  Name "":
  [36m<dt />[39m

  --------------------------------------------------
  definition:

  Name "":
  [36m<dd />[39m

  Name "":
  [36m<dd />[39m

  Name "":
  [36m<dd />[39m

  Name "":
  [36m<dd />[39m

  Name "":
  [36m<dd />[39m

  Name "":
  [36m<dd />[39m

  --------------------------------------------------
  textbox:

  Name "发送给项目群聊":
  [36m<textarea[39m
    [33mid[39m=[32m"collaboration-message-project-1"[39m
  [36m/>[39m

  --------------------------------------------------
  combobox:

  Name "@成员":
  [36m<button[39m
    [33maria-controls[39m=[32m"collaboration-members-project-1"[39m
    [33maria-expanded[39m=[32m"false"[39m
    [33maria-haspopup[39m=[32m"listbox"[39m
    [33maria-label[39m=[32m"@成员"[39m
    [33mrole[39m=[32m"combobox"[39m
    [33mtype[39m=[32m"button"[39m
  [36m/>[39m

  --------------------------------------------------region:

  Name "使命看板":
  [36m<section[39m
    [33maria-labelledby[39m=[32m"mission-board-title-project-1"[39m
    [33mclass[39m=[32m"stack mission-board"[39m
    [33mid[39m=[32m"mission-board"[39m
  [36m/>[39m

  Name "创建任务":
  [36m<section[39m
    [33maria-labelledby[39m=[32m"new-work-item-project-1"[39m
    [33mclass[39m=[32m"stack"[39m
  [36m/>[39m

  Name "使命任务看板":
  [36m<div[39m
    [33maria-label[39m=[32m"使命任务看板"[39m
    [33mclass[39m=[32m"mission-board-grid"[39m
    [33mrole[39m=[32m"region"[39m
  [36m/>[39m

  Name "待办":
  [36m<section[39m
    [33maria-labelledby[39m=[32m"status-todo-project-1"[39m
    [33mclass[39m=[32m"mission-status status-todo"[39m
    [33mrole[39m=[32m"region"[39m
  [36m/>[39m

  Name "进行中":
  [36m<section[39m
    [33maria-labelledby[39m=[32m"status-in_progress-project-1"[39m
    [33mclass[39m=[32m"mission-status status-in_progress"[39m
    [33mrole[39m=[32m"region"[39m
  [36m/>[39m

  Name "阻塞":
  [36m<section[39m
    [33maria-labelledby[39m=[32m"status-blocked-project-1"[39m
    [33mclass[39m=[32m"mission-status status-blocked"[39m
    [33mrole[39m=[32m"region"[39m
  [36m/>[39m

  Name "完成":
  [36m<section[39m
    [33maria-labelledby[39m=[32m"status-done-project-1"[39m
    [33mclass[39m=[32m"mission-status status-done"[39m
    [33mrole[39m=[32m"region"[39m
  [36m/>[39m

  --------------------------------------------------
  heading:

  Name "使命看板":
  [36m<h2[39m
    [33mid[39m=[32m"mission-board-title-project-1"[39m
  [36m/>[39m

  Name "Launch":
  [36m<h3[39m
    [33mtabindex[39m=[32m"-1"[39m
  [36m/>[39m

  Name "创建任务":
  [36m<h3[39m
    [33mid[39m=[32m"new-work-item-project-1"[39m
  [36m/>[39m

  Name "待办":
  [36m<h3[39m
    [33mid[39m=[32m"status-todo-project-1"[39m
  [36m/>[39m

  Name "进行中":
  [36m<h3[39m
    [33mid[39m=[32m"status-in_progress-project-1"[39m
  [36m/>[39m

  Name "阻塞":
  [36m<h3[39m
    [33mid[39m=[32m"status-blocked-project-1"[39m
  [36m/>[39m

  Name "完成":
  [36m<h3[39m
    [33mid[39m=[32m"status-done-project-1"[39m
  [36m/>[39m

  --------------------------------------------------
  banner:

  Name "":
  [36m<header[39m
    [33mclass[39m=[32m"stack mission-summary"[39m
  [36m/>[39m

  --------------------------------------------------
  paragraph:

  Name "":
  [36m<p />[39m

  Name "":
  [36m<p[39m
    [33mclass[39m=[32m"muted"[39m
  [36m/>[39m

  --------------------------------------------------
  button:

  Name "编辑使命":
  [36m<button[39m
    [33mtype[39m=[32m"button"[39m
  [36m/>[39m

  Name "创建任务":
  [36m<button[39m
    [33mtype[39m=[32m"submit"[39m
  [36m/>[39m

  --------------------------------------------------
  textbox:

  Name "任务标题":
  [36m<input[39m
    [33mid[39m=[32m"work-item-title-project-1"[39m
    [33mvalue[39m=[32m""[39m
  [36m/>[39m

  Name "任务说明":
  [36m<textarea[39m
    [33mid[39m=[32m"work-item-description-project-1"[39m
  [36m/>[39m

  --------------------------------------------------
  combobox:

  Name "负责人":
  [36m<select />[39m

  --------------------------------------------------
  option:

  Name "未分配":
  [36m<option[39m
    [33mvalue[39m=[32m""[39m
  [36m/>[39m

  Name "Alpha · Peer":
  [36m<option[39m
    [33mvalue[39m=[32m"agent-a"[39m
  [36m/>[39m

  Name "Beta · Peer":
  [36m<option[39m
    [33mvalue[39m=[32m"agent-b"[39m
  [36m/>[39m

  --------------------------------------------------
  group:

  Name "前置依赖":
  [36m<fieldset />[39m

  --------------------------------------------------
  list:

  Name "待办任务":
  [36m<ul[39m
    [33maria-label[39m=[32m"待办任务"[39m
    [33mclass[39m=[32m"stack"[39m
  [36m/>[39m

  Name "进行中任务":
  [36m<ul[39m
    [33maria-label[39m=[32m"进行中任务"[39m
    [33mclass[39m=[32m"stack"[39m
  [36m/>[39m

  Name "阻塞任务":
  [36m<ul[39m
    [33maria-label[39m=[32m"阻塞任务"[39m
    [33mclass[39m=[32m"stack"[39m
  [36m/>[39m

  Name "完成任务":
  [36m<ul[39m
    [33maria-label[39m=[32m"完成任务"[39m
    [33mclass[39m=[32m"stack"[39m
  [36m/>[39m

  --------------------------------------------------
  listitem:

  Name "":
  [36m<li[39m
    [33mclass[39m=[32m"muted"[39m
  [36m/>[39m

  Name "":
  [36m<li[39m
    [33mclass[39m=[32m"muted"[39m
  [36m/>[39m

  Name "":
  [36m<li[39m
    [33mclass[39m=[32m"muted"[39m
  [36m/>[39m

  Name "":
  [36m<li[39m
    [33mclass[39m=[32m"muted"[39m
  [36m/>[39m

  --------------------------------------------------textbox:

  Name "任务目标":
  [36m<input[39m
    [33mid[39m=[32m"task-goal"[39m
    [33mname[39m=[32m"goal"[39m
    [33mvalue[39m=[32m""[39m
  [36m/>[39m

  --------------------------------------------------
  button:

  Name "运行任务":
  [36m<button[39m
    [33mdisabled[39m=[32m""[39m
    [33mtype[39m=[32m"submit"[39m
  [36m/>[39m

  --------------------------------------------------paragraph:

  Name "":
  [36m<p[39m
    [33mclass[39m=[32m"state-message"[39m
  [36m/>[39m

  --------------------------------------------------status:

  Name "":
  [36m<p[39m
    [33maria-atomic[39m=[32m"true"[39m
    [33maria-live[39m=[32m"polite"[39m
    [33mclass[39m=[32m"muted"[39m
    [33mrole[39m=[32m"status"[39m
  [36m/>[39m

  --------------------------------------------------

Ignored nodes: comments, script, style
[36m<main[39m
  [33maria-labelledby[39m=[32m"task-editor-label"[39m
  [33maria-modal[39m=[32m"true"[39m
  [33mclass[39m=[32m"cockpit-flow"[39m
  [33mdata-open[39m=[32m"true"[39m
  [33mdata-testid[39m=[32m"editor-surface"[39m
  [33mid[39m=[32m"task-editor-surface"[39m
  [33mrole[39m=[32m"dialog"[39m
[36m>[39m
  [36m<span[39m
    [33mclass[39m=[32m"sr-only"[39m
    [33mid[39m=[32m"task-editor-label"[39m
  [36m>[39m
    [0m任务编辑[0m
  [36m</span>[39m
  [36m<button[39m
    [33maria-label[39m=[32m"关闭任务编辑"[39m
    [33mclass[39m=[32m"drawer-close"[39m
    [33mdata-dialog-close[39m=[32m"true"[39m
    [33mtabindex[39m=[32m"0"[39m
    [33mtype[39m=[32m"button"[39m
  [36m>[39m
    [0m关闭[0m
  [36m</button>[39m
  [36m<div[39m
    [33mclass[39m=[32m"panel-heading"[39m
  [36m>[39m
    [36m<span[39m
      [33maria-hidden[39m=[32m"true"[39m
      [33mclass[39m=[32m"agent-mark"[39m
    [36m>[39m
      [0mA[0m
    [36m</span>[39m
    [36m<div>[39m
      [36m<p[39m
        [33mclass[39m=[32m"eyebrow"[39m
      [36m>[39m
        [0m确定性示例 Agent[0m
      [36m</p>[39m
      [36m<h2[39m
        [33mid[39m=[32m"tasks-title"[39m
        [33mtabindex[39m=[32m"-1"[39m
      [36m>[39m
        [0mLaunch plan[0m
      [36m</h2>[39m
    [36m</div>[39m
  [36m</div>[39m
  [36m<section[39m
    [33maria-labelledby[39m=[32m"collaboration-title"[39m
    [33mclass[39m=[32m"stack"[39m
  [36m>[39m
    [36m<div[39m
      [33mclass[39m=[32m"panel-heading"[39m
    [36m>[39m
      [36m<div>[39m
        [36m<p[39m
          [33mclass[39m=[32m"eyebrow"[39m
        [36m>[39m
          [0m平等协作[0m
        [36m</p>[39m
        [36m<h3[39m
          [33mid[39m=[32m"collaboration-title"[39m
        [36m>[39m
          [0m项目群聊[0m
        [36m</h3>[39m
      [36m</div>[39m
      [36m<div[39m
        [33mclass[39m=[32m"baton"[39m
        [33mdata-accent[39m=[32m"sage"[39m
      [36m>[39m
        [36m<span[39m
          [33maria-label[39m=[32m"Alpha 的头像"[39m
          [33mclass[39m=[32m"agent-avatar"[39m
        [36m>[39m
          [0mA[0m
        [36m</span>[39m
        [36m<span>[39m
          [36m<span[39m
            [33mclass[39m=[32m"eyebrow"[39m
          [36m>[39m
            [0m当前持棒[0m
          [36m</span>[39m
          [36m<strong>[39m
            [0mAlpha[0m
          [36m</strong>[39m
        [36m</span>[39m
      [36m</div>[39m
    [36m</div>[39m
    [36m<div[39m
      [33mclass[39m=[32m"run-details"[39m
    [36m>[39m
      [36m<section[39m
        [33maria-label[39m=[32m"运行控制"[39m
        [33mclass[39m=[32m"run-detail"[39m
        [33mrole[39m=[32m"region"[39m
      [36m>[39m
        [36m<div[39m
          [33mclass[39m=[32m"panel-heading"[39m
        [36m>[39m
          [36m<h3>[39m
            [0m运行控制[0m
          [36m</h3>[39m
          [36m<span[39m
            [33mclass[39m=[32m"status-label"[39m
          [36m>[39m
            [0mpaused[0m
          [36m</span>[39m
        [36m</div>[39m
        [36m<p>[39m
          [0m运行已暂停，请检查后重试。[0m
        [36m</p>[39m
        [36m<div[39m
          [33mclass[39m=[32m"control-actions"[39m
        [36m>[39m
          [36m<button[39m
            [33mdisabled[39m=[32m""[39m
            [33mtype[39m=[32m"button"[39m
          [36m>[39m
            [0m暂停[0m
          [36m</button>[39m
          [36m<button[39m
            [33mtype[39m=[32m"button"[39m
          [36m>[39m
            [0m继续[0m
          [36m</button>[39m
          [36m<button[39m
            [33mdisabled[39m=[32m""[39m
            [33mtype[39m=[32m"button"[39m
          [36m>[39m
            [0m重试[0m
          [36m</button>[39m
          [36m<button[39m
            [33mtype[39m=[32m"button"[39m
          [36m>[39m
            [0m停止[0m
          [36m</button>[39m
        [36m</div>[39m
        [36m<p[39m
          [33mclass[39m=[32m"muted"[39m
        [36m>[39m
          [0m手动暂停请使用继续。[0m
        [36m</p>[39m
      [36m</section>[39m
      [36m<section[39m
        [33maria-label[39m=[32m"运行用量"[39m
        [33mclass[39m=[32m"run-detail"[39m
        [33mrole[39m=[32m"region"[39m
      [36m>[39m
        [36m<div[39m
          [33mclass[39m=[32m"panel-heading"[39m
        [36m>[39m
          [36m<h3>[39m
            [0m运行用量[0m
          [36m</h3>[39m
          [36m<span[39m
            [33mclass[39m=[32m"status-label"[39m
          [36m>[39m
            [0m轮次 [0m
            [0m2[0m
          [36m</span>[39m
        [36m</div>[39m
        [36m<p[39m
          [33mclass[39m=[32m"muted"[39m
        [36m>[39m
          [0m尚无已报告的模型用量。[0m
        [36m</p>[39m
        [36m<dl[39m
          [33mclass[39m=[32m"metric-grid"[39m
        [36m>[39m
          [36m<div>[39m
            [36m<dt>[39m
              [0mPrompt [0m
            [36m</dt>[39m
            [36m<dd>[39m
              [0m0[0m
            [36m</dd>[39m
          [36m</div>[39m
          [36m<div>[39m
            [36m<dt>[39m
              [0mCompletion [0m
            [36m</dt>[39m
            [36m<dd>[39m
              [0m0[0m
            [36m</dd>[39m
          [36m</div>[39m
          [36m<div>[39m
            [36m<dt>[39m
              [0m总计 [0m
            [36m</dt>[39m
            [36m<dd>[39m
              [0m0[0m
            [36m</dd>[39m
          [36m</div>[39m
          [36m<div>[39m
            [36m<dt>[39m
              [0m交棒 [0m
            [36m</dt>[39m
            [36m<dd>[39m
              [0m0[0m
            [36m</dd>[39m
          [36m</div>[39m
          [36m<div>[39m
            [36m<dt>[39m
              [0m修复调用 [0m
            [36m</dt>[39m
            [36m<dd>[39m
              [0m0[0m
            [36m</dd>[39m
          [36m</div>[39m
          [36m<div>[39m
            [36m<dt>[39m
              [0m未报告 [0m
            [36m</dt>[39m
            [36m<dd>[39m
              [0m0[0m
            [36m</dd>[39m
          [36m</div>[39m
        [36m</dl>[39m
      [36m</section>[39m
    [36m</div>[39m
    [36m<p[39m
      [33mclass[39m=[32m"state-message"[39m
    [36m>[39m
      [0m尚无协作消息。[0m
    [36m</p>[39m
    [36m<p[39m
      [33maria-atomic[39m=[32m"true"[39m
      [33maria-label[39m=[32m"时间线更新摘要"[39m
      [33maria-live[39m=[32m"polite"[39m
      [33mclass[39m=[32m"sr-only"[39m
    [36m/>[39m
    [36m<form[39m
      [33mclass[39m=[32m"composer"[39m
    [36m>[39m
      [36m<div[39m
        [33mclass[39m=[32m"form-field"[39m
      [36m>[39m
        [36m<label[39m
          [33mfor[39m=[32m"collaboration-message-project-1"[39m
        [36m>[39m
          [0m发送给项目群聊[0m
        [36m</label>[39m
        [36m<textarea[39m
          [33mid[39m=[32m"collaboration-message-project-1"[39m
        [36m/>[39m
      [36m</div>[39m
      [36m<div[39m
        [33mclass[39m=[32m"mention-picker"[39m
      [36m>[39m
        [36m<button[39m
          [33maria-controls[39m=[32m"collaboration-members-project-1"[39m
          [33maria-expanded[39m=[32m"false"[39m
          [33maria-haspopup[39m=[32m"listbox"[39m
          [33maria-label[39m=[32m"@成员"[39m
          [33mrole[39m=[32m"combobox"[39m
          [33mtype[39m=[32m"button"[39m
        [36m>[39m
          [0m@成员[0m
        [36m</button>[39m
      [36m</div>[39m
      [36m<button[39m
        [33mdisabled[39m=[32m""[39m
        [33mtype[39m=[32m"submit"[39m
      [36m>[39m
        [0m发送消息[0m
      [36m</button>[39m
    [36m</form>[39m
  [36m</section>[39m
  [36m<section[39m
    [33maria-labelledby[39m=[32m"mission-board-title-project-1"[39m
    [33mclass[39m=[32m"stack mission-board"[39m
    [33mid[39m=[32m"mission-board"[39m
  [36m>[39m
    [36m<h2[39m
      [33mid[39m=[32m"mission-board-title-project-1"[39m
    [36m>[39m
      [0m使命看板[0m
    [36m</h2>[39m
    [36m<header[39m
      [33mclass[39m=[32m"stack mission-summary"[39m
    [36m>[39m
      [36m<h3[39m
        [33mtabindex[39m=[32m"-1"[39m
      [36m>[39m
        [0mLaunch[0m
      [36m</h3>[39m
      [36m<p>[39m
        [0mPrepare launch[0m
      [36m</p>[39m
      [36m<button[39m
        [33mtype[39m=[32m"button"[39m
      [36m>[39m
        [0m编辑使命[0m
      [36m</button>[39m
    [36m</header>[39m
    [36m<section[39m
      [33maria-labelledby[39m=[32m"new-work-item-project-1"[39m
      [33mclass[39m=[32m"stack"[39m
    [36m>[39m
      [36m<h3[39m
        [33mid[39m=[32m"new-work-item-project-1"[39m
      [36m>[39m
        [0m创建任务[0m
      [36m</h3>[39m
      [36m<form[39m
        [33mclass[39m=[32m"stack work-item-form"[39m
      [36m>[39m
        [36m<div[39m
          [33mclass[39m=[32m"form-field"[39m
        [36m>[39m
          [36m<label[39m
            [33mfor[39m=[32m"work-item-title-project-1"[39m
          [36m>[39m
            [0m任务标题[0m
          [36m</label>[39m
          [36m<input[39m
            [33mid[39m=[32m"work-item-title-project-1"[39m
            [33mvalue[39m=[32m""[39m
          [36m/>[39m
        [36m</div>[39m
        [36m<div[39m
          [33mclass[39m=[32m"form-field"[39m
        [36m>[39m
          [36m<label[39m
            [33mfor[39m=[32m"work-item-description-project-1"[39m
          [36m>[39m
            [0m任务说明[0m
          [36m</label>[39m
          [36m<textarea[39m
            [33mid[39m=[32m"work-item-description-project-1"[39m
          [36m/>[39m
        [36m</div>[39m
        [36m<div[39m
          [33mclass[39m=[32m"form-field"[39m
        [36m>[39m
          [36m<label>[39m
            [0m负责人[0m
            [36m<select>[39m
              [36m<option[39m
                [33mvalue[39m=[32m""[39m
              [36m>[39m
                [0m未分配[0m
              [36m</option>[39m
              [36m<option[39m
                [33mvalue[39m=[32m"agent-a"[39m
              [36m>[39m
                [0mAlpha[0m
                [0m · [0m
                [0mPeer[0m
              [36m</option>[39m
              [36m<option[39m
                [33mvalue[39m=[32m"agent-b"[39m
              [36m>[39m
                [0mBeta[0m
                [0m · [0m
                [0mPeer[0m
              [36m</option>[39m
            [36m</select>[39m
          [36m</label>[39m
        [36m</div>[39m
        [36m<fieldset>[39m
          [36m<legend>[39m
            [0m前置依赖[0m
          [36m</legend>[39m
          [36m<p[39m
            [33mclass[39m=[32m"muted"[39m
          [36m>[39m
            [0m暂无可选前置任务。[0m
          [36m</p>[39m
        [36m</fieldset>[39m
        [36m<button[39m
          [33mtype[39m=[32m"submit"[39m
        [36m>[39m
          [0m创建任务[0m
        [36m</button>[39m
      [36m</form>[39m
    [36m</section>[39m
    [36m<div[39m
      [33maria-label[39m=[32m"使命任务看板"[39m
      [33mclass[39m=[32m"mission-board-grid"[39m
      [33mrole[39m=[32m"region"[39m
    [36m>[39m
      [36m<section[39m
        [33maria-labelledby[39m=[32m"status-todo-project-1"[39m
        [33mclass[39m=[32m"mission-status status-todo"[39m
        [33mrole[39m=[32m"region"[39m
      [36m>[39m
        [36m<h3[39m
          [33mid[39m=[32m"status-todo-project-1"[39m
        [36m>[39m
          [0m待办[0m
        [36m</h3>[39m
        [36m<ul[39m
          [33maria-label[39m=[32m"待办任务"[39m
          [33mclass[39m=[32m"stack"[39m
        [36m>[39m
          [36m<li[39m
            [33mclass[39m=[32m"muted"[39m
          [36m>[39m
            [0m暂无[0m
            [0m待办[0m
            [0m任务。[0m
          [36m</li>[39m
        [36m</ul>[39m
      [36m</section>[39m
      [36m<section[39m
        [33maria-labelledby[39m=[32m"status-in_progress-project-1"[39m
        [33mclass[39m=[32m"mission-status status-in_progress"[39m
        [33mrole[39m=[32m"region"[39m
      [36m>[39m
        [36m<h3[39m
          [33mid[39m=[32m"status-in_progress-project-1"[39m
        [36m>[39m
          [0m进行中[0m
        [36m</h3>[39m
        [36m<ul[39m
          [33maria-label[39m=[32m"进行中任务"[39m
          [33mclass[39m=[32m"stack"[39m
        [36m>[39m
          [36m<li[39m
            [33mclass[39m=[32m"muted"[39m
          [36m>[39m
            [0m暂无[0m
            [0m进行中[0m
            [0m任务。[0m
          [36m</li>[39m
        [36m</ul>[39m
      [36m</section>[39m
      [36m<section[39m
        [33maria-labelledby[39m=[32m"status-blocked-project-1"[39m
        [33mclass[39m=[32m"mission-status status-blocked"[39m
        [33mrole[39m=[32m"region"[39m
      [36m>[39m
        [36m<h3[39m
          [33mid[39m=[32m"status-blocked-project-1"[39m
        [36m>[39m
          [0m阻塞[0m
        [36m</h3>[39m
        [36m<ul[39m
          [33maria-label[39m=[32m"阻塞任务"[39m
          [33mclass[39m=[32m"stack"[39m
        [36m>[39m
          [36m<li[39m
            [33mclass[39m=[32m"muted"[39m
          [36m>[39m
            [0m暂无[0m
            [0m阻塞[0m
            [0m任务。[0m
          [36m</li>[39m
        [36m</ul>[39m
      [36m</section>[39m
      [36m<section[39m
        [33maria-labelledby[39m=[32m"status-done-project-1"[39m
        [33mclass[39m=[32m"mission-status status-done"[39m
        [33mrole[39m=[32m"region"[39m
      [36m>[39m
        [36m<h3[39m
          [33mid[39m=[32m"status-done-project-1"[39m
        [36m>[39m
          [0m完成[0m
        [36m</h3>[39m
        [36m<ul[39m
          [33maria-label[39m=[32m"完成任务"[39m
          [33mclass[39m=[32m"stack"[39m
        [36m>[39m
          [36m<li[39m
            [33mclass[39m=[32m"muted"[39m
          [36m>[39m
            [0m暂无[0m
            [0m完成[0m
            [0m任务。[0m
          [36m</li>[39m
        [36m</ul>[39m
      [36m</section>[39m
    [36m</div>[39m
  [36m</section>[39m
  [36m<form[39m
    [33mclass[39m=[32m"composer"[39m
  [36m>[39m
    [36m<div[39m
      [33mclass[39m=[32m"form-row"[39m
    [36m>[39m
      [36m<div[39m
        [33mclass[39m=[32m"form-field"[39m
      [36m>[39m
        [36m<label[39m
          [33mfor[39m=[32m"task-goal"[39m
        [36m>[39m
          [0m任务目标[0m
        [36m</label>[39m
        [36m<input[39m
          [33mid[39m=[32m"task-goal"[39m
          [33mname[39m=[32m"goal"[39m
          [33mvalue[39m=[32m""[39m
        [36m/>[39m
      [36m</div>[39m
      [36m<button[39m
        [33mdisabled[39m=[32m""[39m
        [33mtype[39m=[32m"submit"[39m
      [36m>[39m
        [0m运行任务[0m
      [36m</button>[39m
    [36m</div>[39m
  [36m</form>[39m
  [36m<p[39m
    [33mclass[39m=[32m"state-message"[39m
  [36m>[39m
    [0m暂无任务。输入目标即可运行示例 Agent。[0m
  [36m</p>[39m
  [36m<p[39m
    [33maria-atomic[39m=[32m"true"[39m
    [33maria-live[39m=[32m"polite"[39m
    [33mclass[39m=[32m"muted"[39m
    [33mrole[39m=[32m"status"[39m
  [36m/>[39m
[36m</main>[39m
 ❯ Object.getElementError node_modules/@testing-library/dom/dist/config.js:37:19
 ❯ node_modules/@testing-library/dom/dist/query-helpers.js:76:38
 ❯ node_modules/@testing-library/dom/dist/query-helpers.js:52:17
 ❯ node_modules/@testing-library/dom/dist/query-helpers.js:95:19
 ❯ tests/collaboration-accessibility.test.tsx:260:37
    258|     await user.click(await screen.findByRole("button", { name: "打开编辑" …
    259|     const editor = screen.getByRole("dialog", { name: "任务编辑" });
    260|     await user.click(within(editor).getByRole("tab", { name: "运行详情" })…
       |                                     ^
    261|     const stop = within(editor).getByRole("button", { name: "停止" });
    262|     stop.focus();

⎯⎯⎯⎯⎯⎯⎯⎯⎯⎯⎯⎯⎯⎯⎯⎯⎯⎯⎯⎯⎯⎯⎯⎯[3/4]⎯

 FAIL  tests/collaboration-accessibility.test.tsx > narrow collaboration cockpit accessibility > keeps target sizing and text colors on accessible design tokens
AssertionError: expected '* {\r\n  box-sizing: border-box;\r\n}…' to match /\.collaboration-mobile-tabs[\s\S]*var…/

- Expected:
/\.collaboration-mobile-tabs[\s\S]*var\(--/

+ Received:
"* {
  box-sizing: border-box;
}

body {
  margin: 0;
  overflow-x: hidden;
  background: var(--canvas);
  color: var(--text);
  font: var(--text-md) var(--font-sans);
}

[hidden] {
  display: none !important;
}

.sr-only {
  position: absolute;
  width: var(--sr-only-size);
  height: var(--sr-only-size);
  overflow: hidden;
  clip-path: inset(50%);
  white-space: nowrap;
}

button,
input,
select,
textarea {
  min-height: var(--control-min);
  border: none;
  border-radius: var(--radius-sm);
  padding: var(--space-2) var(--space-3);
  background: var(--surface);
  color: var(--text);
  font: inherit;
}

button {
  cursor: pointer;
}

button:hover {
  background: var(--surface-muted);
}

button:disabled,
input:disabled,
select:disabled,
textarea:disabled {
  background: var(--surface-muted);
  color: var(--text-muted);
  cursor: not-allowed;
}

button:focus-visible,
input:focus-visible,
select:focus-visible,
textarea:focus-visible,
a:focus-visible {
  outline: none;
  box-shadow: var(--focus-ring);
}

textarea {
  min-height: calc(var(--control-min) * 2);
  resize: vertical;
}

a {
  color: var(--text);
}

code {
  overflow-wrap: anywhere;
  font-family: var(--font-mono);
}

h1,
h2,
h3,
p {
  margin: 0;
}

h1 {
  font: var(--text-xl) var(--font-sans);
}

h2 {
  font: var(--text-lg) var(--font-sans);
}

h3 {
  font: var(--text-md) var(--font-sans);
}

ul,
ol {
  margin: 0;
  padding: 0;
  list-style: none;
}

.collaboration-cockpit {
  display: grid;
  grid-template-columns: var(--sidebar-width) minmax(var(--content-min), 1fr) var(--context-width);
  background: var(--canvas);
}

.mobile-toolbar,
.drawer-close {
  display: none;
}

.cockpit-sidebar,
.cockpit-context {
  display: flex;
  flex-direction: column;
  gap: var(--space-6);
  padding: var(--space-6);
  background: var(--surface);
  box-shadow: var(--shadow-panel);
}

.modal-surface {
  display: flex;
  position: fixed;
  z-index: 5;
  inset: var(--space-6);
  flex-direction: column;
  gap: var(--space-4);
  overflow-y: auto;
  border-radius: var(--radius-md);
  padding: var(--space-6);
  background: var(--surface);
  box-shadow: var(--shadow-panel);
}

.cockpit-flow {
  display: flex;
  min-width: var(--content-min);
  flex-direction: column;
  gap: var(--space-6);
  padding: var(--space-8);
}

.mission-board,
.mission-status,
.task-summary {
  min-width: 0;
}

.mission-board-grid {
  display: grid;
  min-width: 0;
  grid-template-columns: var(--mission-board-columns);
  gap: var(--space-3);
}

.mission-summary,
.mission-form,
.work-item-form,
.mission-status {
  border-radius: var(--radius-md);
  padding: var(--space-4);
  background: var(--surface);
  box-shadow: var(--shadow-panel);
}

.mission-status h4,
.mission-status p {
  overflow-wrap: anywhere;
}

.product-identity,
.agent-identity,
.panel-heading,
.baton,
.event-row,
.context-status {
  display: flex;
  align-items: center;
  gap: var(--space-3);
}

.panel-heading,
.baton {
  justify-content: space-between;
}

.baton > span:last-child {
  display: flex;
  flex-direction: column;
}

.product-mark,
.agent-mark {
  display: grid;
  min-height: var(--control-min);
  min-width: var(--control-min);
  place-items: center;
  border-radius: var(--radius-md);
  background: var(--accent);
  color: var(--surface);
}

.agent-mark {
  background: var(--agent-warm);
}

.eyebrow,
.muted,
.context-label {
  color: var(--text-muted);
  font: var(--text-sm) var(--font-sans);
}

.stack,
.project-list,
.resource-tabs,
.timeline,
.task-summary,
.context-body {
  display: flex;
  flex-direction: column;
  gap: var(--space-3);
}

.resource-tabs {
  display: flex;
}

.project-context-tabs {
  display: flex;
  flex-wrap: wrap;
  gap: var(--space-2);
}

.memory-type-options {
  display: flex;
  flex-wrap: wrap;
  gap: var(--space-2);
}

.project-context-tabs button[aria-selected=\"true\"] {
  background: var(--accent);
  color: var(--surface);
}

.context-preview-section,
.memory-form {
  min-width: 0;
  border-radius: var(--radius-md);
  padding: var(--space-4);
  background: var(--surface-muted);
}

.structured-snapshot {
  max-width: 100%;
  overflow: auto;
  border-radius: var(--radius-sm);
  padding: var(--space-3);
  background: var(--surface-muted);
  font-family: var(--font-mono);
  white-space: pre-wrap;
  overflow-wrap: anywhere;
}

.resource-tabs button[aria-selected=\"true\"] {
  background: var(--accent);
  color: var(--surface);
}

.check-row {
  display: flex;
  align-items: center;
  gap: var(--space-2);
}

.check-row input {
  min-width: var(--control-min);
}

.form-row {
  display: flex;
  align-items: end;
  gap: var(--space-2);
}

.form-field {
  display: flex;
  flex: 1;
  flex-direction: column;
  gap: var(--space-1);
}

.project-list button,
.project-list a {
  display: block;
  min-height: var(--control-min);
  border-radius: var(--radius-sm);
  padding: var(--space-2) var(--space-3);
  text-align: start;
}

.project-list button[aria-current=\"page\"],
.project-list a[aria-current=\"page\"] {
  background: var(--accent);
  color: var(--surface);
}

.composer,
.decision-panel,
.run-detail,
.timeline,
.task-summary,
.context-body,
.state-message {
  border-radius: var(--radius-md);
  padding: var(--space-4);
  background: var(--surface);
  box-shadow: var(--shadow-panel);
}

.composer,
.decision-panel,
.mention-picker,
.mention-options,
.mention-options [role=\"listbox\"] {
  display: flex;
  flex-direction: column;
  gap: var(--space-2);
}

.run-details {
  display: flex;
  align-items: stretch;
  gap: var(--space-3);
}

.run-details > * {
  flex: 1;
}

.run-detail,
.usage-agents {
  display: flex;
  flex-direction: column;
  gap: var(--space-3);
}

.control-actions {
  display: flex;
  flex-wrap: wrap;
  gap: var(--space-2);
}

.metric-grid {
  display: flex;
  flex-wrap: wrap;
  margin: 0;
  gap: var(--space-2);
}

.metric-grid div,
.usage-agents li,
.stop-confirm {
  border-radius: var(--radius-sm);
  padding: var(--space-3);
  background: var(--surface-muted);
}

.metric-grid div {
  flex-grow: 1;
}

.metric-grid dt,
.metric-grid dd {
  margin: 0;
}

.metric-grid dt {
  color: var(--text-muted);
  font: var(--text-sm) var(--font-sans);
}

.metric-grid dd {
  font: var(--text-lg) var(--font-sans);
}

.usage-agents li {
  display: flex;
  flex-wrap: wrap;
  gap: var(--space-2);
}

.radio-row {
  display: flex;
  min-height: var(--control-min);
  align-items: center;
  gap: var(--space-2);
}

.radio-row input {
  min-height: var(--control-min);
  min-width: var(--control-min);
}

.stop-confirm {
  display: flex;
  flex-direction: column;
  gap: var(--space-3);
}

.mention-picker {
  position: relative;
  align-items: start;
}

.mention-options {
  align-self: stretch;
  border: var(--border-width) solid var(--border);
  border-radius: var(--radius-sm);
  padding: var(--space-2);
  background: var(--surface);
}

.mention-options [role=\"option\"] {
  text-align: start;
}

.mention-options [role=\"option\"][aria-selected=\"true\"] {
  background: var(--surface-muted);
  box-shadow: var(--focus-ring);
}

.mention-chip {
  display: inline-flex;
  min-height: var(--control-min);
  align-items: center;
  gap: var(--space-2);
  border: var(--border-width) solid var(--border);
  border-radius: var(--radius-sm);
  padding: var(--space-1) var(--space-2);
  background: var(--surface-muted);
}

.timeline-item {
  display: flex;
  align-items: start;
  gap: var(--space-3);
  border-radius: var(--radius-sm);
  padding: var(--space-3);
  background: var(--surface-muted);
}

.collaboration-timeline {
  max-height: calc(var(--control-min) * 10);
  overflow-y: auto;
}

.timeline-event {
  flex-direction: column;
}

.timeline-event-heading {
  display: flex;
  align-self: stretch;
  align-items: baseline;
  justify-content: space-between;
  gap: var(--space-3);
}

.timeline-event-heading h4 {
  margin: 0;
  font: var(--text-md) var(--font-sans);
}

.timeline-event-heading time {
  color: var(--text-muted);
  font: var(--text-xs) var(--font-sans);
}

.status-label {
  border-radius: var(--radius-sm);
  padding: var(--space-1) var(--space-2);
  background: var(--surface);
  font: var(--text-xs) var(--font-sans);
}

.status-queued {
  color: var(--warning);
}

.status-running {
  color: var(--accent);
}

.status-completed {
  color: var(--success);
}

.status-failed,
.error-text {
  color: var(--danger);
}

.context-status {
  color: var(--text-muted);
}

/* agent-configuration */
fieldset {
  min-width: 0;
  margin: 0;
  border: var(--border-width) solid var(--border);
  border-radius: var(--radius-sm);
  padding: var(--space-3);
}

legend {
  padding-inline: var(--space-1);
}

.agent-avatar {
  display: grid;
  min-height: var(--control-min);
  min-width: var(--control-min);
  place-items: center;
  border-radius: var(--radius-md);
  color: var(--agent-sage-fg);
  background: var(--agent-sage-bg);
}

[data-accent=\"sage\"] .agent-avatar {
  color: var(--agent-sage-fg);
  background: var(--agent-sage-bg);
}

[data-accent=\"terracotta\"] .agent-avatar {
  color: var(--agent-terracotta-fg);
  background: var(--agent-terracotta-bg);
}

[data-accent=\"gold\"] .agent-avatar {
  color: var(--agent-gold-fg);
  background: var(--agent-gold-bg);
}

[data-accent=\"slate\"] .agent-avatar {
  color: var(--agent-slate-fg);
  background: var(--agent-slate-bg);
}

[data-accent=\"rose\"] .agent-avatar {
  color: var(--agent-rose-fg);
  background: var(--agent-rose-bg);
}

[data-accent=\"olive\"] .agent-avatar {
  color: var(--agent-olive-fg);
  background: var(--agent-olive-bg);
}
"

 ❯ tests/collaboration-accessibility.test.tsx:296:21
    294|     expect(tokens).toContain("--control-min: 2.75rem");
    295|     expect(cockpit).toContain("min-height: var(--control-min)");
    296|     expect(cockpit).toMatch(/\.collaboration-mobile-tabs[\s\S]*var\(--…
       |                     ^
    297|     expect(contrast(token("text"), token("surface"))).toBeGreaterThanO…
    298|     expect(contrast(token("text-muted"), token("surface"))).toBeGreate…

⎯⎯⎯⎯⎯⎯⎯⎯⎯⎯⎯⎯⎯⎯⎯⎯⎯⎯⎯⎯⎯⎯⎯⎯[4/4]⎯


 Test Files  1 failed (1)
      Tests  4 failed (4)
   Start at  07:39:55
   Duration  3.27s (transform 228ms, setup 345ms, import 360ms, tests 862ms, environment 1.44s)

# exit: 1
