# hf-gate-run
# label: t23-green
# command: cmd /c npm test -- tests/collaboration-accessibility.test.tsx tests/cockpit-mobile-integration.test.tsx tests/project-setup-panel.test.tsx tests/team-accessibility.test.tsx tests/team-mobile-paths.test.tsx
# started: 2026-07-29T23:44:40+00:00

> collaboration-cockpit@0.1.0 test
> vitest run tests/collaboration-accessibility.test.tsx tests/cockpit-mobile-integration.test.tsx tests/project-setup-panel.test.tsx tests/team-accessibility.test.tsx tests/team-mobile-paths.test.tsx


 RUN  v4.1.10 D:/cool-ai

 ❯ tests/cockpit-mobile-integration.test.tsx (3 tests | 1 failed) 611ms
     × allows one trapped inert modal at a time and preserves the collaboration draft 130ms

⎯⎯⎯⎯⎯⎯⎯ Failed Tests 1 ⎯⎯⎯⎯⎯⎯⎯

 FAIL  tests/cockpit-mobile-integration.test.tsx > owner-controlled cockpit mobile surfaces > allows one trapped inert modal at a time and preserves the collaboration draft
TestingLibraryElementError: Unable to find a label with the text of: 发送给项目群聊

Ignored nodes: comments, script, style
[36m<main[39m
  [33maria-labelledby[39m=[32m"task-editor-label"[39m
  [33maria-modal[39m=[32m"true"[39m
  [33mclass[39m=[32m"cockpit-flow"[39m
  [33mdata-open[39m=[32m"true"[39m
  [33mdata-testid[39m=[32m"editor-surface"[39m
  [33mid[39m=[32m"task-editor-surface"[39m
  [33mrole[39m=[32m"dialog"[39m
[36m>[39m
  [36m<span[39m
    [33mclass[39m=[32m"sr-only"[39m
    [33mid[39m=[32m"task-editor-label"[39m
  [36m>[39m
    [0m任务编辑[0m
  [36m</span>[39m
  [36m<button[39m
    [33maria-label[39m=[32m"关闭任务编辑"[39m
    [33mclass[39m=[32m"drawer-close"[39m
    [33mdata-dialog-close[39m=[32m"true"[39m
    [33mtabindex[39m=[32m"0"[39m
    [33mtype[39m=[32m"button"[39m
  [36m>[39m
    [0m关闭[0m
  [36m</button>[39m
  [36m<div[39m
    [33mclass[39m=[32m"panel-heading"[39m
  [36m>[39m
    [36m<span[39m
      [33maria-hidden[39m=[32m"true"[39m
      [33mclass[39m=[32m"agent-mark"[39m
    [36m>[39m
      [0mA[0m
    [36m</span>[39m
    [36m<div>[39m
      [36m<p[39m
        [33mclass[39m=[32m"eyebrow"[39m
      [36m>[39m
        [0m确定性示例 Agent[0m
      [36m</p>[39m
      [36m<h2[39m
        [33mid[39m=[32m"tasks-title"[39m
        [33mtabindex[39m=[32m"-1"[39m
      [36m>[39m
        [0mLaunch plan[0m
      [36m</h2>[39m
    [36m</div>[39m
  [36m</div>[39m
  [36m<div[39m
    [33maria-label[39m=[32m"协作视图"[39m
    [33mclass[39m=[32m"collaboration-mobile-tabs"[39m
    [33mrole[39m=[32m"tablist"[39m
  [36m>[39m
    [36m<button[39m
      [33maria-controls[39m=[32m"collaboration-chat-panel"[39m
      [33maria-selected[39m=[32m"true"[39m
      [33mid[39m=[32m"collaboration-chat-tab"[39m
      [33mrole[39m=[32m"tab"[39m
      [33mtabindex[39m=[32m"0"[39m
      [33mtype[39m=[32m"button"[39m
    [36m>[39m
      [0m群聊[0m
    [36m</button>[39m
    [36m<button[39m
      [33maria-controls[39m=[32m"collaboration-board-panel"[39m
      [33maria-selected[39m=[32m"false"[39m
      [33mid[39m=[32m"collaboration-board-tab"[39m
      [33mrole[39m=[32m"tab"[39m
      [33mtabindex[39m=[32m"-1"[39m
      [33mtype[39m=[32m"button"[39m
    [36m>[39m
      [0m看板[0m
    [36m</button>[39m
    [36m<button[39m
      [33maria-controls[39m=[32m"collaboration-run-panel"[39m
      [33maria-selected[39m=[32m"false"[39m
      [33mid[39m=[32m"collaboration-run-tab"[39m
      [33mrole[39m=[32m"tab"[39m
      [33mtabindex[39m=[32m"-1"[39m
      [33mtype[39m=[32m"button"[39m
    [36m>[39m
      [0m运行详情[0m
    [36m</button>[39m
  [36m</div>[39m
  [36m<section[39m
    [33maria-labelledby[39m=[32m"collaboration-chat-tab"[39m
    [33mclass[39m=[32m"collaboration-mobile-surface"[39m
    [33mid[39m=[32m"collaboration-chat-panel"[39m
    [33mrole[39m=[32m"tabpanel"[39m
  [36m>[39m
    [36m<section[39m
      [33maria-labelledby[39m=[32m"collaboration-title"[39m
      [33mclass[39m=[32m"stack"[39m
    [36m>[39m
      [36m<div[39m
        [33mclass[39m=[32m"panel-heading"[39m
      [36m>[39m
        [36m<div>[39m
          [36m<p[39m
            [33mclass[39m=[32m"eyebrow"[39m
          [36m>[39m
            [0m平等协作[0m
          [36m</p>[39m
          [36m<h3[39m
            [33mid[39m=[32m"collaboration-title"[39m
          [36m>[39m
            [0m项目群聊[0m
          [36m</h3>[39m
        [36m</div>[39m
      [36m</div>[39m
      [36m<div[39m
        [33mclass[39m=[32m"state-message"[39m
      [36m>[39m
        [36m<p[39m
          [33mclass[39m=[32m"error-text"[39m
          [33mrole[39m=[32m"alert"[39m
        [36m>[39m
          [0m无法加载项目群聊，请稍后重试。[0m
        [36m</p>[39m
        [36m<button[39m
          [33mtype[39m=[32m"button"[39m
        [36m>[39m
          [0m重试加载群聊[0m
        [36m</button>[39m
      [36m</div>[39m
    [36m</section>[39m
  [36m</section>[39m
  [36m<form[39m
    [33mclass[39m=[32m"composer"[39m
  [36m>[39m
    [36m<div[39m
      [33mclass[39m=[32m"form-row"[39m
    [36m>[39m
      [36m<div[39m
        [33mclass[39m=[32m"form-field"[39m
      [36m>[39m
        [36m<label[39m
          [33mfor[39m=[32m"task-goal"[39m
        [36m>[39m
          [0m任务目标[0m
        [36m</label>[39m
        [36m<input[39m
          [33mid[39m=[32m"task-goal"[39m
          [33mname[39m=[32m"goal"[39m
          [33mvalue[39m=[32m""[39m
        [36m/>[39m
      [36m</div>[39m
      [36m<button[39m
        [33mdisabled[39m=[32m""[39m
        [33mtype[39m=[32m"submit"[39m
      [36m>[39m
        [0m运行任务[0m
      [36m</button>[39m
    [36m</div>[39m
  [36m</form>[39m
  [36m<p[39m
    [33mclass[39m=[32m"state-message"[39m
  [36m>[39m
    [0m暂无任务。输入目标即可运行示例 Agent。[0m
  [36m</p>[39m
  [36m<p[39m
    [33maria-atomic[39m=[32m"true"[39m
    [33maria-live[39m=[32m"polite"[39m
    [33mclass[39m=[32m"muted"[39m
    [33mrole[39m=[32m"status"[39m
  [36m/>[39m
[36m</main>[39m
 ❯ Object.getElementError node_modules/@testing-library/dom/dist/config.js:37:19
 ❯ getAllByLabelText node_modules/@testing-library/dom/dist/queries/label-text.js:111:38
 ❯ node_modules/@testing-library/dom/dist/query-helpers.js:52:17
 ❯ node_modules/@testing-library/dom/dist/query-helpers.js:95:19
 ❯ tests/cockpit-mobile-integration.test.tsx:118:22
    116|
    117|     await user.type(
    118|       within(editor).getByLabelText("发送给项目群聊"),
       |                      ^
    119|       "Keep this draft",
    120|     );

⎯⎯⎯⎯⎯⎯⎯⎯⎯⎯⎯⎯⎯⎯⎯⎯⎯⎯⎯⎯⎯⎯⎯⎯[1/1]⎯


 Test Files  1 failed | 4 passed (5)
      Tests  1 failed | 17 passed (18)
   Start at  07:44:42
   Duration  4.02s (transform 889ms, setup 2.19s, import 1.73s, tests 3.47s, environment 10.17s)

# exit: 1
