# hf-gate-run
# label: t24-red
# command: cmd.exe /d /s /c npm test -- tests/collaboration-smoke-contract.test.ts
# started: 2026-07-29T23:56:01+00:00

> collaboration-cockpit@0.1.0 test
> vitest run tests/collaboration-smoke-contract.test.ts


 RUN  v4.1.10 D:/cool-ai

 ❯ tests/collaboration-smoke-contract.test.ts (2 tests | 2 failed) 12ms
     × documents and exposes the isolated collaboration smoke command 8ms
     × provides a compiling harness with behavioral, recovery, and evidence contracts 2ms

⎯⎯⎯⎯⎯⎯⎯ Failed Tests 2 ⎯⎯⎯⎯⎯⎯⎯

 FAIL  tests/collaboration-smoke-contract.test.ts > collaboration browser verification contract > documents and exposes the isolated collaboration smoke command
AssertionError: expected undefined to be 'node tests/collaboration-browser-smok…' // Object.is equality

- Expected:
"node tests/collaboration-browser-smoke.mjs"

+ Received:
undefined

 ❯ tests/collaboration-smoke-contract.test.ts:15:58
     13| describe("collaboration browser verification contract", () => {
     14|   it("documents and exposes the isolated collaboration smoke command",…
     15|     expect(packageJson.scripts?.["smoke:collaboration"]).toBe(
       |                                                          ^
     16|       "node tests/collaboration-browser-smoke.mjs",
     17|     );

⎯⎯⎯⎯⎯⎯⎯⎯⎯⎯⎯⎯⎯⎯⎯⎯⎯⎯⎯⎯⎯⎯⎯⎯[1/2]⎯

 FAIL  tests/collaboration-smoke-contract.test.ts > collaboration browser verification contract > provides a compiling harness with behavioral, recovery, and evidence contracts
AssertionError: expected false to be true // Object.is equality

- Expected
+ Received

- true
+ false

 ❯ tests/collaboration-smoke-contract.test.ts:24:37
     22|
     23|   it("provides a compiling harness with behavioral, recovery, and evid…
     24|     expect(existsSync(harnessPath)).toBe(true);
       |                                     ^
     25|     if (!existsSync(harnessPath)) return;
     26|

⎯⎯⎯⎯⎯⎯⎯⎯⎯⎯⎯⎯⎯⎯⎯⎯⎯⎯⎯⎯⎯⎯⎯⎯[2/2]⎯


 Test Files  1 failed (1)
      Tests  2 failed (2)
   Start at  07:56:03
   Duration  2.07s (transform 40ms, setup 349ms, import 20ms, tests 12ms, environment 1.41s)

# exit: 1
