# hf-gate-run
# label: t24-smoke
# command: cmd.exe /d /s /c npm run smoke:collaboration
# started: 2026-07-29T23:58:58+00:00

> collaboration-cockpit@0.1.0 smoke:collaboration
> node tests/collaboration-browser-smoke.mjs

(node:9972) ExperimentalWarning: SQLite is an experimental feature and might change at any time
(Use `node --trace-warnings ...` to show where the warning was created)
node:internal/modules/run_main:107
    triggerUncaughtException(
    ^

page.reload: net::ERR_ABORTED; maybe frame was detached?
Call log:
  - waiting for navigation until "networkidle"

    at D:\cool-ai\tests\collaboration-browser-smoke.mjs:513:14 {
  log: [ '  - waiting for navigation until "networkidle"' ],
  name: 'Error'
}

Node.js v24.14.0
# exit: 1
