# hf-gate-run
# label: t24-smoke
# command: cmd.exe /d /s /c npm run smoke:collaboration
# started: 2026-07-30T00:03:39+00:00

> collaboration-cockpit@0.1.0 smoke:collaboration
> node tests/collaboration-browser-smoke.mjs

(node:16548) ExperimentalWarning: SQLite is an experimental feature and might change at any time
(Use `node --trace-warnings ...` to show where the warning was created)
node:internal/modules/run_main:107
    triggerUncaughtException(
    ^

locator.waitFor: Timeout 30000ms exceeded.
Call log:
  - waiting for getByText('@Collaboration Alpha', { exact: true }) to be visible

    at selectMentionByKeyboard (D:\cool-ai\tests\collaboration-browser-smoke.mjs:453:59)
    at async file:///D:/cool-ai/tests/collaboration-browser-smoke.mjs:494:3 {
  log: [
    "  - waiting for getByText('@Collaboration Alpha', { exact: true }) to be visible"
  ],
  name: 'TimeoutError'
}

Node.js v24.14.0
# exit: 1
