# hf-gate-run
# label: t5-red
# command: npm.cmd test -- tests/collaboration-context-guards.test.ts
# started: 2026-07-29T21:52:38+00:00

> collaboration-cockpit@0.1.0 test
> vitest run tests/collaboration-context-guards.test.ts


 RUN  v4.1.10 D:/cool-ai

(node:15476) ExperimentalWarning: SQLite is an experimental feature and might change at any time
(Use `node --trace-warnings ...` to show where the warning was created)
 ❯ tests/collaboration-context-guards.test.ts (9 tests | 9 failed) 2481ms
     × marks acquired context discarded after mission and task fact changes 230ms
     × changes the roster fingerprint when a member is added 217ms
     × rejects member removal or replacement while the run is running 329ms
     × rejects member removal or replacement while the run is waiting_owner 317ms
     × rejects member removal or replacement while the run is paused 322ms
     × rejects member removal or replacement while the run is failed 310ms
     × rejects deleting an active member or the provider used by any active member 216ms
     × allows Agent and provider configuration updates for the next attempt 215ms
     × preserves roster replacement behavior when no nonterminal run exists 323ms

⎯⎯⎯⎯⎯⎯⎯ Failed Tests 9 ⎯⎯⎯⎯⎯⎯⎯

 FAIL  tests/collaboration-context-guards.test.ts > collaboration context fingerprint > marks acquired context discarded after mission and task fact changes
AssertionError: T-5 context fingerprint primitive must exist: expected undefined to be type of 'function'

Expected: "function"
Received: "undefined"

 ❯ fingerprint tests/collaboration-context-guards.test.ts:39:74
     37|     }
     38|   ).collaborationContextFingerprint;
     39|   expect(implementation, "T-5 context fingerprint primitive must exist…
       |                                                                          ^
     40|     "function",
     41|   );
 ❯ tests/collaboration-context-guards.test.ts:166:29

⎯⎯⎯⎯⎯⎯⎯⎯⎯⎯⎯⎯⎯⎯⎯⎯⎯⎯⎯⎯⎯⎯⎯⎯[1/9]⎯

 FAIL  tests/collaboration-context-guards.test.ts > collaboration context fingerprint > changes the roster fingerprint when a member is added
AssertionError: T-5 context fingerprint primitive must exist: expected undefined to be type of 'function'

Expected: "function"
Received: "undefined"

 ❯ fingerprint tests/collaboration-context-guards.test.ts:39:74
     37|     }
     38|   ).collaborationContextFingerprint;
     39|   expect(implementation, "T-5 context fingerprint primitive must exist…
       |                                                                          ^
     40|     "function",
     41|   );
 ❯ tests/collaboration-context-guards.test.ts:197:22

⎯⎯⎯⎯⎯⎯⎯⎯⎯⎯⎯⎯⎯⎯⎯⎯⎯⎯⎯⎯⎯⎯⎯⎯[2/9]⎯

 FAIL  tests/collaboration-context-guards.test.ts > active collaboration mutation guards > rejects member removal or replacement while the run is running
 FAIL  tests/collaboration-context-guards.test.ts > active collaboration mutation guards > rejects member removal or replacement while the run is waiting_owner
 FAIL  tests/collaboration-context-guards.test.ts > active collaboration mutation guards > rejects member removal or replacement while the run is paused
 FAIL  tests/collaboration-context-guards.test.ts > active collaboration mutation guards > rejects member removal or replacement while the run is failed
AssertionError: expected function to throw an error, but it didn't
 ❯ tests/collaboration-context-guards.test.ts:232:9
    230|           expectedProjectVersion: 1,
    231|         }),
    232|       ).toThrowError(expect.objectContaining({ code: "COLLABORATION_AC…
       |         ^
    233|       expect(fingerprint().facts.roster.map(({ agentId }) => agentId))…
    234|         "agent-a",

⎯⎯⎯⎯⎯⎯⎯⎯⎯⎯⎯⎯⎯⎯⎯⎯⎯⎯⎯⎯⎯⎯⎯⎯[3/9]⎯

 FAIL  tests/collaboration-context-guards.test.ts > active collaboration mutation guards > rejects deleting an active member or the provider used by any active member
AssertionError: T-5 Agent deletion service must exist: expected undefined to be type of 'function'

Expected: "function"
Received: "undefined"

 ❯ tests/collaboration-context-guards.test.ts:251:66
    249|       }
    250|     ).deleteProvider;
    251|     expect(deleteAgent, "T-5 Agent deletion service must exist").toBeT…
       |                                                                  ^
    252|     expect(deleteProvider, "T-5 provider deletion service must exist")…
    253|       "function",

⎯⎯⎯⎯⎯⎯⎯⎯⎯⎯⎯⎯⎯⎯⎯⎯⎯⎯⎯⎯⎯⎯⎯⎯[4/9]⎯

 FAIL  tests/collaboration-context-guards.test.ts > active collaboration mutation guards > allows Agent and provider configuration updates for the next attempt
AssertionError: T-5 context fingerprint primitive must exist: expected undefined to be type of 'function'

Expected: "function"
Received: "undefined"

 ❯ fingerprint tests/collaboration-context-guards.test.ts:39:74
     37|     }
     38|   ).collaborationContextFingerprint;
     39|   expect(implementation, "T-5 context fingerprint primitive must exist…
       |                                                                          ^
     40|     "function",
     41|   );
 ❯ tests/collaboration-context-guards.test.ts:265:22

⎯⎯⎯⎯⎯⎯⎯⎯⎯⎯⎯⎯⎯⎯⎯⎯⎯⎯⎯⎯⎯⎯⎯⎯[5/9]⎯

 FAIL  tests/collaboration-context-guards.test.ts > active collaboration mutation guards > preserves roster replacement behavior when no nonterminal run exists
AssertionError: expected [ 'agent-c', 'agent-a' ] to deeply equal [ 'agent-a', 'agent-c' ]

- Expected
+ Received

  [
-   "agent-a",
    "agent-c",
+   "agent-a",
  ]

 ❯ tests/collaboration-context-guards.test.ts:318:7
    316|         expectedProjectVersion: 1,
    317|       }).members.map(({ agentId }) => agentId),
    318|     ).toEqual(["agent-a", "agent-c"]);
       |       ^
    319|   });
    320| });

⎯⎯⎯⎯⎯⎯⎯⎯⎯⎯⎯⎯⎯⎯⎯⎯⎯⎯⎯⎯⎯⎯⎯⎯[6/9]⎯


 Test Files  1 failed (1)
      Tests  9 failed (9)
   Start at  05:52:40
   Duration  4.84s (transform 197ms, setup 332ms, import 337ms, tests 2.48s, environment 1.43s)

# exit: 1
