# hf-gate-run
# label: t8-red
# command: cmd /c npm test -- tests/agent-turn-schema.test.ts tests/structured-repair.test.ts
# started: 2026-07-29T22:06:04+00:00

> collaboration-cockpit@0.1.0 test
> vitest run tests/agent-turn-schema.test.ts tests/structured-repair.test.ts


 RUN  v4.1.10 D:/cool-ai

 ❯ tests/structured-repair.test.ts (4 tests | 4 failed) 14ms
     × returns a valid primary turn without making a repair call 9ms
     × makes exactly one repair after an invalid primary and exposes both results and usage 1ms
     × pauses after two invalid responses and produces no business turn 1ms
     × does not repair provider failures or create a business turn 1ms
 ❯ tests/agent-turn-schema.test.ts (6 tests | 6 failed) 19ms
     × accepts handoff and plan-ready with tasks and either claim union 11ms
     × requires exactly one deeply strict disposition shape 1ms
     × counts graphemes and enforces field, list, and clientKey bounds 1ms
     × requires decision requests to have no tasks or claim 1ms
     × enforces handoff, plan-ready, and decision option combinations 1ms
     × rejects malformed JSON and incomplete existing/proposed claims 1ms

⎯⎯⎯⎯⎯⎯ Failed Tests 10 ⎯⎯⎯⎯⎯⎯⎯

 FAIL  tests/agent-turn-schema.test.ts > strict Agent turn schema > accepts handoff and plan-ready with tasks and either claim union
AssertionError: promise rejected "AssertionError: the strict Agent turn sch… { …(4) }" instead of resolving
 ❯ tests/agent-turn-schema.test.ts:51:9
     49|       tasks: [task],
     50|       claim: { source: "proposed", clientKey: "task_1" },
     51|     }))).resolves.toBe(true);
       |         ^
     52|     await expect(parses(turn({
     53|       claim: { source: "existing", workItemId: "work-1" },

Caused by: AssertionError: the strict Agent turn schema must exist: expected undefined to be type of 'function'

Expected: "function"
Received: "undefined"

 ❯ loadSchema tests/agent-turn-schema.test.ts:15:59
 ❯ parses tests/agent-turn-schema.test.ts:42:43
 ❯ tests/agent-turn-schema.test.ts:48:18

⎯⎯⎯⎯⎯⎯⎯⎯⎯⎯⎯⎯⎯⎯⎯⎯⎯⎯⎯⎯⎯⎯⎯[1/10]⎯

 FAIL  tests/agent-turn-schema.test.ts > strict Agent turn schema > requires exactly one deeply strict disposition shape
AssertionError: promise rejected "AssertionError: the strict Agent turn sch… { …(4) }" instead of resolving
 ❯ tests/agent-turn-schema.test.ts:75:34
     73|     ];
     74|     for (const value of unknownCases) {
     75|       await expect(parses(value)).resolves.toBe(false);
       |                                  ^
     76|     }
     77|     await expect(parses(turn({ disposition: null }))).resolves.toBe(fa…

Caused by: AssertionError: the strict Agent turn schema must exist: expected undefined to be type of 'function'

Expected: "function"
Received: "undefined"

 ❯ loadSchema tests/agent-turn-schema.test.ts:15:59
 ❯ parses tests/agent-turn-schema.test.ts:42:43
 ❯ tests/agent-turn-schema.test.ts:75:20

⎯⎯⎯⎯⎯⎯⎯⎯⎯⎯⎯⎯⎯⎯⎯⎯⎯⎯⎯⎯⎯⎯⎯[2/10]⎯

 FAIL  tests/agent-turn-schema.test.ts > strict Agent turn schema > counts graphemes and enforces field, list, and clientKey bounds
AssertionError: promise rejected "AssertionError: the strict Agent turn sch… { …(4) }" instead of resolving
 ❯ tests/agent-turn-schema.test.ts:82:74
     80|
     81|   it("counts graphemes and enforces field, list, and clientKey bounds"…
     82|     await expect(parses(turn({ message: "👨‍👩‍👧‍👦".repeat(20_000) }…
       |                                                                          ^
     83|     await expect(parses(turn({ message: "👨‍👩‍👧‍👦".repeat(20_001) }…
     84|     await expect(parses(turn({ message: "   " }))).resolves.toBe(false…

Caused by: AssertionError: the strict Agent turn schema must exist: expected undefined to be type of 'function'

Expected: "function"
Received: "undefined"

 ❯ loadSchema tests/agent-turn-schema.test.ts:15:59
 ❯ parses tests/agent-turn-schema.test.ts:42:43
 ❯ tests/agent-turn-schema.test.ts:82:18

⎯⎯⎯⎯⎯⎯⎯⎯⎯⎯⎯⎯⎯⎯⎯⎯⎯⎯⎯⎯⎯⎯⎯[3/10]⎯

 FAIL  tests/agent-turn-schema.test.ts > strict Agent turn schema > requires decision requests to have no tasks or claim
AssertionError: promise rejected "AssertionError: the strict Agent turn sch… { …(4) }" instead of resolving
 ❯ tests/agent-turn-schema.test.ts:125:58
    123|       options: ["Fast", "Careful"],
    124|     };
    125|     await expect(parses(turn({ disposition: decision }))).resolves.toB…
       |                                                          ^
    126|     await expect(parses(turn({ tasks: [task], disposition: decision })…
    127|     await expect(parses(turn({

Caused by: AssertionError: the strict Agent turn schema must exist: expected undefined to be type of 'function'

Expected: "function"
Received: "undefined"

 ❯ loadSchema tests/agent-turn-schema.test.ts:15:59
 ❯ parses tests/agent-turn-schema.test.ts:42:43
 ❯ tests/agent-turn-schema.test.ts:125:18

⎯⎯⎯⎯⎯⎯⎯⎯⎯⎯⎯⎯⎯⎯⎯⎯⎯⎯⎯⎯⎯⎯⎯[4/10]⎯

 FAIL  tests/agent-turn-schema.test.ts > strict Agent turn schema > enforces handoff, plan-ready, and decision option combinations
AssertionError: promise rejected "AssertionError: the strict Agent turn sch… { …(4) }" instead of resolving
 ❯ tests/agent-turn-schema.test.ts:141:9
    139|         reason: "x".repeat(5_000),
    140|       },
    141|     }))).resolves.toBe(true);
       |         ^
    142|     await expect(parses(turn({
    143|       disposition: {

Caused by: AssertionError: the strict Agent turn schema must exist: expected undefined to be type of 'function'

Expected: "function"
Received: "undefined"

 ❯ loadSchema tests/agent-turn-schema.test.ts:15:59
 ❯ parses tests/agent-turn-schema.test.ts:42:43
 ❯ tests/agent-turn-schema.test.ts:134:18

⎯⎯⎯⎯⎯⎯⎯⎯⎯⎯⎯⎯⎯⎯⎯⎯⎯⎯⎯⎯⎯⎯⎯[5/10]⎯

 FAIL  tests/agent-turn-schema.test.ts > strict Agent turn schema > rejects malformed JSON and incomplete existing/proposed claims
AssertionError: the strict Agent turn schema must exist: expected undefined to be type of 'function'

Expected: "function"
Received: "undefined"

 ❯ loadSchema tests/agent-turn-schema.test.ts:15:59
     13| async function loadSchema(): Promise<SchemaModule> {
     14|   const load = schemaModules["../src/server/collaboration/agent-turn-s…
     15|   expect(load, "the strict Agent turn schema must exist").toBeTypeOf("…
       |                                                           ^
     16|   return load();
     17| }
 ❯ tests/agent-turn-schema.test.ts:187:45

⎯⎯⎯⎯⎯⎯⎯⎯⎯⎯⎯⎯⎯⎯⎯⎯⎯⎯⎯⎯⎯⎯⎯[6/10]⎯

 FAIL  tests/structured-repair.test.ts > structured output repair > returns a valid primary turn without making a repair call
AssertionError: the one-repair executor must exist: expected undefined to be type of 'function'

Expected: "function"
Received: "undefined"

 ❯ loadRepair tests/structured-repair.test.ts:79:54
     77| async function loadRepair(): Promise<RepairModule> {
     78|   const load = repairModules["../src/server/collaboration/structured-r…
     79|   expect(load, "the one-repair executor must exist").toBeTypeOf("funct…
       |                                                      ^
     80|   return load();
     81| }
 ❯ tests/structured-repair.test.ts:91:45

⎯⎯⎯⎯⎯⎯⎯⎯⎯⎯⎯⎯⎯⎯⎯⎯⎯⎯⎯⎯⎯⎯⎯[7/10]⎯

 FAIL  tests/structured-repair.test.ts > structured output repair > makes exactly one repair after an invalid primary and exposes both results and usage
AssertionError: the one-repair executor must exist: expected undefined to be type of 'function'

Expected: "function"
Received: "undefined"

 ❯ loadRepair tests/structured-repair.test.ts:79:54
     77| async function loadRepair(): Promise<RepairModule> {
     78|   const load = repairModules["../src/server/collaboration/structured-r…
     79|   expect(load, "the one-repair executor must exist").toBeTypeOf("funct…
       |                                                      ^
     80|   return load();
     81| }
 ❯ tests/structured-repair.test.ts:109:45

⎯⎯⎯⎯⎯⎯⎯⎯⎯⎯⎯⎯⎯⎯⎯⎯⎯⎯⎯⎯⎯⎯⎯[8/10]⎯

 FAIL  tests/structured-repair.test.ts > structured output repair > pauses after two invalid responses and produces no business turn
AssertionError: the one-repair executor must exist: expected undefined to be type of 'function'

Expected: "function"
Received: "undefined"

 ❯ loadRepair tests/structured-repair.test.ts:79:54
     77| async function loadRepair(): Promise<RepairModule> {
     78|   const load = repairModules["../src/server/collaboration/structured-r…
     79|   expect(load, "the one-repair executor must exist").toBeTypeOf("funct…
       |                                                      ^
     80|   return load();
     81| }
 ❯ tests/structured-repair.test.ts:147:45

⎯⎯⎯⎯⎯⎯⎯⎯⎯⎯⎯⎯⎯⎯⎯⎯⎯⎯⎯⎯⎯⎯⎯[9/10]⎯

 FAIL  tests/structured-repair.test.ts > structured output repair > does not repair provider failures or create a business turn
AssertionError: the one-repair executor must exist: expected undefined to be type of 'function'

Expected: "function"
Received: "undefined"

 ❯ loadRepair tests/structured-repair.test.ts:79:54
     77| async function loadRepair(): Promise<RepairModule> {
     78|   const load = repairModules["../src/server/collaboration/structured-r…
     79|   expect(load, "the one-repair executor must exist").toBeTypeOf("funct…
       |                                                      ^
     80|   return load();
     81| }
 ❯ tests/structured-repair.test.ts:182:45

⎯⎯⎯⎯⎯⎯⎯⎯⎯⎯⎯⎯⎯⎯⎯⎯⎯⎯⎯⎯⎯⎯[10/10]⎯


 Test Files  2 failed (2)
      Tests  10 failed (10)
   Start at  06:06:05
   Duration  2.22s (transform 140ms, setup 714ms, import 105ms, tests 32ms, environment 2.95s)

# exit: 1
