# hf-gate-run
# label: review-suite-r2
# command: cmd /c npm test
# started: 2026-07-29T16:02:37+00:00

> collaboration-cockpit@0.1.0 test
> vitest run


 RUN  v4.1.10 D:/cool-ai

(node:17240) ExperimentalWarning: SQLite is an experimental feature and might change at any time
(Use `node --trace-warnings ...` to show where the warning was created)
(node:9928) ExperimentalWarning: SQLite is an experimental feature and might change at any time
(Use `node --trace-warnings ...` to show where the warning was created)
(node:12164) ExperimentalWarning: SQLite is an experimental feature and might change at any time
(Use `node --trace-warnings ...` to show where the warning was created)
(node:1920) ExperimentalWarning: SQLite is an experimental feature and might change at any time
(Use `node --trace-warnings ...` to show where the warning was created)

 Test Files  12 passed (12)
      Tests  42 passed (42)
   Start at  00:02:38
   Duration  6.07s (transform 525ms, setup 5.78s, import 1.49s, tests 4.16s, environment 21.99s)

# exit: 0
