# hf-gate-run
# label: review-suite-r3
# command: cmd /c npm test
# started: 2026-07-29T16:09:19+00:00

> collaboration-cockpit@0.1.0 test
> vitest run


 RUN  v4.1.10 D:/cool-ai

(node:10688) ExperimentalWarning: SQLite is an experimental feature and might change at any time
(Use `node --trace-warnings ...` to show where the warning was created)
(node:16392) ExperimentalWarning: SQLite is an experimental feature and might change at any time
(Use `node --trace-warnings ...` to show where the warning was created)
(node:17184) ExperimentalWarning: SQLite is an experimental feature and might change at any time
(Use `node --trace-warnings ...` to show where the warning was created)
(node:12600) ExperimentalWarning: SQLite is an experimental feature and might change at any time
(Use `node --trace-warnings ...` to show where the warning was created)

 Test Files  12 passed (12)
      Tests  42 passed (42)
   Start at  00:09:20
   Duration  5.97s (transform 447ms, setup 5.49s, import 1.28s, tests 3.87s, environment 21.91s)

# exit: 0
