# hf-gate-run
# label: smoke
# command: cmd /c npm run smoke
# started: 2026-07-29T15:46:19+00:00

> collaboration-cockpit@0.1.0 smoke
> node tests/browser-smoke.mjs

node:internal/modules/run_main:107
    triggerUncaughtException(
    ^

locator.getAttribute: Timeout 30000ms exceeded.
Call log:
  - waiting for getByRole('button', { name: 'Open project navigation' })

    at D:\cool-ai\tests\browser-smoke.mjs:168:36 {
  log: [
    "  - waiting for getByRole('button', { name: 'Open project navigation' })"
  ],
  name: 'TimeoutError'
}

Node.js v24.14.0
# exit: 1
