# hf-gate-run
# label: t1-build
# command: cmd /c npm run build
# started: 2026-07-29T14:49:47+00:00

> collaboration-cockpit@0.1.0 build
> next build

  Downloading swc package @next/swc-wasm-nodejs... to C:\Users\Administrator\AppData\Local\next-swc
⚠ Attempted to load @next/swc-win32-x64-msvc, but an error occurred: \\?\D:\cool-ai\node_modules\@next\swc-win32-x64-msvc\next-swc.win32-x64-msvc.node is not a valid Win32 application.
\\?\D:\cool-ai\node_modules\@next\swc-win32-x64-msvc\next-swc.win32-x64-msvc.node
  Skipping creating a lockfile at D:\cool-ai\.next\lock because we're using WASM bindings
▲ Next.js 16.2.12 (Turbopack)

  Creating an optimized production build ...
⚠ Attempted to load @next/swc-win32-x64-msvc, but an error occurred: \\?\D:\cool-ai\node_modules\@next\swc-win32-x64-msvc\next-swc.win32-x64-msvc.node is not a valid Win32 application.
\\?\D:\cool-ai\node_modules\@next\swc-win32-x64-msvc\next-swc.win32-x64-msvc.node

> Build error occurred
Error: Turbopack is not supported on this platform (win32/x64) because native bindings are not available. Only WebAssembly (WASM) bindings were loaded, and Turbopack requires native bindings.

To build on this platform, use Webpack instead:
  next build --webpack

For more information, see: https://nextjs.org/docs/app/api-reference/turbopack#supported-platforms
    at ignore-listed frames
# exit: 1
