# hf-gate-run
# label: t2-red
# command: cmd /c npm test
# started: 2026-07-29T14:56:46+00:00

> collaboration-cockpit@0.1.0 test
> vitest run


 RUN  v4.1.10 D:/cool-ai

(node:5556) ExperimentalWarning: SQLite is an experimental feature and might change at any time
(Use `node --trace-warnings ...` to show where the warning was created)
(node:11132) ExperimentalWarning: SQLite is an experimental feature and might change at any time
(Use `node --trace-warnings ...` to show where the warning was created)
(node:12072) ExperimentalWarning: SQLite is an experimental feature and might change at any time
(Use `node --trace-warnings ...` to show where the warning was created)
(node:12760) ExperimentalWarning: SQLite is an experimental feature and might change at any time
(Use `node --trace-warnings ...` to show where the warning was created)
 ❯ tests/tasks.service.test.ts (5 tests | 5 failed) 111ms
     × persists queued, running, and completed states with ordered events 36ms
     × persists failed state and event when execution throws 24ms
     × rejects empty goals and missing projects without orphan tasks 23ms
     × rejects missing tasks and illegal repeated transitions 23ms
     × uses domain errors for expected failures 2ms
 ❯ tests/tasks.api.test.ts (8 tests | 8 failed) 161ms
     × creates, starts, executes, and reloads a task with ordered events 40ms
     × returns 400 for invalid task input 0 26ms
     × returns 400 for invalid task input 1 25ms
     × returns 400 for invalid task input 2 22ms
     × returns stable 404 contracts for missing projects and tasks 3ms
     × returns stable 409 contracts for illegal transitions 21ms
     × returns a persisted failed task and event when execution throws 19ms
     × returns STORAGE_UNAVAILABLE when SQLite cannot open the configured path 2ms

⎯⎯⎯⎯⎯⎯ Failed Tests 13 ⎯⎯⎯⎯⎯⎯⎯

 FAIL  tests/tasks.api.test.ts > task API contract > creates, starts, executes, and reloads a task with ordered events
AssertionError: expected 501 to be 201 // Object.is equality

- Expected
+ Received

- 201
+ 501

 ❯ tests/tasks.api.test.ts:57:36
     55|     );
     56|
     57|     expect(createdResponse.status).toBe(201);
       |                                    ^
     58|     const created = await createdResponse.json();
     59|     expect(created.events.map((event: { status: string }) => event.sta…

⎯⎯⎯⎯⎯⎯⎯⎯⎯⎯⎯⎯⎯⎯⎯⎯⎯⎯⎯⎯⎯⎯⎯[1/13]⎯

 FAIL  tests/tasks.api.test.ts > task API contract > returns 400 for invalid task input 0
 FAIL  tests/tasks.api.test.ts > task API contract > returns 400 for invalid task input 1
 FAIL  tests/tasks.api.test.ts > task API contract > returns 400 for invalid task input 2
AssertionError: expected 501 to be 400 // Object.is equality

- Expected
+ Received

- 400
+ 501

 ❯ tests/tasks.api.test.ts:99:29
     97|     );
     98|
     99|     expect(response.status).toBe(400);
       |                             ^
    100|     await expect(response.json()).resolves.toMatchObject({ error: { co…
    101|   });

⎯⎯⎯⎯⎯⎯⎯⎯⎯⎯⎯⎯⎯⎯⎯⎯⎯⎯⎯⎯⎯⎯⎯[2/13]⎯

 FAIL  tests/tasks.api.test.ts > task API contract > returns stable 404 contracts for missing projects and tasks
AssertionError: expected 501 to be 404 // Object.is equality

- Expected
+ Received

- 404
+ 501

 ❯ tests/tasks.api.test.ts:113:36
    111|     );
    112|
    113|     expect(projectResponse.status).toBe(404);
       |                                    ^
    114|     await expect(projectResponse.json()).resolves.toMatchObject({
    115|       error: { code: "PROJECT_NOT_FOUND" },

⎯⎯⎯⎯⎯⎯⎯⎯⎯⎯⎯⎯⎯⎯⎯⎯⎯⎯⎯⎯⎯⎯⎯[3/13]⎯

 FAIL  tests/tasks.api.test.ts > task API contract > returns stable 409 contracts for illegal transitions
AssertionError: expected 501 to be 409 // Object.is equality

- Expected
+ Received

- 409
+ 501

 ❯ tests/tasks.api.test.ts:131:34
    129|       taskContext(created.task.id),
    130|     );
    131|     expect(executeQueued.status).toBe(409);
       |                                  ^
    132|     await expect(executeQueued.json()).resolves.toMatchObject({
    133|       error: { code: "TASK_NOT_EXECUTABLE" },

⎯⎯⎯⎯⎯⎯⎯⎯⎯⎯⎯⎯⎯⎯⎯⎯⎯⎯⎯⎯⎯⎯⎯[4/13]⎯

 FAIL  tests/tasks.api.test.ts > task API contract > returns a persisted failed task and event when execution throws
AssertionError: expected 501 to be 500 // Object.is equality

- Expected
+ Received

- 500
+ 501

 ❯ tests/tasks.api.test.ts:156:35
    154|     });
    155|
    156|     expect(failedResponse.status).toBe(500);
       |                                   ^
    157|     const failed = await failedResponse.json();
    158|     expect(failed).toMatchObject({

⎯⎯⎯⎯⎯⎯⎯⎯⎯⎯⎯⎯⎯⎯⎯⎯⎯⎯⎯⎯⎯⎯⎯[5/13]⎯

 FAIL  tests/tasks.api.test.ts > task API contract > returns STORAGE_UNAVAILABLE when SQLite cannot open the configured path
AssertionError: expected 501 to be 503 // Object.is equality

- Expected
+ Received

- 503
+ 501

 ❯ tests/tasks.api.test.ts:185:29
    183|     );
    184|
    185|     expect(response.status).toBe(503);
       |                             ^
    186|     await expect(response.json()).resolves.toMatchObject({
    187|       error: { code: "STORAGE_UNAVAILABLE" },

⎯⎯⎯⎯⎯⎯⎯⎯⎯⎯⎯⎯⎯⎯⎯⎯⎯⎯⎯⎯⎯⎯⎯[6/13]⎯

 FAIL  tests/tasks.service.test.ts > task service > persists queued, running, and completed states with ordered events
AssertionError: expected { id: 'not-implemented', …(7) } to match object { goal: 'Prepare launch notes', …(1) }
(6 matching properties omitted from actual)

- Expected
+ Received

  {
-   "goal": "Prepare launch notes",
+   "goal": "",
    "status": "queued",
  }

 ❯ tests/tasks.service.test.ts:40:25
     38|     const reloaded = listProjectTasks(project.id, path);
     39|
     40|     expect(queued.task).toMatchObject({ goal: "Prepare launch notes", …
       |                         ^
     41|     expect(running.task.status).toBe("running");
     42|     expect(completed.task).toMatchObject({

⎯⎯⎯⎯⎯⎯⎯⎯⎯⎯⎯⎯⎯⎯⎯⎯⎯⎯⎯⎯⎯⎯⎯[7/13]⎯

 FAIL  tests/tasks.service.test.ts > task service > persists failed state and event when execution throws
AssertionError: expected undefined to be an instance of TaskExecutionError
 ❯ tests/tasks.service.test.ts:73:21
     71|     }
     72|
     73|     expect(failure).toBeInstanceOf(TaskExecutionError);
       |                     ^
     74|     expect(failure?.response).toMatchObject({
     75|       task: { status: "failed", result: null, error: "provider offline…

⎯⎯⎯⎯⎯⎯⎯⎯⎯⎯⎯⎯⎯⎯⎯⎯⎯⎯⎯⎯⎯⎯⎯[8/13]⎯

 FAIL  tests/tasks.service.test.ts > task service > rejects empty goals and missing projects without orphan tasks
AssertionError: expected function to throw an error, but it didn't
 ❯ tests/tasks.service.test.ts:93:55
     91|     const project = createProject("Launch plan", path);
     92|
     93|     expect(() => createTask(project.id, "   ", path)).toThrowError(
       |                                                       ^
     94|       expect.objectContaining({ code: "EMPTY_GOAL" }),
     95|     );

⎯⎯⎯⎯⎯⎯⎯⎯⎯⎯⎯⎯⎯⎯⎯⎯⎯⎯⎯⎯⎯⎯⎯[9/13]⎯

 FAIL  tests/tasks.service.test.ts > task service > rejects missing tasks and illegal repeated transitions
AssertionError: expected function to throw an error, but it didn't
 ❯ tests/tasks.service.test.ts:107:51
    105|     const queued = createTask(project.id, "Goal", path);
    106|
    107|     expect(() => startTask("missing-task", path)).toThrowError(
       |                                                   ^
    108|       expect.objectContaining({ code: "TASK_NOT_FOUND" }),
    109|     );

⎯⎯⎯⎯⎯⎯⎯⎯⎯⎯⎯⎯⎯⎯⎯⎯⎯⎯⎯⎯⎯⎯[10/13]⎯

 FAIL  tests/tasks.service.test.ts > task service > uses domain errors for expected failures
AssertionError: expected function to throw an error, but it didn't
 ❯ tests/tasks.service.test.ts:127:51
    125|     const path = databasePath();
    126|
    127|     expect(() => startTask("missing-task", path)).toThrow(TaskDomainEr…
       |                                                   ^
    128|   });
    129| });

⎯⎯⎯⎯⎯⎯⎯⎯⎯⎯⎯⎯⎯⎯⎯⎯⎯⎯⎯⎯⎯⎯[11/13]⎯


 Test Files  2 failed | 3 passed (5)
      Tests  13 failed | 7 passed (20)
   Start at  22:56:47
   Duration  3.06s (transform 303ms, setup 2.28s, import 511ms, tests 740ms, environment 8.53s)

# exit: 1
