# hf-gate-run
# label: t3-green
# command: cmd /c npm test
# started: 2026-07-29T15:07:56+00:00

> collaboration-cockpit@0.1.0 test
> vitest run


 RUN  v4.1.10 D:/cool-ai

(node:4416) ExperimentalWarning: SQLite is an experimental feature and might change at any time
(Use `node --trace-warnings ...` to show where the warning was created)
(node:16248) ExperimentalWarning: SQLite is an experimental feature and might change at any time
(Use `node --trace-warnings ...` to show where the warning was created)
(node:12596) ExperimentalWarning: SQLite is an experimental feature and might change at any time
(Use `node --trace-warnings ...` to show where the warning was created)
(node:14708) ExperimentalWarning: SQLite is an experimental feature and might change at any time
(Use `node --trace-warnings ...` to show where the warning was created)

 Test Files  6 passed (6)
      Tests  25 passed (25)
   Start at  23:07:57
   Duration  3.64s (transform 438ms, setup 3.61s, import 831ms, tests 1.88s, environment 11.65s)

# exit: 0
