# hf-gate-run
# label: t5-green
# command: cmd /c npm test
# started: 2026-07-29T15:34:13+00:00

> collaboration-cockpit@0.1.0 test
> vitest run


 RUN  v4.1.10 D:/cool-ai

(node:2620) ExperimentalWarning: SQLite is an experimental feature and might change at any time
(Use `node --trace-warnings ...` to show where the warning was created)
(node:8672) ExperimentalWarning: SQLite is an experimental feature and might change at any time
(Use `node --trace-warnings ...` to show where the warning was created)
(node:7016) ExperimentalWarning: SQLite is an experimental feature and might change at any time
(Use `node --trace-warnings ...` to show where the warning was created)
(node:15408) ExperimentalWarning: SQLite is an experimental feature and might change at any time
(Use `node --trace-warnings ...` to show where the warning was created)

 Test Files  10 passed (10)
      Tests  36 passed (36)
   Start at  23:34:15
   Duration  5.80s (transform 587ms, setup 4.90s, import 1.36s, tests 3.14s, environment 18.66s)

# exit: 0
