# hf-gate-run
# label: t5-red
# command: cmd /c npm test
# started: 2026-07-29T15:27:47+00:00

> collaboration-cockpit@0.1.0 test
> vitest run


 RUN  v4.1.10 D:/cool-ai

(node:16904) ExperimentalWarning: SQLite is an experimental feature and might change at any time
(Use `node --trace-warnings ...` to show where the warning was created)
(node:288) ExperimentalWarning: SQLite is an experimental feature and might change at any time
(Use `node --trace-warnings ...` to show where the warning was created)
(node:2264) ExperimentalWarning: SQLite is an experimental feature and might change at any time
(Use `node --trace-warnings ...` to show where the warning was created)
 ❯ tests/accessibility.test.tsx (4 tests | 4 failed) 1423ms
     × labels both drawer controls and exposes their state 248ms
     × moves focus into each drawer and restores it to the opener 73ms
     × places drawer controls before the primary form in keyboard order 90ms
     × announces the restored task status through a polite status region 1010ms
(node:16644) ExperimentalWarning: SQLite is an experimental feature and might change at any time
(Use `node --trace-warnings ...` to show where the warning was created)
 ❯ tests/responsive-layout.test.ts (3 tests | 3 failed) 11ms
     × keeps the breakpoint literal in the named token responsive section 7ms
     × collapses the grid and guards against horizontal overflow 1ms
     × defines explicit narrow-screen drawer and toolbar states 1ms

⎯⎯⎯⎯⎯⎯⎯ Failed Tests 7 ⎯⎯⎯⎯⎯⎯⎯

 FAIL  tests/accessibility.test.tsx > narrow-screen and keyboard accessibility > labels both drawer controls and exposes their state
TestingLibraryElementError: Unable to find an accessible element with the role "button" and name "Open project navigation"

Here are the accessible roles:

  complementary:

  Name "Project navigation":
  [36m<aside[39m
    [33maria-label[39m=[32m"Project navigation"[39m
    [33mclass[39m=[32m"cockpit-sidebar"[39m
  [36m/>[39m

  Name "Current task context":
  [36m<aside[39m
    [33maria-label[39m=[32m"Current task context"[39m
    [33mclass[39m=[32m"cockpit-context"[39m
  [36m/>[39m

  --------------------------------------------------
  paragraph:

  Name "":
  [36m<p[39m
    [33mclass[39m=[32m"eyebrow"[39m
  [36m/>[39m

  Name "":
  [36m<p[39m
    [33maria-busy[39m=[32m"true"[39m
    [33mclass[39m=[32m"muted"[39m
  [36m/>[39m

  Name "":
  [36m<p[39m
    [33mclass[39m=[32m"eyebrow"[39m
  [36m/>[39m

  Name "":
  [36m<p[39m
    [33mclass[39m=[32m"state-message"[39m
  [36m/>[39m

  Name "":
  [36m<p[39m
    [33mclass[39m=[32m"eyebrow"[39m
  [36m/>[39m

  Name "":
  [36m<p[39m
    [33mclass[39m=[32m"state-message"[39m
  [36m/>[39m

  --------------------------------------------------
  heading:

  Name "Cool AI":
  [36m<h1 />[39m

  Name "Projects":
  [36m<h2[39m
    [33mid[39m=[32m"projects-title"[39m
  [36m/>[39m

  Name "Task activity":
  [36m<h2[39m
    [33mid[39m=[32m"tasks-title"[39m
  [36m/>[39m

  Name "Current context":
  [36m<h2 />[39m

  --------------------------------------------------
  region:

  Name "Projects":
  [36m<section[39m
    [33maria-labelledby[39m=[32m"projects-title"[39m
    [33mclass[39m=[32m"stack"[39m
  [36m/>[39m

  --------------------------------------------------
  textbox:

  Name "Project name":
  [36m<input[39m
    [33mid[39m=[32m"project-name"[39m
    [33mname[39m=[32m"name"[39m
    [33mvalue[39m=[32m""[39m
  [36m/>[39m

  --------------------------------------------------
  button:

  Name "Create project":
  [36m<button[39m
    [33mtype[39m=[32m"submit"[39m
  [36m/>[39m

  --------------------------------------------------
  main:

  Name "Task event flow":
  [36m<main[39m
    [33maria-label[39m=[32m"Task event flow"[39m
    [33mclass[39m=[32m"cockpit-flow"[39m
  [36m/>[39m

  --------------------------------------------------

Ignored nodes: comments, script, style
[36m<body>[39m
  [36m<div>[39m
    [36m<div[39m
      [33mclass[39m=[32m"collaboration-cockpit"[39m
      [33mdata-testid[39m=[32m"collaboration-cockpit"[39m
    [36m>[39m
      [36m<aside[39m
        [33maria-label[39m=[32m"Project navigation"[39m
        [33mclass[39m=[32m"cockpit-sidebar"[39m
      [36m>[39m
        [36m<div[39m
          [33mclass[39m=[32m"product-identity"[39m
        [36m>[39m
          [36m<span[39m
            [33maria-hidden[39m=[32m"true"[39m
            [33mclass[39m=[32m"product-mark"[39m
          [36m>[39m
            [0mC[0m
          [36m</span>[39m
          [36m<div>[39m
            [36m<p[39m
              [33mclass[39m=[32m"eyebrow"[39m
            [36m>[39m
              [0mCollaboration cockpit[0m
            [36m</p>[39m
            [36m<h1>[39m
              [0mCool AI[0m
            [36m</h1>[39m
          [36m</div>[39m
        [36m</div>[39m
        [36m<section[39m
          [33maria-labelledby[39m=[32m"projects-title"[39m
          [33mclass[39m=[32m"stack"[39m
        [36m>[39m
          [36m<h2[39m
            [33mid[39m=[32m"projects-title"[39m
          [36m>[39m
            [0mProjects[0m
          [36m</h2>[39m
          [36m<form[39m
            [33mclass[39m=[32m"stack"[39m
          [36m>[39m
            [36m<div[39m
              [33mclass[39m=[32m"form-field"[39m
            [36m>[39m
              [36m<label[39m
                [33mfor[39m=[32m"project-name"[39m
              [36m>[39m
                [0mProject name[0m
              [36m</label>[39m
              [36m<input[39m
                [33mid[39m=[32m"project-name"[39m
                [33mname[39m=[32m"name"[39m
                [33mvalue[39m=[32m""[39m
              [36m/>[39m
            [36m</div>[39m
            [36m<button[39m
              [33mtype[39m=[32m"submit"[39m
            [36m>[39m
              [0mCreate project[0m
            [36m</button>[39m
          [36m</form>[39m
          [36m<p[39m
            [33maria-busy[39m=[32m"true"[39m
            [33mclass[39m=[32m"muted"[39m
          [36m>[39m
            [0mLoading projects…[0m
          [36m</p>[39m
        [36m</section>[39m
      [36m</aside>[39m
      [36m<main[39m
        [33maria-label[39m=[32m"Task event flow"[39m
        [33mclass[39m=[32m"cockpit-flow"[39m
      [36m>[39m
        [36m<div[39m
          [33mclass[39m=[32m"panel-heading"[39m
        [36m>[39m
          [36m<span[39m
            [33maria-hidden[39m=[32m"true"[39m
            [33mclass[39m=[32m"agent-mark"[39m
          [36m>[39m
            [0mA[0m
          [36m</span>[39m
          [36m<div>[39m
            [36m<p[39m
              [33mclass[39m=[32m"eyebrow"[39m
            [36m>[39m
              [0mDeterministic example Agent[0m
            [36m</p>[39m
            [36m<h2[39m
              [33mid[39m=[32m"tasks-title"[39m
            [36m>[39m
              [0mTask activity[0m
            [36m</h2>[39m
          [36m</div>[39m
        [36m</div>[39m
        [36m<p[39m
          [33mclass[39m=[32m"state-message"[39m
        [36m>[39m
          [0mCreate or select a project before running a task.[0m
        [36m</p>[39m
      [36m</main>[39m
      [36m<aside[39m
        [33maria-label[39m=[32m"Current task context"[39m
        [33mclass[39m=[32m"cockpit-context"[39m
      [36m>[39m
        [36m<div>[39m
          [36m<p[39m
            [33mclass[39m=[32m"eyebrow"[39m
          [36m>[39m
            [0mCurrent work[0m
          [36m</p>[39m
          [36m<h2>[39m
            [0mCurrent context[0m
          [36m</h2>[39m
        [36m</div>[39m
        [36m<p[39m
          [33mclass[39m=[32m"state-message"[39m
        [36m>[39m
          [0mNo current task.[0m
        [36m</p>[39m
      [36m</aside>[39m
    [36m</div>[39m
  [36m</div>[39m
[36m</body>[39m
 ❯ Object.getElementError node_modules/@testing-library/dom/dist/config.js:37:19
 ❯ node_modules/@testing-library/dom/dist/query-helpers.js:76:38
 ❯ node_modules/@testing-library/dom/dist/query-helpers.js:52:17
 ❯ node_modules/@testing-library/dom/dist/query-helpers.js:95:19
 ❯ tests/accessibility.test.tsx:36:29
     34|     renderCockpitWithProject();
     35|
     36|     const projects = screen.getByRole("button", { name: "Open project …
       |                             ^
     37|     const context = screen.getByRole("button", { name: "Open current t…
     38|

⎯⎯⎯⎯⎯⎯⎯⎯⎯⎯⎯⎯⎯⎯⎯⎯⎯⎯⎯⎯⎯⎯⎯⎯[1/7]⎯

 FAIL  tests/accessibility.test.tsx > narrow-screen and keyboard accessibility > moves focus into each drawer and restores it to the opener
TestingLibraryElementError: Unable to find an accessible element with the role "button" and name "Open project navigation"

Here are the accessible roles:

  complementary:

  Name "Project navigation":
  [36m<aside[39m
    [33maria-label[39m=[32m"Project navigation"[39m
    [33mclass[39m=[32m"cockpit-sidebar"[39m
  [36m/>[39m

  Name "Current task context":
  [36m<aside[39m
    [33maria-label[39m=[32m"Current task context"[39m
    [33mclass[39m=[32m"cockpit-context"[39m
  [36m/>[39m

  --------------------------------------------------
  paragraph:

  Name "":
  [36m<p[39m
    [33mclass[39m=[32m"eyebrow"[39m
  [36m/>[39m

  Name "":
  [36m<p[39m
    [33maria-busy[39m=[32m"true"[39m
    [33mclass[39m=[32m"muted"[39m
  [36m/>[39m

  Name "":
  [36m<p[39m
    [33mclass[39m=[32m"eyebrow"[39m
  [36m/>[39m

  Name "":
  [36m<p[39m
    [33mclass[39m=[32m"state-message"[39m
  [36m/>[39m

  Name "":
  [36m<p[39m
    [33mclass[39m=[32m"eyebrow"[39m
  [36m/>[39m

  Name "":
  [36m<p[39m
    [33mclass[39m=[32m"state-message"[39m
  [36m/>[39m

  --------------------------------------------------
  heading:

  Name "Cool AI":
  [36m<h1 />[39m

  Name "Projects":
  [36m<h2[39m
    [33mid[39m=[32m"projects-title"[39m
  [36m/>[39m

  Name "Task activity":
  [36m<h2[39m
    [33mid[39m=[32m"tasks-title"[39m
  [36m/>[39m

  Name "Current context":
  [36m<h2 />[39m

  --------------------------------------------------
  region:

  Name "Projects":
  [36m<section[39m
    [33maria-labelledby[39m=[32m"projects-title"[39m
    [33mclass[39m=[32m"stack"[39m
  [36m/>[39m

  --------------------------------------------------
  textbox:

  Name "Project name":
  [36m<input[39m
    [33mid[39m=[32m"project-name"[39m
    [33mname[39m=[32m"name"[39m
    [33mvalue[39m=[32m""[39m
  [36m/>[39m

  --------------------------------------------------
  button:

  Name "Create project":
  [36m<button[39m
    [33mtype[39m=[32m"submit"[39m
  [36m/>[39m

  --------------------------------------------------
  main:

  Name "Task event flow":
  [36m<main[39m
    [33maria-label[39m=[32m"Task event flow"[39m
    [33mclass[39m=[32m"cockpit-flow"[39m
  [36m/>[39m

  --------------------------------------------------

Ignored nodes: comments, script, style
[36m<body>[39m
  [36m<div>[39m
    [36m<div[39m
      [33mclass[39m=[32m"collaboration-cockpit"[39m
      [33mdata-testid[39m=[32m"collaboration-cockpit"[39m
    [36m>[39m
      [36m<aside[39m
        [33maria-label[39m=[32m"Project navigation"[39m
        [33mclass[39m=[32m"cockpit-sidebar"[39m
      [36m>[39m
        [36m<div[39m
          [33mclass[39m=[32m"product-identity"[39m
        [36m>[39m
          [36m<span[39m
            [33maria-hidden[39m=[32m"true"[39m
            [33mclass[39m=[32m"product-mark"[39m
          [36m>[39m
            [0mC[0m
          [36m</span>[39m
          [36m<div>[39m
            [36m<p[39m
              [33mclass[39m=[32m"eyebrow"[39m
            [36m>[39m
              [0mCollaboration cockpit[0m
            [36m</p>[39m
            [36m<h1>[39m
              [0mCool AI[0m
            [36m</h1>[39m
          [36m</div>[39m
        [36m</div>[39m
        [36m<section[39m
          [33maria-labelledby[39m=[32m"projects-title"[39m
          [33mclass[39m=[32m"stack"[39m
        [36m>[39m
          [36m<h2[39m
            [33mid[39m=[32m"projects-title"[39m
          [36m>[39m
            [0mProjects[0m
          [36m</h2>[39m
          [36m<form[39m
            [33mclass[39m=[32m"stack"[39m
          [36m>[39m
            [36m<div[39m
              [33mclass[39m=[32m"form-field"[39m
            [36m>[39m
              [36m<label[39m
                [33mfor[39m=[32m"project-name"[39m
              [36m>[39m
                [0mProject name[0m
              [36m</label>[39m
              [36m<input[39m
                [33mid[39m=[32m"project-name"[39m
                [33mname[39m=[32m"name"[39m
                [33mvalue[39m=[32m""[39m
              [36m/>[39m
            [36m</div>[39m
            [36m<button[39m
              [33mtype[39m=[32m"submit"[39m
            [36m>[39m
              [0mCreate project[0m
            [36m</button>[39m
          [36m</form>[39m
          [36m<p[39m
            [33maria-busy[39m=[32m"true"[39m
            [33mclass[39m=[32m"muted"[39m
          [36m>[39m
            [0mLoading projects…[0m
          [36m</p>[39m
        [36m</section>[39m
      [36m</aside>[39m
      [36m<main[39m
        [33maria-label[39m=[32m"Task event flow"[39m
        [33mclass[39m=[32m"cockpit-flow"[39m
      [36m>[39m
        [36m<div[39m
          [33mclass[39m=[32m"panel-heading"[39m
        [36m>[39m
          [36m<span[39m
            [33maria-hidden[39m=[32m"true"[39m
            [33mclass[39m=[32m"agent-mark"[39m
          [36m>[39m
            [0mA[0m
          [36m</span>[39m
          [36m<div>[39m
            [36m<p[39m
              [33mclass[39m=[32m"eyebrow"[39m
            [36m>[39m
              [0mDeterministic example Agent[0m
            [36m</p>[39m
            [36m<h2[39m
              [33mid[39m=[32m"tasks-title"[39m
            [36m>[39m
              [0mTask activity[0m
            [36m</h2>[39m
          [36m</div>[39m
        [36m</div>[39m
        [36m<p[39m
          [33mclass[39m=[32m"state-message"[39m
        [36m>[39m
          [0mCreate or select a project before running a task.[0m
        [36m</p>[39m
      [36m</main>[39m
      [36m<aside[39m
        [33maria-label[39m=[32m"Current task context"[39m
        [33mclass[39m=[32m"cockpit-context"[39m
      [36m>[39m
        [36m<div>[39m
          [36m<p[39m
            [33mclass[39m=[32m"eyebrow"[39m
          [36m>[39m
            [0mCurrent work[0m
          [36m</p>[39m
          [36m<h2>[39m
            [0mCurrent context[0m
          [36m</h2>[39m
        [36m</div>[39m
        [36m<p[39m
          [33mclass[39m=[32m"state-message"[39m
        [36m>[39m
          [0mNo current task.[0m
        [36m</p>[39m
      [36m</aside>[39m
    [36m</div>[39m
  [36m</div>[39m
[36m</body>[39m
 ❯ Object.getElementError node_modules/@testing-library/dom/dist/config.js:37:19
 ❯ node_modules/@testing-library/dom/dist/query-helpers.js:76:38
 ❯ node_modules/@testing-library/dom/dist/query-helpers.js:52:17
 ❯ node_modules/@testing-library/dom/dist/query-helpers.js:95:19
 ❯ tests/accessibility.test.tsx:49:29
     47|     const user = userEvent.setup();
     48|
     49|     const projects = screen.getByRole("button", { name: "Open project …
       |                             ^
     50|     await user.click(projects);
     51|     const closeProjects = screen.getByRole("button", { name: "Close pr…

⎯⎯⎯⎯⎯⎯⎯⎯⎯⎯⎯⎯⎯⎯⎯⎯⎯⎯⎯⎯⎯⎯⎯⎯[2/7]⎯

 FAIL  tests/accessibility.test.tsx > narrow-screen and keyboard accessibility > places drawer controls before the primary form in keyboard order
TestingLibraryElementError: Unable to find an accessible element with the role "button" and name "Open project navigation"

Here are the accessible roles:

  complementary:

  Name "Project navigation":
  [36m<aside[39m
    [33maria-label[39m=[32m"Project navigation"[39m
    [33mclass[39m=[32m"cockpit-sidebar"[39m
  [36m/>[39m

  Name "Current task context":
  [36m<aside[39m
    [33maria-label[39m=[32m"Current task context"[39m
    [33mclass[39m=[32m"cockpit-context"[39m
  [36m/>[39m

  --------------------------------------------------
  paragraph:

  Name "":
  [36m<p[39m
    [33mclass[39m=[32m"eyebrow"[39m
  [36m/>[39m

  Name "":
  [36m<p[39m
    [33mclass[39m=[32m"eyebrow"[39m
  [36m/>[39m

  Name "":
  [36m<p[39m
    [33mclass[39m=[32m"state-message"[39m
  [36m/>[39m

  Name "":
  [36m<p[39m
    [33maria-live[39m=[32m"polite"[39m
    [33mclass[39m=[32m"muted"[39m
  [36m/>[39m

  Name "":
  [36m<p[39m
    [33mclass[39m=[32m"eyebrow"[39m
  [36m/>[39m

  Name "":
  [36m<p[39m
    [33mclass[39m=[32m"state-message"[39m
  [36m/>[39m

  --------------------------------------------------
  heading:

  Name "Cool AI":
  [36m<h1 />[39m

  Name "Projects":
  [36m<h2[39m
    [33mid[39m=[32m"projects-title"[39m
  [36m/>[39m

  Name "Task activity":
  [36m<h2[39m
    [33mid[39m=[32m"tasks-title"[39m
  [36m/>[39m

  Name "Current context":
  [36m<h2 />[39m

  --------------------------------------------------
  region:

  Name "Projects":
  [36m<section[39m
    [33maria-labelledby[39m=[32m"projects-title"[39m
    [33mclass[39m=[32m"stack"[39m
  [36m/>[39m

  --------------------------------------------------
  textbox:

  Name "Project name":
  [36m<input[39m
    [33mid[39m=[32m"project-name"[39m
    [33mname[39m=[32m"name"[39m
    [33mvalue[39m=[32m""[39m
  [36m/>[39m

  Name "Task goal":
  [36m<input[39m
    [33mid[39m=[32m"task-goal"[39m
    [33mname[39m=[32m"goal"[39m
    [33mvalue[39m=[32m""[39m
  [36m/>[39m

  --------------------------------------------------
  button:

  Name "Create project":
  [36m<button[39m
    [33mtype[39m=[32m"submit"[39m
  [36m/>[39m

  Name "Launch plan":
  [36m<button[39m
    [33maria-current[39m=[32m"page"[39m
    [33mtype[39m=[32m"button"[39m
  [36m/>[39m

  Name "Run task":
  [36m<button[39m
    [33mdisabled[39m=[32m""[39m
    [33mtype[39m=[32m"submit"[39m
  [36m/>[39m

  --------------------------------------------------
  navigation:

  Name "Projects":
  [36m<nav[39m
    [33maria-label[39m=[32m"Projects"[39m
  [36m/>[39m

  --------------------------------------------------
  list:

  Name "":
  [36m<ul[39m
    [33mclass[39m=[32m"project-list"[39m
  [36m/>[39m

  --------------------------------------------------
  listitem:

  Name "":
  [36m<li />[39m

  --------------------------------------------------
  main:

  Name "Task event flow":
  [36m<main[39m
    [33maria-label[39m=[32m"Task event flow"[39m
    [33mclass[39m=[32m"cockpit-flow"[39m
  [36m/>[39m

  --------------------------------------------------

Ignored nodes: comments, script, style
[36m<body>[39m
  [36m<div>[39m
    [36m<div[39m
      [33mclass[39m=[32m"collaboration-cockpit"[39m
      [33mdata-testid[39m=[32m"collaboration-cockpit"[39m
    [36m>[39m
      [36m<aside[39m
        [33maria-label[39m=[32m"Project navigation"[39m
        [33mclass[39m=[32m"cockpit-sidebar"[39m
      [36m>[39m
        [36m<div[39m
          [33mclass[39m=[32m"product-identity"[39m
        [36m>[39m
          [36m<span[39m
            [33maria-hidden[39m=[32m"true"[39m
            [33mclass[39m=[32m"product-mark"[39m
          [36m>[39m
            [0mC[0m
          [36m</span>[39m
          [36m<div>[39m
            [36m<p[39m
              [33mclass[39m=[32m"eyebrow"[39m
            [36m>[39m
              [0mCollaboration cockpit[0m
            [36m</p>[39m
            [36m<h1>[39m
              [0mCool AI[0m
            [36m</h1>[39m
          [36m</div>[39m
        [36m</div>[39m
        [36m<section[39m
          [33maria-labelledby[39m=[32m"projects-title"[39m
          [33mclass[39m=[32m"stack"[39m
        [36m>[39m
          [36m<h2[39m
            [33mid[39m=[32m"projects-title"[39m
          [36m>[39m
            [0mProjects[0m
          [36m</h2>[39m
          [36m<form[39m
            [33mclass[39m=[32m"stack"[39m
          [36m>[39m
            [36m<div[39m
              [33mclass[39m=[32m"form-field"[39m
            [36m>[39m
              [36m<label[39m
                [33mfor[39m=[32m"project-name"[39m
              [36m>[39m
                [0mProject name[0m
              [36m</label>[39m
              [36m<input[39m
                [33mid[39m=[32m"project-name"[39m
                [33mname[39m=[32m"name"[39m
                [33mvalue[39m=[32m""[39m
              [36m/>[39m
            [36m</div>[39m
            [36m<button[39m
              [33mtype[39m=[32m"submit"[39m
            [36m>[39m
              [0mCreate project[0m
            [36m</button>[39m
          [36m</form>[39m
          [36m<nav[39m
            [33maria-label[39m=[32m"Projects"[39m
          [36m>[39m
            [36m<ul[39m
              [33mclass[39m=[32m"project-list"[39m
            [36m>[39m
              [36m<li>[39m
                [36m<button[39m
                  [33maria-current[39m=[32m"page"[39m
                  [33mtype[39m=[32m"button"[39m
                [36m>[39m
                  [0mLaunch plan[0m
                [36m</button>[39m
              [36m</li>[39m
            [36m</ul>[39m
          [36m</nav>[39m
        [36m</section>[39m
      [36m</aside>[39m
      [36m<main[39m
        [33maria-label[39m=[32m"Task event flow"[39m
        [33mclass[39m=[32m"cockpit-flow"[39m
      [36m>[39m
        [36m<div[39m
          [33mclass[39m=[32m"panel-heading"[39m
        [36m>[39m
          [36m<span[39m
            [33maria-hidden[39m=[32m"true"[39m
            [33mclass[39m=[32m"agent-mark"[39m
          [36m>[39m
            [0mA[0m
          [36m</span>[39m
          [36m<div>[39m
            [36m<p[39m
              [33mclass[39m=[32m"eyebrow"[39m
            [36m>[39m
              [0mDeterministic example Agent[0m
            [36m</p>[39m
            [36m<h2[39m
              [33mid[39m=[32m"tasks-title"[39m
            [36m>[39m
              [0mTask activity[0m
            [36m</h2>[39m
          [36m</div>[39m
        [36m</div>[39m
        [36m<form[39m
          [33mclass[39m=[32m"composer"[39m
        [36m>[39m
          [36m<div[39m
            [33mclass[39m=[32m"form-row"[39m
          [36m>[39m
            [36m<div[39m
              [33mclass[39m=[32m"form-field"[39m
            [36m>[39m
              [36m<label[39m
                [33mfor[39m=[32m"task-goal"[39m
              [36m>[39m
                [0mTask goal[0m
              [36m</label>[39m
              [36m<input[39m
                [33mid[39m=[32m"task-goal"[39m
                [33mname[39m=[32m"goal"[39m
                [33mvalue[39m=[32m""[39m
              [36m/>[39m
            [36m</div>[39m
            [36m<button[39m
              [33mdisabled[39m=[32m""[39m
              [33mtype[39m=[32m"submit"[39m
            [36m>[39m
              [0mRun task[0m
            [36m</button>[39m
          [36m</div>[39m
        [36m</form>[39m
        [36m<p[39m
          [33mclass[39m=[32m"state-message"[39m
        [36m>[39m
          [0mNo tasks yet. Enter a goal to run the example Agent.[0m
        [36m</p>[39m
        [36m<p[39m
          [33maria-live[39m=[32m"polite"[39m
          [33mclass[39m=[32m"muted"[39m
        [36m/>[39m
      [36m</main>[39m
      [36m<aside[39m
        [33maria-label[39m=[32m"Current task context"[39m
        [33mclass[39m=[32m"cockpit-context"[39m
      [36m>[39m
        [36m<div>[39m
          [36m<p[39m
            [33mclass[39m=[32m"eyebrow"[39m
          [36m>[39m
            [0mCurrent work[0m
          [36m</p>[39m
          [36m<h2>[39m
            [0mCurrent context[0m
          [36m</h2>[39m
        [36m</div>[39m
        [36m<p[39m
          [33mclass[39m=[32m"state-message"[39m
        [36m>[39m
          [0mNo current task.[0m
        [36m</p>[39m
      [36m</aside>[39m
    [36m</div>[39m
  [36m</div>[39m
[36m</body>[39m
 ❯ Object.getElementError node_modules/@testing-library/dom/dist/config.js:37:19
 ❯ node_modules/@testing-library/dom/dist/query-helpers.js:76:38
 ❯ node_modules/@testing-library/dom/dist/query-helpers.js:52:17
 ❯ node_modules/@testing-library/dom/dist/query-helpers.js:95:19
 ❯ tests/accessibility.test.tsx:73:19
     71|
     72|     await user.tab();
     73|     expect(screen.getByRole("button", { name: "Open project navigation…
       |                   ^
     74|     await user.tab();
     75|     expect(screen.getByRole("button", { name: "Open current task conte…

⎯⎯⎯⎯⎯⎯⎯⎯⎯⎯⎯⎯⎯⎯⎯⎯⎯⎯⎯⎯⎯⎯⎯⎯[3/7]⎯

 FAIL  tests/accessibility.test.tsx > narrow-screen and keyboard accessibility > announces the restored task status through a polite status region
TestingLibraryElementError: Unable to find role="status"

Ignored nodes: comments, script, style
[36m<body>[39m
  [36m<div>[39m
    [36m<div[39m
      [33mclass[39m=[32m"collaboration-cockpit"[39m
      [33mdata-testid[39m=[32m"collaboration-cockpit"[39m
    [36m>[39m
      [36m<aside[39m
        [33maria-label[39m=[32m"Project navigation"[39m
        [33mclass[39m=[32m"cockpit-sidebar"[39m
      [36m>[39m
        [36m<div[39m
          [33mclass[39m=[32m"product-identity"[39m
        [36m>[39m
          [36m<span[39m
            [33maria-hidden[39m=[32m"true"[39m
            [33mclass[39m=[32m"product-mark"[39m
          [36m>[39m
            [0mC[0m
          [36m</span>[39m
          [36m<div>[39m
            [36m<p[39m
              [33mclass[39m=[32m"eyebrow"[39m
            [36m>[39m
              [0mCollaboration cockpit[0m
            [36m</p>[39m
            [36m<h1>[39m
              [0mCool AI[0m
            [36m</h1>[39m
          [36m</div>[39m
        [36m</div>[39m
        [36m<section[39m
          [33maria-labelledby[39m=[32m"projects-title"[39m
          [33mclass[39m=[32m"stack"[39m
        [36m>[39m
          [36m<h2[39m
            [33mid[39m=[32m"projects-title"[39m
          [36m>[39m
            [0mProjects[0m
          [36m</h2>[39m
          [36m<form[39m
            [33mclass[39m=[32m"stack"[39m
          [36m>[39m
            [36m<div[39m
              [33mclass[39m=[32m"form-field"[39m
            [36m>[39m
              [36m<label[39m
                [33mfor[39m=[32m"project-name"[39m
              [36m>[39m
                [0mProject name[0m
              [36m</label>[39m
              [36m<input[39m
                [33mid[39m=[32m"project-name"[39m
                [33mname[39m=[32m"name"[39m
                [33mvalue[39m=[32m""[39m
              [36m/>[39m
            [36m</div>[39m
            [36m<button[39m
              [33mtype[39m=[32m"submit"[39m
            [36m>[39m
              [0mCreate project[0m
            [36m</button>[39m
          [36m</form>[39m
          [36m<nav[39m
            [33maria-label[39m=[32m"Projects"[39m
          [36m>[39m
            [36m<ul[39m
              [33mclass[39m=[32m"project-list"[39m
            [36m>[39m
              [36m<li>[39m
                [36m<button[39m
                  [33maria-current[39m=[32m"page"[39m
                  [33mtype[39m=[32m"button"[39m
                [36m>[39m
                  [0mLaunch plan[0m
                [36m</button>[39m
              [36m</li>[39m
            [36m</ul>[39m
          [36m</nav>[39m
        [36m</section>[39m
      [36m</aside>[39m
      [36m<main[39m
        [33maria-label[39m=[32m"Task event flow"[39m
        [33mclass[39m=[32m"cockpit-flow"[39m
      [36m>[39m
        [36m<div[39m
          [33mclass[39m=[32m"panel-heading"[39m
        [36m>[39m
          [36m<span[39m
            [33maria-hidden[39m=[32m"true"[39m
            [33mclass[39m=[32m"agent-mark"[39m
          [36m>[39m
            [0mA[0m
          [36m</span>[39m
          [36m<div>[39m
            [36m<p[39m
              [33mclass[39m=[32m"eyebrow"[39m
            [36m>[39m
              [0mDeterministic example Agent[0m
            [36m</p>[39m
            [36m<h2[39m
              [33mid[39m=[32m"tasks-title"[39m
            [36m>[39m
              [0mTask activity[0m
            [36m</h2>[39m
          [36m</div>[39m
        [36m</div>[39m
        [36m<form[39m
          [33mclass[39m=[32m"composer"[39m
        [36m>[39m
          [36m<div[39m
            [33mclass[39m=[32m"form-row"[39m
          [36m>[39m
            [36m<div[39m
              [33mclass[39m=[32m"form-field"[39m
            [36m>[39m
              [36m<label[39m
                [33mfor[39m=[32m"task-goal"[39m
              [36m>[39m
                [0mTask goal[0m
              [36m</label>[39m
              [36m<input[39m
                [33mid[39m=[32m"task-goal"[39m
                [33mname[39m=[32m"goal"[39m
                [33mvalue[39m=[32m""[39m
              [36m/>[39m
            [36m</div>[39m
            [36m<button[39m
              [33mdisabled[39m=[32m""[39m
              [33mtype[39m=[32m"submit"[39m
            [36m>[39m
              [0mRun task[0m
            [36m</button>[39m
          [36m</div>[39m
        [36m</form>[39m
        [36m<p[39m
          [33maria-live[39m=[32m"polite"[39m
          [33mclass[39m=[32m"muted"[39m
        [36m>[39m
          [0mLatest task status: completed[0m
        [36m</p>[39m
      [36m</main>[39m
      [36m<aside[39m
        [33maria-label[39m=[32m"Current task context"[39m
        [33mclass[39m=[32m"cockpit-context"[39m
      [36m>[39m
        [36m<div>[39m
          [36m<p[39m
            [33mclass[39m=[32m"eyebrow"[39m
          [36m>[39m
            [0mCurrent work[0m
          [36m</p>[39m
          [36m<h2>[39m
            [0mCurrent context[0m
          [36m</h2>[39m
        [36m</div>[39m
        [36m<div[39m
          [33mclass[39m=[32m"context-body"[39m
        [36m>[39m
          [36m<p[39m
            [33mclass[39m=[32m"context-label"[39m
          [36m>[39m
            [0mGoal[0m
          [36m</p>[39m
          [36m<p>[39m
            [0mPrepare launch notes[0m
          [36m</p>[39m
          [36m<p[39m
            [33mclass[39m=[32m"context-status status-completed"[39m
          [36m>[39m
            [0mStatus: [0m
            [0mcompleted[0m
          [36m</p>[39m
          [36m<p[39m
            [33mclass[39m=[32m"context-label"[39m
          [36m>[39m
            [0mUpdated[0m
          [36m</p>[39m
          [36m<time[39m
            [33mdatetime[39m=[32m"2026-07-29T00:03:00.000Z"[39m
          [36m>[39m
            [0m2026-07-29T00:03:00.000Z[0m
          [36m</time>[39m
          [36m<p[39m
            [33mclass[39m=[32m"context-label"[39m
          [36m>[39m
            [0mResult[0m
          [36m</p>[39m
          [36m<p>[39m
            [0mLaunch notes ready.[0m
          [36m</p>[39m
        [36m</div>[39m
      [36m</aside>[39m
    [36m</div>[39m
  [36m</div>[39m
[36m</body>[39m

Ignored nodes: comments, script, style
[36m<body>[39m
  [36m<div>[39m
    [36m<div[39m
      [33mclass[39m=[32m"collaboration-cockpit"[39m
      [33mdata-testid[39m=[32m"collaboration-cockpit"[39m
    [36m>[39m
      [36m<aside[39m
        [33maria-label[39m=[32m"Project navigation"[39m
        [33mclass[39m=[32m"cockpit-sidebar"[39m
      [36m>[39m
        [36m<div[39m
          [33mclass[39m=[32m"product-identity"[39m
        [36m>[39m
          [36m<span[39m
            [33maria-hidden[39m=[32m"true"[39m
            [33mclass[39m=[32m"product-mark"[39m
          [36m>[39m
            [0mC[0m
          [36m</span>[39m
          [36m<div>[39m
            [36m<p[39m
              [33mclass[39m=[32m"eyebrow"[39m
            [36m>[39m
              [0mCollaboration cockpit[0m
            [36m</p>[39m
            [36m<h1>[39m
              [0mCool AI[0m
            [36m</h1>[39m
          [36m</div>[39m
        [36m</div>[39m
        [36m<section[39m
          [33maria-labelledby[39m=[32m"projects-title"[39m
          [33mclass[39m=[32m"stack"[39m
        [36m>[39m
          [36m<h2[39m
            [33mid[39m=[32m"projects-title"[39m
          [36m>[39m
            [0mProjects[0m
          [36m</h2>[39m
          [36m<form[39m
            [33mclass[39m=[32m"stack"[39m
          [36m>[39m
            [36m<div[39m
              [33mclass[39m=[32m"form-field"[39m
            [36m>[39m
              [36m<label[39m
                [33mfor[39m=[32m"project-name"[39m
              [36m>[39m
                [0mProject name[0m
              [36m</label>[39m
              [36m<input[39m
                [33mid[39m=[32m"project-name"[39m
                [33mname[39m=[32m"name"[39m
                [33mvalue[39m=[32m""[39m
              [36m/>[39m
            [36m</div>[39m
            [36m<button[39m
              [33mtype[39m=[32m"submit"[39m
            [36m>[39m
              [0mCreate project[0m
            [36m</button>[39m
          [36m</form>[39m
          [36m<nav[39m
            [33maria-label[39m=[32m"Projects"[39m
          [36m>[39m
            [36m<ul[39m
              [33mclass[39m=[32m"project-list"[39m
            [36m>[39m
              [36m<li>[39m
                [36m<button[39m
                  [33maria-current[39m=[32m"page"[39m
                  [33mtype[39m=[32m"button"[39m
                [36m>[39m
                  [0mLaunch plan[0m
                [36m</button>[39m
              [36m</li>[39m
            [36m</ul>[39m
          [36m</nav>[39m
        [36m</section>[39m
      [36m</aside>[39m
      [36m<main[39m
        [33maria-label[39m=[32m"Task event flow"[39m
        [33mclass[39m=[32m"cockpit-flow"[39m
      [36m>[39m
        [36m<div[39m
          [33mclass[39m=[32m"panel-heading"[39m
        [36m>[39m
          [36m<span[39m
            [33maria-hidden[39m=[32m"true"[39m
            [33mclass[39m=[32m"agent-mark"[39m
          [36m>[39m
            [0mA[0m
          [36m</span>[39m
          [36m<div>[39m
            [36m<p[39m
              [33mclass[39m=[32m"eyebrow"[39m
            [36m>[39m
              [0mDeterministic example Agent[0m
            [36m</p>[39m
            [36m<h2[39m
              [33mid[39m=[32m"tasks-title"[39m
            [36m>[39m
              [0mTask activity[0m
            [36m</h2>[39m
          [36m</div>[39m
        [36m</div>[39m
        [36m<form[39m
          [33mclass[39m=[32m"composer"[39m
        [36m>[39m
          [36m<div[39m
            [33mclass[39m=[32m"form-row"[39m
          [36m>[39m
            [36m<div[39m
              [33mclass[39m=[32m"form-field"[39m
            [36m>[39m
              [36m<label[39m
                [33mfor[39m=[32m"task-goal"[39m
              [36m>[39m
                [0mTask goal[0m
              [36m</label>[39m
              [36m<input[39m
                [33mid[39m=[32m"task-goal"[39m
                [33mname[39m=[32m"goal"[39m
                [33mvalue[39m=[32m""[39m
              [36m/>[39m
            [36m</div>[39m
            [36m<button[39m
              [33mdisabled[39m=[32m""[39m
              [33mtype[39m=[32m"submit"[39m
            [36m>[39m
              [0mRun task[0m
            [36m</button>[39m
          [36m</div>[39m
        [36m</form>[39m
        [36m<p[39m
          [33maria-live[39m=[32m"polite"[39m
          [33mclass[39m=[32m"muted"[39m
        [36m>[39m
          [0mLatest task status: completed[0m
        [36m</p>[39m
      [36m</main>[39m
      [36m<aside[39m
        [33maria-label[39m=[32m"Current task context"[39m
        [33mclass[39m=[32m"cockpit-context"[39m
      [36m>[39m
        [36m<div>[39m
          [36m<p[39m
            [33mclass[39m=[32m"eyebrow"[39m
          [36m>[39m
            [0mCurrent work[0m
          [36m</p>[39m
          [36m<h2>[39m
            [0mCurrent context[0m
          [36m</h2>[39m
        [36m</div>[39m
        [36m<div[39m
          [33mclass[39m=[32m"context-body"[39m
        [36m>[39m
          [36m<p[39m
            [33mclass[39m=[32m"context-label"[39m
          [36m>[39m
            [0mGoal[0m
          [36m</p>[39m
          [36m<p>[39m
            [0mPrepare launch notes[0m
          [36m</p>[39m
          [36m<p[39m
            [33mclass[39m=[32m"context-status status-completed"[39m
          [36m>[39m
            [0mStatus: [0m
            [0mcompleted[0m
          [36m</p>[39m
          [36m<p[39m
            [33mclass[39m=[32m"context-label"[39m
          [36m>[39m
            [0mUpdated[0m
          [36m</p>[39m
          [36m<time[39m
            [33mdatetime[39m=[32m"2026-07-29T00:03:00.000Z"[39m
          [36m>[39m
            [0m2026-07-29T00:03:00.000Z[0m
          [36m</time>[39m
          [36m<p[39m
            [33mclass[39m=[32m"context-label"[39m
          [36m>[39m
            [0mResult[0m
          [36m</p>[39m
          [36m<p>[39m
            [0mLaunch notes ready.[0m
          [36m</p>[39m
        [36m</div>[39m
      [36m</aside>[39m
    [36m</div>[39m
  [36m</div>[39m
[36m</body>[39m
 ❯ waitForWrapper node_modules/@testing-library/dom/dist/wait-for.js:163:27
 ❯ node_modules/@testing-library/dom/dist/query-helpers.js:86:33
 ❯ tests/accessibility.test.tsx:117:33
    115|     render(<ProjectPanel />);
    116|
    117|     const status = await screen.findByRole("status");
       |                                 ^
    118|     expect(status).toHaveAttribute("aria-live", "polite");
    119|     expect(status).toHaveTextContent("Latest task status: completed");

⎯⎯⎯⎯⎯⎯⎯⎯⎯⎯⎯⎯⎯⎯⎯⎯⎯⎯⎯⎯⎯⎯⎯⎯[4/7]⎯

 FAIL  tests/responsive-layout.test.ts > narrow cockpit layout guard > keeps the breakpoint literal in the named token responsive section
AssertionError: expected ':root {\r\n  --font-sans: "Segoe UI V…' to match /\/\*\s*r…/\*\s*responsive-cockpit\s*\*\

- Expected:
/\/\*\s*responsive-cockpit\s*\*\/[\s\S]*@media\s*\(max-width:\s*56\.25rem\)/

+ Received:
":root {
  --font-sans: \"Segoe UI Variable\", \"Microsoft YaHei UI\", system-ui, sans-serif;

  --canvas: #F3EFE7;
  --surface: #FFFDF8;
  --surface-muted: #ECE6DB;
  --text: #28241F;
  --text-muted: #6B645B;
  --border: #D7CEC0;
  --accent: #4E756D;
  --agent-warm: #A75F49;
  --success: #3F6A4D;
  --warning: #86662F;
  --danger: #A0443F;

  --text-xs: 0.75rem/1rem;
  --text-sm: 0.875rem/1.25rem;
  --text-md: 1rem/1.5rem;
  --text-lg: 1.25rem/1.75rem;
  --text-xl: 1.75rem/2.25rem;

  --space-1: 0.25rem;
  --space-2: 0.5rem;
  --space-3: 0.75rem;
  --space-4: 1rem;
  --space-6: 1.5rem;
  --space-8: 2rem;

  --radius-sm: 0.5rem;
  --radius-md: 0.75rem;
  --radius-lg: 1rem;

  --shadow-panel: 0 0.625rem 1.875rem rgba(77, 65, 49, 0.10);
  --focus-ring: 0 0 0 0.1875rem rgba(78, 117, 109, 0.35);

  --sidebar-width: 15.5rem;
  --context-width: 20rem;
  --content-min: 30rem;
  --control-min: 2.75rem;
  --breakpoint-cockpit: 56.25rem;
}
"

 ❯ tests/responsive-layout.test.ts:11:20
      9| describe("narrow cockpit layout guard", () => {
     10|   it("keeps the breakpoint literal in the named token responsive secti…
     11|     expect(tokens).toMatch(
       |                    ^
     12|       /\/\*\s*responsive-cockpit\s*\*\/[\s\S]*@media\s*\(max-width:\s*…
     13|     );

⎯⎯⎯⎯⎯⎯⎯⎯⎯⎯⎯⎯⎯⎯⎯⎯⎯⎯⎯⎯⎯⎯⎯⎯[5/7]⎯

 FAIL  tests/responsive-layout.test.ts > narrow cockpit layout guard > collapses the grid and guards against horizontal overflow
AssertionError: expected '* {\r\n  box-sizing: border-box;\r\n}…' to match /body\s*\{[^}]*overflow-x:\s*hidden/s

- Expected:
/body\s*\{[^}]*overflow-x:\s*hidden/s

+ Received:
"* {
  box-sizing: border-box;
}

body {
  margin: 0;
  background: var(--canvas);
  color: var(--text);
  font: var(--text-md) var(--font-sans);
}

button,
input {
  min-height: var(--control-min);
  border: none;
  border-radius: var(--radius-sm);
  padding: var(--space-2) var(--space-3);
  background: var(--surface);
  color: var(--text);
  font: inherit;
}

button {
  cursor: pointer;
}

button:hover {
  background: var(--surface-muted);
}

button:disabled,
input:disabled {
  background: var(--surface-muted);
  color: var(--text-muted);
  cursor: not-allowed;
}

button:focus-visible,
input:focus-visible {
  outline: none;
  box-shadow: var(--focus-ring);
}

h1,
h2,
h3,
p {
  margin: 0;
}

h1 {
  font: var(--text-xl) var(--font-sans);
}

h2 {
  font: var(--text-lg) var(--font-sans);
}

h3 {
  font: var(--text-md) var(--font-sans);
}

ul,
ol {
  margin: 0;
  padding: 0;
  list-style: none;
}

.collaboration-cockpit {
  display: grid;
  grid-template-columns: var(--sidebar-width) minmax(var(--content-min), 1fr) var(--context-width);
  background: var(--canvas);
}

.cockpit-sidebar,
.cockpit-context {
  display: flex;
  flex-direction: column;
  gap: var(--space-6);
  padding: var(--space-6);
  background: var(--surface);
  box-shadow: var(--shadow-panel);
}

.cockpit-flow {
  display: flex;
  min-width: var(--content-min);
  flex-direction: column;
  gap: var(--space-6);
  padding: var(--space-8);
}

.product-identity,
.agent-identity,
.panel-heading,
.event-row,
.context-status {
  display: flex;
  align-items: center;
  gap: var(--space-3);
}

.product-mark,
.agent-mark {
  display: grid;
  min-height: var(--control-min);
  min-width: var(--control-min);
  place-items: center;
  border-radius: var(--radius-md);
  background: var(--accent);
  color: var(--surface);
}

.agent-mark {
  background: var(--agent-warm);
}

.eyebrow,
.muted,
.context-label {
  color: var(--text-muted);
  font: var(--text-sm) var(--font-sans);
}

.stack,
.project-list,
.timeline,
.task-summary,
.context-body {
  display: flex;
  flex-direction: column;
  gap: var(--space-3);
}

.form-row {
  display: flex;
  align-items: end;
  gap: var(--space-2);
}

.form-field {
  display: flex;
  flex: 1;
  flex-direction: column;
  gap: var(--space-1);
}

.project-list button {
  text-align: start;
}

.project-list button[aria-current=\"page\"] {
  background: var(--accent);
  color: var(--surface);
}

.composer,
.timeline,
.task-summary,
.context-body,
.state-message {
  border-radius: var(--radius-md);
  padding: var(--space-4);
  background: var(--surface);
  box-shadow: var(--shadow-panel);
}

.timeline-item {
  display: flex;
  align-items: start;
  gap: var(--space-3);
  border-radius: var(--radius-sm);
  padding: var(--space-3);
  background: var(--surface-muted);
}

.status-label {
  border-radius: var(--radius-sm);
  padding: var(--space-1) var(--space-2);
  background: var(--surface);
  font: var(--text-xs) var(--font-sans);
}

.status-queued {
  color: var(--warning);
}

.status-running {
  color: var(--accent);
}

.status-completed {
  color: var(--success);
}

.status-failed,
.error-text {
  color: var(--danger);
}

.context-status {
  color: var(--text-muted);
}
"

 ❯ tests/responsive-layout.test.ts:17:21
     15|
     16|   it("collapses the grid and guards against horizontal overflow", () =…
     17|     expect(cockpit).toMatch(/body\s*\{[^}]*overflow-x:\s*hidden/s);
       |                     ^
     18|     expect(tokens).toMatch(
     19|       /@media\s*\(max-width:\s*56\.25rem\)[\s\S]*\.collaboration-cockp…

⎯⎯⎯⎯⎯⎯⎯⎯⎯⎯⎯⎯⎯⎯⎯⎯⎯⎯⎯⎯⎯⎯⎯⎯[6/7]⎯

 FAIL  tests/responsive-layout.test.ts > narrow cockpit layout guard > defines explicit narrow-screen drawer and toolbar states
AssertionError: expected ':root {\r\n  --font-sans: "Segoe UI V…' to match /\.mobile-toolbar\s*\{[^}]*display:\s…/s

- Expected:
/\.mobile-toolbar\s*\{[^}]*display:\s*flex/s

+ Received:
":root {
  --font-sans: \"Segoe UI Variable\", \"Microsoft YaHei UI\", system-ui, sans-serif;

  --canvas: #F3EFE7;
  --surface: #FFFDF8;
  --surface-muted: #ECE6DB;
  --text: #28241F;
  --text-muted: #6B645B;
  --border: #D7CEC0;
  --accent: #4E756D;
  --agent-warm: #A75F49;
  --success: #3F6A4D;
  --warning: #86662F;
  --danger: #A0443F;

  --text-xs: 0.75rem/1rem;
  --text-sm: 0.875rem/1.25rem;
  --text-md: 1rem/1.5rem;
  --text-lg: 1.25rem/1.75rem;
  --text-xl: 1.75rem/2.25rem;

  --space-1: 0.25rem;
  --space-2: 0.5rem;
  --space-3: 0.75rem;
  --space-4: 1rem;
  --space-6: 1.5rem;
  --space-8: 2rem;

  --radius-sm: 0.5rem;
  --radius-md: 0.75rem;
  --radius-lg: 1rem;

  --shadow-panel: 0 0.625rem 1.875rem rgba(77, 65, 49, 0.10);
  --focus-ring: 0 0 0 0.1875rem rgba(78, 117, 109, 0.35);

  --sidebar-width: 15.5rem;
  --context-width: 20rem;
  --content-min: 30rem;
  --control-min: 2.75rem;
  --breakpoint-cockpit: 56.25rem;
}
"

 ❯ tests/responsive-layout.test.ts:27:20
     25|
     26|   it("defines explicit narrow-screen drawer and toolbar states", () =>…
     27|     expect(tokens).toMatch(/\.mobile-toolbar\s*\{[^}]*display:\s*flex/…
       |                    ^
     28|     expect(tokens).toMatch(
     29|       /\.cockpit-sidebar\[data-open="true"\][\s\S]*\.cockpit-context\[…

⎯⎯⎯⎯⎯⎯⎯⎯⎯⎯⎯⎯⎯⎯⎯⎯⎯⎯⎯⎯⎯⎯⎯⎯[7/7]⎯


 Test Files  2 failed | 8 passed (10)
      Tests  7 failed | 29 passed (36)
   Start at  23:27:48
   Duration  5.69s (transform 380ms, setup 4.37s, import 969ms, tests 4.30s, environment 18.64s)

# exit: 1
