# hf-gate-run
# label: t6-green
# command: cmd /c npm test
# started: 2026-07-29T15:59:12+00:00

> collaboration-cockpit@0.1.0 test
> vitest run


 RUN  v4.1.10 D:/cool-ai

(node:13308) ExperimentalWarning: SQLite is an experimental feature and might change at any time
(Use `node --trace-warnings ...` to show where the warning was created)
(node:12316) ExperimentalWarning: SQLite is an experimental feature and might change at any time
(Use `node --trace-warnings ...` to show where the warning was created)
 ❯ tests/project-panel.test.tsx (3 tests | 2 failed) 2485ms
     × loads existing projects 1070ms
     × creates and displays a project 1254ms
(node:12868) ExperimentalWarning: SQLite is an experimental feature and might change at any time
(Use `node --trace-warnings ...` to show where the warning was created)
(node:4244) ExperimentalWarning: SQLite is an experimental feature and might change at any time
(Use `node --trace-warnings ...` to show where the warning was created)

⎯⎯⎯⎯⎯⎯⎯ Failed Tests 2 ⎯⎯⎯⎯⎯⎯⎯

 FAIL  tests/project-panel.test.tsx > ProjectPanel > loads existing projects
TestingLibraryElementError: Found multiple elements with the text: Existing project

Here are the matching elements:

Ignored nodes: comments, script, style
[36m<button[39m
  [33maria-current[39m=[32m"page"[39m
  [33mtype[39m=[32m"button"[39m
[36m>[39m
  [0mExisting project[0m
[36m</button>[39m

Ignored nodes: comments, script, style
[36m<h2[39m
  [33mid[39m=[32m"tasks-title"[39m
  [33mtabindex[39m=[32m"-1"[39m
[36m>[39m
  [0mExisting project[0m
[36m</h2>[39m

(If this is intentional, then use the `*AllBy*` variant of the query (like `queryAllByText`, `getAllByText`, or `findAllByText`)).

Ignored nodes: comments, script, style
[36m<body>[39m
  [36m<div>[39m
    [36m<div[39m
      [33mclass[39m=[32m"collaboration-cockpit"[39m
      [33mdata-testid[39m=[32m"collaboration-cockpit"[39m
    [36m>[39m
      [36m<div[39m
        [33maria-label[39m=[32m"驾驶舱面板"[39m
        [33mclass[39m=[32m"mobile-toolbar"[39m
        [33mrole[39m=[32m"toolbar"[39m
      [36m>[39m
        [36m<button[39m
          [33maria-controls[39m=[32m"project-navigation-drawer"[39m
          [33maria-expanded[39m=[32m"false"[39m
          [33maria-label[39m=[32m"打开项目导航"[39m
          [33mtype[39m=[32m"button"[39m
        [36m>[39m
          [0m项目[0m
        [36m</button>[39m
        [36m<button[39m
          [33maria-controls[39m=[32m"task-context-drawer"[39m
          [33maria-expanded[39m=[32m"false"[39m
          [33maria-label[39m=[32m"打开当前任务上下文"[39m
          [33mtype[39m=[32m"button"[39m
        [36m>[39m
          [0m上下文[0m
        [36m</button>[39m
      [36m</div>[39m
      [36m<aside[39m
        [33maria-label[39m=[32m"项目导航"[39m
        [33mclass[39m=[32m"cockpit-sidebar"[39m
        [33mdata-open[39m=[32m"false"[39m
        [33mid[39m=[32m"project-navigation-drawer"[39m
      [36m>[39m
        [36m<button[39m
          [33maria-label[39m=[32m"关闭项目导航"[39m
          [33mclass[39m=[32m"drawer-close"[39m
          [33mtabindex[39m=[32m"-1"[39m
          [33mtype[39m=[32m"button"[39m
        [36m>[39m
          [0m关闭[0m
        [36m</button>[39m
        [36m<div[39m
          [33mclass[39m=[32m"product-identity"[39m
        [36m>[39m
          [36m<span[39m
            [33maria-hidden[39m=[32m"true"[39m
            [33mclass[39m=[32m"product-mark"[39m
          [36m>[39m
            [0mC[0m
          [36m</span>[39m
          [36m<div>[39m
            [36m<p[39m
              [33mclass[39m=[32m"eyebrow"[39m
            [36m>[39m
              [0m协作驾驶舱[0m
            [36m</p>[39m
            [36m<h1>[39m
              [0mCool AI[0m
            [36m</h1>[39m
          [36m</div>[39m
        [36m</div>[39m
        [36m<section[39m
          [33maria-labelledby[39m=[32m"projects-title"[39m
          [33mclass[39m=[32m"stack"[39m
        [36m>[39m
          [36m<h2[39m
            [33mid[39m=[32m"projects-title"[39m
          [36m>[39m
            [0m项目[0m
          [36m</h2>[39m
          [36m<form[39m
            [33mclass[39m=[32m"stack"[39m
          [36m>[39m
            [36m<div[39m
              [33mclass[39m=[32m"form-field"[39m
            [36m>[39m
              [36m<label[39m
                [33mfor[39m=[32m"project-name"[39m
              [36m>[39m
                [0m项目名称[0m
              [36m</label>[39m
              [36m<input[39m
                [33mid[39m=[32m"project-name"[39m
                [33mname[39m=[32m"name"[39m
                [33mvalue[39m=[32m""[39m
              [36m/>[39m
            [36m</div>[39m
            [36m<button[39m
              [33mtype[39m=[32m"submit"[39m
            [36m>[39m
              [0m创建项目[0m
            [36m</button>[39m
          [36m</form>[39m
          [36m<nav[39m
            [33maria-label[39m=[32m"项目"[39m
          [36m>[39m
            [36m<ul[39m
              [33mclass[39m=[32m"project-list"[39m
            [36m>[39m
              [36m<li>[39m
                [36m<button[39m
                  [33maria-current[39m=[32m"page"[39m
                  [33mtype[39m=[32m"button"[39m
                [36m>[39m
                  [0mExisting project[0m
                [36m</button>[39m
              [36m</li>[39m
            [36m</ul>[39m
          [36m</nav>[39m
        [36m</section>[39m
      [36m</aside>[39m
      [36m<main[39m
        [33maria-label[39m=[32m"任务事件流"[39m
        [33mclass[39m=[32m"cockpit-flow"[39m
      [36m>[39m
        [36m<div[39m
          [33mclass[39m=[32m"panel-heading"[39m
        [36m>[39m
          [36m<span[39m
            [33maria-hidden[39m=[32m"true"[39m
            [33mclass[39m=[32m"agent-mark"[39m
          [36m>[39m
            [0mA[0m
          [36m</span>[39m
          [36m<div>[39m
            [36m<p[39m
              [33mclass[39m=[32m"eyebrow"[39m
            [36m>[39m
              [0m确定性示例 Agent[0m
            [36m</p>[39m
            [36m<h2[39m
              [33mid[39m=[32m"tasks-title"[39m
              [33mtabindex[39m=[32m"-1"[39m
            [36m>[39m
              [0mExisting project[0m
            [36m</h2>[39m
          [36m</div>[39m
        [36m</div>[39m
        [36m<form[39m
          [33mclass[39m=[32m"composer"[39m
        [36m>[39m
          [36m<div[39m
            [33mclass[39m=[32m"form-row"[39m
          [36m>[39m
            [36m<div[39m
              [33mclass[39m=[32m"form-field"[39m
            [36m>[39m
              [36m<label[39m
                [33mfor[39m=[32m"task-goal"[39m
              [36m>[39m
                [0m任务目标[0m
              [36m</label>[39m
              [36m<input[39m
                [33mid[39m=[32m"task-goal"[39m
                [33mname[39m=[32m"goal"[39m
                [33mvalue[39m=[32m""[39m
              [36m/>[39m
            [36m</div>[39m
            [36m<button[39m
              [33mdisabled[39m=[32m""[39m
              [33mtype[39m=[32m"submit"[39m
            [36m>[39m
              [0m运行任务[0m
            [36m</button>[39m
          [36m</div>[39m
        [36m</form>[39m
        [36m<p[39m
          [33mclass[39m=[32m"state-message"[39m
        [36m>[39m
          [0m暂无任务。输入目标即可运行示例 Agent。[0m
        [36m</p>[39m
        [36m<p[39m
          [33maria-atomic[39m=[32m"true"[39m
          [33maria-live[39m=[32m"polite"[39m
          [33mclass[39m=[32m"muted"[39m
          [33mrole[39m=[32m"status"[39m
        [36m/>[39m
      [36m</main>[39m
      [36m<aside[39m
        [33maria-label[39m=[32m"当前任务上下文"[39m
        [33mclass[39m=[32m"cockpit-context"[39m
        [33mdata-open[39m=[32m"false"[39m
        [33mid[39m=[32m"task-context-drawer"[39m
      [36m>[39m
        [36m<button[39m
          [33maria-label[39m=[32m"关闭当前任务上下文"[39m
          [33mclass[39m=[32m"drawer-close"[39m
          [33mtabindex[39m=[32m"-1"[39m
          [33mtype[39m=[32m"button"[39m
        [36m>[39m
          [0m关闭[0m
        [36m</button>[39m
        [36m<div>[39m
          [36m<p[39m
            [33mclass[39m=[32m"eyebrow"[39m
          [36m>[39m
            [0m当前工作[0m
          [36m</p>[39m
          [36m<h2>[39m
            [0m当前上下文[0m
          [36m</h2>[39m
        [36m</div>[39m
        [36m<p[39m
          [33mclass[39m=[32m"state-message"[39m
        [36m>[39m
          [0m暂无当前任务。[0m
        [36m</p>[39m
      [36m</aside>[39m
    [36m</div>[39m
  [36m</div>[39m
[36m</body>[39m

Ignored nodes: comments, script, style
[36m<body>[39m
  [36m<div>[39m
    [36m<div[39m
      [33mclass[39m=[32m"collaboration-cockpit"[39m
      [33mdata-testid[39m=[32m"collaboration-cockpit"[39m
    [36m>[39m
      [36m<div[39m
        [33maria-label[39m=[32m"驾驶舱面板"[39m
        [33mclass[39m=[32m"mobile-toolbar"[39m
        [33mrole[39m=[32m"toolbar"[39m
      [36m>[39m
        [36m<button[39m
          [33maria-controls[39m=[32m"project-navigation-drawer"[39m
          [33maria-expanded[39m=[32m"false"[39m
          [33maria-label[39m=[32m"打开项目导航"[39m
          [33mtype[39m=[32m"button"[39m
        [36m>[39m
          [0m项目[0m
        [36m</button>[39m
        [36m<button[39m
          [33maria-controls[39m=[32m"task-context-drawer"[39m
          [33maria-expanded[39m=[32m"false"[39m
          [33maria-label[39m=[32m"打开当前任务上下文"[39m
          [33mtype[39m=[32m"button"[39m
        [36m>[39m
          [0m上下文[0m
        [36m</button>[39m
      [36m</div>[39m
      [36m<aside[39m
        [33maria-label[39m=[32m"项目导航"[39m
        [33mclass[39m=[32m"cockpit-sidebar"[39m
        [33mdata-open[39m=[32m"false"[39m
        [33mid[39m=[32m"project-navigation-drawer"[39m
      [36m>[39m
        [36m<button[39m
          [33maria-label[39m=[32m"关闭项目导航"[39m
          [33mclass[39m=[32m"drawer-close"[39m
          [33mtabindex[39m=[32m"-1"[39m
          [33mtype[39m=[32m"button"[39m
        [36m>[39m
          [0m关闭[0m
        [36m</button>[39m
        [36m<div[39m
          [33mclass[39m=[32m"product-identity"[39m
        [36m>[39m
          [36m<span[39m
            [33maria-hidden[39m=[32m"true"[39m
            [33mclass[39m=[32m"product-mark"[39m
          [36m>[39m
            [0mC[0m
          [36m</span>[39m
          [36m<div>[39m
            [36m<p[39m
              [33mclass[39m=[32m"eyebrow"[39m
            [36m>[39m
              [0m协作驾驶舱[0m
            [36m</p>[39m
            [36m<h1>[39m
              [0mCool AI[0m
            [36m</h1>[39m
          [36m</div>[39m
        [36m</div>[39m
        [36m<section[39m
          [33maria-labelledby[39m=[32m"projects-title"[39m
          [33mclass[39m=[32m"stack"[39m
        [36m>[39m
          [36m<h2[39m
            [33mid[39m=[32m"projects-title"[39m
          [36m>[39m
            [0m项目[0m
          [36m</h2>[39m
          [36m<form[39m
            [33mclass[39m=[32m"stack"[39m
          [36m>[39m
            [36m<div[39m
              [33mclass[39m=[32m"form-field"[39m
            [36m>[39m
              [36m<label[39m
                [33mfor[39m=[32m"project-name"[39m
              [36m>[39m
                [0m项目名称[0m
              [36m</label>[39m
              [36m<input[39m
                [33mid[39m=[32m"project-name"[39m
                [33mname[39m=[32m"name"[39m
                [33mvalue[39m=[32m""[39m
              [36m/>[39m
            [36m</div>[39m
            [36m<button[39m
              [33mtype[39m=[32m"submit"[39m
            [36m>[39m
              [0m创建项目[0m
            [36m</button>[39m
          [36m</form>[39m
          [36m<nav[39m
            [33maria-label[39m=[32m"项目"[39m
          [36m>[39m
            [36m<ul[39m
              [33mclass[39m=[32m"project-list"[39m
            [36m>[39m
              [36m<li>[39m
                [36m<button[39m
                  [33maria-current[39m=[32m"page"[39m
                  [33mtype[39m=[32m"button"[39m
                [36m>[39m
                  [0mExisting project[0m
                [36m</button>[39m
              [36m</li>[39m
            [36m</ul>[39m
          [36m</nav>[39m
        [36m</section>[39m
      [36m</aside>[39m
      [36m<main[39m
        [33maria-label[39m=[32m"任务事件流"[39m
        [33mclass[39m=[32m"cockpit-flow"[39m
      [36m>[39m
        [36m<div[39m
          [33mclass[39m=[32m"panel-heading"[39m
        [36m>[39m
          [36m<span[39m
            [33maria-hidden[39m=[32m"true"[39m
            [33mclass[39m=[32m"agent-mark"[39m
          [36m>[39m
            [0mA[0m
          [36m</span>[39m
          [36m<div>[39m
            [36m<p[39m
              [33mclass[39m=[32m"eyebrow"[39m
            [36m>[39m
              [0m确定性示例 Agent[0m
            [36m</p>[39m
            [36m<h2[39m
              [33mid[39m=[32m"tasks-title"[39m
              [33mtabindex[39m=[32m"-1"[39m
            [36m>[39m
              [0mExisting project[0m
            [36m</h2>[39m
          [36m</div>[39m
        [36m</div>[39m
        [36m<form[39m
          [33mclass[39m=[32m"composer"[39m
        [36m>[39m
          [36m<div[39m
            [33mclass[39m=[32m"form-row"[39m
          [36m>[39m
            [36m<div[39m
              [33mclass[39m=[32m"form-field"[39m
            [36m>[39m
              [36m<label[39m
                [33mfor[39m=[32m"task-goal"[39m
              [36m>[39m
                [0m任务目标[0m
              [36m</label>[39m
              [36m<input[39m
                [33mid[39m=[32m"task-goal"[39m
                [33mname[39m=[32m"goal"[39m
                [33mvalue[39m=[32m""[39m
              [36m/>[39m
            [36m</div>[39m
            [36m<button[39m
              [33mdisabled[39m=[32m""[39m
              [33mtype[39m=[32m"submit"[39m
            [36m>[39m
              [0m运行任务[0m
            [36m</button>[39m
          [36m</div>[39m
        [36m</form>[39m
        [36m<p[39m
          [33mclass[39m=[32m"state-message"[39m
        [36m>[39m
          [0m暂无任务。输入目标即可运行示例 Agent。[0m
        [36m</p>[39m
        [36m<p[39m
          [33maria-atomic[39m=[32m"true"[39m
          [33maria-live[39m=[32m"polite"[39m
          [33mclass[39m=[32m"muted"[39m
          [33mrole[39m=[32m"status"[39m
        [36m/>[39m
      [36m</main>[39m
      [36m<aside[39m
        [33maria-label[39m=[32m"当前任务上下文"[39m
        [33mclass[39m=[32m"cockpit-context"[39m
        [33mdata-open[39m=[32m"false"[39m
        [33mid[39m=[32m"task-context-drawer"[39m
      [36m>[39m
        [36m<button[39m
          [33maria-label[39m=[32m"关闭当前任务上下文"[39m
          [33mclass[39m=[32m"drawer-close"[39m
          [33mtabindex[39m=[32m"-1"[39m
          [33mtype[39m=[32m"button"[39m
        [36m>[39m
          [0m关闭[0m
        [36m</button>[39m
        [36m<div>[39m
          [36m<p[39m
            [33mclass[39m=[32m"eyebrow"[39m
          [36m>[39m
            [0m当前工作[0m
          [36m</p>[39m
          [36m<h2>[39m
            [0m当前上下文[0m
          [36m</h2>[39m
        [36m</div>[39m
        [36m<p[39m
          [33mclass[39m=[32m"state-message"[39m
        [36m>[39m
          [0m暂无当前任务。[0m
        [36m</p>[39m
      [36m</aside>[39m
    [36m</div>[39m
  [36m</div>[39m
[36m</body>[39m
 ❯ waitForWrapper node_modules/@testing-library/dom/dist/wait-for.js:163:27
 ❯ node_modules/@testing-library/dom/dist/query-helpers.js:86:33
 ❯ tests/project-panel.test.tsx:28:25
     26|
     27|     expect(screen.getAllByText("正在加载项目…")).toHaveLength(2);
     28|     expect(await screen.findByText("Existing project")).toBeInTheDocum…
       |                         ^
     29|   });
     30|

⎯⎯⎯⎯⎯⎯⎯⎯⎯⎯⎯⎯⎯⎯⎯⎯⎯⎯⎯⎯⎯⎯⎯⎯[1/2]⎯

 FAIL  tests/project-panel.test.tsx > ProjectPanel > creates and displays a project
TestingLibraryElementError: Found multiple elements with the text: Launch plan

Here are the matching elements:

Ignored nodes: comments, script, style
[36m<button[39m
  [33maria-current[39m=[32m"page"[39m
  [33mtype[39m=[32m"button"[39m
[36m>[39m
  [0mLaunch plan[0m
[36m</button>[39m

Ignored nodes: comments, script, style
[36m<h2[39m
  [33mid[39m=[32m"tasks-title"[39m
  [33mtabindex[39m=[32m"-1"[39m
[36m>[39m
  [0mLaunch plan[0m
[36m</h2>[39m

(If this is intentional, then use the `*AllBy*` variant of the query (like `queryAllByText`, `getAllByText`, or `findAllByText`)).

Ignored nodes: comments, script, style
[36m<body>[39m
  [36m<div>[39m
    [36m<div[39m
      [33mclass[39m=[32m"collaboration-cockpit"[39m
      [33mdata-testid[39m=[32m"collaboration-cockpit"[39m
    [36m>[39m
      [36m<div[39m
        [33maria-label[39m=[32m"驾驶舱面板"[39m
        [33mclass[39m=[32m"mobile-toolbar"[39m
        [33mrole[39m=[32m"toolbar"[39m
      [36m>[39m
        [36m<button[39m
          [33maria-controls[39m=[32m"project-navigation-drawer"[39m
          [33maria-expanded[39m=[32m"false"[39m
          [33maria-label[39m=[32m"打开项目导航"[39m
          [33mtype[39m=[32m"button"[39m
        [36m>[39m
          [0m项目[0m
        [36m</button>[39m
        [36m<button[39m
          [33maria-controls[39m=[32m"task-context-drawer"[39m
          [33maria-expanded[39m=[32m"false"[39m
          [33maria-label[39m=[32m"打开当前任务上下文"[39m
          [33mtype[39m=[32m"button"[39m
        [36m>[39m
          [0m上下文[0m
        [36m</button>[39m
      [36m</div>[39m
      [36m<aside[39m
        [33maria-label[39m=[32m"项目导航"[39m
        [33mclass[39m=[32m"cockpit-sidebar"[39m
        [33mdata-open[39m=[32m"false"[39m
        [33mid[39m=[32m"project-navigation-drawer"[39m
      [36m>[39m
        [36m<button[39m
          [33maria-label[39m=[32m"关闭项目导航"[39m
          [33mclass[39m=[32m"drawer-close"[39m
          [33mtabindex[39m=[32m"-1"[39m
          [33mtype[39m=[32m"button"[39m
        [36m>[39m
          [0m关闭[0m
        [36m</button>[39m
        [36m<div[39m
          [33mclass[39m=[32m"product-identity"[39m
        [36m>[39m
          [36m<span[39m
            [33maria-hidden[39m=[32m"true"[39m
            [33mclass[39m=[32m"product-mark"[39m
          [36m>[39m
            [0mC[0m
          [36m</span>[39m
          [36m<div>[39m
            [36m<p[39m
              [33mclass[39m=[32m"eyebrow"[39m
            [36m>[39m
              [0m协作驾驶舱[0m
            [36m</p>[39m
            [36m<h1>[39m
              [0mCool AI[0m
            [36m</h1>[39m
          [36m</div>[39m
        [36m</div>[39m
        [36m<section[39m
          [33maria-labelledby[39m=[32m"projects-title"[39m
          [33mclass[39m=[32m"stack"[39m
        [36m>[39m
          [36m<h2[39m
            [33mid[39m=[32m"projects-title"[39m
          [36m>[39m
            [0m项目[0m
          [36m</h2>[39m
          [36m<form[39m
            [33mclass[39m=[32m"stack"[39m
          [36m>[39m
            [36m<div[39m
              [33mclass[39m=[32m"form-field"[39m
            [36m>[39m
              [36m<label[39m
                [33mfor[39m=[32m"project-name"[39m
              [36m>[39m
                [0m项目名称[0m
              [36m</label>[39m
              [36m<input[39m
                [33mid[39m=[32m"project-name"[39m
                [33mname[39m=[32m"name"[39m
                [33mvalue[39m=[32m""[39m
              [36m/>[39m
            [36m</div>[39m
            [36m<button[39m
              [33mtype[39m=[32m"submit"[39m
            [36m>[39m
              [0m创建项目[0m
            [36m</button>[39m
          [36m</form>[39m
          [36m<nav[39m
            [33maria-label[39m=[32m"项目"[39m
          [36m>[39m
            [36m<ul[39m
              [33mclass[39m=[32m"project-list"[39m
            [36m>[39m
              [36m<li>[39m
                [36m<button[39m
                  [33maria-current[39m=[32m"page"[39m
                  [33mtype[39m=[32m"button"[39m
                [36m>[39m
                  [0mLaunch plan[0m
                [36m</button>[39m
              [36m</li>[39m
            [36m</ul>[39m
          [36m</nav>[39m
        [36m</section>[39m
      [36m</aside>[39m
      [36m<main[39m
        [33maria-label[39m=[32m"任务事件流"[39m
        [33mclass[39m=[32m"cockpit-flow"[39m
      [36m>[39m
        [36m<div[39m
          [33mclass[39m=[32m"panel-heading"[39m
        [36m>[39m
          [36m<span[39m
            [33maria-hidden[39m=[32m"true"[39m
            [33mclass[39m=[32m"agent-mark"[39m
          [36m>[39m
            [0mA[0m
          [36m</span>[39m
          [36m<div>[39m
            [36m<p[39m
              [33mclass[39m=[32m"eyebrow"[39m
            [36m>[39m
              [0m确定性示例 Agent[0m
            [36m</p>[39m
            [36m<h2[39m
              [33mid[39m=[32m"tasks-title"[39m
              [33mtabindex[39m=[32m"-1"[39m
            [36m>[39m
              [0mLaunch plan[0m
            [36m</h2>[39m
          [36m</div>[39m
        [36m</div>[39m
        [36m<form[39m
          [33mclass[39m=[32m"composer"[39m
        [36m>[39m
          [36m<div[39m
            [33mclass[39m=[32m"form-row"[39m
          [36m>[39m
            [36m<div[39m
              [33mclass[39m=[32m"form-field"[39m
            [36m>[39m
              [36m<label[39m
                [33mfor[39m=[32m"task-goal"[39m
              [36m>[39m
                [0m任务目标[0m
              [36m</label>[39m
              [36m<input[39m
                [33mid[39m=[32m"task-goal"[39m
                [33mname[39m=[32m"goal"[39m
                [33mvalue[39m=[32m""[39m
              [36m/>[39m
            [36m</div>[39m
            [36m<button[39m
              [33mdisabled[39m=[32m""[39m
              [33mtype[39m=[32m"submit"[39m
            [36m>[39m
              [0m运行任务[0m
            [36m</button>[39m
          [36m</div>[39m
        [36m</form>[39m
        [36m<p[39m
          [33mclass[39m=[32m"state-message"[39m
        [36m>[39m
          [0m暂无任务。输入目标即可运行示例 Agent。[0m
        [36m</p>[39m
        [36m<p[39m
          [33maria-atomic[39m=[32m"true"[39m
          [33maria-live[39m=[32m"polite"[39m
          [33mclass[39m=[32m"muted"[39m
          [33mrole[39m=[32m"status"[39m
        [36m/>[39m
      [36m</main>[39m
      [36m<aside[39m
        [33maria-label[39m=[32m"当前任务上下文"[39m
        [33mclass[39m=[32m"cockpit-context"[39m
        [33mdata-open[39m=[32m"false"[39m
        [33mid[39m=[32m"task-context-drawer"[39m
      [36m>[39m
        [36m<button[39m
          [33maria-label[39m=[32m"关闭当前任务上下文"[39m
          [33mclass[39m=[32m"drawer-close"[39m
          [33mtabindex[39m=[32m"-1"[39m
          [33mtype[39m=[32m"button"[39m
        [36m>[39m
          [0m关闭[0m
        [36m</button>[39m
        [36m<div>[39m
          [36m<p[39m
            [33mclass[39m=[32m"eyebrow"[39m
          [36m>[39m
            [0m当前工作[0m
          [36m</p>[39m
          [36m<h2>[39m
            [0m当前上下文[0m
          [36m</h2>[39m
        [36m</div>[39m
        [36m<p[39m
          [33mclass[39m=[32m"state-message"[39m
        [36m>[39m
          [0m暂无当前任务。[0m
        [36m</p>[39m
      [36m</aside>[39m
    [36m</div>[39m
  [36m</div>[39m
[36m</body>[39m

Ignored nodes: comments, script, style
[36m<body>[39m
  [36m<div>[39m
    [36m<div[39m
      [33mclass[39m=[32m"collaboration-cockpit"[39m
      [33mdata-testid[39m=[32m"collaboration-cockpit"[39m
    [36m>[39m
      [36m<div[39m
        [33maria-label[39m=[32m"驾驶舱面板"[39m
        [33mclass[39m=[32m"mobile-toolbar"[39m
        [33mrole[39m=[32m"toolbar"[39m
      [36m>[39m
        [36m<button[39m
          [33maria-controls[39m=[32m"project-navigation-drawer"[39m
          [33maria-expanded[39m=[32m"false"[39m
          [33maria-label[39m=[32m"打开项目导航"[39m
          [33mtype[39m=[32m"button"[39m
        [36m>[39m
          [0m项目[0m
        [36m</button>[39m
        [36m<button[39m
          [33maria-controls[39m=[32m"task-context-drawer"[39m
          [33maria-expanded[39m=[32m"false"[39m
          [33maria-label[39m=[32m"打开当前任务上下文"[39m
          [33mtype[39m=[32m"button"[39m
        [36m>[39m
          [0m上下文[0m
        [36m</button>[39m
      [36m</div>[39m
      [36m<aside[39m
        [33maria-label[39m=[32m"项目导航"[39m
        [33mclass[39m=[32m"cockpit-sidebar"[39m
        [33mdata-open[39m=[32m"false"[39m
        [33mid[39m=[32m"project-navigation-drawer"[39m
      [36m>[39m
        [36m<button[39m
          [33maria-label[39m=[32m"关闭项目导航"[39m
          [33mclass[39m=[32m"drawer-close"[39m
          [33mtabindex[39m=[32m"-1"[39m
          [33mtype[39m=[32m"button"[39m
        [36m>[39m
          [0m关闭[0m
        [36m</button>[39m
        [36m<div[39m
          [33mclass[39m=[32m"product-identity"[39m
        [36m>[39m
          [36m<span[39m
            [33maria-hidden[39m=[32m"true"[39m
            [33mclass[39m=[32m"product-mark"[39m
          [36m>[39m
            [0mC[0m
          [36m</span>[39m
          [36m<div>[39m
            [36m<p[39m
              [33mclass[39m=[32m"eyebrow"[39m
            [36m>[39m
              [0m协作驾驶舱[0m
            [36m</p>[39m
            [36m<h1>[39m
              [0mCool AI[0m
            [36m</h1>[39m
          [36m</div>[39m
        [36m</div>[39m
        [36m<section[39m
          [33maria-labelledby[39m=[32m"projects-title"[39m
          [33mclass[39m=[32m"stack"[39m
        [36m>[39m
          [36m<h2[39m
            [33mid[39m=[32m"projects-title"[39m
          [36m>[39m
            [0m项目[0m
          [36m</h2>[39m
          [36m<form[39m
            [33mclass[39m=[32m"stack"[39m
          [36m>[39m
            [36m<div[39m
              [33mclass[39m=[32m"form-field"[39m
            [36m>[39m
              [36m<label[39m
                [33mfor[39m=[32m"project-name"[39m
              [36m>[39m
                [0m项目名称[0m
              [36m</label>[39m
              [36m<input[39m
                [33mid[39m=[32m"project-name"[39m
                [33mname[39m=[32m"name"[39m
                [33mvalue[39m=[32m""[39m
              [36m/>[39m
            [36m</div>[39m
            [36m<button[39m
              [33mtype[39m=[32m"submit"[39m
            [36m>[39m
              [0m创建项目[0m
            [36m</button>[39m
          [36m</form>[39m
          [36m<nav[39m
            [33maria-label[39m=[32m"项目"[39m
          [36m>[39m
            [36m<ul[39m
              [33mclass[39m=[32m"project-list"[39m
            [36m>[39m
              [36m<li>[39m
                [36m<button[39m
                  [33maria-current[39m=[32m"page"[39m
                  [33mtype[39m=[32m"button"[39m
                [36m>[39m
                  [0mLaunch plan[0m
                [36m</button>[39m
              [36m</li>[39m
            [36m</ul>[39m
          [36m</nav>[39m
        [36m</section>[39m
      [36m</aside>[39m
      [36m<main[39m
        [33maria-label[39m=[32m"任务事件流"[39m
        [33mclass[39m=[32m"cockpit-flow"[39m
      [36m>[39m
        [36m<div[39m
          [33mclass[39m=[32m"panel-heading"[39m
        [36m>[39m
          [36m<span[39m
            [33maria-hidden[39m=[32m"true"[39m
            [33mclass[39m=[32m"agent-mark"[39m
          [36m>[39m
            [0mA[0m
          [36m</span>[39m
          [36m<div>[39m
            [36m<p[39m
              [33mclass[39m=[32m"eyebrow"[39m
            [36m>[39m
              [0m确定性示例 Agent[0m
            [36m</p>[39m
            [36m<h2[39m
              [33mid[39m=[32m"tasks-title"[39m
              [33mtabindex[39m=[32m"-1"[39m
            [36m>[39m
              [0mLaunch plan[0m
            [36m</h2>[39m
          [36m</div>[39m
        [36m</div>[39m
        [36m<form[39m
          [33mclass[39m=[32m"composer"[39m
        [36m>[39m
          [36m<div[39m
            [33mclass[39m=[32m"form-row"[39m
          [36m>[39m
            [36m<div[39m
              [33mclass[39m=[32m"form-field"[39m
            [36m>[39m
              [36m<label[39m
                [33mfor[39m=[32m"task-goal"[39m
              [36m>[39m
                [0m任务目标[0m
              [36m</label>[39m
              [36m<input[39m
                [33mid[39m=[32m"task-goal"[39m
                [33mname[39m=[32m"goal"[39m
                [33mvalue[39m=[32m""[39m
              [36m/>[39m
            [36m</div>[39m
            [36m<button[39m
              [33mdisabled[39m=[32m""[39m
              [33mtype[39m=[32m"submit"[39m
            [36m>[39m
              [0m运行任务[0m
            [36m</button>[39m
          [36m</div>[39m
        [36m</form>[39m
        [36m<p[39m
          [33mclass[39m=[32m"state-message"[39m
        [36m>[39m
          [0m暂无任务。输入目标即可运行示例 Agent。[0m
        [36m</p>[39m
        [36m<p[39m
          [33maria-atomic[39m=[32m"true"[39m
          [33maria-live[39m=[32m"polite"[39m
          [33mclass[39m=[32m"muted"[39m
          [33mrole[39m=[32m"status"[39m
        [36m/>[39m
      [36m</main>[39m
      [36m<aside[39m
        [33maria-label[39m=[32m"当前任务上下文"[39m
        [33mclass[39m=[32m"cockpit-context"[39m
        [33mdata-open[39m=[32m"false"[39m
        [33mid[39m=[32m"task-context-drawer"[39m
      [36m>[39m
        [36m<button[39m
          [33maria-label[39m=[32m"关闭当前任务上下文"[39m
          [33mclass[39m=[32m"drawer-close"[39m
          [33mtabindex[39m=[32m"-1"[39m
          [33mtype[39m=[32m"button"[39m
        [36m>[39m
          [0m关闭[0m
        [36m</button>[39m
        [36m<div>[39m
          [36m<p[39m
            [33mclass[39m=[32m"eyebrow"[39m
          [36m>[39m
            [0m当前工作[0m
          [36m</p>[39m
          [36m<h2>[39m
            [0m当前上下文[0m
          [36m</h2>[39m
        [36m</div>[39m
        [36m<p[39m
          [33mclass[39m=[32m"state-message"[39m
        [36m>[39m
          [0m暂无当前任务。[0m
        [36m</p>[39m
      [36m</aside>[39m
    [36m</div>[39m
  [36m</div>[39m
[36m</body>[39m
 ❯ waitForWrapper node_modules/@testing-library/dom/dist/wait-for.js:163:27
 ❯ node_modules/@testing-library/dom/dist/query-helpers.js:86:33
 ❯ tests/project-panel.test.tsx:52:25
     50|     await user.click(screen.getByRole("button", { name: "创建项目" }));
     51|
     52|     expect(await screen.findByText("Launch plan")).toBeInTheDocument();
       |                         ^
     53|     expect(fetchMock).toHaveBeenCalledWith(
     54|       "/api/projects",

⎯⎯⎯⎯⎯⎯⎯⎯⎯⎯⎯⎯⎯⎯⎯⎯⎯⎯⎯⎯⎯⎯⎯⎯[2/2]⎯


 Test Files  1 failed | 11 passed (12)
      Tests  2 failed | 40 passed (42)
   Start at  23:59:13
   Duration  6.08s (transform 422ms, setup 5.19s, import 1.21s, tests 5.38s, environment 23.41s)

# exit: 1
