# hf-gate-run
# label: t6-red
# command: cmd /c npm test
# started: 2026-07-29T15:55:49+00:00

> collaboration-cockpit@0.1.0 test
> vitest run


 RUN  v4.1.10 D:/cool-ai

(node:9704) ExperimentalWarning: SQLite is an experimental feature and might change at any time
(Use `node --trace-warnings ...` to show where the warning was created)
(node:13184) ExperimentalWarning: SQLite is an experimental feature and might change at any time
(Use `node --trace-warnings ...` to show where the warning was created)
 ❯ tests/code-review-fixes.test.tsx (4 tests | 4 failed) 2264ms
     × propagates project loading to the center and current context 226ms
     × retries a failed project load 1016ms
     × focuses the current project title after creation 1014ms
     × declares Simplified Chinese and renders Chinese built-in copy 6ms
(node:14712) ExperimentalWarning: SQLite is an experimental feature and might change at any time
(Use `node --trace-warnings ...` to show where the warning was created)
(node:16496) ExperimentalWarning: SQLite is an experimental feature and might change at any time
(Use `node --trace-warnings ...` to show where the warning was created)

⎯⎯⎯⎯⎯⎯⎯ Failed Tests 4 ⎯⎯⎯⎯⎯⎯⎯

 FAIL  tests/code-review-fixes.test.tsx > code review fixes > propagates project loading to the center and current context
TestingLibraryElementError: Unable to find an accessible element with the role "main" and name "任务事件流"

Here are the accessible roles:

  toolbar:

  Name "Cockpit panels":
  [36m<div[39m
    [33maria-label[39m=[32m"Cockpit panels"[39m
    [33mclass[39m=[32m"mobile-toolbar"[39m
    [33mrole[39m=[32m"toolbar"[39m
  [36m/>[39m

  --------------------------------------------------
  button:

  Name "Open project navigation":
  [36m<button[39m
    [33maria-controls[39m=[32m"project-navigation-drawer"[39m
    [33maria-expanded[39m=[32m"false"[39m
    [33maria-label[39m=[32m"Open project navigation"[39m
    [33mtype[39m=[32m"button"[39m
  [36m/>[39m

  Name "Open current task context":
  [36m<button[39m
    [33maria-controls[39m=[32m"task-context-drawer"[39m
    [33maria-expanded[39m=[32m"false"[39m
    [33maria-label[39m=[32m"Open current task context"[39m
    [33mtype[39m=[32m"button"[39m
  [36m/>[39m

  Name "Close project navigation":
  [36m<button[39m
    [33maria-label[39m=[32m"Close project navigation"[39m
    [33mclass[39m=[32m"drawer-close"[39m
    [33mtabindex[39m=[32m"-1"[39m
    [33mtype[39m=[32m"button"[39m
  [36m/>[39m

  Name "Create project":
  [36m<button[39m
    [33mtype[39m=[32m"submit"[39m
  [36m/>[39m

  Name "Close current task context":
  [36m<button[39m
    [33maria-label[39m=[32m"Close current task context"[39m
    [33mclass[39m=[32m"drawer-close"[39m
    [33mtabindex[39m=[32m"-1"[39m
    [33mtype[39m=[32m"button"[39m
  [36m/>[39m

  --------------------------------------------------
  complementary:

  Name "Project navigation":
  [36m<aside[39m
    [33maria-label[39m=[32m"Project navigation"[39m
    [33mclass[39m=[32m"cockpit-sidebar"[39m
    [33mdata-open[39m=[32m"false"[39m
    [33mid[39m=[32m"project-navigation-drawer"[39m
  [36m/>[39m

  Name "Current task context":
  [36m<aside[39m
    [33maria-label[39m=[32m"Current task context"[39m
    [33mclass[39m=[32m"cockpit-context"[39m
    [33mdata-open[39m=[32m"false"[39m
    [33mid[39m=[32m"task-context-drawer"[39m
  [36m/>[39m

  --------------------------------------------------
  paragraph:

  Name "":
  [36m<p[39m
    [33mclass[39m=[32m"eyebrow"[39m
  [36m/>[39m

  Name "":
  [36m<p[39m
    [33maria-busy[39m=[32m"true"[39m
    [33mclass[39m=[32m"muted"[39m
  [36m/>[39m

  Name "":
  [36m<p[39m
    [33mclass[39m=[32m"eyebrow"[39m
  [36m/>[39m

  Name "":
  [36m<p[39m
    [33mclass[39m=[32m"state-message"[39m
  [36m/>[39m

  Name "":
  [36m<p[39m
    [33mclass[39m=[32m"eyebrow"[39m
  [36m/>[39m

  Name "":
  [36m<p[39m
    [33mclass[39m=[32m"state-message"[39m
  [36m/>[39m

  --------------------------------------------------
  heading:

  Name "Cool AI":
  [36m<h1 />[39m

  Name "Projects":
  [36m<h2[39m
    [33mid[39m=[32m"projects-title"[39m
  [36m/>[39m

  Name "Task activity":
  [36m<h2[39m
    [33mid[39m=[32m"tasks-title"[39m
  [36m/>[39m

  Name "Current context":
  [36m<h2 />[39m

  --------------------------------------------------
  region:

  Name "Projects":
  [36m<section[39m
    [33maria-labelledby[39m=[32m"projects-title"[39m
    [33mclass[39m=[32m"stack"[39m
  [36m/>[39m

  --------------------------------------------------
  textbox:

  Name "Project name":
  [36m<input[39m
    [33mid[39m=[32m"project-name"[39m
    [33mname[39m=[32m"name"[39m
    [33mvalue[39m=[32m""[39m
  [36m/>[39m

  --------------------------------------------------
  main:

  Name "Task event flow":
  [36m<main[39m
    [33maria-label[39m=[32m"Task event flow"[39m
    [33mclass[39m=[32m"cockpit-flow"[39m
  [36m/>[39m

  --------------------------------------------------

Ignored nodes: comments, script, style
[36m<body>[39m
  [36m<div>[39m
    [36m<div[39m
      [33mclass[39m=[32m"collaboration-cockpit"[39m
      [33mdata-testid[39m=[32m"collaboration-cockpit"[39m
    [36m>[39m
      [36m<div[39m
        [33maria-label[39m=[32m"Cockpit panels"[39m
        [33mclass[39m=[32m"mobile-toolbar"[39m
        [33mrole[39m=[32m"toolbar"[39m
      [36m>[39m
        [36m<button[39m
          [33maria-controls[39m=[32m"project-navigation-drawer"[39m
          [33maria-expanded[39m=[32m"false"[39m
          [33maria-label[39m=[32m"Open project navigation"[39m
          [33mtype[39m=[32m"button"[39m
        [36m>[39m
          [0mProjects[0m
        [36m</button>[39m
        [36m<button[39m
          [33maria-controls[39m=[32m"task-context-drawer"[39m
          [33maria-expanded[39m=[32m"false"[39m
          [33maria-label[39m=[32m"Open current task context"[39m
          [33mtype[39m=[32m"button"[39m
        [36m>[39m
          [0mContext[0m
        [36m</button>[39m
      [36m</div>[39m
      [36m<aside[39m
        [33maria-label[39m=[32m"Project navigation"[39m
        [33mclass[39m=[32m"cockpit-sidebar"[39m
        [33mdata-open[39m=[32m"false"[39m
        [33mid[39m=[32m"project-navigation-drawer"[39m
      [36m>[39m
        [36m<button[39m
          [33maria-label[39m=[32m"Close project navigation"[39m
          [33mclass[39m=[32m"drawer-close"[39m
          [33mtabindex[39m=[32m"-1"[39m
          [33mtype[39m=[32m"button"[39m
        [36m>[39m
          [0mClose[0m
        [36m</button>[39m
        [36m<div[39m
          [33mclass[39m=[32m"product-identity"[39m
        [36m>[39m
          [36m<span[39m
            [33maria-hidden[39m=[32m"true"[39m
            [33mclass[39m=[32m"product-mark"[39m
          [36m>[39m
            [0mC[0m
          [36m</span>[39m
          [36m<div>[39m
            [36m<p[39m
              [33mclass[39m=[32m"eyebrow"[39m
            [36m>[39m
              [0mCollaboration cockpit[0m
            [36m</p>[39m
            [36m<h1>[39m
              [0mCool AI[0m
            [36m</h1>[39m
          [36m</div>[39m
        [36m</div>[39m
        [36m<section[39m
          [33maria-labelledby[39m=[32m"projects-title"[39m
          [33mclass[39m=[32m"stack"[39m
        [36m>[39m
          [36m<h2[39m
            [33mid[39m=[32m"projects-title"[39m
          [36m>[39m
            [0mProjects[0m
          [36m</h2>[39m
          [36m<form[39m
            [33mclass[39m=[32m"stack"[39m
          [36m>[39m
            [36m<div[39m
              [33mclass[39m=[32m"form-field"[39m
            [36m>[39m
              [36m<label[39m
                [33mfor[39m=[32m"project-name"[39m
              [36m>[39m
                [0mProject name[0m
              [36m</label>[39m
              [36m<input[39m
                [33mid[39m=[32m"project-name"[39m
                [33mname[39m=[32m"name"[39m
                [33mvalue[39m=[32m""[39m
              [36m/>[39m
            [36m</div>[39m
            [36m<button[39m
              [33mtype[39m=[32m"submit"[39m
            [36m>[39m
              [0mCreate project[0m
            [36m</button>[39m
          [36m</form>[39m
          [36m<p[39m
            [33maria-busy[39m=[32m"true"[39m
            [33mclass[39m=[32m"muted"[39m
          [36m>[39m
            [0mLoading projects…[0m
          [36m</p>[39m
        [36m</section>[39m
      [36m</aside>[39m
      [36m<main[39m
        [33maria-label[39m=[32m"Task event flow"[39m
        [33mclass[39m=[32m"cockpit-flow"[39m
      [36m>[39m
        [36m<div[39m
          [33mclass[39m=[32m"panel-heading"[39m
        [36m>[39m
          [36m<span[39m
            [33maria-hidden[39m=[32m"true"[39m
            [33mclass[39m=[32m"agent-mark"[39m
          [36m>[39m
            [0mA[0m
          [36m</span>[39m
          [36m<div>[39m
            [36m<p[39m
              [33mclass[39m=[32m"eyebrow"[39m
            [36m>[39m
              [0mDeterministic example Agent[0m
            [36m</p>[39m
            [36m<h2[39m
              [33mid[39m=[32m"tasks-title"[39m
            [36m>[39m
              [0mTask activity[0m
            [36m</h2>[39m
          [36m</div>[39m
        [36m</div>[39m
        [36m<p[39m
          [33mclass[39m=[32m"state-message"[39m
        [36m>[39m
          [0mCreate or select a project before running a task.[0m
        [36m</p>[39m
      [36m</main>[39m
      [36m<aside[39m
        [33maria-label[39m=[32m"Current task context"[39m
        [33mclass[39m=[32m"cockpit-context"[39m
        [33mdata-open[39m=[32m"false"[39m
        [33mid[39m=[32m"task-context-drawer"[39m
      [36m>[39m
        [36m<button[39m
          [33maria-label[39m=[32m"Close current task context"[39m
          [33mclass[39m=[32m"drawer-close"[39m
          [33mtabindex[39m=[32m"-1"[39m
          [33mtype[39m=[32m"button"[39m
        [36m>[39m
          [0mClose[0m
        [36m</button>[39m
        [36m<div>[39m
          [36m<p[39m
            [33mclass[39m=[32m"eyebrow"[39m
          [36m>[39m
            [0mCurrent work[0m
          [36m</p>[39m
          [36m<h2>[39m
            [0mCurrent context[0m
          [36m</h2>[39m
        [36m</div>[39m
        [36m<p[39m
          [33mclass[39m=[32m"state-message"[39m
        [36m>[39m
          [0mNo current task.[0m
        [36m</p>[39m
      [36m</aside>[39m
    [36m</div>[39m
  [36m</div>[39m
[36m</body>[39m
 ❯ Object.getElementError node_modules/@testing-library/dom/dist/config.js:37:19
 ❯ node_modules/@testing-library/dom/dist/query-helpers.js:76:38
 ❯ node_modules/@testing-library/dom/dist/query-helpers.js:52:17
 ❯ node_modules/@testing-library/dom/dist/query-helpers.js:95:19
 ❯ tests/code-review-fixes.test.tsx:27:25
     25|     render(<ProjectPanel />);
     26|
     27|     const flow = screen.getByRole("main", { name: "任务事件流" });
       |                         ^
     28|     const context = screen.getByRole("complementary", { name: "当前任务上下文…
     29|     expect(within(flow).getByText("正在加载项目…")).toHaveAttribute("aria-bu…

⎯⎯⎯⎯⎯⎯⎯⎯⎯⎯⎯⎯⎯⎯⎯⎯⎯⎯⎯⎯⎯⎯⎯⎯[1/4]⎯

 FAIL  tests/code-review-fixes.test.tsx > code review fixes > retries a failed project load
TestingLibraryElementError: Unable to find role="button" and name "重试加载项目"

Ignored nodes: comments, script, style
[36m<body>[39m
  [36m<div>[39m
    [36m<div[39m
      [33mclass[39m=[32m"collaboration-cockpit"[39m
      [33mdata-testid[39m=[32m"collaboration-cockpit"[39m
    [36m>[39m
      [36m<div[39m
        [33maria-label[39m=[32m"Cockpit panels"[39m
        [33mclass[39m=[32m"mobile-toolbar"[39m
        [33mrole[39m=[32m"toolbar"[39m
      [36m>[39m
        [36m<button[39m
          [33maria-controls[39m=[32m"project-navigation-drawer"[39m
          [33maria-expanded[39m=[32m"false"[39m
          [33maria-label[39m=[32m"Open project navigation"[39m
          [33mtype[39m=[32m"button"[39m
        [36m>[39m
          [0mProjects[0m
        [36m</button>[39m
        [36m<button[39m
          [33maria-controls[39m=[32m"task-context-drawer"[39m
          [33maria-expanded[39m=[32m"false"[39m
          [33maria-label[39m=[32m"Open current task context"[39m
          [33mtype[39m=[32m"button"[39m
        [36m>[39m
          [0mContext[0m
        [36m</button>[39m
      [36m</div>[39m
      [36m<aside[39m
        [33maria-label[39m=[32m"Project navigation"[39m
        [33mclass[39m=[32m"cockpit-sidebar"[39m
        [33mdata-open[39m=[32m"false"[39m
        [33mid[39m=[32m"project-navigation-drawer"[39m
      [36m>[39m
        [36m<button[39m
          [33maria-label[39m=[32m"Close project navigation"[39m
          [33mclass[39m=[32m"drawer-close"[39m
          [33mtabindex[39m=[32m"-1"[39m
          [33mtype[39m=[32m"button"[39m
        [36m>[39m
          [0mClose[0m
        [36m</button>[39m
        [36m<div[39m
          [33mclass[39m=[32m"product-identity"[39m
        [36m>[39m
          [36m<span[39m
            [33maria-hidden[39m=[32m"true"[39m
            [33mclass[39m=[32m"product-mark"[39m
          [36m>[39m
            [0mC[0m
          [36m</span>[39m
          [36m<div>[39m
            [36m<p[39m
              [33mclass[39m=[32m"eyebrow"[39m
            [36m>[39m
              [0mCollaboration cockpit[0m
            [36m</p>[39m
            [36m<h1>[39m
              [0mCool AI[0m
            [36m</h1>[39m
          [36m</div>[39m
        [36m</div>[39m
        [36m<section[39m
          [33maria-labelledby[39m=[32m"projects-title"[39m
          [33mclass[39m=[32m"stack"[39m
        [36m>[39m
          [36m<h2[39m
            [33mid[39m=[32m"projects-title"[39m
          [36m>[39m
            [0mProjects[0m
          [36m</h2>[39m
          [36m<form[39m
            [33mclass[39m=[32m"stack"[39m
          [36m>[39m
            [36m<div[39m
              [33mclass[39m=[32m"form-field"[39m
            [36m>[39m
              [36m<label[39m
                [33mfor[39m=[32m"project-name"[39m
              [36m>[39m
                [0mProject name[0m
              [36m</label>[39m
              [36m<input[39m
                [33mid[39m=[32m"project-name"[39m
                [33mname[39m=[32m"name"[39m
                [33mvalue[39m=[32m""[39m
              [36m/>[39m
            [36m</div>[39m
            [36m<button[39m
              [33mtype[39m=[32m"submit"[39m
            [36m>[39m
              [0mCreate project[0m
            [36m</button>[39m
          [36m</form>[39m
          [36m<p[39m
            [33mclass[39m=[32m"error-text"[39m
            [33mrole[39m=[32m"alert"[39m
          [36m>[39m
            [0m项目加载失败。[0m
          [36m</p>[39m
          [36m<p[39m
            [33mclass[39m=[32m"muted"[39m
          [36m>[39m
            [0mNo projects yet.[0m
          [36m</p>[39m
        [36m</section>[39m
      [36m</aside>[39m
      [36m<main[39m
        [33maria-label[39m=[32m"Task event flow"[39m
        [33mclass[39m=[32m"cockpit-flow"[39m
      [36m>[39m
        [36m<div[39m
          [33mclass[39m=[32m"panel-heading"[39m
        [36m>[39m
          [36m<span[39m
            [33maria-hidden[39m=[32m"true"[39m
            [33mclass[39m=[32m"agent-mark"[39m
          [36m>[39m
            [0mA[0m
          [36m</span>[39m
          [36m<div>[39m
            [36m<p[39m
              [33mclass[39m=[32m"eyebrow"[39m
            [36m>[39m
              [0mDeterministic example Agent[0m
            [36m</p>[39m
            [36m<h2[39m
              [33mid[39m=[32m"tasks-title"[39m
            [36m>[39m
              [0mTask activity[0m
            [36m</h2>[39m
          [36m</div>[39m
        [36m</div>[39m
        [36m<p[39m
          [33mclass[39m=[32m"state-message"[39m
        [36m>[39m
          [0mCreate or select a project before running a task.[0m
        [36m</p>[39m
      [36m</main>[39m
      [36m<aside[39m
        [33maria-label[39m=[32m"Current task context"[39m
        [33mclass[39m=[32m"cockpit-context"[39m
        [33mdata-open[39m=[32m"false"[39m
        [33mid[39m=[32m"task-context-drawer"[39m
      [36m>[39m
        [36m<button[39m
          [33maria-label[39m=[32m"Close current task context"[39m
          [33mclass[39m=[32m"drawer-close"[39m
          [33mtabindex[39m=[32m"-1"[39m
          [33mtype[39m=[32m"button"[39m
        [36m>[39m
          [0mClose[0m
        [36m</button>[39m
        [36m<div>[39m
          [36m<p[39m
            [33mclass[39m=[32m"eyebrow"[39m
          [36m>[39m
            [0mCurrent work[0m
          [36m</p>[39m
          [36m<h2>[39m
            [0mCurrent context[0m
          [36m</h2>[39m
        [36m</div>[39m
        [36m<p[39m
          [33mclass[39m=[32m"state-message"[39m
        [36m>[39m
          [0mNo current task.[0m
        [36m</p>[39m
      [36m</aside>[39m
    [36m</div>[39m
  [36m</div>[39m
[36m</body>[39m

Ignored nodes: comments, script, style
[36m<body>[39m
  [36m<div>[39m
    [36m<div[39m
      [33mclass[39m=[32m"collaboration-cockpit"[39m
      [33mdata-testid[39m=[32m"collaboration-cockpit"[39m
    [36m>[39m
      [36m<div[39m
        [33maria-label[39m=[32m"Cockpit panels"[39m
        [33mclass[39m=[32m"mobile-toolbar"[39m
        [33mrole[39m=[32m"toolbar"[39m
      [36m>[39m
        [36m<button[39m
          [33maria-controls[39m=[32m"project-navigation-drawer"[39m
          [33maria-expanded[39m=[32m"false"[39m
          [33maria-label[39m=[32m"Open project navigation"[39m
          [33mtype[39m=[32m"button"[39m
        [36m>[39m
          [0mProjects[0m
        [36m</button>[39m
        [36m<button[39m
          [33maria-controls[39m=[32m"task-context-drawer"[39m
          [33maria-expanded[39m=[32m"false"[39m
          [33maria-label[39m=[32m"Open current task context"[39m
          [33mtype[39m=[32m"button"[39m
        [36m>[39m
          [0mContext[0m
        [36m</button>[39m
      [36m</div>[39m
      [36m<aside[39m
        [33maria-label[39m=[32m"Project navigation"[39m
        [33mclass[39m=[32m"cockpit-sidebar"[39m
        [33mdata-open[39m=[32m"false"[39m
        [33mid[39m=[32m"project-navigation-drawer"[39m
      [36m>[39m
        [36m<button[39m
          [33maria-label[39m=[32m"Close project navigation"[39m
          [33mclass[39m=[32m"drawer-close"[39m
          [33mtabindex[39m=[32m"-1"[39m
          [33mtype[39m=[32m"button"[39m
        [36m>[39m
          [0mClose[0m
        [36m</button>[39m
        [36m<div[39m
          [33mclass[39m=[32m"product-identity"[39m
        [36m>[39m
          [36m<span[39m
            [33maria-hidden[39m=[32m"true"[39m
            [33mclass[39m=[32m"product-mark"[39m
          [36m>[39m
            [0mC[0m
          [36m</span>[39m
          [36m<div>[39m
            [36m<p[39m
              [33mclass[39m=[32m"eyebrow"[39m
            [36m>[39m
              [0mCollaboration cockpit[0m
            [36m</p>[39m
            [36m<h1>[39m
              [0mCool AI[0m
            [36m</h1>[39m
          [36m</div>[39m
        [36m</div>[39m
        [36m<section[39m
          [33maria-labelledby[39m=[32m"projects-title"[39m
          [33mclass[39m=[32m"stack"[39m
        [36m>[39m
          [36m<h2[39m
            [33mid[39m=[32m"projects-title"[39m
          [36m>[39m
            [0mProjects[0m
          [36m</h2>[39m
          [36m<form[39m
            [33mclass[39m=[32m"stack"[39m
          [36m>[39m
            [36m<div[39m
              [33mclass[39m=[32m"form-field"[39m
            [36m>[39m
              [36m<label[39m
                [33mfor[39m=[32m"project-name"[39m
              [36m>[39m
                [0mProject name[0m
              [36m</label>[39m
              [36m<input[39m
                [33mid[39m=[32m"project-name"[39m
                [33mname[39m=[32m"name"[39m
                [33mvalue[39m=[32m""[39m
              [36m/>[39m
            [36m</div>[39m
            [36m<button[39m
              [33mtype[39m=[32m"submit"[39m
            [36m>[39m
              [0mCreate project[0m
            [36m</button>[39m
          [36m</form>[39m
          [36m<p[39m
            [33mclass[39m=[32m"error-text"[39m
            [33mrole[39m=[32m"alert"[39m
          [36m>[39m
            [0m项目加载失败。[0m
          [36m</p>[39m
          [36m<p[39m
            [33mclass[39m=[32m"muted"[39m
          [36m>[39m
            [0mNo projects yet.[0m
          [36m</p>[39m
        [36m</section>[39m
      [36m</aside>[39m
      [36m<main[39m
        [33maria-label[39m=[32m"Task event flow"[39m
        [33mclass[39m=[32m"cockpit-flow"[39m
      [36m>[39m
        [36m<div[39m
          [33mclass[39m=[32m"panel-heading"[39m
        [36m>[39m
          [36m<span[39m
            [33maria-hidden[39m=[32m"true"[39m
            [33mclass[39m=[32m"agent-mark"[39m
          [36m>[39m
            [0mA[0m
          [36m</span>[39m
          [36m<div>[39m
            [36m<p[39m
              [33mclass[39m=[32m"eyebrow"[39m
            [36m>[39m
              [0mDeterministic example Agent[0m
            [36m</p>[39m
            [36m<h2[39m
              [33mid[39m=[32m"tasks-title"[39m
            [36m>[39m
              [0mTask activity[0m
            [36m</h2>[39m
          [36m</div>[39m
        [36m</div>[39m
        [36m<p[39m
          [33mclass[39m=[32m"state-message"[39m
        [36m>[39m
          [0mCreate or select a project before running a task.[0m
        [36m</p>[39m
      [36m</main>[39m
      [36m<aside[39m
        [33maria-label[39m=[32m"Current task context"[39m
        [33mclass[39m=[32m"cockpit-context"[39m
        [33mdata-open[39m=[32m"false"[39m
        [33mid[39m=[32m"task-context-drawer"[39m
      [36m>[39m
        [36m<button[39m
          [33maria-label[39m=[32m"Close current task context"[39m
          [33mclass[39m=[32m"drawer-close"[39m
          [33mtabindex[39m=[32m"-1"[39m
          [33mtype[39m=[32m"button"[39m
        [36m>[39m
          [0mClose[0m
        [36m</button>[39m
        [36m<div>[39m
          [36m<p[39m
            [33mclass[39m=[32m"eyebrow"[39m
          [36m>[39m
            [0mCurrent work[0m
          [36m</p>[39m
          [36m<h2>[39m
            [0mCurrent context[0m
          [36m</h2>[39m
        [36m</div>[39m
        [36m<p[39m
          [33mclass[39m=[32m"state-message"[39m
        [36m>[39m
          [0mNo current task.[0m
        [36m</p>[39m
      [36m</aside>[39m
    [36m</div>[39m
  [36m</div>[39m
[36m</body>[39m
 ❯ waitForWrapper node_modules/@testing-library/dom/dist/wait-for.js:163:27
 ❯ node_modules/@testing-library/dom/dist/query-helpers.js:86:33
 ❯ tests/code-review-fixes.test.tsx:54:32
     52|     render(<ProjectPanel />);
     53|
     54|     const retry = await screen.findByRole("button", { name: "重试加载项目" }…
       |                                ^
     55|     await user.click(retry);
     56|

⎯⎯⎯⎯⎯⎯⎯⎯⎯⎯⎯⎯⎯⎯⎯⎯⎯⎯⎯⎯⎯⎯⎯⎯[2/4]⎯

 FAIL  tests/code-review-fixes.test.tsx > code review fixes > focuses the current project title after creation
TestingLibraryElementError: Unable to find an element with the text: 暂无项目。. This could be because the text is broken up by multiple elements. In this case, you can provide a function for your text matcher to make your matcher more flexible.

Ignored nodes: comments, script, style
[36m<body>[39m
  [36m<div>[39m
    [36m<div[39m
      [33mclass[39m=[32m"collaboration-cockpit"[39m
      [33mdata-testid[39m=[32m"collaboration-cockpit"[39m
    [36m>[39m
      [36m<div[39m
        [33maria-label[39m=[32m"Cockpit panels"[39m
        [33mclass[39m=[32m"mobile-toolbar"[39m
        [33mrole[39m=[32m"toolbar"[39m
      [36m>[39m
        [36m<button[39m
          [33maria-controls[39m=[32m"project-navigation-drawer"[39m
          [33maria-expanded[39m=[32m"false"[39m
          [33maria-label[39m=[32m"Open project navigation"[39m
          [33mtype[39m=[32m"button"[39m
        [36m>[39m
          [0mProjects[0m
        [36m</button>[39m
        [36m<button[39m
          [33maria-controls[39m=[32m"task-context-drawer"[39m
          [33maria-expanded[39m=[32m"false"[39m
          [33maria-label[39m=[32m"Open current task context"[39m
          [33mtype[39m=[32m"button"[39m
        [36m>[39m
          [0mContext[0m
        [36m</button>[39m
      [36m</div>[39m
      [36m<aside[39m
        [33maria-label[39m=[32m"Project navigation"[39m
        [33mclass[39m=[32m"cockpit-sidebar"[39m
        [33mdata-open[39m=[32m"false"[39m
        [33mid[39m=[32m"project-navigation-drawer"[39m
      [36m>[39m
        [36m<button[39m
          [33maria-label[39m=[32m"Close project navigation"[39m
          [33mclass[39m=[32m"drawer-close"[39m
          [33mtabindex[39m=[32m"-1"[39m
          [33mtype[39m=[32m"button"[39m
        [36m>[39m
          [0mClose[0m
        [36m</button>[39m
        [36m<div[39m
          [33mclass[39m=[32m"product-identity"[39m
        [36m>[39m
          [36m<span[39m
            [33maria-hidden[39m=[32m"true"[39m
            [33mclass[39m=[32m"product-mark"[39m
          [36m>[39m
            [0mC[0m
          [36m</span>[39m
          [36m<div>[39m
            [36m<p[39m
              [33mclass[39m=[32m"eyebrow"[39m
            [36m>[39m
              [0mCollaboration cockpit[0m
            [36m</p>[39m
            [36m<h1>[39m
              [0mCool AI[0m
            [36m</h1>[39m
          [36m</div>[39m
        [36m</div>[39m
        [36m<section[39m
          [33maria-labelledby[39m=[32m"projects-title"[39m
          [33mclass[39m=[32m"stack"[39m
        [36m>[39m
          [36m<h2[39m
            [33mid[39m=[32m"projects-title"[39m
          [36m>[39m
            [0mProjects[0m
          [36m</h2>[39m
          [36m<form[39m
            [33mclass[39m=[32m"stack"[39m
          [36m>[39m
            [36m<div[39m
              [33mclass[39m=[32m"form-field"[39m
            [36m>[39m
              [36m<label[39m
                [33mfor[39m=[32m"project-name"[39m
              [36m>[39m
                [0mProject name[0m
              [36m</label>[39m
              [36m<input[39m
                [33mid[39m=[32m"project-name"[39m
                [33mname[39m=[32m"name"[39m
                [33mvalue[39m=[32m""[39m
              [36m/>[39m
            [36m</div>[39m
            [36m<button[39m
              [33mtype[39m=[32m"submit"[39m
            [36m>[39m
              [0mCreate project[0m
            [36m</button>[39m
          [36m</form>[39m
          [36m<p[39m
            [33mclass[39m=[32m"muted"[39m
          [36m>[39m
            [0mNo projects yet.[0m
          [36m</p>[39m
        [36m</section>[39m
      [36m</aside>[39m
      [36m<main[39m
        [33maria-label[39m=[32m"Task event flow"[39m
        [33mclass[39m=[32m"cockpit-flow"[39m
      [36m>[39m
        [36m<div[39m
          [33mclass[39m=[32m"panel-heading"[39m
        [36m>[39m
          [36m<span[39m
            [33maria-hidden[39m=[32m"true"[39m
            [33mclass[39m=[32m"agent-mark"[39m
          [36m>[39m
            [0mA[0m
          [36m</span>[39m
          [36m<div>[39m
            [36m<p[39m
              [33mclass[39m=[32m"eyebrow"[39m
            [36m>[39m
              [0mDeterministic example Agent[0m
            [36m</p>[39m
            [36m<h2[39m
              [33mid[39m=[32m"tasks-title"[39m
            [36m>[39m
              [0mTask activity[0m
            [36m</h2>[39m
          [36m</div>[39m
        [36m</div>[39m
        [36m<p[39m
          [33mclass[39m=[32m"state-message"[39m
        [36m>[39m
          [0mCreate or select a project before running a task.[0m
        [36m</p>[39m
      [36m</main>[39m
      [36m<aside[39m
        [33maria-label[39m=[32m"Current task context"[39m
        [33mclass[39m=[32m"cockpit-context"[39m
        [33mdata-open[39m=[32m"false"[39m
        [33mid[39m=[32m"task-context-drawer"[39m
      [36m>[39m
        [36m<button[39m
          [33maria-label[39m=[32m"Close current task context"[39m
          [33mclass[39m=[32m"drawer-close"[39m
          [33mtabindex[39m=[32m"-1"[39m
          [33mtype[39m=[32m"button"[39m
        [36m>[39m
          [0mClose[0m
        [36m</button>[39m
        [36m<div>[39m
          [36m<p[39m
            [33mclass[39m=[32m"eyebrow"[39m
          [36m>[39m
            [0mCurrent work[0m
          [36m</p>[39m
          [36m<h2>[39m
            [0mCurrent context[0m
          [36m</h2>[39m
        [36m</div>[39m
        [36m<p[39m
          [33mclass[39m=[32m"state-message"[39m
        [36m>[39m
          [0mNo current task.[0m
        [36m</p>[39m
      [36m</aside>[39m
    [36m</div>[39m
  [36m</div>[39m
[36m</body>[39m

Ignored nodes: comments, script, style
[36m<body>[39m
  [36m<div>[39m
    [36m<div[39m
      [33mclass[39m=[32m"collaboration-cockpit"[39m
      [33mdata-testid[39m=[32m"collaboration-cockpit"[39m
    [36m>[39m
      [36m<div[39m
        [33maria-label[39m=[32m"Cockpit panels"[39m
        [33mclass[39m=[32m"mobile-toolbar"[39m
        [33mrole[39m=[32m"toolbar"[39m
      [36m>[39m
        [36m<button[39m
          [33maria-controls[39m=[32m"project-navigation-drawer"[39m
          [33maria-expanded[39m=[32m"false"[39m
          [33maria-label[39m=[32m"Open project navigation"[39m
          [33mtype[39m=[32m"button"[39m
        [36m>[39m
          [0mProjects[0m
        [36m</button>[39m
        [36m<button[39m
          [33maria-controls[39m=[32m"task-context-drawer"[39m
          [33maria-expanded[39m=[32m"false"[39m
          [33maria-label[39m=[32m"Open current task context"[39m
          [33mtype[39m=[32m"button"[39m
        [36m>[39m
          [0mContext[0m
        [36m</button>[39m
      [36m</div>[39m
      [36m<aside[39m
        [33maria-label[39m=[32m"Project navigation"[39m
        [33mclass[39m=[32m"cockpit-sidebar"[39m
        [33mdata-open[39m=[32m"false"[39m
        [33mid[39m=[32m"project-navigation-drawer"[39m
      [36m>[39m
        [36m<button[39m
          [33maria-label[39m=[32m"Close project navigation"[39m
          [33mclass[39m=[32m"drawer-close"[39m
          [33mtabindex[39m=[32m"-1"[39m
          [33mtype[39m=[32m"button"[39m
        [36m>[39m
          [0mClose[0m
        [36m</button>[39m
        [36m<div[39m
          [33mclass[39m=[32m"product-identity"[39m
        [36m>[39m
          [36m<span[39m
            [33maria-hidden[39m=[32m"true"[39m
            [33mclass[39m=[32m"product-mark"[39m
          [36m>[39m
            [0mC[0m
          [36m</span>[39m
          [36m<div>[39m
            [36m<p[39m
              [33mclass[39m=[32m"eyebrow"[39m
            [36m>[39m
              [0mCollaboration cockpit[0m
            [36m</p>[39m
            [36m<h1>[39m
              [0mCool AI[0m
            [36m</h1>[39m
          [36m</div>[39m
        [36m</div>[39m
        [36m<section[39m
          [33maria-labelledby[39m=[32m"projects-title"[39m
          [33mclass[39m=[32m"stack"[39m
        [36m>[39m
          [36m<h2[39m
            [33mid[39m=[32m"projects-title"[39m
          [36m>[39m
            [0mProjects[0m
          [36m</h2>[39m
          [36m<form[39m
            [33mclass[39m=[32m"stack"[39m
          [36m>[39m
            [36m<div[39m
              [33mclass[39m=[32m"form-field"[39m
            [36m>[39m
              [36m<label[39m
                [33mfor[39m=[32m"project-name"[39m
              [36m>[39m
                [0mProject name[0m
              [36m</label>[39m
              [36m<input[39m
                [33mid[39m=[32m"project-name"[39m
                [33mname[39m=[32m"name"[39m
                [33mvalue[39m=[32m""[39m
              [36m/>[39m
            [36m</div>[39m
            [36m<button[39m
              [33mtype[39m=[32m"submit"[39m
            [36m>[39m
              [0mCreate project[0m
            [36m</button>[39m
          [36m</form>[39m
          [36m<p[39m
            [33mclass[39m=[32m"muted"[39m
          [36m>[39m
            [0mNo projects yet.[0m
          [36m</p>[39m
        [36m</section>[39m
      [36m</aside>[39m
      [36m<main[39m
        [33maria-label[39m=[32m"Task event flow"[39m
        [33mclass[39m=[32m"cockpit-flow"[39m
      [36m>[39m
        [36m<div[39m
          [33mclass[39m=[32m"panel-heading"[39m
        [36m>[39m
          [36m<span[39m
            [33maria-hidden[39m=[32m"true"[39m
            [33mclass[39m=[32m"agent-mark"[39m
          [36m>[39m
            [0mA[0m
          [36m</span>[39m
          [36m<div>[39m
            [36m<p[39m
              [33mclass[39m=[32m"eyebrow"[39m
            [36m>[39m
              [0mDeterministic example Agent[0m
            [36m</p>[39m
            [36m<h2[39m
              [33mid[39m=[32m"tasks-title"[39m
            [36m>[39m
              [0mTask activity[0m
            [36m</h2>[39m
          [36m</div>[39m
        [36m</div>[39m
        [36m<p[39m
          [33mclass[39m=[32m"state-message"[39m
        [36m>[39m
          [0mCreate or select a project before running a task.[0m
        [36m</p>[39m
      [36m</main>[39m
      [36m<aside[39m
        [33maria-label[39m=[32m"Current task context"[39m
        [33mclass[39m=[32m"cockpit-context"[39m
        [33mdata-open[39m=[32m"false"[39m
        [33mid[39m=[32m"task-context-drawer"[39m
      [36m>[39m
        [36m<button[39m
          [33maria-label[39m=[32m"Close current task context"[39m
          [33mclass[39m=[32m"drawer-close"[39m
          [33mtabindex[39m=[32m"-1"[39m
          [33mtype[39m=[32m"button"[39m
        [36m>[39m
          [0mClose[0m
        [36m</button>[39m
        [36m<div>[39m
          [36m<p[39m
            [33mclass[39m=[32m"eyebrow"[39m
          [36m>[39m
            [0mCurrent work[0m
          [36m</p>[39m
          [36m<h2>[39m
            [0mCurrent context[0m
          [36m</h2>[39m
        [36m</div>[39m
        [36m<p[39m
          [33mclass[39m=[32m"state-message"[39m
        [36m>[39m
          [0mNo current task.[0m
        [36m</p>[39m
      [36m</aside>[39m
    [36m</div>[39m
  [36m</div>[39m
[36m</body>[39m
 ❯ waitForWrapper node_modules/@testing-library/dom/dist/wait-for.js:163:27
 ❯ node_modules/@testing-library/dom/dist/query-helpers.js:86:33
 ❯ tests/code-review-fixes.test.tsx:84:18
     82|
     83|     render(<ProjectPanel />);
     84|     await screen.findByText("暂无项目。");
       |                  ^
     85|     await user.type(screen.getByLabelText("项目名称"), "新项目");
     86|     await user.click(screen.getByRole("button", { name: "创建项目" }));

⎯⎯⎯⎯⎯⎯⎯⎯⎯⎯⎯⎯⎯⎯⎯⎯⎯⎯⎯⎯⎯⎯⎯⎯[3/4]⎯

 FAIL  tests/code-review-fixes.test.tsx > code review fixes > declares Simplified Chinese and renders Chinese built-in copy
AssertionError: expected 'en' to be 'zh-CN' // Object.is equality

Expected: "zh-CN"
Received: "en"

 ❯ tests/code-review-fixes.test.tsx:95:31
     93|   it("declares Simplified Chinese and renders Chinese built-in copy", …
     94|     const layout = RootLayout({ children: null });
     95|     expect(layout.props.lang).toBe("zh-CN");
       |                               ^
     96|     vi.stubGlobal("fetch", vi.fn().mockResolvedValueOnce(Response.json…
     97|

⎯⎯⎯⎯⎯⎯⎯⎯⎯⎯⎯⎯⎯⎯⎯⎯⎯⎯⎯⎯⎯⎯⎯⎯[4/4]⎯


 Test Files  1 failed | 11 passed (12)
      Tests  4 failed | 38 passed (42)
   Start at  23:55:50
   Duration  6.24s (transform 508ms, setup 5.41s, import 1.52s, tests 6.38s, environment 22.31s)

# exit: 1
