# hf-gate-run
# label: t6-red
# command: cmd /c npm test
# started: 2026-07-29T15:36:40+00:00

> collaboration-cockpit@0.1.0 test
> vitest run


 RUN  v4.1.10 D:/cool-ai

(node:12368) ExperimentalWarning: SQLite is an experimental feature and might change at any time
(Use `node --trace-warnings ...` to show where the warning was created)
(node:6000) ExperimentalWarning: SQLite is an experimental feature and might change at any time
(Use `node --trace-warnings ...` to show where the warning was created)
 ❯ tests/developer-loop.test.ts (2 tests | 2 failed) 12ms
     × documents reproducible install, development, test, build, and smoke commands 9ms
     × provides a real Playwright smoke command and harness 2ms
 ❯ tests/accessibility.test.tsx (4 tests | 1 failed) 588ms
     × announces the restored task status through a polite status region 32ms
(node:1140) ExperimentalWarning: SQLite is an experimental feature and might change at any time
(Use `node --trace-warnings ...` to show where the warning was created)
(node:13816) ExperimentalWarning: SQLite is an experimental feature and might change at any time
(Use `node --trace-warnings ...` to show where the warning was created)

⎯⎯⎯⎯⎯⎯⎯ Failed Tests 3 ⎯⎯⎯⎯⎯⎯⎯

 FAIL  tests/accessibility.test.tsx > narrow-screen and keyboard accessibility > announces the restored task status through a polite status region
Error: expect(element).toHaveTextContent()

Expected element to have text content:
  Latest task status: completed
Received:

 ❯ tests/accessibility.test.tsx:119:20
    117|     const status = await screen.findByRole("status");
    118|     expect(status).toHaveAttribute("aria-live", "polite");
    119|     expect(status).toHaveTextContent("Latest task status: completed");
       |                    ^
    120|   });
    121| });

⎯⎯⎯⎯⎯⎯⎯⎯⎯⎯⎯⎯⎯⎯⎯⎯⎯⎯⎯⎯⎯⎯⎯⎯[1/3]⎯

 FAIL  tests/developer-loop.test.ts > one-command developer loop > documents reproducible install, development, test, build, and smoke commands
AssertionError: expected false to be true // Object.is equality

- Expected
+ Received

- true
+ false

 ❯ tests/developer-loop.test.ts:11:36
      9|   it("documents reproducible install, development, test, build, and sm…
     10|     const readmePath = join(root, "README.md");
     11|     expect(existsSync(readmePath)).toBe(true);
       |                                    ^
     12|     const readme = readIfPresent(readmePath);
     13|

⎯⎯⎯⎯⎯⎯⎯⎯⎯⎯⎯⎯⎯⎯⎯⎯⎯⎯⎯⎯⎯⎯⎯⎯[2/3]⎯

 FAIL  tests/developer-loop.test.ts > one-command developer loop > provides a real Playwright smoke command and harness
AssertionError: expected undefined to be 'node tests/browser-smoke.mjs' // Object.is equality

- Expected:
"node tests/browser-smoke.mjs"

+ Received:
undefined

 ❯ tests/developer-loop.test.ts:35:40
     33|     const smokePath = join(root, "tests", "browser-smoke.mjs");
     34|
     35|     expect(packageJson.scripts?.smoke).toBe("node tests/browser-smoke.…
       |                                        ^
     36|     expect(packageJson.devDependencies?.playwright).toEqual(expect.any…
     37|     expect(existsSync(smokePath)).toBe(true);

⎯⎯⎯⎯⎯⎯⎯⎯⎯⎯⎯⎯⎯⎯⎯⎯⎯⎯⎯⎯⎯⎯⎯⎯[3/3]⎯


 Test Files  2 failed | 9 passed (11)
      Tests  3 failed | 35 passed (38)
   Start at  23:36:42
   Duration  5.93s (transform 414ms, setup 4.48s, import 995ms, tests 3.06s, environment 21.92s)

# exit: 1
