# hf-gate-run
# label: t6-red
# command: cmd /c npm test
# started: 2026-07-29T16:04:50+00:00

> collaboration-cockpit@0.1.0 test
> vitest run


 RUN  v4.1.10 D:/cool-ai

(node:17364) ExperimentalWarning: SQLite is an experimental feature and might change at any time
(Use `node --trace-warnings ...` to show where the warning was created)
(node:6936) ExperimentalWarning: SQLite is an experimental feature and might change at any time
(Use `node --trace-warnings ...` to show where the warning was created)
 ❯ tests/task-flow.test.tsx (5 tests | 2 failed) 627ms
     × offers retry after a load error 28ms
     × renders a persisted failed event and preserves the goal after execution fails 137ms
 ❯ tests/project-panel.test.tsx (3 tests | 1 failed) 1677ms
     × shows validation and request errors while preserving input 1141ms
(node:11780) ExperimentalWarning: SQLite is an experimental feature and might change at any time
(Use `node --trace-warnings ...` to show where the warning was created)
(node:16916) ExperimentalWarning: SQLite is an experimental feature and might change at any time
(Use `node --trace-warnings ...` to show where the warning was created)

⎯⎯⎯⎯⎯⎯⎯ Failed Tests 3 ⎯⎯⎯⎯⎯⎯⎯

 FAIL  tests/project-panel.test.tsx > ProjectPanel > shows validation and request errors while preserving input
Error: expect(element).toHaveTextContent()

Expected element to have text content:
  请求失败，请稍后重试。
Received:
  Could not create project.

Ignored nodes: comments, script, style
[36m<html>[39m
  [36m<head />[39m
  [36m<body>[39m
    [36m<div>[39m
      [36m<div[39m
        [33mclass[39m=[32m"collaboration-cockpit"[39m
        [33mdata-testid[39m=[32m"collaboration-cockpit"[39m
      [36m>[39m
        [36m<div[39m
          [33maria-label[39m=[32m"驾驶舱面板"[39m
          [33mclass[39m=[32m"mobile-toolbar"[39m
          [33mrole[39m=[32m"toolbar"[39m
        [36m>[39m
          [36m<button[39m
            [33maria-controls[39m=[32m"project-navigation-drawer"[39m
            [33maria-expanded[39m=[32m"false"[39m
            [33maria-label[39m=[32m"打开项目导航"[39m
            [33mtype[39m=[32m"button"[39m
          [36m>[39m
            [0m项目[0m
          [36m</button>[39m
          [36m<button[39m
            [33maria-controls[39m=[32m"task-context-drawer"[39m
            [33maria-expanded[39m=[32m"false"[39m
            [33maria-label[39m=[32m"打开当前任务上下文"[39m
            [33mtype[39m=[32m"button"[39m
          [36m>[39m
            [0m上下文[0m
          [36m</button>[39m
        [36m</div>[39m
        [36m<aside[39m
          [33maria-label[39m=[32m"项目导航"[39m
          [33mclass[39m=[32m"cockpit-sidebar"[39m
          [33mdata-open[39m=[32m"false"[39m
          [33mid[39m=[32m"project-navigation-drawer"[39m
        [36m>[39m
          [36m<button[39m
            [33maria-label[39m=[32m"关闭项目导航"[39m
            [33mclass[39m=[32m"drawer-close"[39m
            [33mtabindex[39m=[32m"-1"[39m
            [33mtype[39m=[32m"button"[39m
          [36m>[39m
            [0m关闭[0m
          [36m</button>[39m
          [36m<div[39m
            [33mclass[39m=[32m"product-identity"[39m
          [36m>[39m
            [36m<span[39m
              [33maria-hidden[39m=[32m"true"[39m
              [33mclass[39m=[32m"product-mark"[39m
            [36m>[39m
              [0mC[0m
            [36m</span>[39m
            [36m<div>[39m
              [36m<p[39m
                [33mclass[39m=[32m"eyebrow"[39m
              [36m>[39m
                [0m协作驾驶舱[0m
              [36m</p>[39m
              [36m<h1>[39m
                [0mCool AI[0m
              [36m</h1>[39m
            [36m</div>[39m
          [36m</div>[39m
          [36m<section[39m
            [33maria-labelledby[39m=[32m"projects-title"[39m
            [33mclass[39m=[32m"stack"[39m
          [36m>[39m
            [36m<h2[39m
              [33mid[39m=[32m"projects-title"[39m
            [36m>[39m
              [0m项目[0m
            [36m</h2>[39m
            [36m<form[39m
              [33mclass[39m=[32m"stack"[39m
            [36m>[39m
              [36m<div[39m
                [33mclass[39m=[32m"form-field"[39m
              [36m>[39m
                [36m<label[39m
                  [33mfor[39m=[32m"project-name"[39m
                [36m>[39m
                  [0m项目名称[0m
                [36m</label>[39m
                [36m<input[39m
                  [33mid[39m=[32m"project-name"[39m
                  [33mname[39m=[32m"name"[39m
                  [33mvalue[39m=[32m"Launch plan"[39m
                [36m/>[39m
              [36m</div>[39m
              [36m<button[39m
                [33mtype[39m=[32m"submit"[39m
              [36m>[39m
                [0m创建项目[0m
              [36m</button>[39m
            [36m</form>[39m
            [36m<p[39m
              [33mclass[39m=[32m"error-text"[39m
              [33mrole[39m=[32m"alert"[39m
            [36m>[39m
              [0mCould not create project.[0m
            [36m</p>[39m
            [36m<p[39m
              [33mclass[39m=[32m"muted"[39m
            [36m>[39m
              [0m暂无项目。[0m
            [36m</p>[39m
          [36m</section>[39m
        [36m</aside>[39m
        [36m<main[39m
          [33maria-label[39m=[32m"任务事件流"[39m
          [33mclass[39m=[32m"cockpit-flow"[39m
        [36m>[39m
          [36m<div[39m
            [33mclass[39m=[32m"panel-heading"[39m
          [36m>[39m
            [36m<span[39m
              [33maria-hidden[39m=[32m"true"[39m
              [33mclass[39m=[32m"agent-mark"[39m
            [36m>[39m
              [0mA[0m
            [36m</span>[39m
            [36m<div>[39m
              [36m<p[39m
                [33mclass[39m=[32m"eyebrow"[39m
              [36m>[39m
                [0m确定性示例 Agent[0m
              [36m</p>[39m
              [36m<h2[39m
                [33mid[39m=[32m"tasks-title"[39m
              [36m>[39m
                [0m任务活动[0m
              [36m</h2>[39m
            [36m</div>[39m
          [36m</div>[39m
          [36m<p[39m
            [33mclass[39m=[32m"state-message"[39m
          [36m>[39m
            [0m请先创建或选择项目，再运行任务。[0m
          [36m</p>[39m
        [36m</main>[39m
        [36m<aside[39m
          [33maria-label[39m=[32m"当前任务上下文"[39m
          [33mclass[39m=[32m"cockpit-context"[39m
          [33mdata-open[39m=[32m"false"[39m
          [33mid[39m=[32m"task-context-drawer"[39m
        [36m>[39m
          [36m<button[39m
            [33maria-label[39m=[32m"关闭当前任务上下文"[39m
            [33mclass[39m=[32m"drawer-close"[39m
            [33mtabindex[39m=[32m"-1"[39m
            [33mtype[39m=[32m"button"[39m
          [36m>[39m
            [0m关闭[0m
          [36m</button>[39m
          [36m<div>[39m
            [36m<p[39m
              [33mclass[39m=[32m"eyebrow"[39m
            [36m>[39m
              [0m当前工作[0m
            [36m</p>[39m
            [36m<h2>[39m
              [0m当前上下文[0m
            [36m</h2>[39m
          [36m</div>[39m
          [36m<p[39m
            [33mclass[39m=[32m"state-message"[39m
          [36m>[39m
            [0m暂无当前任务。[0m
          [36m</p>[39m
        [36m</aside>[39m
      [36m</div>[39m
    [36m</div>[39m
  [36m</body>[39m
[36m</html>[39m
 ❯ tests/project-panel.test.tsx:84:41
     82|
     83|     await waitFor(() =>
     84|       expect(screen.getByRole("alert")).toHaveTextContent("请求失败，请稍后重试。…
       |                                         ^
     85|     );
     86|     expect(screen.getByLabelText("项目名称")).toHaveValue("Launch plan");
 ❯ runWithExpensiveErrorDiagnosticsDisabled node_modules/@testing-library/dom/dist/config.js:47:12
 ❯ checkCallback node_modules/@testing-library/dom/dist/wait-for.js:124:77
 ❯ Timeout.checkRealTimersCallback node_modules/@testing-library/dom/dist/wait-for.js:118:16

⎯⎯⎯⎯⎯⎯⎯⎯⎯⎯⎯⎯⎯⎯⎯⎯⎯⎯⎯⎯⎯⎯⎯⎯[1/3]⎯

 FAIL  tests/task-flow.test.tsx > task event flow > offers retry after a load error
Error: expect(element).toHaveTextContent()

Expected element to have text content:
  服务暂时不可用，请稍后重试。
Received:
  Could not load tasks.
 ❯ tests/task-flow.test.tsx:163:46
    161|     render(<ProjectPanel />);
    162|
    163|     expect(await screen.findByRole("alert")).toHaveTextContent("服务暂时不可…
       |                                              ^
    164|     await user.click(screen.getByRole("button", { name: "重试任务历史" }));
    165|     expect(await screen.findByText("暂无任务。输入目标即可运行示例 Agent。")).toBeInTh…

⎯⎯⎯⎯⎯⎯⎯⎯⎯⎯⎯⎯⎯⎯⎯⎯⎯⎯⎯⎯⎯⎯⎯⎯[2/3]⎯

 FAIL  tests/task-flow.test.tsx > task event flow > renders a persisted failed event and preserves the goal after execution fails
Error: expect(element).toHaveTextContent()

Expected element to have text content:
  任务执行失败，请稍后重试。
Received:
  provider offline
 ❯ tests/task-flow.test.tsx:201:39
    199|
    200|     expect(await screen.findByText("任务执行失败。")).toBeInTheDocument();
    201|     expect(screen.getByRole("alert")).toHaveTextContent("任务执行失败，请稍后重试。…
       |                                       ^
    202|     expect(screen.getByLabelText("任务目标")).toHaveValue("Prepare launch …
    203|   });

⎯⎯⎯⎯⎯⎯⎯⎯⎯⎯⎯⎯⎯⎯⎯⎯⎯⎯⎯⎯⎯⎯⎯⎯[3/3]⎯


 Test Files  2 failed | 10 passed (12)
      Tests  3 failed | 39 passed (42)
   Start at  00:04:52
   Duration  6.18s (transform 363ms, setup 5.08s, import 1.16s, tests 4.62s, environment 24.14s)

# exit: 1
