# hf-gate-run
# label: t6-red
# command: cmd /c npm test
# started: 2026-07-29T15:37:02+00:00

> collaboration-cockpit@0.1.0 test
> vitest run


 RUN  v4.1.10 D:/cool-ai

 ❯ tests/developer-loop.test.ts (2 tests | 2 failed) 12ms
     × documents reproducible install, development, test, build, and smoke commands 9ms
     × provides a real Playwright smoke command and harness 2ms
(node:12140) ExperimentalWarning: SQLite is an experimental feature and might change at any time
(Use `node --trace-warnings ...` to show where the warning was created)
(node:9816) ExperimentalWarning: SQLite is an experimental feature and might change at any time
(Use `node --trace-warnings ...` to show where the warning was created)
(node:15188) ExperimentalWarning: SQLite is an experimental feature and might change at any time
(Use `node --trace-warnings ...` to show where the warning was created)
(node:17308) ExperimentalWarning: SQLite is an experimental feature and might change at any time
(Use `node --trace-warnings ...` to show where the warning was created)

⎯⎯⎯⎯⎯⎯⎯ Failed Tests 2 ⎯⎯⎯⎯⎯⎯⎯

 FAIL  tests/developer-loop.test.ts > one-command developer loop > documents reproducible install, development, test, build, and smoke commands
AssertionError: expected false to be true // Object.is equality

- Expected
+ Received

- true
+ false

 ❯ tests/developer-loop.test.ts:11:36
      9|   it("documents reproducible install, development, test, build, and sm…
     10|     const readmePath = join(root, "README.md");
     11|     expect(existsSync(readmePath)).toBe(true);
       |                                    ^
     12|     const readme = readIfPresent(readmePath);
     13|

⎯⎯⎯⎯⎯⎯⎯⎯⎯⎯⎯⎯⎯⎯⎯⎯⎯⎯⎯⎯⎯⎯⎯⎯[1/2]⎯

 FAIL  tests/developer-loop.test.ts > one-command developer loop > provides a real Playwright smoke command and harness
AssertionError: expected undefined to be 'node tests/browser-smoke.mjs' // Object.is equality

- Expected:
"node tests/browser-smoke.mjs"

+ Received:
undefined

 ❯ tests/developer-loop.test.ts:35:40
     33|     const smokePath = join(root, "tests", "browser-smoke.mjs");
     34|
     35|     expect(packageJson.scripts?.smoke).toBe("node tests/browser-smoke.…
       |                                        ^
     36|     expect(packageJson.devDependencies?.playwright).toEqual(expect.any…
     37|     expect(existsSync(smokePath)).toBe(true);

⎯⎯⎯⎯⎯⎯⎯⎯⎯⎯⎯⎯⎯⎯⎯⎯⎯⎯⎯⎯⎯⎯⎯⎯[2/2]⎯


 Test Files  1 failed | 10 passed (11)
      Tests  2 failed | 36 passed (38)
   Start at  23:37:03
   Duration  5.86s (transform 587ms, setup 5.02s, import 1.22s, tests 3.08s, environment 20.65s)

# exit: 1
