# hf-gate-run
# label: build-final
# command: npm run build
# started: 2026-07-25T18:10:55+00:00

> cool-ai@0.0.1 build
> next build

▲ Next.js 16.2.11 (Turbopack)
- Environments: .env

  Creating an optimized production build ...
✓ Compiled successfully in 1708ms
  Running TypeScript ...
  Finished TypeScript in 1786ms ...
  Collecting page data using 5 workers ...
  Generating static pages using 5 workers (0/4) ...
  Generating static pages using 5 workers (1/4) 
  Generating static pages using 5 workers (2/4) 
  Generating static pages using 5 workers (3/4) 
✓ Generating static pages using 5 workers (4/4) in 446ms
  Finalizing page optimization ...

Route (app)
┌ ○ /
├ ○ /_not-found
└ ƒ /api/agents


○  (Static)   prerendered as static content
ƒ  (Dynamic)  server-rendered on demand

# exit: 0
