# hf-gate-run
# label: t1-red
# command: npm test
# started: 2026-07-25T17:55:31+00:00

> cool-ai@0.0.1 test
> vitest run


[1m[46m RUN [49m[22m [36mv3.2.7 [39m[90mE:/Code/cool-ai[39m

 [32m✓[39m tests/baseline.test.ts [2m([22m[2m1 test[22m[2m)[22m[32m 2[2mms[22m[39m
 [31m❯[39m tests/AgentList.test.tsx [2m([22m[2m1 test[22m[2m | [22m[31m1 failed[39m[2m)[22m[33m 1022[2mms[22m[39m
[31m   [31m×[31m AgentList[2m > [22mrenders agent names fetched from /api/agents[39m[33m 1021[2mms[22m[39m
[31m     → Unable to find an element with the text: 骨架 Agent. This could be because the text is broken up by multiple elements. In this case, you can provide a function for your text matcher to make your matcher more flexible.

Ignored nodes: comments, script, style
[36m<body>[31m
  [36m<div />[31m
[36m</body>[31m

Ignored nodes: comments, script, style
[36m<body>[31m
  [36m<div />[31m
[36m</body>[31m[39m

[31m⎯⎯⎯⎯⎯⎯⎯[39m[1m[41m Failed Tests 1 [49m[22m[31m⎯⎯⎯⎯⎯⎯⎯[39m

[41m[1m FAIL [22m[49m tests/AgentList.test.tsx[2m > [22mAgentList[2m > [22mrenders agent names fetched from /api/agents
[31m[1mTestingLibraryElementError[22m: Unable to find an element with the text: 骨架 Agent. This could be because the text is broken up by multiple elements. In this case, you can provide a function for your text matcher to make your matcher more flexible.

Ignored nodes: comments, script, style
[36m<body>[31m
  [36m<div />[31m
[36m</body>[31m

Ignored nodes: comments, script, style
[36m<body>[31m
  [36m<div />[31m
[36m</body>[31m[39m
[90m [2m❯[22m waitForWrapper node_modules/@testing-library/dom/dist/wait-for.js:[2m163:27[22m[39m
[90m [2m❯[22m node_modules/@testing-library/dom/dist/query-helpers.js:[2m86:33[22m[39m
[36m [2m❯[22m tests/AgentList.test.tsx:[2m24:25[22m[39m
    [90m 22| [39m    [34mrender[39m([33m<[39m[33mAgentList[39m [33m/[39m[33m>[39m)[33m;[39m
    [90m 23| [39m
    [90m 24| [39m    [34mexpect[39m([35mawait[39m screen[33m.[39m[34mfindByText[39m([32m"骨架 Agent"[39m))[33m.[39m[34mtoBeInTheDocument[39m()[33m;[39m
    [90m   | [39m                        [31m^[39m
    [90m 25| [39m  })[33m;[39m
    [90m 26| [39m})[33m;[39m

[31m[2m⎯⎯⎯⎯⎯⎯⎯⎯⎯⎯⎯⎯⎯⎯⎯⎯⎯⎯⎯⎯⎯⎯⎯⎯[1/1]⎯[22m[39m


[2m Test Files [22m [1m[31m1 failed[39m[22m[2m | [22m[1m[32m1 passed[39m[22m[90m (2)[39m
[2m      Tests [22m [1m[31m1 failed[39m[22m[2m | [22m[1m[32m1 passed[39m[22m[90m (2)[39m
[2m   Start at [22m 01:55:32
[2m   Duration [22m 3.12s[2m (transform 49ms, setup 363ms, collect 89ms, tests 1.02s, environment 1.99s, prepare 885ms)[22m

# exit: 1
