# hf-gate-run
# label: t3-red
# command: npm test
# started: 2026-07-25T18:07:32+00:00

> cool-ai@0.0.1 test
> vitest run


[1m[46m RUN [49m[22m [36mv3.2.7 [39m[90mE:/Code/cool-ai[39m

 [31m❯[39m tests/agentsApi.test.ts [2m([22m[2m3 tests[22m[2m | [22m[31m3 failed[39m[2m)[22m[32m 17[2mms[22m[39m
[31m   [31m×[31m GET /api/agents[2m > [22mcalls service and returns 200 with agents[39m[32m 9[2mms[22m[39m
[31m     → expected "spy" to be called at least once[39m
[31m   [31m×[31m GET /api/agents[2m > [22mreturns 200 with empty array when no agents[39m[32m 6[2mms[22m[39m
[31m     → expected { agents: [ { id: 1, …(2) } ] } to deeply equal { agents: [] }[39m
[31m   [31m×[31m GET /api/agents[2m > [22mreturns 500 without leaking stack when service throws[39m[32m 1[2mms[22m[39m
[31m     → expected 200 to be 500 // Object.is equality[39m
 [32m✓[39m tests/baseline.test.ts [2m([22m[2m1 test[22m[2m)[22m[32m 2[2mms[22m[39m
 [32m✓[39m tests/AgentList.test.tsx [2m([22m[2m1 test[22m[2m)[22m[32m 45[2mms[22m[39m
 [32m✓[39m tests/agentService.test.ts [2m([22m[2m3 tests[22m[2m)[22m[33m 1001[2mms[22m[39m

[31m⎯⎯⎯⎯⎯⎯⎯[39m[1m[41m Failed Tests 3 [49m[22m[31m⎯⎯⎯⎯⎯⎯⎯[39m

[41m[1m FAIL [22m[49m tests/agentsApi.test.ts[2m > [22mGET /api/agents[2m > [22mcalls service and returns 200 with agents
[31m[1mAssertionError[22m: expected "spy" to be called at least once[39m
[36m [2m❯[22m tests/agentsApi.test.ts:[2m24:29[22m[39m
    [90m 22| [39m    [35mconst[39m res [33m=[39m [35mawait[39m [33mGET[39m([35mnew[39m [33mRequest[39m([32m"http://localhost/api/agents"[39m))[33m;[39m
    [90m 23| [39m
    [90m 24| [39m    [34mexpect[39m(mockedGetAgents)[33m.[39m[34mtoHaveBeenCalled[39m()[33m;[39m
    [90m   | [39m                            [31m^[39m
    [90m 25| [39m    [34mexpect[39m(res[33m.[39mstatus)[33m.[39m[34mtoBe[39m([34m200[39m)[33m;[39m
    [90m 26| [39m    [35mconst[39m body [33m=[39m [35mawait[39m res[33m.[39m[34mjson[39m()[33m;[39m

[31m[2m⎯⎯⎯⎯⎯⎯⎯⎯⎯⎯⎯⎯⎯⎯⎯⎯⎯⎯⎯⎯⎯⎯⎯⎯[1/3]⎯[22m[39m

[41m[1m FAIL [22m[49m tests/agentsApi.test.ts[2m > [22mGET /api/agents[2m > [22mreturns 200 with empty array when no agents
[31m[1mAssertionError[22m: expected { agents: [ { id: 1, …(2) } ] } to deeply equal { agents: [] }[39m

[32m- Expected[39m
[31m+ Received[39m

[2m  {[22m
[32m-   "agents": [],[39m
[31m+   "agents": [[39m
[31m+     {[39m
[31m+       "id": 1,[39m
[31m+       "name": "骨架 Agent",[39m
[31m+       "role": "占位角色",[39m
[31m+     },[39m
[31m+   ],[39m
[2m  }[22m

[36m [2m❯[22m tests/agentsApi.test.ts:[2m37:30[22m[39m
    [90m 35| [39m
    [90m 36| [39m    [34mexpect[39m(res[33m.[39mstatus)[33m.[39m[34mtoBe[39m([34m200[39m)[33m;[39m
    [90m 37| [39m    [34mexpect[39m([35mawait[39m res[33m.[39m[34mjson[39m())[33m.[39m[34mtoEqual[39m({ agents[33m:[39m [] })[33m;[39m
    [90m   | [39m                             [31m^[39m
    [90m 38| [39m  })[33m;[39m
    [90m 39| [39m

[31m[2m⎯⎯⎯⎯⎯⎯⎯⎯⎯⎯⎯⎯⎯⎯⎯⎯⎯⎯⎯⎯⎯⎯⎯⎯[2/3]⎯[22m[39m

[41m[1m FAIL [22m[49m tests/agentsApi.test.ts[2m > [22mGET /api/agents[2m > [22mreturns 500 without leaking stack when service throws
[31m[1mAssertionError[22m: expected 200 to be 500 // Object.is equality[39m

[32m- Expected[39m
[31m+ Received[39m

[32m- 500[39m
[31m+ 200[39m

[36m [2m❯[22m tests/agentsApi.test.ts:[2m45:24[22m[39m
    [90m 43| [39m    [35mconst[39m res [33m=[39m [35mawait[39m [33mGET[39m([35mnew[39m [33mRequest[39m([32m"http://localhost/api/agents"[39m))[33m;[39m
    [90m 44| [39m
    [90m 45| [39m    [34mexpect[39m(res[33m.[39mstatus)[33m.[39m[34mtoBe[39m([34m500[39m)[33m;[39m
    [90m   | [39m                       [31m^[39m
    [90m 46| [39m    [35mconst[39m body [33m=[39m [35mawait[39m res[33m.[39m[34mjson[39m()[33m;[39m
    [90m 47| [39m    [34mexpect[39m(body[33m.[39merror)[33m.[39m[34mtoBeDefined[39m()[33m;[39m

[31m[2m⎯⎯⎯⎯⎯⎯⎯⎯⎯⎯⎯⎯⎯⎯⎯⎯⎯⎯⎯⎯⎯⎯⎯⎯[3/3]⎯[22m[39m


[2m Test Files [22m [1m[31m1 failed[39m[22m[2m | [22m[1m[32m3 passed[39m[22m[90m (4)[39m
[2m      Tests [22m [1m[31m3 failed[39m[22m[2m | [22m[1m[32m5 passed[39m[22m[90m (8)[39m
[2m   Start at [22m 02:07:33
[2m   Duration [22m 3.37s[2m (transform 109ms, setup 867ms, collect 297ms, tests 1.06s, environment 4.85s, prepare 1.66s)[22m

# exit: 1
