# hf-gate-run
# label: t4-green
# command: npm test
# started: 2026-07-25T18:09:08+00:00

> cool-ai@0.0.1 test
> vitest run


[1m[46m RUN [49m[22m [36mv3.2.7 [39m[90mE:/Code/cool-ai[39m

 [32m✓[39m tests/baseline.test.ts [2m([22m[2m1 test[22m[2m)[22m[32m 2[2mms[22m[39m
 [32m✓[39m tests/agentsApi.test.ts [2m([22m[2m3 tests[22m[2m)[22m[32m 9[2mms[22m[39m
 [32m✓[39m tests/layout.test.tsx [2m([22m[2m1 test[22m[2m)[22m[32m 114[2mms[22m[39m
 [31m❯[39m tests/AgentList.test.tsx [2m([22m[2m5 tests[22m[2m | [22m[31m1 failed[39m[2m)[22m[32m 150[2mms[22m[39m
   [32m✓[39m AgentList states[2m > [22mshows loading before fetch resolves[32m 23[2mms[22m[39m
   [32m✓[39m AgentList states[2m > [22mrenders agents on success[32m 13[2mms[22m[39m
   [32m✓[39m AgentList states[2m > [22mshows empty state when no agents[32m 5[2mms[22m[39m
   [32m✓[39m AgentList states[2m > [22mshows error state with retry button on fetch failure[32m 95[2mms[22m[39m
[31m   [31m×[31m AgentList states[2m > [22mreloads on retry click[39m[32m 13[2mms[22m[39m
[31m     → Found multiple elements with the role "button" and name "重试"

Here are the matching elements:

Ignored nodes: comments, script, style
[36m<button[31m
  [33mclass[31m=[32m"mt-2 inline-flex min-h-[44px] items-center rounded-token border border-line bg-surface px-4 focus:outline-none focus-visible:ring-2 focus-visible:ring-accent"[31m
  [33mtype[31m=[32m"button"[31m
[36m>[31m
  [0m重试[0m
[36m</button>[31m

Ignored nodes: comments, script, style
[36m<button[31m
  [33mclass[31m=[32m"mt-2 inline-flex min-h-[44px] items-center rounded-token border border-line bg-surface px-4 focus:outline-none focus-visible:ring-2 focus-visible:ring-accent"[31m
  [33mtype[31m=[32m"button"[31m
[36m>[31m
  [0m重试[0m
[36m</button>[31m

(If this is intentional, then use the `*AllBy*` variant of the query (like `queryAllByText`, `getAllByText`, or `findAllByText`)).

Ignored nodes: comments, script, style
[36m<body>[31m
  [36m<div>[31m
    [36m<p[31m
      [33mclass[31m=[32m"text-muted"[31m
    [36m>[31m
      [0m加载中…[0m
    [36m</p>[31m
  [36m</div>[31m
  [36m<div>[31m
    [36m<ul[31m
      [33mclass[31m=[32m"space-y-2"[31m
    [36m>[31m
      [36m<li[31m
        [33mclass[31m=[32m"rounded-token border border-line bg-surface p-3"[31m
      [36m>[31m
        [36m<span[31m
          [33mclass[31m=[32m"font-medium"[31m
        [36m>[31m
          [0m骨架 Agent[0m
        [36m</span>[31m
        [36m<span[31m
          [33mclass[31m=[32m"ml-2 text-muted"[31m
        [36m>[31m
          [0m占位角色[0m
        [36m</span>[31m
      [36m</li>[31m
    [36m</ul>[31m
  [36m</div>[31m
  [36m<div>[31m
    [36m<p[31m
      [33mclass[31m=[32m"text-muted"[31m
    [36m>[31m
      [0m暂无 Agent(后续可在侧栏创建)[0m
    [36m</p>[31m
  [36m</div>[31m
  [36m<div>[31m
    [36m<div>[31m
      [36m<p[31m
        [33mclass[31m=[32m"text-muted"[31m
      [36m>[31m
        [0m加载失败,请重试[0m
      [36m</p>[31m
      [36m<button[31m
        [33mclass[31m=[32m"mt-2 inline-flex min-h-[44px] items-center rounded-token border border-line bg-surface px-4 focus:outline-none focus-visible:ring-2 focus-visible:ring-accent"[31m
        [33mtype[31m=[32m"button"[31m
      [36m>[31m
        [0m重试[0m
      [36m</button>[31m
    [36m</div>[31m
  [36m</div>[31m
  [36m<div>[31m
    [36m<div>[31m
      [36m<p[31m
        [33mclass[31m=[32m"text-muted"[31m
      [36m>[31m
        [0m加载失败,请重试[0m
      [36m</p>[31m
      [36m<button[31m
        [33mclass[31m=[32m"mt-2 inline-flex min-h-[44px] items-center rounded-token border border-line bg-surface px-4 focus:outline-none focus-visible:ring-2 focus-visible:ring-accent"[31m
        [33mtype[31m=[32m"button"[31m
      [36m>[31m
        [0m重试[0m
      [36m</button>[31m
    [36m</div>[31m
  [36m</div>[31m
[36m</body>[31m[39m
 [32m✓[39m tests/agentService.test.ts [2m([22m[2m3 tests[22m[2m)[22m[33m 1055[2mms[22m[39m

[31m⎯⎯⎯⎯⎯⎯⎯[39m[1m[41m Failed Tests 1 [49m[22m[31m⎯⎯⎯⎯⎯⎯⎯[39m

[41m[1m FAIL [22m[49m tests/AgentList.test.tsx[2m > [22mAgentList states[2m > [22mreloads on retry click
[31m[1mTestingLibraryElementError[22m: Found multiple elements with the role "button" and name "重试"

Here are the matching elements:

Ignored nodes: comments, script, style
[36m<button[31m
  [33mclass[31m=[32m"mt-2 inline-flex min-h-[44px] items-center rounded-token border border-line bg-surface px-4 focus:outline-none focus-visible:ring-2 focus-visible:ring-accent"[31m
  [33mtype[31m=[32m"button"[31m
[36m>[31m
  [0m重试[0m
[36m</button>[31m

Ignored nodes: comments, script, style
[36m<button[31m
  [33mclass[31m=[32m"mt-2 inline-flex min-h-[44px] items-center rounded-token border border-line bg-surface px-4 focus:outline-none focus-visible:ring-2 focus-visible:ring-accent"[31m
  [33mtype[31m=[32m"button"[31m
[36m>[31m
  [0m重试[0m
[36m</button>[31m

(If this is intentional, then use the `*AllBy*` variant of the query (like `queryAllByText`, `getAllByText`, or `findAllByText`)).

Ignored nodes: comments, script, style
[36m<body>[31m
  [36m<div>[31m
    [36m<p[31m
      [33mclass[31m=[32m"text-muted"[31m
    [36m>[31m
      [0m加载中…[0m
    [36m</p>[31m
  [36m</div>[31m
  [36m<div>[31m
    [36m<ul[31m
      [33mclass[31m=[32m"space-y-2"[31m
    [36m>[31m
      [36m<li[31m
        [33mclass[31m=[32m"rounded-token border border-line bg-surface p-3"[31m
      [36m>[31m
        [36m<span[31m
          [33mclass[31m=[32m"font-medium"[31m
        [36m>[31m
          [0m骨架 Agent[0m
        [36m</span>[31m
        [36m<span[31m
          [33mclass[31m=[32m"ml-2 text-muted"[31m
        [36m>[31m
          [0m占位角色[0m
        [36m</span>[31m
      [36m</li>[31m
    [36m</ul>[31m
  [36m</div>[31m
  [36m<div>[31m
    [36m<p[31m
      [33mclass[31m=[32m"text-muted"[31m
    [36m>[31m
      [0m暂无 Agent(后续可在侧栏创建)[0m
    [36m</p>[31m
  [36m</div>[31m
  [36m<div>[31m
    [36m<div>[31m
      [36m<p[31m
        [33mclass[31m=[32m"text-muted"[31m
      [36m>[31m
        [0m加载失败,请重试[0m
      [36m</p>[31m
      [36m<button[31m
        [33mclass[31m=[32m"mt-2 inline-flex min-h-[44px] items-center rounded-token border border-line bg-surface px-4 focus:outline-none focus-visible:ring-2 focus-visible:ring-accent"[31m
        [33mtype[31m=[32m"button"[31m
      [36m>[31m
        [0m重试[0m
      [36m</button>[31m
    [36m</div>[31m
  [36m</div>[31m
  [36m<div>[31m
    [36m<div>[31m
      [36m<p[31m
        [33mclass[31m=[32m"text-muted"[31m
      [36m>[31m
        [0m加载失败,请重试[0m
      [36m</p>[31m
      [36m<button[31m
        [33mclass[31m=[32m"mt-2 inline-flex min-h-[44px] items-center rounded-token border border-line bg-surface px-4 focus:outline-none focus-visible:ring-2 focus-visible:ring-accent"[31m
        [33mtype[31m=[32m"button"[31m
      [36m>[31m
        [0m重试[0m
      [36m</button>[31m
    [36m</div>[31m
  [36m</div>[31m
[36m</body>[31m[39m
[90m [2m❯[22m Object.getElementError node_modules/@testing-library/dom/dist/config.js:[2m37:19[22m[39m
[90m [2m❯[22m getElementError node_modules/@testing-library/dom/dist/query-helpers.js:[2m20:35[22m[39m
[90m [2m❯[22m getMultipleElementsFoundError node_modules/@testing-library/dom/dist/query-helpers.js:[2m23:10[22m[39m
[90m [2m❯[22m node_modules/@testing-library/dom/dist/query-helpers.js:[2m55:13[22m[39m
[90m [2m❯[22m node_modules/@testing-library/dom/dist/query-helpers.js:[2m95:19[22m[39m
[36m [2m❯[22m tests/AgentList.test.tsx:[2m69:29[22m[39m
    [90m 67| [39m    [34mrender[39m([33m<[39m[33mAgentList[39m [33m/[39m[33m>[39m)[33m;[39m
    [90m 68| [39m    [35mawait[39m screen[33m.[39m[34mfindByText[39m([36m/加载失败/[39m)[33m;[39m
    [90m 69| [39m    [35mawait[39m user[33m.[39m[34mclick[39m(screen[33m.[39m[34mgetByRole[39m([32m"button"[39m[33m,[39m { name[33m:[39m [32m"重试"[39m }))[33m;[39m
    [90m   | [39m                            [31m^[39m
    [90m 70| [39m    [34mexpect[39m([35mawait[39m screen[33m.[39m[34mfindByText[39m([32m"骨架 Agent"[39m))[33m.[39m[34mtoBeInTheDocument[39m()[33m;[39m
    [90m 71| [39m  })[33m;[39m

[31m[2m⎯⎯⎯⎯⎯⎯⎯⎯⎯⎯⎯⎯⎯⎯⎯⎯⎯⎯⎯⎯⎯⎯⎯⎯[1/1]⎯[22m[39m


[2m Test Files [22m [1m[31m1 failed[39m[22m[2m | [22m[1m[32m4 passed[39m[22m[90m (5)[39m
[2m      Tests [22m [1m[31m1 failed[39m[22m[2m | [22m[1m[32m12 passed[39m[22m[90m (13)[39m
[2m   Start at [22m 02:09:09
[2m   Duration [22m 3.18s[2m (transform 123ms, setup 1.10s, collect 459ms, tests 1.33s, environment 6.38s, prepare 831ms)[22m

# exit: 1
