# hf-gate-run
# label: t4-red
# command: npm test
# started: 2026-07-25T18:08:36+00:00

> cool-ai@0.0.1 test
> vitest run


[1m[46m RUN [49m[22m [36mv3.2.7 [39m[90mE:/Code/cool-ai[39m

 [32m✓[39m tests/baseline.test.ts [2m([22m[2m1 test[22m[2m)[22m[32m 3[2mms[22m[39m
 [32m✓[39m tests/agentsApi.test.ts [2m([22m[2m3 tests[22m[2m)[22m[32m 11[2mms[22m[39m
 [31m❯[39m tests/layout.test.tsx [2m([22m[2m1 test[22m[2m | [22m[31m1 failed[39m[2m)[22m[32m 122[2mms[22m[39m
[31m   [31m×[31m home layout[2m > [22mrenders aside and main landmarks[39m[32m 121[2mms[22m[39m
[31m     → Unable to find an accessible element with the role "complementary"

Here are the accessible roles:

  main:

  Name "":
  [36m<main[31m
    [33mclass[31m=[32m"mx-auto max-w-5xl p-6"[31m
  [36m/>[31m

  --------------------------------------------------
  heading:

  Name "COOL AI":
  [36m<h1[31m
    [33mclass[31m=[32m"text-2xl font-semibold"[31m
  [36m/>[31m

  --------------------------------------------------
  paragraph:

  Name "":
  [36m<p[31m
    [33mclass[31m=[32m"mt-1 text-muted"[31m
  [36m/>[31m

  --------------------------------------------------
  list:

  Name "":
  [36m<ul[31m
    [33mclass[31m=[32m"mt-4 space-y-2"[31m
  [36m/>[31m

  --------------------------------------------------

Ignored nodes: comments, script, style
[36m<body>[31m
  [36m<div>[31m
    [36m<main[31m
      [33mclass[31m=[32m"mx-auto max-w-5xl p-6"[31m
    [36m>[31m
      [36m<h1[31m
        [33mclass[31m=[32m"text-2xl font-semibold"[31m
      [36m>[31m
        [0mCOOL AI[0m
      [36m</h1>[31m
      [36m<p[31m
        [33mclass[31m=[32m"mt-1 text-muted"[31m
      [36m>[31m
        [0m多 agent 协作平台 · 行走骨架[0m
      [36m</p>[31m
      [36m<ul[31m
        [33mclass[31m=[32m"mt-4 space-y-2"[31m
      [36m/>[31m
    [36m</main>[31m
  [36m</div>[31m
[36m</body>[31m[39m
 [32m✓[39m tests/agentService.test.ts [2m([22m[2m3 tests[22m[2m)[22m[33m 994[2mms[22m[39m
 [31m❯[39m tests/AgentList.test.tsx [2m([22m[2m5 tests[22m[2m | [22m[31m4 failed[39m[2m)[22m[33m 3089[2mms[22m[39m
[31m   [31m×[31m AgentList states[2m > [22mshows loading before fetch resolves[39m[32m 27[2mms[22m[39m
[31m     → Unable to find an element with the text: 加载中…. This could be because the text is broken up by multiple elements. In this case, you can provide a function for your text matcher to make your matcher more flexible.

Ignored nodes: comments, script, style
[36m<body>[31m
  [36m<div>[31m
    [36m<ul[31m
      [33mclass[31m=[32m"mt-4 space-y-2"[31m
    [36m/>[31m
  [36m</div>[31m
[36m</body>[31m[39m
   [32m✓[39m AgentList states[2m > [22mrenders agents on success[32m 22[2mms[22m[39m
[31m   [31m×[31m AgentList states[2m > [22mshows empty state when no agents[39m[33m 1014[2mms[22m[39m
[31m     → Unable to find an element with the text: /暂无 Agent/. This could be because the text is broken up by multiple elements. In this case, you can provide a function for your text matcher to make your matcher more flexible.

Ignored nodes: comments, script, style
[36m<body>[31m
  [36m<div>[31m
    [36m<ul[31m
      [33mclass[31m=[32m"mt-4 space-y-2"[31m
    [36m/>[31m
  [36m</div>[31m
  [36m<div>[31m
    [36m<ul[31m
      [33mclass[31m=[32m"mt-4 space-y-2"[31m
    [36m>[31m
      [36m<li[31m
        [33mclass[31m=[32m"rounded-token border border-line bg-surface p-3"[31m
      [36m>[31m
        [36m<span[31m
          [33mclass[31m=[32m"font-medium"[31m
        [36m>[31m
          [0m骨架 Agent[0m
        [36m</span>[31m
        [36m<span[31m
          [33mclass[31m=[32m"ml-2 text-muted"[31m
        [36m>[31m
          [0m占位角色[0m
        [36m</span>[31m
      [36m</li>[31m
    [36m</ul>[31m
  [36m</div>[31m
  [36m<div>[31m
    [36m<ul[31m
      [33mclass[31m=[32m"mt-4 space-y-2"[31m
    [36m/>[31m
  [36m</div>[31m
[36m</body>[31m

Ignored nodes: comments, script, style
[36m<body>[31m
  [36m<div>[31m
    [36m<ul[31m
      [33mclass[31m=[32m"mt-4 space-y-2"[31m
    [36m/>[31m
  [36m</div>[31m
  [36m<div>[31m
    [36m<ul[31m
      [33mclass[31m=[32m"mt-4 space-y-2"[31m
    [36m>[31m
      [36m<li[31m
        [33mclass[31m=[32m"rounded-token border border-line bg-surface p-3"[31m
      [36m>[31m
        [36m<span[31m
          [33mclass[31m=[32m"font-medium"[31m
        [36m>[31m
          [0m骨架 Agent[0m
        [36m</span>[31m
        [36m<span[31m
          [33mclass[31m=[32m"ml-2 text-muted"[31m
        [36m>[31m
          [0m占位角色[0m
        [36m</span>[31m
      [36m</li>[31m
    [36m</ul>[31m
  [36m</div>[31m
  [36m<div>[31m
    [36m<ul[31m
      [33mclass[31m=[32m"mt-4 space-y-2"[31m
    [36m/>[31m
  [36m</div>[31m
[36m</body>[31m[39m
[31m   [31m×[31m AgentList states[2m > [22mshows error state with retry button on fetch failure[39m[33m 1013[2mms[22m[39m
[31m     → Unable to find an element with the text: /加载失败/. This could be because the text is broken up by multiple elements. In this case, you can provide a function for your text matcher to make your matcher more flexible.

Ignored nodes: comments, script, style
[36m<body>[31m
  [36m<div>[31m
    [36m<ul[31m
      [33mclass[31m=[32m"mt-4 space-y-2"[31m
    [36m/>[31m
  [36m</div>[31m
  [36m<div>[31m
    [36m<ul[31m
      [33mclass[31m=[32m"mt-4 space-y-2"[31m
    [36m>[31m
      [36m<li[31m
        [33mclass[31m=[32m"rounded-token border border-line bg-surface p-3"[31m
      [36m>[31m
        [36m<span[31m
          [33mclass[31m=[32m"font-medium"[31m
        [36m>[31m
          [0m骨架 Agent[0m
        [36m</span>[31m
        [36m<span[31m
          [33mclass[31m=[32m"ml-2 text-muted"[31m
        [36m>[31m
          [0m占位角色[0m
        [36m</span>[31m
      [36m</li>[31m
    [36m</ul>[31m
  [36m</div>[31m
  [36m<div>[31m
    [36m<ul[31m
      [33mclass[31m=[32m"mt-4 space-y-2"[31m
    [36m/>[31m
  [36m</div>[31m
  [36m<div>[31m
    [36m<ul[31m
      [33mclass[31m=[32m"mt-4 space-y-2"[31m
    [36m/>[31m
  [36m</div>[31m
[36m</body>[31m

Ignored nodes: comments, script, style
[36m<body>[31m
  [36m<div>[31m
    [36m<ul[31m
      [33mclass[31m=[32m"mt-4 space-y-2"[31m
    [36m/>[31m
  [36m</div>[31m
  [36m<div>[31m
    [36m<ul[31m
      [33mclass[31m=[32m"mt-4 space-y-2"[31m
    [36m>[31m
      [36m<li[31m
        [33mclass[31m=[32m"rounded-token border border-line bg-surface p-3"[31m
      [36m>[31m
        [36m<span[31m
          [33mclass[31m=[32m"font-medium"[31m
        [36m>[31m
          [0m骨架 Agent[0m
        [36m</span>[31m
        [36m<span[31m
          [33mclass[31m=[32m"ml-2 text-muted"[31m
        [36m>[31m
          [0m占位角色[0m
        [36m</span>[31m
      [36m</li>[31m
    [36m</ul>[31m
  [36m</div>[31m
  [36m<div>[31m
    [36m<ul[31m
      [33mclass[31m=[32m"mt-4 space-y-2"[31m
    [36m/>[31m
  [36m</div>[31m
  [36m<div>[31m
    [36m<ul[31m
      [33mclass[31m=[32m"mt-4 space-y-2"[31m
    [36m/>[31m
  [36m</div>[31m
[36m</body>[31m[39m
[31m   [31m×[31m AgentList states[2m > [22mreloads on retry click[39m[33m 1011[2mms[22m[39m
[31m     → Unable to find an element with the text: /加载失败/. This could be because the text is broken up by multiple elements. In this case, you can provide a function for your text matcher to make your matcher more flexible.

Ignored nodes: comments, script, style
[36m<body>[31m
  [36m<div>[31m
    [36m<ul[31m
      [33mclass[31m=[32m"mt-4 space-y-2"[31m
    [36m/>[31m
  [36m</div>[31m
  [36m<div>[31m
    [36m<ul[31m
      [33mclass[31m=[32m"mt-4 space-y-2"[31m
    [36m>[31m
      [36m<li[31m
        [33mclass[31m=[32m"rounded-token border border-line bg-surface p-3"[31m
      [36m>[31m
        [36m<span[31m
          [33mclass[31m=[32m"font-medium"[31m
        [36m>[31m
          [0m骨架 Agent[0m
        [36m</span>[31m
        [36m<span[31m
          [33mclass[31m=[32m"ml-2 text-muted"[31m
        [36m>[31m
          [0m占位角色[0m
        [36m</span>[31m
      [36m</li>[31m
    [36m</ul>[31m
  [36m</div>[31m
  [36m<div>[31m
    [36m<ul[31m
      [33mclass[31m=[32m"mt-4 space-y-2"[31m
    [36m/>[31m
  [36m</div>[31m
  [36m<div>[31m
    [36m<ul[31m
      [33mclass[31m=[32m"mt-4 space-y-2"[31m
    [36m/>[31m
  [36m</div>[31m
  [36m<div>[31m
    [36m<ul[31m
      [33mclass[31m=[32m"mt-4 space-y-2"[31m
    [36m/>[31m
  [36m</div>[31m
[36m</body>[31m

Ignored nodes: comments, script, style
[36m<body>[31m
  [36m<div>[31m
    [36m<ul[31m
      [33mclass[31m=[32m"mt-4 space-y-2"[31m
    [36m/>[31m
  [36m</div>[31m
  [36m<div>[31m
    [36m<ul[31m
      [33mclass[31m=[32m"mt-4 space-y-2"[31m
    [36m>[31m
      [36m<li[31m
        [33mclass[31m=[32m"rounded-token border border-line bg-surface p-3"[31m
      [36m>[31m
        [36m<span[31m
          [33mclass[31m=[32m"font-medium"[31m
        [36m>[31m
          [0m骨架 Agent[0m
        [36m</span>[31m
        [36m<span[31m
          [33mclass[31m=[32m"ml-2 text-muted"[31m
        [36m>[31m
          [0m占位角色[0m
        [36m</span>[31m
      [36m</li>[31m
    [36m</ul>[31m
  [36m</div>[31m
  [36m<div>[31m
    [36m<ul[31m
      [33mclass[31m=[32m"mt-4 space-y-2"[31m
    [36m/>[31m
  [36m</div>[31m
  [36m<div>[31m
    [36m<ul[31m
      [33mclass[31m=[32m"mt-4 space-y-2"[31m
    [36m/>[31m
  [36m</div>[31m
  [36m<div>[31m
    [36m<ul[31m
      [33mclass[31m=[32m"mt-4 space-y-2"[31m
    [36m/>[31m
  [36m</div>[31m
[36m</body>[31m[39m

[31m⎯⎯⎯⎯⎯⎯⎯[39m[1m[41m Failed Tests 5 [49m[22m[31m⎯⎯⎯⎯⎯⎯⎯[39m

[41m[1m FAIL [22m[49m tests/AgentList.test.tsx[2m > [22mAgentList states[2m > [22mshows loading before fetch resolves
[31m[1mTestingLibraryElementError[22m: Unable to find an element with the text: 加载中…. This could be because the text is broken up by multiple elements. In this case, you can provide a function for your text matcher to make your matcher more flexible.

Ignored nodes: comments, script, style
[36m<body>[31m
  [36m<div>[31m
    [36m<ul[31m
      [33mclass[31m=[32m"mt-4 space-y-2"[31m
    [36m/>[31m
  [36m</div>[31m
[36m</body>[31m[39m
[90m [2m❯[22m Object.getElementError node_modules/@testing-library/dom/dist/config.js:[2m37:19[22m[39m
[90m [2m❯[22m node_modules/@testing-library/dom/dist/query-helpers.js:[2m76:38[22m[39m
[90m [2m❯[22m node_modules/@testing-library/dom/dist/query-helpers.js:[2m52:17[22m[39m
[90m [2m❯[22m node_modules/@testing-library/dom/dist/query-helpers.js:[2m95:19[22m[39m
[36m [2m❯[22m tests/AgentList.test.tsx:[2m21:19[22m[39m
    [90m 19| [39m    vi[33m.[39m[34mstubGlobal[39m([32m"fetch"[39m[33m,[39m vi[33m.[39m[34mfn[39m(() [33m=>[39m [35mnew[39m [33mPromise[39m(() [33m=>[39m {})))[33m;[39m
    [90m 20| [39m    [34mrender[39m([33m<[39m[33mAgentList[39m [33m/[39m[33m>[39m)[33m;[39m
    [90m 21| [39m    [34mexpect[39m(screen[33m.[39m[34mgetByText[39m([32m"加载中…"[39m))[33m.[39m[34mtoBeInTheDocument[39m()[33m;[39m
    [90m   | [39m                  [31m^[39m
    [90m 22| [39m  })[33m;[39m
    [90m 23| [39m

[31m[2m⎯⎯⎯⎯⎯⎯⎯⎯⎯⎯⎯⎯⎯⎯⎯⎯⎯⎯⎯⎯⎯⎯⎯⎯[1/5]⎯[22m[39m

[41m[1m FAIL [22m[49m tests/AgentList.test.tsx[2m > [22mAgentList states[2m > [22mshows empty state when no agents
[31m[1mTestingLibraryElementError[22m: Unable to find an element with the text: /暂无 Agent/. This could be because the text is broken up by multiple elements. In this case, you can provide a function for your text matcher to make your matcher more flexible.

Ignored nodes: comments, script, style
[36m<body>[31m
  [36m<div>[31m
    [36m<ul[31m
      [33mclass[31m=[32m"mt-4 space-y-2"[31m
    [36m/>[31m
  [36m</div>[31m
  [36m<div>[31m
    [36m<ul[31m
      [33mclass[31m=[32m"mt-4 space-y-2"[31m
    [36m>[31m
      [36m<li[31m
        [33mclass[31m=[32m"rounded-token border border-line bg-surface p-3"[31m
      [36m>[31m
        [36m<span[31m
          [33mclass[31m=[32m"font-medium"[31m
        [36m>[31m
          [0m骨架 Agent[0m
        [36m</span>[31m
        [36m<span[31m
          [33mclass[31m=[32m"ml-2 text-muted"[31m
        [36m>[31m
          [0m占位角色[0m
        [36m</span>[31m
      [36m</li>[31m
    [36m</ul>[31m
  [36m</div>[31m
  [36m<div>[31m
    [36m<ul[31m
      [33mclass[31m=[32m"mt-4 space-y-2"[31m
    [36m/>[31m
  [36m</div>[31m
[36m</body>[31m

Ignored nodes: comments, script, style
[36m<body>[31m
  [36m<div>[31m
    [36m<ul[31m
      [33mclass[31m=[32m"mt-4 space-y-2"[31m
    [36m/>[31m
  [36m</div>[31m
  [36m<div>[31m
    [36m<ul[31m
      [33mclass[31m=[32m"mt-4 space-y-2"[31m
    [36m>[31m
      [36m<li[31m
        [33mclass[31m=[32m"rounded-token border border-line bg-surface p-3"[31m
      [36m>[31m
        [36m<span[31m
          [33mclass[31m=[32m"font-medium"[31m
        [36m>[31m
          [0m骨架 Agent[0m
        [36m</span>[31m
        [36m<span[31m
          [33mclass[31m=[32m"ml-2 text-muted"[31m
        [36m>[31m
          [0m占位角色[0m
        [36m</span>[31m
      [36m</li>[31m
    [36m</ul>[31m
  [36m</div>[31m
  [36m<div>[31m
    [36m<ul[31m
      [33mclass[31m=[32m"mt-4 space-y-2"[31m
    [36m/>[31m
  [36m</div>[31m
[36m</body>[31m[39m
[90m [2m❯[22m waitForWrapper node_modules/@testing-library/dom/dist/wait-for.js:[2m163:27[22m[39m
[90m [2m❯[22m node_modules/@testing-library/dom/dist/query-helpers.js:[2m86:33[22m[39m
[36m [2m❯[22m tests/AgentList.test.tsx:[2m38:25[22m[39m
    [90m 36| [39m    vi[33m.[39m[34mstubGlobal[39m([32m"fetch"[39m[33m,[39m [34mmockOk[39m({ agents[33m:[39m [] }))[33m;[39m
    [90m 37| [39m    [34mrender[39m([33m<[39m[33mAgentList[39m [33m/[39m[33m>[39m)[33m;[39m
    [90m 38| [39m    [34mexpect[39m([35mawait[39m screen[33m.[39m[34mfindByText[39m([36m/暂无 Agent/[39m))[33m.[39m[34mtoBeInTheDocument[39m()[33m;[39m
    [90m   | [39m                        [31m^[39m
    [90m 39| [39m  })[33m;[39m
    [90m 40| [39m

[31m[2m⎯⎯⎯⎯⎯⎯⎯⎯⎯⎯⎯⎯⎯⎯⎯⎯⎯⎯⎯⎯⎯⎯⎯⎯[2/5]⎯[22m[39m

[41m[1m FAIL [22m[49m tests/AgentList.test.tsx[2m > [22mAgentList states[2m > [22mshows error state with retry button on fetch failure
[31m[1mTestingLibraryElementError[22m: Unable to find an element with the text: /加载失败/. This could be because the text is broken up by multiple elements. In this case, you can provide a function for your text matcher to make your matcher more flexible.

Ignored nodes: comments, script, style
[36m<body>[31m
  [36m<div>[31m
    [36m<ul[31m
      [33mclass[31m=[32m"mt-4 space-y-2"[31m
    [36m/>[31m
  [36m</div>[31m
  [36m<div>[31m
    [36m<ul[31m
      [33mclass[31m=[32m"mt-4 space-y-2"[31m
    [36m>[31m
      [36m<li[31m
        [33mclass[31m=[32m"rounded-token border border-line bg-surface p-3"[31m
      [36m>[31m
        [36m<span[31m
          [33mclass[31m=[32m"font-medium"[31m
        [36m>[31m
          [0m骨架 Agent[0m
        [36m</span>[31m
        [36m<span[31m
          [33mclass[31m=[32m"ml-2 text-muted"[31m
        [36m>[31m
          [0m占位角色[0m
        [36m</span>[31m
      [36m</li>[31m
    [36m</ul>[31m
  [36m</div>[31m
  [36m<div>[31m
    [36m<ul[31m
      [33mclass[31m=[32m"mt-4 space-y-2"[31m
    [36m/>[31m
  [36m</div>[31m
  [36m<div>[31m
    [36m<ul[31m
      [33mclass[31m=[32m"mt-4 space-y-2"[31m
    [36m/>[31m
  [36m</div>[31m
[36m</body>[31m

Ignored nodes: comments, script, style
[36m<body>[31m
  [36m<div>[31m
    [36m<ul[31m
      [33mclass[31m=[32m"mt-4 space-y-2"[31m
    [36m/>[31m
  [36m</div>[31m
  [36m<div>[31m
    [36m<ul[31m
      [33mclass[31m=[32m"mt-4 space-y-2"[31m
    [36m>[31m
      [36m<li[31m
        [33mclass[31m=[32m"rounded-token border border-line bg-surface p-3"[31m
      [36m>[31m
        [36m<span[31m
          [33mclass[31m=[32m"font-medium"[31m
        [36m>[31m
          [0m骨架 Agent[0m
        [36m</span>[31m
        [36m<span[31m
          [33mclass[31m=[32m"ml-2 text-muted"[31m
        [36m>[31m
          [0m占位角色[0m
        [36m</span>[31m
      [36m</li>[31m
    [36m</ul>[31m
  [36m</div>[31m
  [36m<div>[31m
    [36m<ul[31m
      [33mclass[31m=[32m"mt-4 space-y-2"[31m
    [36m/>[31m
  [36m</div>[31m
  [36m<div>[31m
    [36m<ul[31m
      [33mclass[31m=[32m"mt-4 space-y-2"[31m
    [36m/>[31m
  [36m</div>[31m
[36m</body>[31m[39m
[90m [2m❯[22m waitForWrapper node_modules/@testing-library/dom/dist/wait-for.js:[2m163:27[22m[39m
[90m [2m❯[22m node_modules/@testing-library/dom/dist/query-helpers.js:[2m86:33[22m[39m
[36m [2m❯[22m tests/AgentList.test.tsx:[2m44:25[22m[39m
    [90m 42| [39m    vi.stubGlobal("fetch", vi.fn().mockRejectedValue(new Error("net"))…
    [90m 43| [39m    [34mrender[39m([33m<[39m[33mAgentList[39m [33m/[39m[33m>[39m)[33m;[39m
    [90m 44| [39m    [34mexpect[39m([35mawait[39m screen[33m.[39m[34mfindByText[39m([36m/加载失败/[39m))[33m.[39m[34mtoBeInTheDocument[39m()[33m;[39m
    [90m   | [39m                        [31m^[39m
    [90m 45| [39m    [34mexpect[39m(
    [90m 46| [39m      screen[33m.[39m[34mgetByRole[39m([32m"button"[39m[33m,[39m { name[33m:[39m [32m"重试"[39m })

[31m[2m⎯⎯⎯⎯⎯⎯⎯⎯⎯⎯⎯⎯⎯⎯⎯⎯⎯⎯⎯⎯⎯⎯⎯⎯[3/5]⎯[22m[39m

[41m[1m FAIL [22m[49m tests/AgentList.test.tsx[2m > [22mAgentList states[2m > [22mreloads on retry click
[31m[1mTestingLibraryElementError[22m: Unable to find an element with the text: /加载失败/. This could be because the text is broken up by multiple elements. In this case, you can provide a function for your text matcher to make your matcher more flexible.

Ignored nodes: comments, script, style
[36m<body>[31m
  [36m<div>[31m
    [36m<ul[31m
      [33mclass[31m=[32m"mt-4 space-y-2"[31m
    [36m/>[31m
  [36m</div>[31m
  [36m<div>[31m
    [36m<ul[31m
      [33mclass[31m=[32m"mt-4 space-y-2"[31m
    [36m>[31m
      [36m<li[31m
        [33mclass[31m=[32m"rounded-token border border-line bg-surface p-3"[31m
      [36m>[31m
        [36m<span[31m
          [33mclass[31m=[32m"font-medium"[31m
        [36m>[31m
          [0m骨架 Agent[0m
        [36m</span>[31m
        [36m<span[31m
          [33mclass[31m=[32m"ml-2 text-muted"[31m
        [36m>[31m
          [0m占位角色[0m
        [36m</span>[31m
      [36m</li>[31m
    [36m</ul>[31m
  [36m</div>[31m
  [36m<div>[31m
    [36m<ul[31m
      [33mclass[31m=[32m"mt-4 space-y-2"[31m
    [36m/>[31m
  [36m</div>[31m
  [36m<div>[31m
    [36m<ul[31m
      [33mclass[31m=[32m"mt-4 space-y-2"[31m
    [36m/>[31m
  [36m</div>[31m
  [36m<div>[31m
    [36m<ul[31m
      [33mclass[31m=[32m"mt-4 space-y-2"[31m
    [36m/>[31m
  [36m</div>[31m
[36m</body>[31m

Ignored nodes: comments, script, style
[36m<body>[31m
  [36m<div>[31m
    [36m<ul[31m
      [33mclass[31m=[32m"mt-4 space-y-2"[31m
    [36m/>[31m
  [36m</div>[31m
  [36m<div>[31m
    [36m<ul[31m
      [33mclass[31m=[32m"mt-4 space-y-2"[31m
    [36m>[31m
      [36m<li[31m
        [33mclass[31m=[32m"rounded-token border border-line bg-surface p-3"[31m
      [36m>[31m
        [36m<span[31m
          [33mclass[31m=[32m"font-medium"[31m
        [36m>[31m
          [0m骨架 Agent[0m
        [36m</span>[31m
        [36m<span[31m
          [33mclass[31m=[32m"ml-2 text-muted"[31m
        [36m>[31m
          [0m占位角色[0m
        [36m</span>[31m
      [36m</li>[31m
    [36m</ul>[31m
  [36m</div>[31m
  [36m<div>[31m
    [36m<ul[31m
      [33mclass[31m=[32m"mt-4 space-y-2"[31m
    [36m/>[31m
  [36m</div>[31m
  [36m<div>[31m
    [36m<ul[31m
      [33mclass[31m=[32m"mt-4 space-y-2"[31m
    [36m/>[31m
  [36m</div>[31m
  [36m<div>[31m
    [36m<ul[31m
      [33mclass[31m=[32m"mt-4 space-y-2"[31m
    [36m/>[31m
  [36m</div>[31m
[36m</body>[31m[39m
[90m [2m❯[22m waitForWrapper node_modules/@testing-library/dom/dist/wait-for.js:[2m163:27[22m[39m
[90m [2m❯[22m node_modules/@testing-library/dom/dist/query-helpers.js:[2m86:33[22m[39m
[36m [2m❯[22m tests/AgentList.test.tsx:[2m68:18[22m[39m
    [90m 66| [39m    )[33m;[39m
    [90m 67| [39m    [34mrender[39m([33m<[39m[33mAgentList[39m [33m/[39m[33m>[39m)[33m;[39m
    [90m 68| [39m    [35mawait[39m screen[33m.[39m[34mfindByText[39m([36m/加载失败/[39m)[33m;[39m
    [90m   | [39m                 [31m^[39m
    [90m 69| [39m    [35mawait[39m user[33m.[39m[34mclick[39m(screen[33m.[39m[34mgetByRole[39m([32m"button"[39m[33m,[39m { name[33m:[39m [32m"重试"[39m }))[33m;[39m
    [90m 70| [39m    [34mexpect[39m([35mawait[39m screen[33m.[39m[34mfindByText[39m([32m"骨架 Agent"[39m))[33m.[39m[34mtoBeInTheDocument[39m()[33m;[39m

[31m[2m⎯⎯⎯⎯⎯⎯⎯⎯⎯⎯⎯⎯⎯⎯⎯⎯⎯⎯⎯⎯⎯⎯⎯⎯[4/5]⎯[22m[39m

[41m[1m FAIL [22m[49m tests/layout.test.tsx[2m > [22mhome layout[2m > [22mrenders aside and main landmarks
[31m[1mTestingLibraryElementError[22m: Unable to find an accessible element with the role "complementary"

Here are the accessible roles:

  main:

  Name "":
  [36m<main[31m
    [33mclass[31m=[32m"mx-auto max-w-5xl p-6"[31m
  [36m/>[31m

  --------------------------------------------------
  heading:

  Name "COOL AI":
  [36m<h1[31m
    [33mclass[31m=[32m"text-2xl font-semibold"[31m
  [36m/>[31m

  --------------------------------------------------
  paragraph:

  Name "":
  [36m<p[31m
    [33mclass[31m=[32m"mt-1 text-muted"[31m
  [36m/>[31m

  --------------------------------------------------
  list:

  Name "":
  [36m<ul[31m
    [33mclass[31m=[32m"mt-4 space-y-2"[31m
  [36m/>[31m

  --------------------------------------------------

Ignored nodes: comments, script, style
[36m<body>[31m
  [36m<div>[31m
    [36m<main[31m
      [33mclass[31m=[32m"mx-auto max-w-5xl p-6"[31m
    [36m>[31m
      [36m<h1[31m
        [33mclass[31m=[32m"text-2xl font-semibold"[31m
      [36m>[31m
        [0mCOOL AI[0m
      [36m</h1>[31m
      [36m<p[31m
        [33mclass[31m=[32m"mt-1 text-muted"[31m
      [36m>[31m
        [0m多 agent 协作平台 · 行走骨架[0m
      [36m</p>[31m
      [36m<ul[31m
        [33mclass[31m=[32m"mt-4 space-y-2"[31m
      [36m/>[31m
    [36m</main>[31m
  [36m</div>[31m
[36m</body>[31m[39m
[90m [2m❯[22m Object.getElementError node_modules/@testing-library/dom/dist/config.js:[2m37:19[22m[39m
[90m [2m❯[22m node_modules/@testing-library/dom/dist/query-helpers.js:[2m76:38[22m[39m
[90m [2m❯[22m node_modules/@testing-library/dom/dist/query-helpers.js:[2m52:17[22m[39m
[90m [2m❯[22m node_modules/@testing-library/dom/dist/query-helpers.js:[2m95:19[22m[39m
[36m [2m❯[22m tests/layout.test.tsx:[2m9:19[22m[39m
    [90m  7| [39m    vi[33m.[39m[34mstubGlobal[39m([32m"fetch"[39m[33m,[39m vi[33m.[39m[34mfn[39m(() [33m=>[39m [35mnew[39m [33mPromise[39m(() [33m=>[39m {})))[33m;[39m
    [90m  8| [39m    [34mrender[39m([33m<[39m[33mHome[39m [33m/[39m[33m>[39m)[33m;[39m
    [90m  9| [39m    [34mexpect[39m(screen[33m.[39m[34mgetByRole[39m([32m"complementary"[39m))[33m.[39m[34mtoBeInTheDocument[39m()[33m;[39m
    [90m   | [39m                  [31m^[39m
    [90m 10| [39m    [34mexpect[39m(screen[33m.[39m[34mgetByRole[39m([32m"main"[39m))[33m.[39m[34mtoBeInTheDocument[39m()[33m;[39m
    [90m 11| [39m  })[33m;[39m

[31m[2m⎯⎯⎯⎯⎯⎯⎯⎯⎯⎯⎯⎯⎯⎯⎯⎯⎯⎯⎯⎯⎯⎯⎯⎯[5/5]⎯[22m[39m

[31m⎯⎯⎯⎯⎯⎯[39m[1m[41m Unhandled Errors [49m[22m[31m⎯⎯⎯⎯⎯⎯[39m
[31m[1m
Vitest caught 2 unhandled errors during the test run.
This might cause false positive tests. Resolve unhandled errors to make sure your tests are not affected.[22m[39m

[31m⎯⎯⎯⎯[39m[1m[41m Unhandled Rejection [49m[22m[31m⎯⎯⎯⎯⎯[39m
[31m[1mError[22m: net[39m
[36m [2m❯[22m tests/AgentList.test.tsx:[2m42:54[22m[39m
    [90m 40| [39m
    [90m 41| [39m  it("shows error state with retry button on fetch failure", async () …
    [90m 42| [39m    vi.stubGlobal("fetch", vi.fn().mockRejectedValue(new Error("net"))…
    [90m   | [39m                                                     [31m^[39m
    [90m 43| [39m    [34mrender[39m([33m<[39m[33mAgentList[39m [33m/[39m[33m>[39m)[33m;[39m
    [90m 44| [39m    [34mexpect[39m([35mawait[39m screen[33m.[39m[34mfindByText[39m([36m/加载失败/[39m))[33m.[39m[34mtoBeInTheDocument[39m()[33m;[39m
[90m [2m❯[22m node_modules/@vitest/runner/dist/chunk-hooks.js:[2m155:11[22m[39m
[90m [2m❯[22m node_modules/@vitest/runner/dist/chunk-hooks.js:[2m752:26[22m[39m
[90m [2m❯[22m node_modules/@vitest/runner/dist/chunk-hooks.js:[2m1897:20[22m[39m
[90m [2m❯[22m runWithTimeout node_modules/@vitest/runner/dist/chunk-hooks.js:[2m1863:10[22m[39m
[90m [2m❯[22m runTest node_modules/@vitest/runner/dist/chunk-hooks.js:[2m1574:12[22m[39m
[90m [2m❯[22m runSuite node_modules/@vitest/runner/dist/chunk-hooks.js:[2m1729:8[22m[39m
[90m [2m❯[22m runSuite node_modules/@vitest/runner/dist/chunk-hooks.js:[2m1729:8[22m[39m
[90m [2m❯[22m runFiles node_modules/@vitest/runner/dist/chunk-hooks.js:[2m1787:3[22m[39m

[31mThis error originated in "[1mtests/AgentList.test.tsx[22m" test file. It doesn't mean the error was thrown inside the file itself, but while it was running.[39m
[31mThe latest test that might've caused the error is "[1mshows error state with retry button on fetch failure[22m". It might mean one of the following:
- The error was thrown, while Vitest was running this test.
- If the error occurred after the test had been completed, this was the last documented test before it was thrown.[39m

[31m⎯⎯⎯⎯[39m[1m[41m Unhandled Rejection [49m[22m[31m⎯⎯⎯⎯⎯[39m
[31m[1mError[22m: net[39m
[36m [2m❯[22m tests/AgentList.test.tsx:[2m57:48[22m[39m
    [90m 55| [39m      vi[33m.[39m[34mfn[39m(() [33m=>[39m {
    [90m 56| [39m        calls [33m+=[39m [34m1[39m[33m;[39m
    [90m 57| [39m        [35mif[39m (calls [33m===[39m [34m1[39m) [35mreturn[39m [33mPromise[39m[33m.[39m[34mreject[39m([35mnew[39m [33mError[39m([32m"net"[39m))[33m;[39m
    [90m   | [39m                                               [31m^[39m
    [90m 58| [39m        [35mreturn[39m [33mPromise[39m[33m.[39m[34mresolve[39m({
    [90m 59| [39m          ok[33m:[39m [35mtrue[39m[33m,[39m
[90m [2m❯[22m mockCall node_modules/@vitest/spy/dist/index.js:[2m96:15[22m[39m
[90m [2m❯[22m spy node_modules/tinyspy/dist/index.js:[2m47:80[22m[39m
[90m [2m❯[22m components/AgentList.tsx:[2m11:5[22m[39m
[90m [2m❯[22m Object.react_stack_bottom_frame node_modules/react-dom/cjs/react-dom-client.development.js:[2m25989:20[22m[39m
[90m [2m❯[22m runWithFiberInDEV node_modules/react-dom/cjs/react-dom-client.development.js:[2m874:13[22m[39m
[90m [2m❯[22m commitHookEffectListMount node_modules/react-dom/cjs/react-dom-client.development.js:[2m13249:29[22m[39m
[90m [2m❯[22m commitHookPassiveMountEffects node_modules/react-dom/cjs/react-dom-client.development.js:[2m13336:11[22m[39m
[90m [2m❯[22m commitPassiveMountOnFiber node_modules/react-dom/cjs/react-dom-client.development.js:[2m15484:13[22m[39m
[90m [2m❯[22m recursivelyTraversePassiveMountEffects node_modules/react-dom/cjs/react-dom-client.development.js:[2m15439:11[22m[39m

[31mThis error originated in "[1mtests/AgentList.test.tsx[22m" test file. It doesn't mean the error was thrown inside the file itself, but while it was running.[39m
[31mThe latest test that might've caused the error is "[1mreloads on retry click[22m". It might mean one of the following:
- The error was thrown, while Vitest was running this test.
- If the error occurred after the test had been completed, this was the last documented test before it was thrown.[39m
[31m⎯⎯⎯⎯⎯⎯⎯⎯⎯⎯⎯⎯⎯⎯⎯⎯⎯⎯⎯⎯⎯⎯⎯⎯⎯⎯⎯⎯⎯⎯[39m


[2m Test Files [22m [1m[31m2 failed[39m[22m[2m | [22m[1m[32m3 passed[39m[22m[90m (5)[39m
[2m      Tests [22m [1m[31m5 failed[39m[22m[2m | [22m[1m[32m8 passed[39m[22m[90m (13)[39m
[2m     Errors [22m [1m[31m2 errors[39m[22m
[2m   Start at [22m 02:08:37
[2m   Duration [22m 5.60s[2m (transform 119ms, setup 1.22s, collect 470ms, tests 4.22s, environment 6.27s, prepare 2.16s)[22m

# exit: 1
