# hf-gate-run
# label: t5-red
# command: npm test
# started: 2026-07-25T18:10:15+00:00

> cool-ai@0.0.1 test
> vitest run


[1m[46m RUN [49m[22m [36mv3.2.7 [39m[90mE:/Code/cool-ai[39m

 [32m✓[39m tests/baseline.test.ts [2m([22m[2m1 test[22m[2m)[22m[32m 2[2mms[22m[39m
 [32m✓[39m tests/agentsApi.test.ts [2m([22m[2m3 tests[22m[2m)[22m[32m 9[2mms[22m[39m
 [31m❯[39m tests/setupDocs.test.ts [2m([22m[2m2 tests[22m[2m | [22m[31m2 failed[39m[2m)[22m[32m 9[2mms[22m[39m
[31m   [31m×[31m one-command setup[2m > [22mREADME documents dev and test commands[39m[32m 6[2mms[22m[39m
[31m     → expected '# COOL AI' to contain 'npm run dev'[39m
[31m   [31m×[31m one-command setup[2m > [22m.gitignore excludes deps, build output and local db files[39m[32m 2[2mms[22m[39m
[31m     → expected 'node_modules\npackage.json\npackage-l…' to contain '.next'[39m
 [32m✓[39m tests/layout.test.tsx [2m([22m[2m1 test[22m[2m)[22m[32m 107[2mms[22m[39m
 [32m✓[39m tests/AgentList.test.tsx [2m([22m[2m5 tests[22m[2m)[22m[32m 226[2mms[22m[39m
 [32m✓[39m tests/agentService.test.ts [2m([22m[2m3 tests[22m[2m)[22m[33m 982[2mms[22m[39m

[31m⎯⎯⎯⎯⎯⎯⎯[39m[1m[41m Failed Tests 2 [49m[22m[31m⎯⎯⎯⎯⎯⎯⎯[39m

[41m[1m FAIL [22m[49m tests/setupDocs.test.ts[2m > [22mone-command setup[2m > [22mREADME documents dev and test commands
[31m[1mAssertionError[22m: expected '# COOL AI' to contain 'npm run dev'[39m

Expected: [32m"npm run dev"[39m
Received: [31m"# COOL AI"[39m

[36m [2m❯[22m tests/setupDocs.test.ts:[2m7:20[22m[39m
    [90m  5| [39m  [34mit[39m([32m"README documents dev and test commands"[39m[33m,[39m () [33m=>[39m {
    [90m  6| [39m    [35mconst[39m readme [33m=[39m [34mreadFileSync[39m([32m"README.md"[39m[33m,[39m [32m"utf8"[39m)[33m;[39m
    [90m  7| [39m    [34mexpect[39m(readme)[33m.[39m[34mtoContain[39m([32m"npm run dev"[39m)[33m;[39m
    [90m   | [39m                   [31m^[39m
    [90m  8| [39m    [34mexpect[39m(readme)[33m.[39m[34mtoContain[39m([32m"npm test"[39m)[33m;[39m
    [90m  9| [39m  })[33m;[39m

[31m[2m⎯⎯⎯⎯⎯⎯⎯⎯⎯⎯⎯⎯⎯⎯⎯⎯⎯⎯⎯⎯⎯⎯⎯⎯[1/2]⎯[22m[39m

[41m[1m FAIL [22m[49m tests/setupDocs.test.ts[2m > [22mone-command setup[2m > [22m.gitignore excludes deps, build output and local db files
[31m[1mAssertionError[22m: expected 'node_modules\npackage.json\npackage-l…' to contain '.next'[39m

[32m- Expected[39m
[31m+ Received[39m

[32m- .next[39m
[31m+ node_modules[39m
[31m+ package.json[39m
[31m+ package-lock.json[39m
[31m+ bun.lock[39m
[31m+ .gitignore[39m

[36m [2m❯[22m tests/setupDocs.test.ts:[2m15:16[22m[39m
    [90m 13| [39m    [35mconst[39m gi [33m=[39m [34mreadFileSync[39m([32m".gitignore"[39m[33m,[39m [32m"utf8"[39m)[33m;[39m
    [90m 14| [39m    [34mexpect[39m(gi)[33m.[39m[34mtoContain[39m([32m"node_modules"[39m)[33m;[39m
    [90m 15| [39m    [34mexpect[39m(gi)[33m.[39m[34mtoContain[39m([32m".next"[39m)[33m;[39m
    [90m   | [39m               [31m^[39m
    [90m 16| [39m    [34mexpect[39m(gi)[33m.[39m[34mtoMatch[39m([36m/prisma\/\*\.db/[39m)[33m;[39m
    [90m 17| [39m    [34mexpect[39m(gi)[33m.[39m[34mtoContain[39m([32m".env"[39m)[33m;[39m

[31m[2m⎯⎯⎯⎯⎯⎯⎯⎯⎯⎯⎯⎯⎯⎯⎯⎯⎯⎯⎯⎯⎯⎯⎯⎯[2/2]⎯[22m[39m


[2m Test Files [22m [1m[31m1 failed[39m[22m[2m | [22m[1m[32m5 passed[39m[22m[90m (6)[39m
[2m      Tests [22m [1m[31m2 failed[39m[22m[2m | [22m[1m[32m13 passed[39m[22m[90m (15)[39m
[2m   Start at [22m 02:10:16
[2m   Duration [22m 3.26s[2m (transform 121ms, setup 1.56s, collect 327ms, tests 1.33s, environment 7.91s, prepare 952ms)[22m

# exit: 1
