# hf-gate-run
# label: t11-review-regression
# command: npm.cmd test -- tests/review-decisions.test.ts tests/review-escalation.test.ts tests/review-finalize-replay.test.ts tests/review-orchestrator.test.ts tests/review-recovery.test.ts tests/review-structured-repair.test.ts tests/review-output-schema.test.ts tests/review-material.test.ts tests/review-qualification.test.ts
# started: 2026-08-01T06:07:53+00:00

> collaboration-cockpit@0.1.0 test
> vitest run tests/review-decisions.test.ts tests/review-escalation.test.ts tests/review-finalize-replay.test.ts tests/review-orchestrator.test.ts tests/review-recovery.test.ts tests/review-structured-repair.test.ts tests/review-output-schema.test.ts tests/review-material.test.ts tests/review-qualification.test.ts


 RUN  v4.1.10 D:/cool-ai

(node:12828) ExperimentalWarning: SQLite is an experimental feature and might change at any time
(Use `node --trace-warnings ...` to show where the warning was created)
(node:13104) ExperimentalWarning: SQLite is an experimental feature and might change at any time
(Use `node --trace-warnings ...` to show where the warning was created)
(node:1980) ExperimentalWarning: SQLite is an experimental feature and might change at any time
(Use `node --trace-warnings ...` to show where the warning was created)
(node:5140) ExperimentalWarning: SQLite is an experimental feature and might change at any time
(Use `node --trace-warnings ...` to show where the warning was created)
(node:8456) ExperimentalWarning: SQLite is an experimental feature and might change at any time
(Use `node --trace-warnings ...` to show where the warning was created)
(node:7604) ExperimentalWarning: SQLite is an experimental feature and might change at any time
(Use `node --trace-warnings ...` to show where the warning was created)
(node:16804) ExperimentalWarning: SQLite is an experimental feature and might change at any time
(Use `node --trace-warnings ...` to show where the warning was created)
(node:17244) ExperimentalWarning: SQLite is an experimental feature and might change at any time
(Use `node --trace-warnings ...` to show where the warning was created)
(node:9052) ExperimentalWarning: SQLite is an experimental feature and might change at any time
(Use `node --trace-warnings ...` to show where the warning was created)

 Test Files  9 passed (9)
      Tests  51 passed (51)
   Start at  14:07:54
   Duration  15.59s (transform 1.32s, setup 12.77s, import 5.16s, tests 15.69s, environment 51.51s)

# exit: 0
