# hf-gate-run
# label: t12-review-regression
# command: npm.cmd test -- tests/review-decisions.test.ts tests/review-finalize-replay.test.ts tests/review-orchestrator.test.ts tests/review-recovery.test.ts tests/review-structured-repair.test.ts tests/review-output-schema.test.ts tests/review-material.test.ts tests/review-qualification.test.ts
# started: 2026-08-01T06:18:08+00:00

> collaboration-cockpit@0.1.0 test
> vitest run tests/review-decisions.test.ts tests/review-finalize-replay.test.ts tests/review-orchestrator.test.ts tests/review-recovery.test.ts tests/review-structured-repair.test.ts tests/review-output-schema.test.ts tests/review-material.test.ts tests/review-qualification.test.ts


 RUN  v4.1.10 D:/cool-ai

(node:4696) ExperimentalWarning: SQLite is an experimental feature and might change at any time
(Use `node --trace-warnings ...` to show where the warning was created)
(node:2300) ExperimentalWarning: SQLite is an experimental feature and might change at any time
(Use `node --trace-warnings ...` to show where the warning was created)
(node:11204) ExperimentalWarning: SQLite is an experimental feature and might change at any time
(Use `node --trace-warnings ...` to show where the warning was created)
(node:15940) ExperimentalWarning: SQLite is an experimental feature and might change at any time
(Use `node --trace-warnings ...` to show where the warning was created)
(node:11912) ExperimentalWarning: SQLite is an experimental feature and might change at any time
(Use `node --trace-warnings ...` to show where the warning was created)
(node:16328) ExperimentalWarning: SQLite is an experimental feature and might change at any time
(Use `node --trace-warnings ...` to show where the warning was created)
(node:12196) ExperimentalWarning: SQLite is an experimental feature and might change at any time
(Use `node --trace-warnings ...` to show where the warning was created)
(node:3884) ExperimentalWarning: SQLite is an experimental feature and might change at any time
(Use `node --trace-warnings ...` to show where the warning was created)

 Test Files  8 passed (8)
      Tests  46 passed (46)
   Start at  14:18:09
   Duration  16.25s (transform 1.28s, setup 13.48s, import 4.25s, tests 15.77s, environment 50.62s)

# exit: 0
