# hf-gate-run
# label: t12-red
# command: npm test -- tests/review-memory-dedup.test.ts
# started: 2026-08-01T06:16:15+00:00

> collaboration-cockpit@0.1.0 test
> vitest run tests/review-memory-dedup.test.ts


 RUN  v4.1.10 D:/cool-ai

(node:2640) ExperimentalWarning: SQLite is an experimental feature and might change at any time
(Use `node --trace-warnings ...` to show where the warning was created)
 ❯ tests/review-memory-dedup.test.ts (4 tests | 4 failed) 1724ms
     × reuses the exact active tuple after trim and associates every decision 362ms
     × preserves internal code points and source identity while keeping supplements separate 695ms
     × does not reuse a matching historical entry 302ms
     × serializes two pass finalizers onto one active memory with separate associations 363ms

⎯⎯⎯⎯⎯⎯⎯ Failed Tests 4 ⎯⎯⎯⎯⎯⎯⎯

 FAIL  tests/review-memory-dedup.test.ts > review memory deterministic dedupe > reuses the exact active tuple after trim and associates every decision
AssertionError: expected [] to deeply equal [ Array(1) ]

- Expected
+ Received

- [
-   {
-     "content": "Exact knowledge",
-     "id": "generated-1-3",
-     "sourceId": "shared-result",
-     "sourceType": "result",
-     "sourceVersion": "1",
-     "type": "fact",
-   },
- ]
+ []

 ❯ tests/review-memory-dedup.test.ts:209:15
    207|              source_version AS sourceVersion
    208|       FROM memory_entries
    209|     `).all()).toEqual([{
       |               ^
    210|       content: "Exact knowledge",
    211|       id: "generated-1-3",

⎯⎯⎯⎯⎯⎯⎯⎯⎯⎯⎯⎯⎯⎯⎯⎯⎯⎯⎯⎯⎯⎯⎯⎯[1/4]⎯

 FAIL  tests/review-memory-dedup.test.ts > review memory deterministic dedupe > preserves internal code points and source identity while keeping supplements separate
AssertionError: expected { count: +0 } to deeply equal { count: 8 }

- Expected
+ Received

  {
-   "count": 8,
+   "count": 0,
  }

 ❯ tests/review-memory-dedup.test.ts:248:8
    246|
    247|     expect(database.prepare("SELECT COUNT(*) AS count FROM memory_entr…
    248|       .toEqual({ count: variants.length });
       |        ^
    249|     expect(database.prepare(
    250|       "SELECT content FROM memory_entries WHERE content IN ('é','é') …

⎯⎯⎯⎯⎯⎯⎯⎯⎯⎯⎯⎯⎯⎯⎯⎯⎯⎯⎯⎯⎯⎯⎯⎯[2/4]⎯

 FAIL  tests/review-memory-dedup.test.ts > review memory deterministic dedupe > does not reuse a matching historical entry
AssertionError: expected undefined to deeply equal { memoryId: 'generated-1-3', …(1) }

- Expected:
{
  "memoryId": "generated-1-3",
  "outcome": "created",
}

+ Received:
undefined

 ❯ tests/review-memory-dedup.test.ts:281:15
    279|       SELECT association.outcome,association.memory_id AS memoryId
    280|       FROM review_memory_associations association
    281|     `).get()).toEqual({ memoryId: "generated-1-3", outcome: "created" …
       |               ^
    282|     expect(database.prepare(`
    283|       SELECT COUNT(*) AS count FROM memory_entries e

⎯⎯⎯⎯⎯⎯⎯⎯⎯⎯⎯⎯⎯⎯⎯⎯⎯⎯⎯⎯⎯⎯⎯⎯[3/4]⎯

 FAIL  tests/review-memory-dedup.test.ts > review memory deterministic dedupe > serializes two pass finalizers onto one active memory with separate associations
AssertionError: expected { count: +0 } to deeply equal { count: 1 }

- Expected
+ Received

  {
-   "count": 1,
+   "count": 0,
  }

 ❯ tests/review-memory-dedup.test.ts:306:10
    304|       expect(results.every(({ status }) => status === "fulfilled")).to…
    305|       expect(database.prepare("SELECT COUNT(*) AS count FROM memory_en…
    306|         .toEqual({ count: 1 });
       |          ^
    307|       expect(database.prepare(
    308|         "SELECT COUNT(*) AS count FROM review_memory_associations",

⎯⎯⎯⎯⎯⎯⎯⎯⎯⎯⎯⎯⎯⎯⎯⎯⎯⎯⎯⎯⎯⎯⎯⎯[4/4]⎯


 Test Files  1 failed (1)
      Tests  4 failed (4)
   Start at  14:16:16
   Duration  4.89s (transform 157ms, setup 431ms, import 337ms, tests 1.72s, environment 2.11s)

# exit: 1
