# hf-gate-run
# label: t14-regression
# command: npm test -- tests/review-material.test.ts tests/review-decisions.test.ts tests/review-finalize-replay.test.ts tests/review-memory-dedup.test.ts tests/review-memory-supersedes.test.ts tests/memory-v6-contracts.test.ts tests/memory-source-navigation.test.ts tests/context-snapshot.test.ts tests/context-migrations.test.ts tests/context.api.test.ts
# started: 2026-08-01T06:34:17+00:00

> collaboration-cockpit@0.1.0 test
> vitest run tests/review-material.test.ts tests/review-decisions.test.ts tests/review-finalize-replay.test.ts tests/review-memory-dedup.test.ts tests/review-memory-supersedes.test.ts tests/memory-v6-contracts.test.ts tests/memory-source-navigation.test.ts tests/context-snapshot.test.ts tests/context-migrations.test.ts tests/context.api.test.ts


 RUN  v4.1.10 D:/cool-ai

(node:15000) ExperimentalWarning: SQLite is an experimental feature and might change at any time
(Use `node --trace-warnings ...` to show where the warning was created)
(node:14752) ExperimentalWarning: SQLite is an experimental feature and might change at any time
(Use `node --trace-warnings ...` to show where the warning was created)
(node:10900) ExperimentalWarning: SQLite is an experimental feature and might change at any time
(Use `node --trace-warnings ...` to show where the warning was created)
(node:10504) ExperimentalWarning: SQLite is an experimental feature and might change at any time
(Use `node --trace-warnings ...` to show where the warning was created)
(node:8520) ExperimentalWarning: SQLite is an experimental feature and might change at any time
(Use `node --trace-warnings ...` to show where the warning was created)
(node:2576) ExperimentalWarning: SQLite is an experimental feature and might change at any time
(Use `node --trace-warnings ...` to show where the warning was created)
(node:15440) ExperimentalWarning: SQLite is an experimental feature and might change at any time
(Use `node --trace-warnings ...` to show where the warning was created)
(node:12928) ExperimentalWarning: SQLite is an experimental feature and might change at any time
(Use `node --trace-warnings ...` to show where the warning was created)
(node:8592) ExperimentalWarning: SQLite is an experimental feature and might change at any time
(Use `node --trace-warnings ...` to show where the warning was created)
(node:5336) ExperimentalWarning: SQLite is an experimental feature and might change at any time
(Use `node --trace-warnings ...` to show where the warning was created)

 Test Files  10 passed (10)
      Tests  45 passed (45)
   Start at  14:34:18
   Duration  9.27s (transform 1.67s, setup 5.41s, import 3.91s, tests 19.59s, environment 22.17s)

# exit: 0
