# hf-gate-run
# label: t14-red
# command: npm test -- tests/delivery-manifest.test.ts
# started: 2026-08-01T06:29:50+00:00

> collaboration-cockpit@0.1.0 test
> vitest run tests/delivery-manifest.test.ts


 RUN  v4.1.10 D:/cool-ai

 ❯ tests/delivery-manifest.test.ts (9 tests | 9 failed) 12ms
     × classifies every evidence kind consistently and exposes optional failures without blocking 6ms
     × returns a stable blocker when required evidence is failed 1ms
     × returns a stable blocker when required evidence is truncated 1ms
     × returns a stable blocker when required evidence is missing 0ms
     × returns a stable blocker when required evidence is unreadable 0ms
     × returns a stable blocker when required evidence is stale 0ms
     × promotes referenced artifacts and events to required evidence 1ms
     × fingerprints mission and context versions plus every current passed version 0ms
     × builds bounded public-fact-only strict DTOs with versioned hrefs 1ms

⎯⎯⎯⎯⎯⎯⎯ Failed Tests 9 ⎯⎯⎯⎯⎯⎯⎯

 FAIL  tests/delivery-manifest.test.ts > delivery manifest > classifies every evidence kind consistently and exposes optional failures without blocking
DeliveryManifestError: Delivery manifest is not implemented.
 ❯ buildDeliveryBundle src/server/review/delivery-service.ts:68:9
     66|   _completedAt: string,
     67| ): never {
     68|   throw new DeliveryManifestError("DELIVERY_NOT_IMPLEMENTED", "Deliver…
       |         ^
     69| }
     70|
 ❯ tests/delivery-manifest.test.ts:112:20

⎯⎯⎯⎯⎯⎯⎯⎯⎯⎯⎯⎯⎯⎯⎯⎯⎯⎯⎯⎯⎯⎯⎯⎯[1/9]⎯

 FAIL  tests/delivery-manifest.test.ts > delivery manifest > returns a stable blocker when required evidence is failed
 FAIL  tests/delivery-manifest.test.ts > delivery manifest > returns a stable blocker when required evidence is truncated
 FAIL  tests/delivery-manifest.test.ts > delivery manifest > returns a stable blocker when required evidence is missing
 FAIL  tests/delivery-manifest.test.ts > delivery manifest > returns a stable blocker when required evidence is unreadable
 FAIL  tests/delivery-manifest.test.ts > delivery manifest > returns a stable blocker when required evidence is stale
DeliveryManifestError: Delivery manifest is not implemented.
 ❯ buildDeliveryBundle src/server/review/delivery-service.ts:68:9
     66|   _completedAt: string,
     67| ): never {
     68|   throw new DeliveryManifestError("DELIVERY_NOT_IMPLEMENTED", "Deliver…
       |         ^
     69| }
     70|
 ❯ tests/delivery-manifest.test.ts:133:21

⎯⎯⎯⎯⎯⎯⎯⎯⎯⎯⎯⎯⎯⎯⎯⎯⎯⎯⎯⎯⎯⎯⎯⎯[2/9]⎯

 FAIL  tests/delivery-manifest.test.ts > delivery manifest > promotes referenced artifacts and events to required evidence
DeliveryManifestError: Delivery manifest is not implemented.
 ❯ buildDeliveryBundle src/server/review/delivery-service.ts:68:9
     66|   _completedAt: string,
     67| ): never {
     68|   throw new DeliveryManifestError("DELIVERY_NOT_IMPLEMENTED", "Deliver…
       |         ^
     69| }
     70|
 ❯ tests/delivery-manifest.test.ts:154:12

⎯⎯⎯⎯⎯⎯⎯⎯⎯⎯⎯⎯⎯⎯⎯⎯⎯⎯⎯⎯⎯⎯⎯⎯[3/9]⎯

 FAIL  tests/delivery-manifest.test.ts > delivery manifest > fingerprints mission and context versions plus every current passed version
DeliveryManifestError: Delivery manifest is not implemented.
 ❯ buildDeliveryBundle src/server/review/delivery-service.ts:68:9
     66|   _completedAt: string,
     67| ): never {
     68|   throw new DeliveryManifestError("DELIVERY_NOT_IMPLEMENTED", "Deliver…
       |         ^
     69| }
     70|
 ❯ tests/delivery-manifest.test.ts:173:22

⎯⎯⎯⎯⎯⎯⎯⎯⎯⎯⎯⎯⎯⎯⎯⎯⎯⎯⎯⎯⎯⎯⎯⎯[4/9]⎯

 FAIL  tests/delivery-manifest.test.ts > delivery manifest > builds bounded public-fact-only strict DTOs with versioned hrefs
DeliveryManifestError: Delivery manifest is not implemented.
 ❯ buildDeliveryBundle src/server/review/delivery-service.ts:68:9
     66|   _completedAt: string,
     67| ): never {
     68|   throw new DeliveryManifestError("DELIVERY_NOT_IMPLEMENTED", "Deliver…
       |         ^
     69| }
     70|
 ❯ tests/delivery-manifest.test.ts:193:20

⎯⎯⎯⎯⎯⎯⎯⎯⎯⎯⎯⎯⎯⎯⎯⎯⎯⎯⎯⎯⎯⎯⎯⎯[5/9]⎯


 Test Files  1 failed (1)
      Tests  9 failed (9)
   Start at  14:29:52
   Duration  2.63s (transform 53ms, setup 427ms, import 34ms, tests 12ms, environment 1.81s)

# exit: 1
