# hf-gate-run
# label: t15-red
# command: npm test -- tests/delivery-service.test.ts tests/delivery-recovery.test.ts
# started: 2026-08-01T06:42:27+00:00

> collaboration-cockpit@0.1.0 test
> vitest run tests/delivery-service.test.ts tests/delivery-recovery.test.ts


 RUN  v4.1.10 D:/cool-ai

 ❯ tests/delivery-recovery.test.ts (0 test)
(node:5228) ExperimentalWarning: SQLite is an experimental feature and might change at any time
(Use `node --trace-warnings ...` to show where the warning was created)
 ❯ tests/delivery-service.test.ts (3 tests | 3 failed) 1193ms
     × requires every task passed and a blocker-free manifest before acquire 422ms
     × acquires then atomically commits one immutable delivery and receipt 377ms
     × has one CAS acquire winner and reuses the same fingerprint after invalidation 392ms

⎯⎯⎯⎯⎯⎯ Failed Suites 1 ⎯⎯⎯⎯⎯⎯⎯

 FAIL  tests/delivery-recovery.test.ts [ tests/delivery-recovery.test.ts ]
Error: Transform failed with 18 errors:

[31m[PARSE_ERROR] [0mIdentifier `mkdtempSync` has already been declared
     [38;5;246m╭[0m[38;5;246m─[0m[38;5;246m[[0m tests/delivery-recovery.test.ts:1:10 [38;5;246m][0m
     [38;5;246m│[0m
 [38;5;246m  1 │[0m [38;5;249mi[0m[38;5;249mm[0m[38;5;249mp[0m[38;5;249mo[0m[38;5;249mr[0m[38;5;249mt[0m[38;5;249m [0m[38;5;249m{[0m[38;5;249m [0mmkdtempSync[38;5;249m,[0m[38;5;249m [0m[38;5;249mr[0m[38;5;249mm[0m[38;5;249mS[0m[38;5;249my[0m[38;5;249mn[0m[38;5;249mc[0m[38;5;249m [0m[38;5;249m}[0m[38;5;249m [0m[38;5;249mf[0m[38;5;249mr[0m[38;5;249mo[0m[38;5;249mm[0m[38;5;249m [0m[38;5;249m"[0m[38;5;249mn[0m[38;5;249mo[0m[38;5;249md[0m[38;5;249me[0m[38;5;249m:[0m[38;5;249mf[0m[38;5;249ms[0m[38;5;249m"[0m[38;5;249m;[0m
 [38;5;240m    │[0m          ─────┬─────  
 [38;5;240m    │[0m               ╰─────── `mkdtempSync` has already been declared here
 [38;5;240m    │[0m 
 [38;5;246m317 │[0m [38;5;249mi[0m[38;5;249mm[0m[38;5;249mp[0m[38;5;249mo[0m[38;5;249mr[0m[38;5;249mt[0m[38;5;249m [0m[38;5;249m{[0m[38;5;249m [0mmkdtempSync[38;5;249m,[0m[38;5;249m [0m[38;5;249mr[0m[38;5;249mm[0m[38;5;249mS[0m[38;5;249my[0m[38;5;249mn[0m[38;5;249mc[0m[38;5;249m [0m[38;5;249m}[0m[38;5;249m [0m[38;5;249mf[0m[38;5;249mr[0m[38;5;249mo[0m[38;5;249mm[0m[38;5;249m [0m[38;5;249m"[0m[38;5;249mn[0m[38;5;249mo[0m[38;5;249md[0m[38;5;249me[0m[38;5;249m:[0m[38;5;249mf[0m[38;5;249ms[0m[38;5;249m"[0m[38;5;249m;[0m
 [38;5;240m    │[0m          ─────┬─────  
 [38;5;240m    │[0m               ╰─────── It can not be redeclared here
[38;5;246m─────╯[0m

[31m[PARSE_ERROR] [0mIdentifier `rmSync` has already been declared
     [38;5;246m╭[0m[38;5;246m─[0m[38;5;246m[[0m tests/delivery-recovery.test.ts:1:23 [38;5;246m][0m
     [38;5;246m│[0m
 [38;5;246m  1 │[0m [38;5;249mi[0m[38;5;249mm[0m[38;5;249mp[0m[38;5;249mo[0m[38;5;249mr[0m[38;5;249mt[0m[38;5;249m [0m[38;5;249m{[0m[38;5;249m [0m[38;5;249mm[0m[38;5;249mk[0m[38;5;249md[0m[38;5;249mt[0m[38;5;249me[0m[38;5;249mm[0m[38;5;249mp[0m[38;5;249mS[0m[38;5;249my[0m[38;5;249mn[0m[38;5;249mc[0m[38;5;249m,[0m[38;5;249m [0mrmSync[38;5;249m [0m[38;5;249m}[0m[38;5;249m [0m[38;5;249mf[0m[38;5;249mr[0m[38;5;249mo[0m[38;5;249mm[0m[38;5;249m [0m[38;5;249m"[0m[38;5;249mn[0m[38;5;249mo[0m[38;5;249md[0m[38;5;249me[0m[38;5;249m:[0m[38;5;249mf[0m[38;5;249ms[0m[38;5;249m"[0m[38;5;249m;[0m
 [38;5;240m    │[0m                       ───┬──  
 [38;5;240m    │[0m                          ╰──── `rmSync` has already been declared here
 [38;5;240m    │[0m 
 [38;5;246m317 │[0m [38;5;249mi[0m[38;5;249mm[0m[38;5;249mp[0m[38;5;249mo[0m[38;5;249mr[0m[38;5;249mt[0m[38;5;249m [0m[38;5;249m{[0m[38;5;249m [0m[38;5;249mm[0m[38;5;249mk[0m[38;5;249md[0m[38;5;249mt[0m[38;5;249me[0m[38;5;249mm[0m[38;5;249mp[0m[38;5;249mS[0m[38;5;249my[0m[38;5;249mn[0m[38;5;249mc[0m[38;5;249m,[0m[38;5;249m [0mrmSync[38;5;249m [0m[38;5;249m}[0m[38;5;249m [0m[38;5;249mf[0m[38;5;249mr[0m[38;5;249mo[0m[38;5;249mm[0m[38;5;249m [0m[38;5;249m"[0m[38;5;249mn[0m[38;5;249mo[0m[38;5;249md[0m[38;5;249me[0m[38;5;249m:[0m[38;5;249mf[0m[38;5;249ms[0m[38;5;249m"[0m[38;5;249m;[0m
 [38;5;240m    │[0m                       ───┬──  
 [38;5;240m    │[0m                          ╰──── It can not be redeclared here
[38;5;246m─────╯[0m

[31m[PARSE_ERROR] [0mIdentifier `tmpdir` has already been declared
     [38;5;246m╭[0m[38;5;246m─[0m[38;5;246m[[0m tests/delivery-recovery.test.ts:2:10 [38;5;246m][0m
     [38;5;246m│[0m
 [38;5;246m  2 │[0m [38;5;249mi[0m[38;5;249mm[0m[38;5;249mp[0m[38;5;249mo[0m[38;5;249mr[0m[38;5;249mt[0m[38;5;249m [0m[38;5;249m{[0m[38;5;249m [0mtmpdir[38;5;249m [0m[38;5;249m}[0m[38;5;249m [0m[38;5;249mf[0m[38;5;249mr[0m[38;5;249mo[0m[38;5;249mm[0m[38;5;249m [0m[38;5;249m"[0m[38;5;249mn[0m[38;5;249mo[0m[38;5;249md[0m[38;5;249me[0m[38;5;249m:[0m[38;5;249mo[0m[38;5;249ms[0m[38;5;249m"[0m[38;5;249m;[0m
 [38;5;240m    │[0m          ───┬──  
 [38;5;240m    │[0m             ╰──── `tmpdir` has already been declared here
 [38;5;240m    │[0m 
 [38;5;246m318 │[0m [38;5;249mi[0m[38;5;249mm[0m[38;5;249mp[0m[38;5;249mo[0m[38;5;249mr[0m[38;5;249mt[0m[38;5;249m [0m[38;5;249m{[0m[38;5;249m [0mtmpdir[38;5;249m [0m[38;5;249m}[0m[38;5;249m [0m[38;5;249mf[0m[38;5;249mr[0m[38;5;249mo[0m[38;5;249mm[0m[38;5;249m [0m[38;5;249m"[0m[38;5;249mn[0m[38;5;249mo[0m[38;5;249md[0m[38;5;249me[0m[38;5;249m:[0m[38;5;249mo[0m[38;5;249ms[0m[38;5;249m"[0m[38;5;249m;[0m
 [38;5;240m    │[0m          ───┬──  
 [38;5;240m    │[0m             ╰──── It can not be redeclared here
[38;5;246m─────╯[0m

[31m[PARSE_ERROR] [0mIdentifier `join` has already been declared
     [38;5;246m╭[0m[38;5;246m─[0m[38;5;246m[[0m tests/delivery-recovery.test.ts:3:10 [38;5;246m][0m
     [38;5;246m│[0m
 [38;5;246m  3 │[0m [38;5;249mi[0m[38;5;249mm[0m[38;5;249mp[0m[38;5;249mo[0m[38;5;249mr[0m[38;5;249mt[0m[38;5;249m [0m[38;5;249m{[0m[38;5;249m [0mjoin[38;5;249m [0m[38;5;249m}[0m[38;5;249m [0m[38;5;249mf[0m[38;5;249mr[0m[38;5;249mo[0m[38;5;249mm[0m[38;5;249m [0m[38;5;249m"[0m[38;5;249mn[0m[38;5;249mo[0m[38;5;249md[0m[38;5;249me[0m[38;5;249m:[0m[38;5;249mp[0m[38;5;249ma[0m[38;5;249mt[0m[38;5;249mh[0m[38;5;249m"[0m[38;5;249m;[0m
 [38;5;240m    │[0m          ──┬─  
 [38;5;240m    │[0m            ╰─── `join` has already been declared here
 [38;5;240m    │[0m 
 [38;5;246m319 │[0m [38;5;249mi[0m[38;5;249mm[0m[38;5;249mp[0m[38;5;249mo[0m[38;5;249mr[0m[38;5;249mt[0m[38;5;249m [0m[38;5;249m{[0m[38;5;249m [0mjoin[38;5;249m [0m[38;5;249m}[0m[38;5;249m [0m[38;5;249mf[0m[38;5;249mr[0m[38;5;249mo[0m[38;5;249mm[0m[38;5;249m [0m[38;5;249m"[0m[38;5;249mn[0m[38;5;249mo[0m[38;5;249md[0m[38;5;249me[0m[38;5;249m:[0m[38;5;249mp[0m[38;5;249ma[0m[38;5;249mt[0m[38;5;249mh[0m[38;5;249m"[0m[38;5;249m;[0m
 [38;5;240m    │[0m          ──┬─  
 [38;5;240m    │[0m            ╰─── It can not be redeclared here
[38;5;246m─────╯[0m

[31m[PARSE_ERROR] [0mIdentifier `DatabaseSync` has already been declared
     [38;5;246m╭[0m[38;5;246m─[0m[38;5;246m[[0m tests/delivery-recovery.test.ts:4:15 [38;5;246m][0m
     [38;5;246m│[0m
 [38;5;246m  4 │[0m [38;5;249mi[0m[38;5;249mm[0m[38;5;249mp[0m[38;5;249mo[0m[38;5;249mr[0m[38;5;249mt[0m[38;5;249m [0m[38;5;249mt[0m[38;5;249my[0m[38;5;249mp[0m[38;5;249me[0m[38;5;249m [0m[38;5;249m{[0m[38;5;249m [0mDatabaseSync[38;5;249m [0m[38;5;249m}[0m[38;5;249m [0m[38;5;249mf[0m[38;5;249mr[0m[38;5;249mo[0m[38;5;249mm[0m[38;5;249m [0m[38;5;249m"[0m[38;5;249mn[0m[38;5;249mo[0m[38;5;249md[0m[38;5;249me[0m[38;5;249m:[0m[38;5;249ms[0m[38;5;249mq[0m[38;5;249ml[0m[38;5;249mi[0m[38;5;249mt[0m[38;5;249me[0m[38;5;249m"[0m[38;5;249m;[0m
 [38;5;240m    │[0m               ──────┬─────  
 [38;5;240m    │[0m                     ╰─────── `DatabaseSync` has already been declared here
 [38;5;240m    │[0m 
 [38;5;246m320 │[0m [38;5;249mi[0m[38;5;249mm[0m[38;5;249mp[0m[38;5;249mo[0m[38;5;249mr[0m[38;5;249mt[0m[38;5;249m [0m[38;5;249m{[0m[38;5;249m [0mDatabaseSync[38;5;249m [0m[38;5;249m}[0m[38;5;249m [0m[38;5;249mf[0m[38;5;249mr[0m[38;5;249mo[0m[38;5;249mm[0m[38;5;249m [0m[38;5;249m"[0m[38;5;249mn[0m[38;5;249mo[0m[38;5;249md[0m[38;5;249me[0m[38;5;249m:[0m[38;5;249ms[0m[38;5;249mq[0m[38;5;249ml[0m[38;5;249mi[0m[38;5;249mt[0m[38;5;249me[0m[38;5;249m"[0m[38;5;249m;[0m
 [38;5;240m    │[0m          ──────┬─────  
 [38;5;240m    │[0m                ╰─────── It can not be redeclared here
[38;5;246m─────╯[0m

...
  Plugin: vite:oxc
  File: D:/cool-ai/tests/delivery-recovery.test.ts
 ❯ transformWithOxc node_modules/vite/dist/node/chunks/node.js:4033:19
 ❯ TransformPluginContext.transform node_modules/vite/dist/node/chunks/node.js:4104:26
 ❯ EnvironmentPluginContainer.transform node_modules/vite/dist/node/chunks/node.js:30201:51
 ❯ loadAndTransform node_modules/vite/dist/node/chunks/node.js:20124:26

⎯⎯⎯⎯⎯⎯⎯⎯⎯⎯⎯⎯⎯⎯⎯⎯⎯⎯⎯⎯⎯⎯⎯⎯[1/4]⎯


⎯⎯⎯⎯⎯⎯⎯ Failed Tests 3 ⎯⎯⎯⎯⎯⎯⎯

 FAIL  tests/delivery-service.test.ts > two-phase delivery generation > requires every task passed and a blocker-free manifest before acquire
AssertionError: expected function to throw an error, but it didn't
 ❯ tests/delivery-service.test.ts:149:58
    147|       projectId,
    148|       requestHash: HASH,
    149|     }, { clock: () => NOW, randomUUID: () => "lease" })).toThrowError(
       |                                                          ^
    150|       expect.objectContaining({ code: "MISSION_COMPLETION_BLOCKED" }),
    151|     );

⎯⎯⎯⎯⎯⎯⎯⎯⎯⎯⎯⎯⎯⎯⎯⎯⎯⎯⎯⎯⎯⎯⎯⎯[2/4]⎯

 FAIL  tests/delivery-service.test.ts > two-phase delivery generation > acquires then atomically commits one immutable delivery and receipt
TypeError: Provided value cannot be bound to SQLite parameter 3.
 ❯ src/server/review/delivery-service.ts:743:8
    741|       WHERE project_id=? AND mission_id=? AND state='generating'
    742|         AND current_operation_id=? AND generation_lease_token=?
    743|     `).run(
       |        ^
    744|       input.errorCode,
    745|       now,
 ❯ withTransaction src/server/review/delivery-service.ts:486:20
 ❯ recordDeliveryFailure src/server/review/delivery-service.ts:734:3
 ❯ Module.finalizeDeliveryGeneration src/server/review/delivery-service.ts:879:7
 ❯ tests/delivery-service.test.ts:178:29

⎯⎯⎯⎯⎯⎯⎯⎯⎯⎯⎯⎯⎯⎯⎯⎯⎯⎯⎯⎯⎯⎯⎯⎯[3/4]⎯

 FAIL  tests/delivery-service.test.ts > two-phase delivery generation > has one CAS acquire winner and reuses the same fingerprint after invalidation
TypeError: Provided value cannot be bound to SQLite parameter 3.
 ❯ src/server/review/delivery-service.ts:743:8
    741|       WHERE project_id=? AND mission_id=? AND state='generating'
    742|         AND current_operation_id=? AND generation_lease_token=?
    743|     `).run(
       |        ^
    744|       input.errorCode,
    745|       now,
 ❯ withTransaction src/server/review/delivery-service.ts:486:20
 ❯ recordDeliveryFailure src/server/review/delivery-service.ts:734:3
 ❯ Module.finalizeDeliveryGeneration src/server/review/delivery-service.ts:879:7
 ❯ tests/delivery-service.test.ts:218:28

⎯⎯⎯⎯⎯⎯⎯⎯⎯⎯⎯⎯⎯⎯⎯⎯⎯⎯⎯⎯⎯⎯⎯⎯[4/4]⎯


 Test Files  2 failed (2)
      Tests  3 failed (3)
   Start at  14:42:28
   Duration  4.22s (transform 299ms, setup 882ms, import 459ms, tests 1.19s, environment 3.66s)

# exit: 1
