# hf-gate-run
# label: t15-regressions
# command: npm test -- tests/completion-gate.test.ts tests/mission-crud.test.ts tests/mission-legacy-entrypoints.test.ts tests/context-snapshot.test.ts tests/review-recovery.test.ts tests/review-finalize-replay.test.ts tests/delivery-manifest.test.ts
# started: 2026-08-01T06:46:34+00:00

> collaboration-cockpit@0.1.0 test
> vitest run tests/completion-gate.test.ts tests/mission-crud.test.ts tests/mission-legacy-entrypoints.test.ts tests/context-snapshot.test.ts tests/review-recovery.test.ts tests/review-finalize-replay.test.ts tests/delivery-manifest.test.ts


 RUN  v4.1.10 D:/cool-ai

(node:13820) ExperimentalWarning: SQLite is an experimental feature and might change at any time
(Use `node --trace-warnings ...` to show where the warning was created)
(node:5788) ExperimentalWarning: SQLite is an experimental feature and might change at any time
(Use `node --trace-warnings ...` to show where the warning was created)
(node:9036) ExperimentalWarning: SQLite is an experimental feature and might change at any time
(Use `node --trace-warnings ...` to show where the warning was created)
(node:3224) ExperimentalWarning: SQLite is an experimental feature and might change at any time
(Use `node --trace-warnings ...` to show where the warning was created)
(node:16812) ExperimentalWarning: SQLite is an experimental feature and might change at any time
(Use `node --trace-warnings ...` to show where the warning was created)
(node:14704) ExperimentalWarning: SQLite is an experimental feature and might change at any time
(Use `node --trace-warnings ...` to show where the warning was created)

 Test Files  7 passed (7)
      Tests  35 passed (35)
   Start at  14:46:36
   Duration  9.65s (transform 1.43s, setup 6.92s, import 2.71s, tests 13.68s, environment 30.14s)

# exit: 0
