# hf-gate-run
# label: t18-red
# command: npm.cmd test -- tests/review-fault-injection.test.ts tests/review-restart-integration.test.ts
# started: 2026-08-01T07:13:24+00:00

> collaboration-cockpit@0.1.0 test
> vitest run tests/review-fault-injection.test.ts tests/review-restart-integration.test.ts


 RUN  v4.1.10 D:/cool-ai

(node:3312) ExperimentalWarning: SQLite is an experimental feature and might change at any time
(Use `node --trace-warnings ...` to show where the warning was created)
(node:16412) ExperimentalWarning: SQLite is an experimental feature and might change at any time
(Use `node --trace-warnings ...` to show where the warning was created)
 ❯ tests/review-restart-integration.test.ts (6 tests | 4 failed) 1832ms
     × reconciles an expired pre-checkpoint crash after reopen without provider replay 288ms
     × fails closed for 'malformed checkpoint' and performs no silent repair 302ms
     × fails closed for 'partial terminal rows' and performs no silent repair 282ms
     × fails closed for 'head/result invariant drift' and performs no silent repair 273ms
 ❯ tests/review-fault-injection.test.ts (8 tests | 4 failed) 2473ms
     × fails before checkpoint at after_provider_response and restart never invents a recoverable output 338ms
     × fails before checkpoint at before_output_checkpoint and restart never invents a recoverable output 310ms
     × restarts at after_output_checkpoint and replays only the checkpointed local transaction 334ms
     × restarts at before_business_finalize and replays only the checkpointed local transaction 310ms

⎯⎯⎯⎯⎯⎯⎯ Failed Tests 8 ⎯⎯⎯⎯⎯⎯⎯

 FAIL  tests/review-fault-injection.test.ts > review crash and transaction fault matrix > fails before checkpoint at after_provider_response and restart never invents a recoverable output
 FAIL  tests/review-fault-injection.test.ts > review crash and transaction fault matrix > fails before checkpoint at before_output_checkpoint and restart never invents a recoverable output
AssertionError: promise resolved "{ attemptId: 'attempt', …(4) }" instead of rejecting

- Expected
+ Received

- Error {
-   "message": "rejected promise",
+ {
+   "attemptId": "attempt",
+   "checkpointHash": "66e6190ca19ff54379ed04ac106ac6c25e6f68dfae169b5c99dc27785e4f3d2a",
+   "decisionId": "pre-4",
+   "retry": {
+     "kind": "none",
+     "providerCallRequired": false,
+   },
+   "state": "passed",
  }

 ❯ tests/review-fault-injection.test.ts:193:8
    191|         return () => `pre-${++value}`;
    192|       })(),
    193|     })).rejects.toThrow(`crash:${point}`);
       |        ^
    194|     expect(callProvider).toHaveBeenCalledTimes(1);
    195|     expect(database.prepare(`

⎯⎯⎯⎯⎯⎯⎯⎯⎯⎯⎯⎯⎯⎯⎯⎯⎯⎯⎯⎯⎯⎯⎯⎯[1/8]⎯

 FAIL  tests/review-fault-injection.test.ts > review crash and transaction fault matrix > restarts at after_output_checkpoint and replays only the checkpointed local transaction
 FAIL  tests/review-fault-injection.test.ts > review crash and transaction fault matrix > restarts at before_business_finalize and replays only the checkpointed local transaction
AssertionError: promise resolved "{ attemptId: 'attempt', …(4) }" instead of rejecting

- Expected
+ Received

- Error {
-   "message": "rejected promise",
+ {
+   "attemptId": "attempt",
+   "checkpointHash": "66e6190ca19ff54379ed04ac106ac6c25e6f68dfae169b5c99dc27785e4f3d2a",
+   "decisionId": "post-4",
+   "retry": {
+     "kind": "none",
+     "providerCallRequired": false,
+   },
+   "state": "passed",
  }

 ❯ tests/review-fault-injection.test.ts:230:70
    228|     };
    229|
    230|     await expect(runReviewOperation(database, input(), dependencies))
       |                                                                      ^
    231|       .rejects.toThrow(`crash:${point}`);
    232|     expect(database.prepare(`

⎯⎯⎯⎯⎯⎯⎯⎯⎯⎯⎯⎯⎯⎯⎯⎯⎯⎯⎯⎯⎯⎯⎯⎯[2/8]⎯

 FAIL  tests/review-restart-integration.test.ts > review persistence restart integration > reconciles an expired pre-checkpoint crash after reopen without provider replay
AssertionError: T-18 persistence recovery module must exist: expected undefined to be type of 'function'

Expected: "function"
Received: "undefined"

 ❯ recovery tests/review-restart-integration.test.ts:55:65
     53| async function recovery() {
     54|   const loader = recoveryModules["../src/server/review/review-persiste…
     55|   expect(loader, "T-18 persistence recovery module must exist").toBeTy…
       |                                                                 ^
     56|   const module = await loader!();
     57|   expect(module.assertReviewPersistenceInvariants).toBeTypeOf("functio…
 ❯ tests/review-restart-integration.test.ts:231:33

⎯⎯⎯⎯⎯⎯⎯⎯⎯⎯⎯⎯⎯⎯⎯⎯⎯⎯⎯⎯⎯⎯⎯⎯[3/8]⎯

 FAIL  tests/review-restart-integration.test.ts > review persistence restart integration > fails closed for 'malformed checkpoint' and performs no silent repair
 FAIL  tests/review-restart-integration.test.ts > review persistence restart integration > fails closed for 'partial terminal rows' and performs no silent repair
 FAIL  tests/review-restart-integration.test.ts > review persistence restart integration > fails closed for 'head/result invariant drift' and performs no silent repair
AssertionError: T-18 persistence recovery module must exist: expected undefined to be type of 'function'

Expected: "function"
Received: "undefined"

 ❯ recovery tests/review-restart-integration.test.ts:55:65
     53| async function recovery() {
     54|   const loader = recoveryModules["../src/server/review/review-persiste…
     55|   expect(loader, "T-18 persistence recovery module must exist").toBeTy…
       |                                                                 ^
     56|   const module = await loader!();
     57|   expect(module.assertReviewPersistenceInvariants).toBeTypeOf("functio…
 ❯ tests/review-restart-integration.test.ts:333:40

⎯⎯⎯⎯⎯⎯⎯⎯⎯⎯⎯⎯⎯⎯⎯⎯⎯⎯⎯⎯⎯⎯⎯⎯[4/8]⎯


 Test Files  2 failed (2)
      Tests  8 failed | 6 passed (14)
   Start at  15:13:25
   Duration  5.64s (transform 599ms, setup 892ms, import 1.06s, tests 4.30s, environment 3.70s)

# exit: 1
