# hf-gate-run
# label: t18-regressions
# command: npm.cmd test -- tests/migrations-v6.test.ts tests/mission-v6-initialization.test.ts tests/result-version-rework.test.ts tests/review-orchestrator.test.ts tests/review-recovery.test.ts tests/review-finalize-replay.test.ts tests/review-decisions.test.ts tests/review-escalation.test.ts tests/review-memory-dedup.test.ts tests/review-memory-supersedes.test.ts tests/delivery-service.test.ts tests/delivery-recovery.test.ts tests/completion-gate.test.ts
# started: 2026-08-01T07:19:12+00:00

> collaboration-cockpit@0.1.0 test
> vitest run tests/migrations-v6.test.ts tests/mission-v6-initialization.test.ts tests/result-version-rework.test.ts tests/review-orchestrator.test.ts tests/review-recovery.test.ts tests/review-finalize-replay.test.ts tests/review-decisions.test.ts tests/review-escalation.test.ts tests/review-memory-dedup.test.ts tests/review-memory-supersedes.test.ts tests/delivery-service.test.ts tests/delivery-recovery.test.ts tests/completion-gate.test.ts


 RUN  v4.1.10 D:/cool-ai

(node:968) ExperimentalWarning: SQLite is an experimental feature and might change at any time
(Use `node --trace-warnings ...` to show where the warning was created)
(node:10076) ExperimentalWarning: SQLite is an experimental feature and might change at any time
(Use `node --trace-warnings ...` to show where the warning was created)
(node:14020) ExperimentalWarning: SQLite is an experimental feature and might change at any time
(Use `node --trace-warnings ...` to show where the warning was created)
(node:8148) ExperimentalWarning: SQLite is an experimental feature and might change at any time
(Use `node --trace-warnings ...` to show where the warning was created)
(node:1904) ExperimentalWarning: SQLite is an experimental feature and might change at any time
(Use `node --trace-warnings ...` to show where the warning was created)
(node:14584) ExperimentalWarning: SQLite is an experimental feature and might change at any time
(Use `node --trace-warnings ...` to show where the warning was created)
(node:14752) ExperimentalWarning: SQLite is an experimental feature and might change at any time
(Use `node --trace-warnings ...` to show where the warning was created)
(node:11800) ExperimentalWarning: SQLite is an experimental feature and might change at any time
(Use `node --trace-warnings ...` to show where the warning was created)
(node:9196) ExperimentalWarning: SQLite is an experimental feature and might change at any time
(Use `node --trace-warnings ...` to show where the warning was created)
(node:7520) ExperimentalWarning: SQLite is an experimental feature and might change at any time
(Use `node --trace-warnings ...` to show where the warning was created)
(node:14440) ExperimentalWarning: SQLite is an experimental feature and might change at any time
(Use `node --trace-warnings ...` to show where the warning was created)
(node:16188) ExperimentalWarning: SQLite is an experimental feature and might change at any time
(Use `node --trace-warnings ...` to show where the warning was created)
(node:15692) ExperimentalWarning: SQLite is an experimental feature and might change at any time
(Use `node --trace-warnings ...` to show where the warning was created)

 Test Files  13 passed (13)
      Tests  56 passed (56)
   Start at  15:19:13
   Duration  13.27s (transform 1.52s, setup 6.78s, import 4.22s, tests 28.09s, environment 32.42s)

# exit: 0
