# hf-gate-run
# label: t2-red
# command: npm test -- tests/migrations-v6.test.ts tests/mission-v6-initialization.test.ts
# started: 2026-08-01T04:20:29+00:00

> collaboration-cockpit@0.1.0 test
> vitest run tests/migrations-v6.test.ts tests/mission-v6-initialization.test.ts


 RUN  v4.1.10 D:/cool-ai

(node:1172) ExperimentalWarning: SQLite is an experimental feature and might change at any time
(Use `node --trace-warnings ...` to show where the warning was created)
(node:5220) ExperimentalWarning: SQLite is an experimental feature and might change at any time
(Use `node --trace-warnings ...` to show where the warning was created)
 ❯ tests/mission-v6-initialization.test.ts (4 tests | 4 failed) 694ms
     × atomically creates the mission, delivery context head and sequence-one event 188ms
     × rolls back the mission when head or event initialization faults 157ms
     × has one concurrent create winner and leaves no orphan mission, head or event 176ms
     × fails closed when a mission initialization fact is orphaned or version-drifted 171ms
 ❯ tests/migrations-v6.test.ts (5 tests | 5 failed) 910ms
     × creates the complete v6 tables, indexes, triggers, checks and foreign keys 171ms
     × migrates complete v5 owner memory and legacy done fail-closed 309ms
     × rejects partial v6 and drifted v5 before mutation 277ms
     × rolls back every injected v6 migration step without orphan objects 1ms
     × is idempotent, enforces immutable history and rejects schema/data drift 149ms

⎯⎯⎯⎯⎯⎯⎯ Failed Tests 9 ⎯⎯⎯⎯⎯⎯⎯

 FAIL  tests/migrations-v6.test.ts > SQLite v6 strict atomic migration > creates the complete v6 tables, indexes, triggers, checks and foreign keys
AssertionError: complete validateV6 must be exported: expected undefined to be type of 'function'

Expected: "function"
Received: "undefined"

 ❯ validateV6 tests/migrations-v6.test.ts:48:65
     46|
     47| function validateV6(database: DatabaseSync) {
     48|   expect(v6.validateV6, "complete validateV6 must be exported").toBeTy…
       |                                                                 ^
     49|   return v6.validateV6!(database);
     50| }
 ❯ tests/migrations-v6.test.ts:103:12

⎯⎯⎯⎯⎯⎯⎯⎯⎯⎯⎯⎯⎯⎯⎯⎯⎯⎯⎯⎯⎯⎯⎯[1/17]⎯

 FAIL  tests/migrations-v6.test.ts > SQLite v6 strict atomic migration > creates the complete v6 tables, indexes, triggers, checks and foreign keys
Error: EPERM, Permission denied: \\?\C:\Users\ADMINI~1\AppData\Local\Temp\2\cockpit-v6-migration-FCddbP '\\?\C:\Users\ADMINI~1\AppData\Local\Temp\2\cockpit-v6-migration-FCddbP'
 ❯ tests/migrations-v6.test.ts:91:5
     89| afterEach(() => {
     90|   for (const directory of directories.splice(0)) {
     91|     rmSync(directory, { force: true, recursive: true });
       |     ^
     92|   }
     93| });

⎯⎯⎯⎯⎯⎯⎯⎯⎯⎯⎯⎯⎯⎯⎯⎯⎯⎯⎯⎯⎯⎯⎯[2/17]⎯

 FAIL  tests/migrations-v6.test.ts > SQLite v6 strict atomic migration > migrates complete v5 owner memory and legacy done fail-closed
AssertionError: expected { status: 'done' } to deeply equal { status: 'in_progress' }

- Expected
+ Received

  {
-   "status": "in_progress",
+   "status": "done",
  }

 ❯ tests/migrations-v6.test.ts:127:8
    125|     expect(version(migrated)).toBe(6);
    126|     expect(migrated.prepare("SELECT status FROM work_items WHERE id='w…
    127|       .toEqual({ status: "in_progress" });
       |        ^
    128|     expect(migrated.prepare(
    129|       `SELECT id,chain_id AS chainId,version,source_version AS sourceV…

⎯⎯⎯⎯⎯⎯⎯⎯⎯⎯⎯⎯⎯⎯⎯⎯⎯⎯⎯⎯⎯⎯⎯[3/17]⎯

 FAIL  tests/migrations-v6.test.ts > SQLite v6 strict atomic migration > migrates complete v5 owner memory and legacy done fail-closed
Error: EPERM, Permission denied: \\?\C:\Users\ADMINI~1\AppData\Local\Temp\2\cockpit-v6-migration-oqFB3V '\\?\C:\Users\ADMINI~1\AppData\Local\Temp\2\cockpit-v6-migration-oqFB3V'
 ❯ tests/migrations-v6.test.ts:91:5
     89| afterEach(() => {
     90|   for (const directory of directories.splice(0)) {
     91|     rmSync(directory, { force: true, recursive: true });
       |     ^
     92|   }
     93| });

⎯⎯⎯⎯⎯⎯⎯⎯⎯⎯⎯⎯⎯⎯⎯⎯⎯⎯⎯⎯⎯⎯⎯[4/17]⎯

 FAIL  tests/migrations-v6.test.ts > SQLite v6 strict atomic migration > rejects partial v6 and drifted v5 before mutation
AssertionError: expected function to throw an error, but it didn't
 ❯ expectOpenError tests/migrations-v6.test.ts:44:36
     42|
     43| function expectOpenError(path: string, code: string): void {
     44|   expect(() => openDatabase(path)).toThrowError(expect.objectContainin…
       |                                    ^
     45| }
     46|
 ❯ tests/migrations-v6.test.ts:148:5

⎯⎯⎯⎯⎯⎯⎯⎯⎯⎯⎯⎯⎯⎯⎯⎯⎯⎯⎯⎯⎯⎯⎯[5/17]⎯

 FAIL  tests/migrations-v6.test.ts > SQLite v6 strict atomic migration > rejects partial v6 and drifted v5 before mutation
Error: EPERM, Permission denied: \\?\C:\Users\ADMINI~1\AppData\Local\Temp\2\cockpit-v6-migration-2Fx3oy '\\?\C:\Users\ADMINI~1\AppData\Local\Temp\2\cockpit-v6-migration-2Fx3oy'
 ❯ tests/migrations-v6.test.ts:91:5
     89| afterEach(() => {
     90|   for (const directory of directories.splice(0)) {
     91|     rmSync(directory, { force: true, recursive: true });
       |     ^
     92|   }
     93| });

⎯⎯⎯⎯⎯⎯⎯⎯⎯⎯⎯⎯⎯⎯⎯⎯⎯⎯⎯⎯⎯⎯⎯[6/17]⎯

 FAIL  tests/migrations-v6.test.ts > SQLite v6 strict atomic migration > rolls back every injected v6 migration step without orphan objects
AssertionError: complete createV6 must be exported: expected undefined to be type of 'function'

Expected: "function"
Received: "undefined"

 ❯ tests/migrations-v6.test.ts:167:63
    165|
    166|   it("rolls back every injected v6 migration step without orphan objec…
    167|     expect(v6.createV6, "complete createV6 must be exported").toBeType…
       |                                                               ^
    168|     const steps = [...(v6.V6_MIGRATION_STEPS ?? [])];
    169|     expect(steps.length).toBeGreaterThan(8);

⎯⎯⎯⎯⎯⎯⎯⎯⎯⎯⎯⎯⎯⎯⎯⎯⎯⎯⎯⎯⎯⎯⎯[7/17]⎯

 FAIL  tests/migrations-v6.test.ts > SQLite v6 strict atomic migration > is idempotent, enforces immutable history and rejects schema/data drift
Error: no such trigger: review_event_no_update
 ❯ tests/migrations-v6.test.ts:208:11
    206|
    207|     const drift = new DatabaseSync(path);
    208|     drift.exec("DROP TRIGGER review_event_no_update");
       |           ^
    209|     drift.close();
    210|     expectOpenError(path, "SCHEMA_DRIFT");

⎯⎯⎯⎯⎯⎯⎯⎯⎯⎯⎯⎯⎯⎯⎯⎯⎯⎯⎯⎯⎯⎯⎯[8/17]⎯

 FAIL  tests/migrations-v6.test.ts > SQLite v6 strict atomic migration > is idempotent, enforces immutable history and rejects schema/data drift
Error: EPERM, Permission denied: \\?\C:\Users\ADMINI~1\AppData\Local\Temp\2\cockpit-v6-migration-RCbAb6 '\\?\C:\Users\ADMINI~1\AppData\Local\Temp\2\cockpit-v6-migration-RCbAb6'
 ❯ tests/migrations-v6.test.ts:91:5
     89| afterEach(() => {
     90|   for (const directory of directories.splice(0)) {
     91|     rmSync(directory, { force: true, recursive: true });
       |     ^
     92|   }
     93| });

⎯⎯⎯⎯⎯⎯⎯⎯⎯⎯⎯⎯⎯⎯⎯⎯⎯⎯⎯⎯⎯⎯⎯[9/17]⎯

 FAIL  tests/mission-v6-initialization.test.ts > fresh v6 mission initialization > atomically creates the mission, delivery context head and sequence-one event
Error: no such table: mission_delivery_heads
 ❯ tests/mission-v6-initialization.test.ts:41:21
     39|     const database = openDatabase(path);
     40|
     41|     expect(database.prepare(
       |                     ^
     42|       `SELECT mission_id AS missionId,project_id AS projectId,context_…
     43|               state,current_delivery_id AS currentDeliveryId,next_even…

⎯⎯⎯⎯⎯⎯⎯⎯⎯⎯⎯⎯⎯⎯⎯⎯⎯⎯⎯⎯⎯⎯[10/17]⎯

 FAIL  tests/mission-v6-initialization.test.ts > fresh v6 mission initialization > atomically creates the mission, delivery context head and sequence-one event
Error: EPERM, Permission denied: \\?\C:\Users\ADMINI~1\AppData\Local\Temp\2\cockpit-v6-mission-YLqGnw '\\?\C:\Users\ADMINI~1\AppData\Local\Temp\2\cockpit-v6-mission-YLqGnw'
 ❯ tests/mission-v6-initialization.test.ts:30:5
     28| afterEach(() => {
     29|   for (const directory of directories.splice(0)) {
     30|     rmSync(directory, { force: true, recursive: true });
       |     ^
     31|   }
     32| });

⎯⎯⎯⎯⎯⎯⎯⎯⎯⎯⎯⎯⎯⎯⎯⎯⎯⎯⎯⎯⎯⎯[11/17]⎯

 FAIL  tests/mission-v6-initialization.test.ts > fresh v6 mission initialization > rolls back the mission when head or event initialization faults
Error: no such table: main.review_events
 ❯ tests/mission-v6-initialization.test.ts:76:14
     74|     const project = createProject("Rollback", path);
     75|     const database = openDatabase(path);
     76|     database.exec(`
       |              ^
     77|       CREATE TRIGGER inject_review_event_fault
     78|       BEFORE INSERT ON review_events

⎯⎯⎯⎯⎯⎯⎯⎯⎯⎯⎯⎯⎯⎯⎯⎯⎯⎯⎯⎯⎯⎯[12/17]⎯

 FAIL  tests/mission-v6-initialization.test.ts > fresh v6 mission initialization > rolls back the mission when head or event initialization faults
Error: EPERM, Permission denied: \\?\C:\Users\ADMINI~1\AppData\Local\Temp\2\cockpit-v6-mission-ccLcPi '\\?\C:\Users\ADMINI~1\AppData\Local\Temp\2\cockpit-v6-mission-ccLcPi'
 ❯ tests/mission-v6-initialization.test.ts:30:5
     28| afterEach(() => {
     29|   for (const directory of directories.splice(0)) {
     30|     rmSync(directory, { force: true, recursive: true });
       |     ^
     31|   }
     32| });

⎯⎯⎯⎯⎯⎯⎯⎯⎯⎯⎯⎯⎯⎯⎯⎯⎯⎯⎯⎯⎯⎯[13/17]⎯

 FAIL  tests/mission-v6-initialization.test.ts > fresh v6 mission initialization > has one concurrent create winner and leaves no orphan mission, head or event
Error: no such table: mission_delivery_heads
 ❯ tests/mission-v6-initialization.test.ts:107:21
    105|
    106|     const database = openDatabase(path);
    107|     expect(database.prepare(`
       |                     ^
    108|       SELECT
    109|         (SELECT COUNT(*) FROM missions) AS missions,

⎯⎯⎯⎯⎯⎯⎯⎯⎯⎯⎯⎯⎯⎯⎯⎯⎯⎯⎯⎯⎯⎯[14/17]⎯

 FAIL  tests/mission-v6-initialization.test.ts > fresh v6 mission initialization > has one concurrent create winner and leaves no orphan mission, head or event
Error: EPERM, Permission denied: \\?\C:\Users\ADMINI~1\AppData\Local\Temp\2\cockpit-v6-mission-jpE8XH '\\?\C:\Users\ADMINI~1\AppData\Local\Temp\2\cockpit-v6-mission-jpE8XH'
 ❯ tests/mission-v6-initialization.test.ts:30:5
     28| afterEach(() => {
     29|   for (const directory of directories.splice(0)) {
     30|     rmSync(directory, { force: true, recursive: true });
       |     ^
     31|   }
     32| });

⎯⎯⎯⎯⎯⎯⎯⎯⎯⎯⎯⎯⎯⎯⎯⎯⎯⎯⎯⎯⎯⎯[15/17]⎯

 FAIL  tests/mission-v6-initialization.test.ts > fresh v6 mission initialization > fails closed when a mission initialization fact is orphaned or version-drifted
Error: no such table: mission_delivery_heads
 ❯ tests/mission-v6-initialization.test.ts:124:12
    122|     const orphan = new DatabaseSync(orphanPath);
    123|     orphan.exec("PRAGMA foreign_keys=OFF");
    124|     orphan.exec("DELETE FROM mission_delivery_heads");
       |            ^
    125|     orphan.close();
    126|     expect(() => openDatabase(orphanPath))

⎯⎯⎯⎯⎯⎯⎯⎯⎯⎯⎯⎯⎯⎯⎯⎯⎯⎯⎯⎯⎯⎯[16/17]⎯

 FAIL  tests/mission-v6-initialization.test.ts > fresh v6 mission initialization > fails closed when a mission initialization fact is orphaned or version-drifted
Error: EPERM, Permission denied: \\?\C:\Users\ADMINI~1\AppData\Local\Temp\2\cockpit-v6-mission-ot3ceQ '\\?\C:\Users\ADMINI~1\AppData\Local\Temp\2\cockpit-v6-mission-ot3ceQ'
 ❯ tests/mission-v6-initialization.test.ts:30:5
     28| afterEach(() => {
     29|   for (const directory of directories.splice(0)) {
     30|     rmSync(directory, { force: true, recursive: true });
       |     ^
     31|   }
     32| });

⎯⎯⎯⎯⎯⎯⎯⎯⎯⎯⎯⎯⎯⎯⎯⎯⎯⎯⎯⎯⎯⎯[17/17]⎯


 Test Files  2 failed (2)
      Tests  9 failed (9)
   Start at  12:20:30
   Duration  3.82s (transform 310ms, setup 883ms, import 665ms, tests 1.60s, environment 3.71s)

# exit: 1
