# hf-gate-run
# label: t20-red
# command: npm.cmd test -- tests/review-outcomes-ui.test.tsx
# started: 2026-08-01T07:42:45+00:00

> collaboration-cockpit@0.1.0 test
> vitest run tests/review-outcomes-ui.test.tsx


 RUN  v4.1.10 D:/cool-ai

 ❯ tests/review-outcomes-ui.test.tsx (7 tests | 7 failed) 42ms
     × turns reject requirements into a new execution entry and keeps exact navigation 27ms
     × submits continue_review with owner draft and announces its outcome 3ms
     × submits rework with owner draft and announces its outcome 2ms
     × submits terminate_mission with owner draft and announces its outcome 2ms
     × preserves the owner draft on error and explains disabled operations 2ms
     × makes terminal, no-decision, stale and finalizing history unambiguous 2ms
     × covers loading, empty, error and keyboard tab order 2ms

⎯⎯⎯⎯⎯⎯⎯ Failed Tests 7 ⎯⎯⎯⎯⎯⎯⎯

 FAIL  tests/review-outcomes-ui.test.tsx > review outcomes and attempt history > turns reject requirements into a new execution entry and keeps exact navigation
 FAIL  tests/review-outcomes-ui.test.tsx > review outcomes and attempt history > submits continue_review with owner draft and announces its outcome
 FAIL  tests/review-outcomes-ui.test.tsx > review outcomes and attempt history > submits rework with owner draft and announces its outcome
 FAIL  tests/review-outcomes-ui.test.tsx > review outcomes and attempt history > submits terminate_mission with owner draft and announces its outcome
 FAIL  tests/review-outcomes-ui.test.tsx > review outcomes and attempt history > preserves the owner draft on error and explains disabled operations
 FAIL  tests/review-outcomes-ui.test.tsx > review outcomes and attempt history > makes terminal, no-decision, stale and finalizing history unambiguous
 FAIL  tests/review-outcomes-ui.test.tsx > review outcomes and attempt history > covers loading, empty, error and keyboard tab order
AssertionError: T-20 outcomes panel must exist: expected undefined to be type of 'function'

Expected: "function"
Received: "undefined"

 ❯ ReviewOutcomesPanel tests/review-outcomes-ui.test.tsx:39:55
     37| function ReviewOutcomesPanel(props: ReviewOutcomesPanelProps) {
     38|   const Component = optionalComponents.ReviewOutcomesPanel;
     39|   expect(Component, "T-20 outcomes panel must exist").toBeTypeOf("func…
       |                                                       ^
     40|   return <Component {...props} />;
     41| }
 ❯ Object.react_stack_bottom_frame node_modules/react-dom/cjs/react-dom-client.development.js:25904:20
 ❯ renderWithHooks node_modules/react-dom/cjs/react-dom-client.development.js:7662:22
 ❯ updateFunctionComponent node_modules/react-dom/cjs/react-dom-client.development.js:10166:19
 ❯ beginWork node_modules/react-dom/cjs/react-dom-client.development.js:11778:18
 ❯ runWithFiberInDEV node_modules/react-dom/cjs/react-dom-client.development.js:874:13
 ❯ performUnitOfWork node_modules/react-dom/cjs/react-dom-client.development.js:17641:22
 ❯ workLoopSync node_modules/react-dom/cjs/react-dom-client.development.js:17469:41
 ❯ renderRootSync node_modules/react-dom/cjs/react-dom-client.development.js:17450:11
 ❯ performWorkOnRoot node_modules/react-dom/cjs/react-dom-client.development.js:16583:35

⎯⎯⎯⎯⎯⎯⎯⎯⎯⎯⎯⎯⎯⎯⎯⎯⎯⎯⎯⎯⎯⎯⎯⎯[1/7]⎯


 Test Files  1 failed (1)
      Tests  7 failed (7)
   Start at  15:42:46
   Duration  3.29s (transform 110ms, setup 424ms, import 255ms, tests 42ms, environment 1.79s)

# exit: 1
