# hf-gate-run
# label: t21-red
# command: npm.cmd test -- tests/review-memory-ui.test.tsx
# started: 2026-08-01T07:48:46+00:00

> collaboration-cockpit@0.1.0 test
> vitest run tests/review-memory-ui.test.tsx


 RUN  v4.1.10 D:/cool-ai

 ❯ tests/review-memory-ui.test.tsx (5 tests | 4 failed) 540ms
     × shows all five types, actor responsibility, and exact source type/id/version links 226ms
     × orders immutable history and exposes supersedes and superseded-by navigation 73ms
     × shows created, dedup reused, and superseded review outcomes 7ms
     × keeps owner creation actor-proof and covers loading, empty, error, disabled, success and focus 17ms

⎯⎯⎯⎯⎯⎯⎯ Failed Tests 4 ⎯⎯⎯⎯⎯⎯⎯

 FAIL  tests/review-memory-ui.test.tsx > review memory UI > shows all five types, actor responsibility, and exact source type/id/version links
TestingLibraryElementError: Unable to find an element with the text: 经验. This could be because the text is broken up by multiple elements. In this case, you can provide a function for your text matcher to make your matcher more flexible.

Ignored nodes: comments, script, style
[36m<body>[39m
  [36m<div>[39m
    [36m<section[39m
      [33maria-labelledby[39m=[32m"memory-title-project-1"[39m
      [33mclass[39m=[32m"stack"[39m
    [36m>[39m
      [36m<h2[39m
        [33mid[39m=[32m"memory-title-project-1"[39m
      [36m>[39m
        [0m共享记忆[0m
      [36m</h2>[39m
      [36m<form[39m
        [33mclass[39m=[32m"stack memory-form"[39m
      [36m>[39m
        [36m<fieldset>[39m
          [36m<legend>[39m
            [0m记忆类型[0m
          [36m</legend>[39m
          [36m<div[39m
            [33mclass[39m=[32m"memory-type-options"[39m
          [36m>[39m
            [36m<label[39m
              [33mclass[39m=[32m"check-row"[39m
            [36m>[39m
              [36m<input[39m
                [33mchecked[39m=[32m""[39m
                [33mname[39m=[32m"memory-type-project-1"[39m
                [33mtype[39m=[32m"radio"[39m
                [33mvalue[39m=[32m"goal"[39m
              [36m/>[39m
              [36m<span>[39m
                [0m目标[0m
              [36m</span>[39m
            [36m</label>[39m
            [36m<label[39m
              [33mclass[39m=[32m"check-row"[39m
            [36m>[39m
              [36m<input[39m
                [33mname[39m=[32m"memory-type-project-1"[39m
                [33mtype[39m=[32m"radio"[39m
                [33mvalue[39m=[32m"decision"[39m
              [36m/>[39m
              [36m<span>[39m
                [0m决策[0m
              [36m</span>[39m
            [36m</label>[39m
            [36m<label[39m
              [33mclass[39m=[32m"check-row"[39m
            [36m>[39m
              [36m<input[39m
                [33mname[39m=[32m"memory-type-project-1"[39m
                [33mtype[39m=[32m"radio"[39m
                [33mvalue[39m=[32m"fact"[39m
              [36m/>[39m
              [36m<span>[39m
                [0m事实[0m
              [36m</span>[39m
            [36m</label>[39m
            [36m<label[39m
              [33mclass[39m=[32m"check-row"[39m
            [36m>[39m
              [36m<input[39m
                [33mname[39m=[32m"memory-type-project-1"[39m
                [33mtype[39m=[32m"radio"[39m
                [33mvalue[39m=[32m"artifact"[39m
              [36m/>[39m
              [36m<span>[39m
                [0m产物[0m
              [36m</span>[39m
            [36m</label>[39m
          [36m</div>[39m
        [36m</fieldset>[39m
        [36m<div[39m
          [33mclass[39m=[32m"form-field"[39m
        [36m>[39m
          [36m<label[39m
            [33mfor[39m=[32m"memory-content-project-1"[39m
          [36m>[39m
            [0m记忆正文[0m
          [36m</label>[39m
          [36m<textarea[39m
            [33mid[39m=[32m"memory-content-project-1"[39m
          [36m/>[39m
        [36m</div>[39m
        [36m<div[39m
          [33mclass[39m=[32m"form-field"[39m
        [36m>[39m
          [36m<label[39m
            [33mfor[39m=[32m"memory-source-type-project-1"[39m
          [36m>[39m
            [0m来源类型[0m
          [36m</label>[39m
          [36m<select[39m
            [33mid[39m=[32m"memory-source-type-project-1"[39m
          [36m>[39m
            [36m<option[39m
              [33mvalue[39m=[32m"owner_input"[39m
            [36m>[39m
              [0mOwner 输入[0m
            [36m</option>[39m
            [36m<option[39m
              [33mvalue[39m=[32m"work_item"[39m
            [36m>[39m
              [0m任务[0m
            [36m</option>[39m
            [36m<option[39m
              [33mvalue[39m=[32m"artifact_path"[39m
            [36m>[39m
              [0m产物路径[0m
            [36m</option>[39m
          [36m</select>[39m
        [36m</div>[39m
        [36m<div[39m
          [33mclass[39m=[32m"form-field"[39m
        [36m>[39m
          [36m<label[39m
            [33mfor[39m=[32m"memory-source-ref-project-1"[39m
          [36m>[39m
            [0m来源引用[0m
          [36m</label>[39m
          [36m<input[39m
            [33mid[39m=[32m"memory-source-ref-project-1"[39m
            [33mvalue[39m=[32m""[39m
          [36m/>[39m
        [36m</div>[39m
        [36m<div[39m
          [33mclass[39m=[32m"form-field"[39m
        [36m>[39m
          [36m<label[39m
            [33mfor[39m=[32m"memory-supersede-project-1"[39m
          [36m>[39m
            [0m取代旧记忆[0m
          [36m</label>[39m
          [36m<select[39m
            [33mid[39m=[32m"memory-supersede-project-1"[39m
          [36m>[39m
            [36m<option[39m
              [33mvalue[39m=[32m""[39m
            [36m>[39m
              [0m不取代[0m
            [36m</option>[39m
            [36m<option[39m
              [33mvalue[39m=[32m"goal-1"[39m
            [36m>[39m
              [0mShip a reviewable result[0m
            [36m</option>[39m
          [36m</select>[39m
        [36m</div>[39m
        [36m<button[39m
          [33mtype[39m=[32m"submit"[39m
        [36m>[39m
          [0m保存记忆[0m
        [36m</button>[39m
      [36m</form>[39m
      [36m<button[39m
        [33mtype[39m=[32m"button"[39m
      [36m>[39m
        [0m查看历史记忆[0m
      [36m</button>[39m
      [36m<ul[39m
        [33maria-label[39m=[32m"Active 共享记忆"[39m
        [33mclass[39m=[32m"stack memory-list"[39m
      [36m>[39m
        [36m<li[39m
          [33mclass[39m=[32m"task-summary stack"[39m
        [36m>[39m
          [36m<h3[39m
            [33mtabindex[39m=[32m"-1"[39m
          [36m>[39m
            [0mShip a reviewable result[0m
          [36m</h3>[39m
          [36m<p>[39m
            [0m目标[0m
            [0m ·[0m
            [0m [0m
            [0m · [0m
          [36m</p>[39m
          [36m<p>[39m
            [0m创建者：owner[0m
          [36m</p>[39m
          [36m<p>[39m
            [0mActive[0m
          [36m</p>[39m
        [36m</li>[39m
        [36m<li[39m
          [33mclass[39m=[32m"task-summary stack"[39m
        [36m>[39m
          [36m<h3[39m
            [33mtabindex[39m=[32m"-1"[39m
          [36m>[39m
            [0mdecision from task[0m
          [36m</h3>[39m
          [36m<p>[39m
            [0m决策[0m
            [0m ·[0m
            [0m [0m
            [0m · [0m
          [36m</p>[39m
          [36m<p>[39m
            [0m创建者：owner[0m
          [36m</p>[39m
          [36m<p>[39m
            [0mActive[0m
          [36m</p>[39m
        [36m</li>[39m
        [36m<li[39m
          [33mclass[39m=[32m"task-summary stack"[39m
        [36m>[39m
          [36m<h3[39m
            [33mtabindex[39m=[32m"-1"[39m
          [36m>[39m
            [0mfact from result[0m
          [36m</h3>[39m
          [36m<p>[39m
            [0m事实[0m
            [0m ·[0m
            [0m [0m
            [0m · [0m
          [36m</p>[39m
          [36m<p>[39m
            [0m创建者：owner[0m
          [36m</p>[39m
          [36m<p>[39m
            [0mActive[0m
          [36m</p>[39m
        [36m</li>[39m
        [36m<li[39m
          [33mclass[39m=[32m"task-summary stack"[39m
        [36m>[39m
          [36m<h3[39m
            [33mtabindex[39m=[32m"-1"[39m
          [36m>[39m
            [0martifact from artifact[0m
          [36m</h3>[39m
          [36m<p>[39m
            [0m产物[0m
            [0m ·[0m
            [0m [0m
            [0m · [0m
          [36m</p>[39m
          [36m<p>[39m
            [0m创建者：owner[0m
          [36m</p>[39m
          [36m<p>[39m
            [0mActive[0m
          [36m</p>[39m
        [36m</li>[39m
        [36m<li[39m
          [33mclass[39m=[32m"task-summary stack"[39m
        [36m>[39m
          [36m<h3[39m
            [33mtabindex[39m=[32m"-1"[39m
          [36m>[39m
            [0mexperience from validation[0m
          [36m</h3>[39m
          [36m<p>[39m
            [0m ·[0m
            [0m [0m
            [0m · [0m
          [36m</p>[39m
          [36m<p>[39m
            [0m创建者：owner[0m
          [36m</p>[39m
          [36m<p>[39m
            [0mActive[0m
          [36m</p>[39m
        [36m</li>[39m
        [36m<li[39m
          [33mclass[39m=[32m"task-summary stack"[39m
        [36m>[39m
          [36m<h3[39m
            [33mtabindex[39m=[32m"-1"[39m
          [36m>[39m
            [0mfact from review[0m
          [36m</h3>[39m
          [36m<p>[39m
            [0m事实[0m
            [0m ·[0m
            [0m [0m
            [0m · [0m
          [36m</p>[39m
          [36m<p>[39m
            [0m创建者：owner[0m
          [36m</p>[39m
          [36m<p>[39m
            [0mActive[0m
          [36m</p>[39m
        [36m</li>[39m
      [36m</ul>[39m
    [36m</section>[39m
  [36m</div>[39m
[36m</body>[39m
 ❯ Object.getElementError node_modules/@testing-library/dom/dist/config.js:37:19
 ❯ node_modules/@testing-library/dom/dist/query-helpers.js:76:38
 ❯ node_modules/@testing-library/dom/dist/query-helpers.js:109:15
 ❯ tests/review-memory-ui.test.tsx:132:21
    130|       .toBeInTheDocument();
    131|     for (const label of ["目标", "决策", "事实", "产物", "经验"]) {
    132|       expect(screen.getAllByText(label, { exact: true }).length).toBeG…
       |                     ^
    133|     }
    134|     expect(screen.getByText("Owner 提议 · 平台持久化")).toBeInTheDocument();

⎯⎯⎯⎯⎯⎯⎯⎯⎯⎯⎯⎯⎯⎯⎯⎯⎯⎯⎯⎯⎯⎯⎯⎯[1/4]⎯

 FAIL  tests/review-memory-ui.test.tsx > review memory UI > orders immutable history and exposes supersedes and superseded-by navigation
AssertionError: expected [ null, null ] to deeply equal [ 'memory fact-old', …(1) ]

- Expected
+ Received

  [
-   "memory fact-old",
-   "memory fact-current",
+   null,
+   null,
  ]

 ❯ tests/review-memory-ui.test.tsx:174:66
    172|     const history = await screen.findByRole("list", { name: "共享记忆历史" }…
    173|     const items = within(history).getAllByRole("listitem");
    174|     expect(items.map((item) => item.getAttribute("aria-label"))).toEqu…
       |                                                                  ^
    175|       "memory fact-old",
    176|       "memory fact-current",

⎯⎯⎯⎯⎯⎯⎯⎯⎯⎯⎯⎯⎯⎯⎯⎯⎯⎯⎯⎯⎯⎯⎯⎯[2/4]⎯

 FAIL  tests/review-memory-ui.test.tsx > review memory UI > shows created, dedup reused, and superseded review outcomes
AssertionError: T-21 review memory association UI must exist: expected undefined to be type of 'function'

Expected: "function"
Received: "undefined"

 ❯ ReviewMemoryAssociations tests/review-memory-ui.test.tsx:26:69
     24| function ReviewMemoryAssociations(props: ReviewMemoryAssociationsProps…
     25|   const Component = optionalReviewComponents.ReviewMemoryAssociations;
     26|   expect(Component, "T-21 review memory association UI must exist").to…
       |                                                                     ^
     27|   return <Component {...props} />;
     28| }
 ❯ Object.react_stack_bottom_frame node_modules/react-dom/cjs/react-dom-client.development.js:25904:20
 ❯ renderWithHooks node_modules/react-dom/cjs/react-dom-client.development.js:7662:22
 ❯ updateFunctionComponent node_modules/react-dom/cjs/react-dom-client.development.js:10166:19
 ❯ beginWork node_modules/react-dom/cjs/react-dom-client.development.js:11778:18
 ❯ runWithFiberInDEV node_modules/react-dom/cjs/react-dom-client.development.js:874:13
 ❯ performUnitOfWork node_modules/react-dom/cjs/react-dom-client.development.js:17641:22
 ❯ workLoopSync node_modules/react-dom/cjs/react-dom-client.development.js:17469:41
 ❯ renderRootSync node_modules/react-dom/cjs/react-dom-client.development.js:17450:11
 ❯ performWorkOnRoot node_modules/react-dom/cjs/react-dom-client.development.js:16583:35

⎯⎯⎯⎯⎯⎯⎯⎯⎯⎯⎯⎯⎯⎯⎯⎯⎯⎯⎯⎯⎯⎯⎯⎯[3/4]⎯

 FAIL  tests/review-memory-ui.test.tsx > review memory UI > keeps owner creation actor-proof and covers loading, empty, error, disabled, success and focus
Error: expect(element).toBeDisabled()

Received element is not disabled:
  <button
  type="submit"
/>
 ❯ tests/review-memory-ui.test.tsx:239:58
    237|     render(<MemoryPanel projectId="project-1" />);
    238|     expect(screen.getByText("正在加载共享记忆…")).toHaveAttribute("aria-busy",…
    239|     expect(screen.getByRole("button", { name: "保存记忆" })).toBeDisabled(…
       |                                                          ^
    240|     await act(async () => resolveLoad(Response.json({ memories: [] }))…
    241|     expect(await screen.findByText("尚无共享记忆。")).toBeInTheDocument();

⎯⎯⎯⎯⎯⎯⎯⎯⎯⎯⎯⎯⎯⎯⎯⎯⎯⎯⎯⎯⎯⎯⎯⎯[4/4]⎯


 Test Files  1 failed (1)
      Tests  4 failed | 1 passed (5)
   Start at  15:48:47
   Duration  3.31s (transform 144ms, setup 424ms, import 289ms, tests 540ms, environment 1.77s)

# exit: 1
