# hf-gate-run
# label: t24-baseline-diagnostic
# command: npm test -- tests/turn-finalize.test.ts
# started: 2026-08-01T09:09:57+00:00

> collaboration-cockpit@0.1.0 test
> vitest run tests/turn-finalize.test.ts


 RUN  v4.1.10 D:/cool-ai

(node:11600) ExperimentalWarning: SQLite is an experimental feature and might change at any time
(Use `node --trace-warnings ...` to show where the warning was created)
 ❯ tests/turn-finalize.test.ts (18 tests | 18 failed) 5175ms
     × commits only with calling status, token, live lease, running epoch, and recomputed context hash 453ms
     × pause discards business results while retaining allowed call audit 275ms
     × stop discards business results while retaining allowed call audit 273ms
     × epoch discards business results while retaining allowed call audit 277ms
     × expired discards business results while retaining allowed call audit 277ms
     × discards on recomputed context hash mismatch and pauses the running run 277ms
     × rejects a mismatched lease token with affected rows zero and no durable writes 277ms
     × persists exact public provider failure, completes pending receipt, and records every call/valid usage 277ms
     × persists exact public usage failure, completes pending receipt, and records every call/valid usage 298ms
     × persists exact public schema failure, completes pending receipt, and records every call/valid usage 296ms
     × rolls back a business failure, then completes the pending receipt in a short failure transaction 287ms
     × durably sanitizes unexpected business exception as failed/internal_failure and makes a late finalizer a no-op 284ms
     × durably sanitizes SQLite persistence exception as failed/internal_failure and makes a late finalizer a no-op 274ms
     × persists provider credential and verification generations on auth failure 273ms
     × a late finalizer after a committed terminal attempt reads the durable receipt and changes nothing 266ms
     × a late finalizer after a failed terminal attempt reads the durable receipt and changes nothing 270ms
     × a late finalizer after a discarded terminal attempt reads the durable receipt and changes nothing 274ms
     × keeps the advance receipt request hash and identity unchanged 264ms

⎯⎯⎯⎯⎯⎯ Failed Tests 18 ⎯⎯⎯⎯⎯⎯⎯

 FAIL  tests/turn-finalize.test.ts > attempt finalize CAS > commits only with calling status, token, live lease, running epoch, and recomputed context hash
SchemaMigrationError: Database version 6 schema is invalid.
 ❯ migrateDatabase src/server/migrations.ts:1375:13
    1373|     const validation = validateV6(database);
    1374|     if (validation) {
    1375|       throw new SchemaMigrationError(
       |             ^
    1376|         validation,
    1377|         "Database version 6 schema is invalid.",
 ❯ openDatabase src/server/db.ts:14:5
 ❯ reconcileExpiredAttempt src/server/collaboration/turn-orchestrator.ts:600:20
 ❯ Module.acquireAdvance src/server/collaboration/turn-orchestrator.ts:1212:3
 ❯ acquire tests/turn-finalize.test.ts:312:33
 ❯ tests/turn-finalize.test.ts:448:5

⎯⎯⎯⎯⎯⎯⎯⎯⎯⎯⎯⎯⎯⎯⎯⎯⎯⎯⎯⎯⎯⎯⎯[1/18]⎯

 FAIL  tests/turn-finalize.test.ts > attempt finalize CAS > pause discards business results while retaining allowed call audit
 FAIL  tests/turn-finalize.test.ts > attempt finalize CAS > stop discards business results while retaining allowed call audit
 FAIL  tests/turn-finalize.test.ts > attempt finalize CAS > epoch discards business results while retaining allowed call audit
 FAIL  tests/turn-finalize.test.ts > attempt finalize CAS > expired discards business results while retaining allowed call audit
SchemaMigrationError: Database version 6 schema is invalid.
 ❯ migrateDatabase src/server/migrations.ts:1375:13
    1373|     const validation = validateV6(database);
    1374|     if (validation) {
    1375|       throw new SchemaMigrationError(
       |             ^
    1376|         validation,
    1377|         "Database version 6 schema is invalid.",
 ❯ openDatabase src/server/db.ts:14:5
 ❯ reconcileExpiredAttempt src/server/collaboration/turn-orchestrator.ts:600:20
 ❯ Module.acquireAdvance src/server/collaboration/turn-orchestrator.ts:1212:3
 ❯ acquire tests/turn-finalize.test.ts:312:33
 ❯ tests/turn-finalize.test.ts:482:7

⎯⎯⎯⎯⎯⎯⎯⎯⎯⎯⎯⎯⎯⎯⎯⎯⎯⎯⎯⎯⎯⎯⎯[2/18]⎯

 FAIL  tests/turn-finalize.test.ts > attempt finalize CAS > discards on recomputed context hash mismatch and pauses the running run
SchemaMigrationError: Database version 6 schema is invalid.
 ❯ migrateDatabase src/server/migrations.ts:1375:13
    1373|     const validation = validateV6(database);
    1374|     if (validation) {
    1375|       throw new SchemaMigrationError(
       |             ^
    1376|         validation,
    1377|         "Database version 6 schema is invalid.",
 ❯ openDatabase src/server/db.ts:14:5
 ❯ reconcileExpiredAttempt src/server/collaboration/turn-orchestrator.ts:600:20
 ❯ Module.acquireAdvance src/server/collaboration/turn-orchestrator.ts:1212:3
 ❯ acquire tests/turn-finalize.test.ts:312:33
 ❯ tests/turn-finalize.test.ts:514:5

⎯⎯⎯⎯⎯⎯⎯⎯⎯⎯⎯⎯⎯⎯⎯⎯⎯⎯⎯⎯⎯⎯⎯[3/18]⎯

 FAIL  tests/turn-finalize.test.ts > attempt finalize CAS > rejects a mismatched lease token with affected rows zero and no durable writes
SchemaMigrationError: Database version 6 schema is invalid.
 ❯ migrateDatabase src/server/migrations.ts:1375:13
    1373|     const validation = validateV6(database);
    1374|     if (validation) {
    1375|       throw new SchemaMigrationError(
       |             ^
    1376|         validation,
    1377|         "Database version 6 schema is invalid.",
 ❯ openDatabase src/server/db.ts:14:5
 ❯ reconcileExpiredAttempt src/server/collaboration/turn-orchestrator.ts:600:20
 ❯ Module.acquireAdvance src/server/collaboration/turn-orchestrator.ts:1212:3
 ❯ acquire tests/turn-finalize.test.ts:312:33
 ❯ tests/turn-finalize.test.ts:542:5

⎯⎯⎯⎯⎯⎯⎯⎯⎯⎯⎯⎯⎯⎯⎯⎯⎯⎯⎯⎯⎯⎯⎯[4/18]⎯

 FAIL  tests/turn-finalize.test.ts > attempt finalize CAS > persists exact public provider failure, completes pending receipt, and records every call/valid usage
 FAIL  tests/turn-finalize.test.ts > attempt finalize CAS > persists exact public usage failure, completes pending receipt, and records every call/valid usage
 FAIL  tests/turn-finalize.test.ts > attempt finalize CAS > persists exact public schema failure, completes pending receipt, and records every call/valid usage
SchemaMigrationError: Database version 6 schema is invalid.
 ❯ migrateDatabase src/server/migrations.ts:1375:13
    1373|     const validation = validateV6(database);
    1374|     if (validation) {
    1375|       throw new SchemaMigrationError(
       |             ^
    1376|         validation,
    1377|         "Database version 6 schema is invalid.",
 ❯ openDatabase src/server/db.ts:14:5
 ❯ reconcileExpiredAttempt src/server/collaboration/turn-orchestrator.ts:600:20
 ❯ Module.acquireAdvance src/server/collaboration/turn-orchestrator.ts:1212:3
 ❯ acquire tests/turn-finalize.test.ts:312:33
 ❯ tests/turn-finalize.test.ts:588:7

⎯⎯⎯⎯⎯⎯⎯⎯⎯⎯⎯⎯⎯⎯⎯⎯⎯⎯⎯⎯⎯⎯⎯[5/18]⎯

 FAIL  tests/turn-finalize.test.ts > attempt finalize CAS > rolls back a business failure, then completes the pending receipt in a short failure transaction
SchemaMigrationError: Database version 6 schema is invalid.
 ❯ migrateDatabase src/server/migrations.ts:1375:13
    1373|     const validation = validateV6(database);
    1374|     if (validation) {
    1375|       throw new SchemaMigrationError(
       |             ^
    1376|         validation,
    1377|         "Database version 6 schema is invalid.",
 ❯ openDatabase src/server/db.ts:14:5
 ❯ reconcileExpiredAttempt src/server/collaboration/turn-orchestrator.ts:600:20
 ❯ Module.acquireAdvance src/server/collaboration/turn-orchestrator.ts:1212:3
 ❯ acquire tests/turn-finalize.test.ts:312:33
 ❯ tests/turn-finalize.test.ts:610:5

⎯⎯⎯⎯⎯⎯⎯⎯⎯⎯⎯⎯⎯⎯⎯⎯⎯⎯⎯⎯⎯⎯⎯[6/18]⎯

 FAIL  tests/turn-finalize.test.ts > attempt finalize CAS > durably sanitizes unexpected business exception as failed/internal_failure and makes a late finalizer a no-op
 FAIL  tests/turn-finalize.test.ts > attempt finalize CAS > durably sanitizes SQLite persistence exception as failed/internal_failure and makes a late finalizer a no-op
SchemaMigrationError: Database version 6 schema is invalid.
 ❯ migrateDatabase src/server/migrations.ts:1375:13
    1373|     const validation = validateV6(database);
    1374|     if (validation) {
    1375|       throw new SchemaMigrationError(
       |             ^
    1376|         validation,
    1377|         "Database version 6 schema is invalid.",
 ❯ openDatabase src/server/db.ts:14:5
 ❯ reconcileExpiredAttempt src/server/collaboration/turn-orchestrator.ts:600:20
 ❯ Module.acquireAdvance src/server/collaboration/turn-orchestrator.ts:1212:3
 ❯ acquire tests/turn-finalize.test.ts:312:33
 ❯ tests/turn-finalize.test.ts:676:7

⎯⎯⎯⎯⎯⎯⎯⎯⎯⎯⎯⎯⎯⎯⎯⎯⎯⎯⎯⎯⎯⎯⎯[7/18]⎯

 FAIL  tests/turn-finalize.test.ts > attempt finalize CAS > persists provider credential and verification generations on auth failure
SchemaMigrationError: Database version 6 schema is invalid.
 ❯ migrateDatabase src/server/migrations.ts:1375:13
    1373|     const validation = validateV6(database);
    1374|     if (validation) {
    1375|       throw new SchemaMigrationError(
       |             ^
    1376|         validation,
    1377|         "Database version 6 schema is invalid.",
 ❯ openDatabase src/server/db.ts:14:5
 ❯ reconcileExpiredAttempt src/server/collaboration/turn-orchestrator.ts:600:20
 ❯ Module.acquireAdvance src/server/collaboration/turn-orchestrator.ts:1212:3
 ❯ acquire tests/turn-finalize.test.ts:312:33
 ❯ tests/turn-finalize.test.ts:707:5

⎯⎯⎯⎯⎯⎯⎯⎯⎯⎯⎯⎯⎯⎯⎯⎯⎯⎯⎯⎯⎯⎯⎯[8/18]⎯

 FAIL  tests/turn-finalize.test.ts > attempt finalize CAS > a late finalizer after a committed terminal attempt reads the durable receipt and changes nothing
 FAIL  tests/turn-finalize.test.ts > attempt finalize CAS > a late finalizer after a failed terminal attempt reads the durable receipt and changes nothing
 FAIL  tests/turn-finalize.test.ts > attempt finalize CAS > a late finalizer after a discarded terminal attempt reads the durable receipt and changes nothing
SchemaMigrationError: Database version 6 schema is invalid.
 ❯ migrateDatabase src/server/migrations.ts:1375:13
    1373|     const validation = validateV6(database);
    1374|     if (validation) {
    1375|       throw new SchemaMigrationError(
       |             ^
    1376|         validation,
    1377|         "Database version 6 schema is invalid.",
 ❯ openDatabase src/server/db.ts:14:5
 ❯ reconcileExpiredAttempt src/server/collaboration/turn-orchestrator.ts:600:20
 ❯ Module.acquireAdvance src/server/collaboration/turn-orchestrator.ts:1212:3
 ❯ acquire tests/turn-finalize.test.ts:312:33
 ❯ tests/turn-finalize.test.ts:756:7

⎯⎯⎯⎯⎯⎯⎯⎯⎯⎯⎯⎯⎯⎯⎯⎯⎯⎯⎯⎯⎯⎯⎯[9/18]⎯

 FAIL  tests/turn-finalize.test.ts > attempt finalize CAS > keeps the advance receipt request hash and identity unchanged
SchemaMigrationError: Database version 6 schema is invalid.
 ❯ migrateDatabase src/server/migrations.ts:1375:13
    1373|     const validation = validateV6(database);
    1374|     if (validation) {
    1375|       throw new SchemaMigrationError(
       |             ^
    1376|         validation,
    1377|         "Database version 6 schema is invalid.",
 ❯ openDatabase src/server/db.ts:14:5
 ❯ reconcileExpiredAttempt src/server/collaboration/turn-orchestrator.ts:600:20
 ❯ Module.acquireAdvance src/server/collaboration/turn-orchestrator.ts:1212:3
 ❯ acquire tests/turn-finalize.test.ts:312:33
 ❯ tests/turn-finalize.test.ts:773:5

⎯⎯⎯⎯⎯⎯⎯⎯⎯⎯⎯⎯⎯⎯⎯⎯⎯⎯⎯⎯⎯⎯[10/18]⎯


 Test Files  1 failed (1)
      Tests  18 failed (18)
   Start at  17:09:58
   Duration  8.06s (transform 285ms, setup 429ms, import 337ms, tests 5.18s, environment 1.84s)

# exit: 1
