# hf-gate-run
# label: t24-regression
# command: npm test -- tests/review-orchestrator.test.ts tests/review-finalize-replay.test.ts tests/review-fault-injection.test.ts tests/review-errors.test.ts tests/review-redaction.test.ts
# started: 2026-08-01T09:05:44+00:00

> collaboration-cockpit@0.1.0 test
> vitest run tests/review-orchestrator.test.ts tests/review-finalize-replay.test.ts tests/review-fault-injection.test.ts tests/review-errors.test.ts tests/review-redaction.test.ts


 RUN  v4.1.10 D:/cool-ai

(node:16204) ExperimentalWarning: SQLite is an experimental feature and might change at any time
(Use `node --trace-warnings ...` to show where the warning was created)
(node:14156) ExperimentalWarning: SQLite is an experimental feature and might change at any time
(Use `node --trace-warnings ...` to show where the warning was created)
(node:12412) ExperimentalWarning: SQLite is an experimental feature and might change at any time
(Use `node --trace-warnings ...` to show where the warning was created)
(node:7780) ExperimentalWarning: SQLite is an experimental feature and might change at any time
(Use `node --trace-warnings ...` to show where the warning was created)

 Test Files  5 passed (5)
      Tests  34 passed (34)
   Start at  17:05:45
   Duration  6.22s (transform 972ms, setup 2.91s, import 1.13s, tests 6.10s, environment 11.28s)

# exit: 0
