# hf-gate-run
# label: t24-isolation-regression
# command: npm test -- tests/review-production-application.test.ts tests/turn-finalize.test.ts tests/validation-policy.test.ts
# started: 2026-08-01T09:09:36+00:00

> collaboration-cockpit@0.1.0 test
> vitest run tests/review-production-application.test.ts tests/turn-finalize.test.ts tests/validation-policy.test.ts


 RUN  v4.1.10 D:/cool-ai

(node:15408) ExperimentalWarning: SQLite is an experimental feature and might change at any time
(Use `node --trace-warnings ...` to show where the warning was created)
(node:1148) ExperimentalWarning: SQLite is an experimental feature and might change at any time
(Use `node --trace-warnings ...` to show where the warning was created)
(node:8412) ExperimentalWarning: SQLite is an experimental feature and might change at any time
(Use `node --trace-warnings ...` to show where the warning was created)
 ❯ tests/validation-policy.test.ts (6 tests | 2 failed) 2216ms
     × retains history and frozen references across restart until project deletion 434ms
     × rejects validation facts that do not belong to the attempt's frozen revision 441ms
 ❯ tests/turn-finalize.test.ts (18 tests | 18 failed) 5208ms
     × commits only with calling status, token, live lease, running epoch, and recomputed context hash 469ms
     × pause discards business results while retaining allowed call audit 287ms
     × stop discards business results while retaining allowed call audit 286ms
     × epoch discards business results while retaining allowed call audit 291ms
     × expired discards business results while retaining allowed call audit 296ms
     × discards on recomputed context hash mismatch and pauses the running run 283ms
     × rejects a mismatched lease token with affected rows zero and no durable writes 279ms
     × persists exact public provider failure, completes pending receipt, and records every call/valid usage 285ms
     × persists exact public usage failure, completes pending receipt, and records every call/valid usage 289ms
     × persists exact public schema failure, completes pending receipt, and records every call/valid usage 274ms
     × rolls back a business failure, then completes the pending receipt in a short failure transaction 273ms
     × durably sanitizes unexpected business exception as failed/internal_failure and makes a late finalizer a no-op 275ms
     × durably sanitizes SQLite persistence exception as failed/internal_failure and makes a late finalizer a no-op 266ms
     × persists provider credential and verification generations on auth failure 268ms
     × a late finalizer after a committed terminal attempt reads the durable receipt and changes nothing 272ms
     × a late finalizer after a failed terminal attempt reads the durable receipt and changes nothing 273ms
     × a late finalizer after a discarded terminal attempt reads the durable receipt and changes nothing 275ms
     × keeps the advance receipt request hash and identity unchanged 263ms

⎯⎯⎯⎯⎯⎯ Failed Tests 20 ⎯⎯⎯⎯⎯⎯⎯

 FAIL  tests/turn-finalize.test.ts > attempt finalize CAS > commits only with calling status, token, live lease, running epoch, and recomputed context hash
SchemaMigrationError: Database version 6 schema is invalid.
 ❯ migrateDatabase src/server/migrations.ts:1375:13
    1373|     const validation = validateV6(database);
    1374|     if (validation) {
    1375|       throw new SchemaMigrationError(
       |             ^
    1376|         validation,
    1377|         "Database version 6 schema is invalid.",
 ❯ openDatabase src/server/db.ts:14:5
 ❯ reconcileExpiredAttempt src/server/collaboration/turn-orchestrator.ts:600:20
 ❯ Module.acquireAdvance src/server/collaboration/turn-orchestrator.ts:1212:3
 ❯ acquire tests/turn-finalize.test.ts:312:33
 ❯ tests/turn-finalize.test.ts:448:5

⎯⎯⎯⎯⎯⎯⎯⎯⎯⎯⎯⎯⎯⎯⎯⎯⎯⎯⎯⎯⎯⎯⎯[1/21]⎯

 FAIL  tests/turn-finalize.test.ts > attempt finalize CAS > pause discards business results while retaining allowed call audit
 FAIL  tests/turn-finalize.test.ts > attempt finalize CAS > stop discards business results while retaining allowed call audit
 FAIL  tests/turn-finalize.test.ts > attempt finalize CAS > epoch discards business results while retaining allowed call audit
 FAIL  tests/turn-finalize.test.ts > attempt finalize CAS > expired discards business results while retaining allowed call audit
SchemaMigrationError: Database version 6 schema is invalid.
 ❯ migrateDatabase src/server/migrations.ts:1375:13
    1373|     const validation = validateV6(database);
    1374|     if (validation) {
    1375|       throw new SchemaMigrationError(
       |             ^
    1376|         validation,
    1377|         "Database version 6 schema is invalid.",
 ❯ openDatabase src/server/db.ts:14:5
 ❯ reconcileExpiredAttempt src/server/collaboration/turn-orchestrator.ts:600:20
 ❯ Module.acquireAdvance src/server/collaboration/turn-orchestrator.ts:1212:3
 ❯ acquire tests/turn-finalize.test.ts:312:33
 ❯ tests/turn-finalize.test.ts:482:7

⎯⎯⎯⎯⎯⎯⎯⎯⎯⎯⎯⎯⎯⎯⎯⎯⎯⎯⎯⎯⎯⎯⎯[2/21]⎯

 FAIL  tests/turn-finalize.test.ts > attempt finalize CAS > discards on recomputed context hash mismatch and pauses the running run
SchemaMigrationError: Database version 6 schema is invalid.
 ❯ migrateDatabase src/server/migrations.ts:1375:13
    1373|     const validation = validateV6(database);
    1374|     if (validation) {
    1375|       throw new SchemaMigrationError(
       |             ^
    1376|         validation,
    1377|         "Database version 6 schema is invalid.",
 ❯ openDatabase src/server/db.ts:14:5
 ❯ reconcileExpiredAttempt src/server/collaboration/turn-orchestrator.ts:600:20
 ❯ Module.acquireAdvance src/server/collaboration/turn-orchestrator.ts:1212:3
 ❯ acquire tests/turn-finalize.test.ts:312:33
 ❯ tests/turn-finalize.test.ts:514:5

⎯⎯⎯⎯⎯⎯⎯⎯⎯⎯⎯⎯⎯⎯⎯⎯⎯⎯⎯⎯⎯⎯⎯[3/21]⎯

 FAIL  tests/turn-finalize.test.ts > attempt finalize CAS > rejects a mismatched lease token with affected rows zero and no durable writes
SchemaMigrationError: Database version 6 schema is invalid.
 ❯ migrateDatabase src/server/migrations.ts:1375:13
    1373|     const validation = validateV6(database);
    1374|     if (validation) {
    1375|       throw new SchemaMigrationError(
       |             ^
    1376|         validation,
    1377|         "Database version 6 schema is invalid.",
 ❯ openDatabase src/server/db.ts:14:5
 ❯ reconcileExpiredAttempt src/server/collaboration/turn-orchestrator.ts:600:20
 ❯ Module.acquireAdvance src/server/collaboration/turn-orchestrator.ts:1212:3
 ❯ acquire tests/turn-finalize.test.ts:312:33
 ❯ tests/turn-finalize.test.ts:542:5

⎯⎯⎯⎯⎯⎯⎯⎯⎯⎯⎯⎯⎯⎯⎯⎯⎯⎯⎯⎯⎯⎯⎯[4/21]⎯

 FAIL  tests/turn-finalize.test.ts > attempt finalize CAS > persists exact public provider failure, completes pending receipt, and records every call/valid usage
 FAIL  tests/turn-finalize.test.ts > attempt finalize CAS > persists exact public usage failure, completes pending receipt, and records every call/valid usage
 FAIL  tests/turn-finalize.test.ts > attempt finalize CAS > persists exact public schema failure, completes pending receipt, and records every call/valid usage
SchemaMigrationError: Database version 6 schema is invalid.
 ❯ migrateDatabase src/server/migrations.ts:1375:13
    1373|     const validation = validateV6(database);
    1374|     if (validation) {
    1375|       throw new SchemaMigrationError(
       |             ^
    1376|         validation,
    1377|         "Database version 6 schema is invalid.",
 ❯ openDatabase src/server/db.ts:14:5
 ❯ reconcileExpiredAttempt src/server/collaboration/turn-orchestrator.ts:600:20
 ❯ Module.acquireAdvance src/server/collaboration/turn-orchestrator.ts:1212:3
 ❯ acquire tests/turn-finalize.test.ts:312:33
 ❯ tests/turn-finalize.test.ts:588:7

⎯⎯⎯⎯⎯⎯⎯⎯⎯⎯⎯⎯⎯⎯⎯⎯⎯⎯⎯⎯⎯⎯⎯[5/21]⎯

 FAIL  tests/turn-finalize.test.ts > attempt finalize CAS > rolls back a business failure, then completes the pending receipt in a short failure transaction
SchemaMigrationError: Database version 6 schema is invalid.
 ❯ migrateDatabase src/server/migrations.ts:1375:13
    1373|     const validation = validateV6(database);
    1374|     if (validation) {
    1375|       throw new SchemaMigrationError(
       |             ^
    1376|         validation,
    1377|         "Database version 6 schema is invalid.",
 ❯ openDatabase src/server/db.ts:14:5
 ❯ reconcileExpiredAttempt src/server/collaboration/turn-orchestrator.ts:600:20
 ❯ Module.acquireAdvance src/server/collaboration/turn-orchestrator.ts:1212:3
 ❯ acquire tests/turn-finalize.test.ts:312:33
 ❯ tests/turn-finalize.test.ts:610:5

⎯⎯⎯⎯⎯⎯⎯⎯⎯⎯⎯⎯⎯⎯⎯⎯⎯⎯⎯⎯⎯⎯⎯[6/21]⎯

 FAIL  tests/turn-finalize.test.ts > attempt finalize CAS > durably sanitizes unexpected business exception as failed/internal_failure and makes a late finalizer a no-op
 FAIL  tests/turn-finalize.test.ts > attempt finalize CAS > durably sanitizes SQLite persistence exception as failed/internal_failure and makes a late finalizer a no-op
SchemaMigrationError: Database version 6 schema is invalid.
 ❯ migrateDatabase src/server/migrations.ts:1375:13
    1373|     const validation = validateV6(database);
    1374|     if (validation) {
    1375|       throw new SchemaMigrationError(
       |             ^
    1376|         validation,
    1377|         "Database version 6 schema is invalid.",
 ❯ openDatabase src/server/db.ts:14:5
 ❯ reconcileExpiredAttempt src/server/collaboration/turn-orchestrator.ts:600:20
 ❯ Module.acquireAdvance src/server/collaboration/turn-orchestrator.ts:1212:3
 ❯ acquire tests/turn-finalize.test.ts:312:33
 ❯ tests/turn-finalize.test.ts:676:7

⎯⎯⎯⎯⎯⎯⎯⎯⎯⎯⎯⎯⎯⎯⎯⎯⎯⎯⎯⎯⎯⎯⎯[7/21]⎯

 FAIL  tests/turn-finalize.test.ts > attempt finalize CAS > persists provider credential and verification generations on auth failure
SchemaMigrationError: Database version 6 schema is invalid.
 ❯ migrateDatabase src/server/migrations.ts:1375:13
    1373|     const validation = validateV6(database);
    1374|     if (validation) {
    1375|       throw new SchemaMigrationError(
       |             ^
    1376|         validation,
    1377|         "Database version 6 schema is invalid.",
 ❯ openDatabase src/server/db.ts:14:5
 ❯ reconcileExpiredAttempt src/server/collaboration/turn-orchestrator.ts:600:20
 ❯ Module.acquireAdvance src/server/collaboration/turn-orchestrator.ts:1212:3
 ❯ acquire tests/turn-finalize.test.ts:312:33
 ❯ tests/turn-finalize.test.ts:707:5

⎯⎯⎯⎯⎯⎯⎯⎯⎯⎯⎯⎯⎯⎯⎯⎯⎯⎯⎯⎯⎯⎯⎯[8/21]⎯

 FAIL  tests/turn-finalize.test.ts > attempt finalize CAS > a late finalizer after a committed terminal attempt reads the durable receipt and changes nothing
 FAIL  tests/turn-finalize.test.ts > attempt finalize CAS > a late finalizer after a failed terminal attempt reads the durable receipt and changes nothing
 FAIL  tests/turn-finalize.test.ts > attempt finalize CAS > a late finalizer after a discarded terminal attempt reads the durable receipt and changes nothing
SchemaMigrationError: Database version 6 schema is invalid.
 ❯ migrateDatabase src/server/migrations.ts:1375:13
    1373|     const validation = validateV6(database);
    1374|     if (validation) {
    1375|       throw new SchemaMigrationError(
       |             ^
    1376|         validation,
    1377|         "Database version 6 schema is invalid.",
 ❯ openDatabase src/server/db.ts:14:5
 ❯ reconcileExpiredAttempt src/server/collaboration/turn-orchestrator.ts:600:20
 ❯ Module.acquireAdvance src/server/collaboration/turn-orchestrator.ts:1212:3
 ❯ acquire tests/turn-finalize.test.ts:312:33
 ❯ tests/turn-finalize.test.ts:756:7

⎯⎯⎯⎯⎯⎯⎯⎯⎯⎯⎯⎯⎯⎯⎯⎯⎯⎯⎯⎯⎯⎯⎯[9/21]⎯

 FAIL  tests/turn-finalize.test.ts > attempt finalize CAS > keeps the advance receipt request hash and identity unchanged
SchemaMigrationError: Database version 6 schema is invalid.
 ❯ migrateDatabase src/server/migrations.ts:1375:13
    1373|     const validation = validateV6(database);
    1374|     if (validation) {
    1375|       throw new SchemaMigrationError(
       |             ^
    1376|         validation,
    1377|         "Database version 6 schema is invalid.",
 ❯ openDatabase src/server/db.ts:14:5
 ❯ reconcileExpiredAttempt src/server/collaboration/turn-orchestrator.ts:600:20
 ❯ Module.acquireAdvance src/server/collaboration/turn-orchestrator.ts:1212:3
 ❯ acquire tests/turn-finalize.test.ts:312:33
 ❯ tests/turn-finalize.test.ts:773:5

⎯⎯⎯⎯⎯⎯⎯⎯⎯⎯⎯⎯⎯⎯⎯⎯⎯⎯⎯⎯⎯⎯[10/21]⎯

 FAIL  tests/validation-policy.test.ts > append-only validation policy > retains history and frozen references across restart until project deletion
SchemaMigrationError: Database version 6 schema is invalid.
 ❯ migrateDatabase src/server/migrations.ts:1375:13
    1373|     const validation = validateV6(database);
    1374|     if (validation) {
    1375|       throw new SchemaMigrationError(
       |             ^
    1376|         validation,
    1377|         "Database version 6 schema is invalid.",
 ❯ openDatabase src/server/db.ts:14:5
 ❯ Module.listValidationPolicyRevisions src/server/execution/validation-policy-service.ts:256:20
 ❯ tests/validation-policy.test.ts:270:34

⎯⎯⎯⎯⎯⎯⎯⎯⎯⎯⎯⎯⎯⎯⎯⎯⎯⎯⎯⎯⎯⎯[11/21]⎯

 FAIL  tests/validation-policy.test.ts > append-only validation policy > retains history and frozen references across restart until project deletion
Error: EPERM, Permission denied: \\?\C:\Users\ADMINI~1\AppData\Local\Temp\2\cool-ai-validation-policy-47makX '\\?\C:\Users\ADMINI~1\AppData\Local\Temp\2\cool-ai-validation-policy-47makX'
 ❯ tests/validation-policy.test.ts:103:5
    101| afterEach(() => {
    102|   for (const directory of temporaryDirectories.splice(0)) {
    103|     rmSync(directory, { force: true, recursive: true });
       |     ^
    104|   }
    105| });

⎯⎯⎯⎯⎯⎯⎯⎯⎯⎯⎯⎯⎯⎯⎯⎯⎯⎯⎯⎯⎯⎯[12/21]⎯

 FAIL  tests/validation-policy.test.ts > append-only validation policy > rejects validation facts that do not belong to the attempt's frozen revision
SchemaMigrationError: Database version 6 schema is invalid.
 ❯ migrateDatabase src/server/migrations.ts:1375:13
    1373|     const validation = validateV6(database);
    1374|     if (validation) {
    1375|       throw new SchemaMigrationError(
       |             ^
    1376|         validation,
    1377|         "Database version 6 schema is invalid.",
 ❯ openDatabase src/server/db.ts:14:5
 ❯ Module.saveValidationPolicy src/server/execution/validation-policy-service.ts:458:20
 ❯ tests/validation-policy.test.ts:313:26

⎯⎯⎯⎯⎯⎯⎯⎯⎯⎯⎯⎯⎯⎯⎯⎯⎯⎯⎯⎯⎯⎯[13/21]⎯


 Test Files  2 failed | 1 passed (3)
      Tests  20 failed | 10 passed (30)
   Start at  17:09:37
   Duration  8.21s (transform 931ms, setup 1.39s, import 1.46s, tests 9.30s, environment 5.63s)

# exit: 1
