# hf-gate-run
# label: t26-red
# command: npm test -- tests/review-escalation-route.test.ts tests/review-escalation-integration.test.ts
# started: 2026-08-01T09:36:20+00:00

> collaboration-cockpit@0.1.0 test
> vitest run tests/review-escalation-route.test.ts tests/review-escalation-integration.test.ts


 RUN  v4.1.10 D:/cool-ai

(node:17160) ExperimentalWarning: SQLite is an experimental feature and might change at any time
(Use `node --trace-warnings ...` to show where the warning was created)
 ❯ tests/review-escalation-route.test.ts (9 tests | 9 failed) 17ms
     × strictly parses public input, calls the atomic service, and returns strict workspace plus answer 9ms
     × rejects unknown, forged, or invalid input without opening storage 1ms
     × rejects unknown, forged, or invalid input without opening storage 1ms
     × rejects unknown, forged, or invalid input without opening storage 1ms
     × rejects unknown, forged, or invalid input without opening storage 1ms
     × rejects unknown, forged, or invalid input without opening storage 1ms
     × rejects unknown, forged, or invalid input without opening storage 1ms
     × rejects unknown, forged, or invalid input without opening storage 1ms
     × maps invalid JSON and atomic service errors through the shared registry 1ms
 ❯ tests/review-escalation-integration.test.ts (4 tests | 4 failed) 885ms
     × keeps the open issue bound to its immutable escalated attempt when currentAttempt is null 229ms
     × preserves two continue answers in stable workspace and frozen-material order across reopen 224ms
     × applies rework atomically and emits canonical events 220ms
     × applies terminate_mission atomically and emits canonical events 210ms

⎯⎯⎯⎯⎯⎯ Failed Tests 13 ⎯⎯⎯⎯⎯⎯⎯

 FAIL  tests/review-escalation-integration.test.ts > escalation answer production chain > keeps the open issue bound to its immutable escalated attempt when currentAttempt is null
 FAIL  tests/review-escalation-integration.test.ts > escalation answer production chain > preserves two continue answers in stable workspace and frozen-material order across reopen
 FAIL  tests/review-escalation-integration.test.ts > escalation answer production chain > applies rework atomically and emits canonical events
 FAIL  tests/review-escalation-integration.test.ts > escalation answer production chain > applies terminate_mission atomically and emits canonical events
Error: CHECK constraint failed: observed_path_count BETWEEN 1 AND 100000
 ❯ seed tests/review-escalation-integration.test.ts:98:12
     96|     NOW,
     97|   );
     98|   database.exec(`
       |            ^
     99|     INSERT INTO agents(
    100|       id,name,role,system_prompt,provider_id,model,avatar_text,accent_…
 ❯ tests/review-escalation-integration.test.ts:219:3

⎯⎯⎯⎯⎯⎯⎯⎯⎯⎯⎯⎯⎯⎯⎯⎯⎯⎯⎯⎯⎯⎯⎯[1/17]⎯

 FAIL  tests/review-escalation-integration.test.ts > escalation answer production chain > keeps the open issue bound to its immutable escalated attempt when currentAttempt is null
Error: EPERM, Permission denied: \\?\C:\Users\ADMINI~1\AppData\Local\Temp\2\review-escalation-integration-lbVh3O '\\?\C:\Users\ADMINI~1\AppData\Local\Temp\2\review-escalation-integration-lbVh3O'
 ❯ tests/review-escalation-integration.test.ts:225:3
    223|   delete process.env.COCKPIT_DB_PATH;
    224|   delete process.env.COCKPIT_MASTER_KEY;
    225|   rmSync(root, { force: true, recursive: true });
       |   ^
    226| });
    227|

⎯⎯⎯⎯⎯⎯⎯⎯⎯⎯⎯⎯⎯⎯⎯⎯⎯⎯⎯⎯⎯⎯⎯[2/17]⎯

 FAIL  tests/review-escalation-integration.test.ts > escalation answer production chain > preserves two continue answers in stable workspace and frozen-material order across reopen
Error: EPERM, Permission denied: \\?\C:\Users\ADMINI~1\AppData\Local\Temp\2\review-escalation-integration-TSdLyw '\\?\C:\Users\ADMINI~1\AppData\Local\Temp\2\review-escalation-integration-TSdLyw'
 ❯ tests/review-escalation-integration.test.ts:225:3
    223|   delete process.env.COCKPIT_DB_PATH;
    224|   delete process.env.COCKPIT_MASTER_KEY;
    225|   rmSync(root, { force: true, recursive: true });
       |   ^
    226| });
    227|

⎯⎯⎯⎯⎯⎯⎯⎯⎯⎯⎯⎯⎯⎯⎯⎯⎯⎯⎯⎯⎯⎯⎯[3/17]⎯

 FAIL  tests/review-escalation-integration.test.ts > escalation answer production chain > applies rework atomically and emits canonical events
Error: EPERM, Permission denied: \\?\C:\Users\ADMINI~1\AppData\Local\Temp\2\review-escalation-integration-p8Hm5D '\\?\C:\Users\ADMINI~1\AppData\Local\Temp\2\review-escalation-integration-p8Hm5D'
 ❯ tests/review-escalation-integration.test.ts:225:3
    223|   delete process.env.COCKPIT_DB_PATH;
    224|   delete process.env.COCKPIT_MASTER_KEY;
    225|   rmSync(root, { force: true, recursive: true });
       |   ^
    226| });
    227|

⎯⎯⎯⎯⎯⎯⎯⎯⎯⎯⎯⎯⎯⎯⎯⎯⎯⎯⎯⎯⎯⎯⎯[4/17]⎯

 FAIL  tests/review-escalation-integration.test.ts > escalation answer production chain > applies terminate_mission atomically and emits canonical events
Error: EPERM, Permission denied: \\?\C:\Users\ADMINI~1\AppData\Local\Temp\2\review-escalation-integration-l8WE8e '\\?\C:\Users\ADMINI~1\AppData\Local\Temp\2\review-escalation-integration-l8WE8e'
 ❯ tests/review-escalation-integration.test.ts:225:3
    223|   delete process.env.COCKPIT_DB_PATH;
    224|   delete process.env.COCKPIT_MASTER_KEY;
    225|   rmSync(root, { force: true, recursive: true });
       |   ^
    226| });
    227|

⎯⎯⎯⎯⎯⎯⎯⎯⎯⎯⎯⎯⎯⎯⎯⎯⎯⎯⎯⎯⎯⎯⎯[5/17]⎯

 FAIL  tests/review-escalation-route.test.ts > POST /api/escalations/:escalationId/answer > strictly parses public input, calls the atomic service, and returns strict workspace plus answer
AssertionError: strict escalation answer route must exist: expected undefined to be type of 'function'

Expected: "function"
Received: "undefined"

 ❯ route tests/review-escalation-route.test.ts:37:61
     35|     "../app/api/escalations/[escalationId]/answer/route.ts"
     36|   ];
     37|   expect(load, "strict escalation answer route must exist").toBeTypeOf…
       |                                                             ^
     38|   return load!();
     39| }
 ❯ post tests/review-escalation-route.test.ts:42:26
 ❯ tests/review-escalation-route.test.ts:105:28

⎯⎯⎯⎯⎯⎯⎯⎯⎯⎯⎯⎯⎯⎯⎯⎯⎯⎯⎯⎯⎯⎯⎯[6/17]⎯

 FAIL  tests/review-escalation-route.test.ts > POST /api/escalations/:escalationId/answer > rejects unknown, forged, or invalid input without opening storage
 FAIL  tests/review-escalation-route.test.ts > POST /api/escalations/:escalationId/answer > rejects unknown, forged, or invalid input without opening storage
 FAIL  tests/review-escalation-route.test.ts > POST /api/escalations/:escalationId/answer > rejects unknown, forged, or invalid input without opening storage
 FAIL  tests/review-escalation-route.test.ts > POST /api/escalations/:escalationId/answer > rejects unknown, forged, or invalid input without opening storage
 FAIL  tests/review-escalation-route.test.ts > POST /api/escalations/:escalationId/answer > rejects unknown, forged, or invalid input without opening storage
 FAIL  tests/review-escalation-route.test.ts > POST /api/escalations/:escalationId/answer > rejects unknown, forged, or invalid input without opening storage
 FAIL  tests/review-escalation-route.test.ts > POST /api/escalations/:escalationId/answer > rejects unknown, forged, or invalid input without opening storage
AssertionError: strict escalation answer route must exist: expected undefined to be type of 'function'

Expected: "function"
Received: "undefined"

 ❯ route tests/review-escalation-route.test.ts:37:61
     35|     "../app/api/escalations/[escalationId]/answer/route.ts"
     36|   ];
     37|   expect(load, "strict escalation answer route must exist").toBeTypeOf…
       |                                                             ^
     38|   return load!();
     39| }
 ❯ post tests/review-escalation-route.test.ts:42:26
 ❯ tests/review-escalation-route.test.ts:143:28

⎯⎯⎯⎯⎯⎯⎯⎯⎯⎯⎯⎯⎯⎯⎯⎯⎯⎯⎯⎯⎯⎯⎯[7/17]⎯

 FAIL  tests/review-escalation-route.test.ts > POST /api/escalations/:escalationId/answer > maps invalid JSON and atomic service errors through the shared registry
AssertionError: strict escalation answer route must exist: expected undefined to be type of 'function'

Expected: "function"
Received: "undefined"

 ❯ route tests/review-escalation-route.test.ts:37:61
     35|     "../app/api/escalations/[escalationId]/answer/route.ts"
     36|   ];
     37|   expect(load, "strict escalation answer route must exist").toBeTypeOf…
       |                                                             ^
     38|   return load!();
     39| }
 ❯ tests/review-escalation-route.test.ts:153:28

⎯⎯⎯⎯⎯⎯⎯⎯⎯⎯⎯⎯⎯⎯⎯⎯⎯⎯⎯⎯⎯⎯⎯[8/17]⎯


 Test Files  2 failed (2)
      Tests  13 failed (13)
   Start at  17:36:21
   Duration  4.52s (transform 510ms, setup 847ms, import 765ms, tests 902ms, environment 4.45s)

# exit: 1
