# hf-gate-run
# label: t27-regression
# command: npm test -- tests/delivery-service.test.ts tests/delivery-manifest.test.ts tests/delivery-recovery.test.ts tests/review-read-api.test.ts tests/review-events.test.ts tests/review-event-compatibility.test.ts tests/review-errors.test.ts tests/completion-gate.test.ts
# started: 2026-08-01T10:03:57+00:00

> collaboration-cockpit@0.1.0 test
> vitest run tests/delivery-service.test.ts tests/delivery-manifest.test.ts tests/delivery-recovery.test.ts tests/review-read-api.test.ts tests/review-events.test.ts tests/review-event-compatibility.test.ts tests/review-errors.test.ts tests/completion-gate.test.ts


 RUN  v4.1.10 D:/cool-ai

(node:12364) ExperimentalWarning: SQLite is an experimental feature and might change at any time
(Use `node --trace-warnings ...` to show where the warning was created)
(node:15356) ExperimentalWarning: SQLite is an experimental feature and might change at any time
(Use `node --trace-warnings ...` to show where the warning was created)
(node:14284) ExperimentalWarning: SQLite is an experimental feature and might change at any time
(Use `node --trace-warnings ...` to show where the warning was created)
(node:11800) ExperimentalWarning: SQLite is an experimental feature and might change at any time
(Use `node --trace-warnings ...` to show where the warning was created)
(node:14568) ExperimentalWarning: SQLite is an experimental feature and might change at any time
(Use `node --trace-warnings ...` to show where the warning was created)

 Test Files  8 passed (8)
      Tests  37 passed (37)
   Start at  18:03:58
   Duration  8.78s (transform 999ms, setup 7.63s, import 2.89s, tests 8.03s, environment 28.55s)

# exit: 0
