# hf-gate-run
# label: t29-red
# command: npm.cmd test -- tests/review-browser-smoke.test.ts
# started: 2026-08-01T10:17:53+00:00

> collaboration-cockpit@0.1.0 test
> vitest run tests/review-browser-smoke.test.ts


 RUN  v4.1.10 D:/cool-ai

 ❯ tests/review-browser-smoke.test.ts (1 test | 1 failed) 10ms
     × exposes the reviewed public routes through a real browser harness 8ms

⎯⎯⎯⎯⎯⎯⎯ Failed Tests 1 ⎯⎯⎯⎯⎯⎯⎯

 FAIL  tests/review-browser-smoke.test.ts > review browser smoke harness contract > exposes the reviewed public routes through a real browser harness
AssertionError: package.json must expose the T-29 review smoke command: expected undefined to be 'node tests/review-browser-smoke.mjs' // Object.is equality

- Expected:
"node tests/review-browser-smoke.mjs"

+ Received:
undefined

 ❯ tests/review-browser-smoke.test.ts:15:7
     13|       packageJson.scripts?.["smoke:review"],
     14|       "package.json must expose the T-29 review smoke command",
     15|     ).toBe("node tests/review-browser-smoke.mjs");
       |       ^
     16|
     17|     const harnessPath = resolve("tests/review-browser-smoke.mjs");

⎯⎯⎯⎯⎯⎯⎯⎯⎯⎯⎯⎯⎯⎯⎯⎯⎯⎯⎯⎯⎯⎯⎯⎯[1/1]⎯


 Test Files  1 failed (1)
      Tests  1 failed (1)
   Start at  18:17:54
   Duration  2.49s (transform 38ms, setup 410ms, import 16ms, tests 10ms, environment 1.76s)

# exit: 1
