# hf-gate-run
# label: t30-red
# command: npm test -- tests/v6-fixture-db.test.ts
# started: 2026-08-01T15:19:42+00:00

> collaboration-cockpit@0.1.0 test
> vitest run tests/v6-fixture-db.test.ts


 RUN  v4.1.10 D:/cool-ai

(node:876) ExperimentalWarning: SQLite is an experimental feature and might change at any time
(Use `node --trace-warnings ...` to show where the warning was created)
 ❯ tests/v6-fixture-db.test.ts (3 tests | 2 failed) 957ms
     × requires a module-branded handle and the exact missing mission allowlist 207ms
     × never lets the helper or production open repair an unbranded damaged database 332ms

⎯⎯⎯⎯⎯⎯⎯ Failed Tests 2 ⎯⎯⎯⎯⎯⎯⎯

 FAIL  tests/v6-fixture-db.test.ts > v6 fixture-only missing-head repair contract > requires a module-branded handle and the exact missing mission allowlist
AssertionError: expected [Function] to not throw an error but 'Error: fixture open unexpectedly acce…' was thrown

- Expected:
undefined

+ Received:
"Error: fixture open unexpectedly accepted unsafe input"

 ❯ tests/v6-fixture-db.test.ts:95:12
     93|     expect(() => expectRejected(
     94|       () => (fixture.openV6FixtureDatabase as ((value: unknown) => Dat…
     95|     )).not.toThrow();
       |            ^
     96|     expect(() => expectRejected(() =>
     97|       (fixture.openV6FixtureDatabase as ((value: unknown) => DatabaseS…

⎯⎯⎯⎯⎯⎯⎯⎯⎯⎯⎯⎯⎯⎯⎯⎯⎯⎯⎯⎯⎯⎯⎯⎯[1/2]⎯

 FAIL  tests/v6-fixture-db.test.ts > v6 fixture-only missing-head repair contract > never lets the helper or production open repair an unbranded damaged database
AssertionError: expected [Function] to not throw an error but 'Error: fixture open unexpectedly acce…' was thrown

- Expected:
undefined

+ Received:
"Error: fixture open unexpectedly accepted unsafe input"

 ❯ tests/v6-fixture-db.test.ts:163:12
    161|     expect(() => expectRejected(
    162|       () => (fixtureDb as { openDatabase?: (value: unknown) => Databas…
    163|     )).not.toThrow();
       |            ^
    164|     expect(counts(path)).toEqual(before);
    165|   });

⎯⎯⎯⎯⎯⎯⎯⎯⎯⎯⎯⎯⎯⎯⎯⎯⎯⎯⎯⎯⎯⎯⎯⎯[2/2]⎯


 Test Files  1 failed (1)
      Tests  2 failed | 1 passed (3)
   Start at  23:19:43
   Duration  3.80s (transform 142ms, setup 428ms, import 289ms, tests 957ms, environment 1.82s)

# exit: 1
