# hf-gate-run
# label: t31-red
# command: npm test -- tests/review-product-wiring.test.tsx
# started: 2026-08-01T15:41:52+00:00

> collaboration-cockpit@0.1.0 test
> vitest run tests/review-product-wiring.test.tsx


 RUN  v4.1.10 D:/cool-ai

 ❯ tests/review-product-wiring.test.tsx (5 tests | 1 failed) 2171ms
     × keeps rejected terminal history ready when no current attempt or escalation remains 1048ms

⎯⎯⎯⎯⎯⎯⎯ Failed Tests 1 ⎯⎯⎯⎯⎯⎯⎯

 FAIL  tests/review-product-wiring.test.tsx > review product wiring > keeps rejected terminal history ready when no current attempt or escalation remains
TestingLibraryElementError: Unable to find an element with the text: 状态：ready. This could be because the text is broken up by multiple elements. In this case, you can provide a function for your text matcher to make your matcher more flexible.

Ignored nodes: comments, script, style
[36m<body>[39m
  [36m<div>[39m
    [36m<section[39m
      [33maria-labelledby[39m=[32m"review-access-接入产品树-复核闭环"[39m
      [33mclass[39m=[32m"review-access-surface stack"[39m
    [36m>[39m
      [36m<h2[39m
        [33mid[39m=[32m"review-access-接入产品树-复核闭环"[39m
      [36m>[39m
        [0m接入产品树 复核闭环[0m
      [36m</h2>[39m
      [36m<div[39m
        [33mdata-testid[39m=[32m"review-access-background"[39m
      [36m>[39m
        [36m<div[39m
          [33maria-label[39m=[32m"接入产品树 复核闭环导航"[39m
          [33mclass[39m=[32m"review-access-tabs"[39m
          [33mrole[39m=[32m"tablist"[39m
        [36m>[39m
          [36m<button[39m
            [33maria-controls[39m=[32m"review-access-接入产品树-复核闭环-review-panel"[39m
            [33maria-describedby[39m=[32m"review-access-接入产品树-复核闭环-review-state"[39m
            [33maria-selected[39m=[32m"false"[39m
            [33mid[39m=[32m"review-access-接入产品树-复核闭环-review-tab"[39m
            [33mrole[39m=[32m"tab"[39m
            [33mtabindex[39m=[32m"-1"[39m
            [33mtype[39m=[32m"button"[39m
          [36m>[39m
            [0m复核[0m
          [36m</button>[39m
          [36m<button[39m
            [33maria-controls[39m=[32m"review-access-接入产品树-复核闭环-answer-panel"[39m
            [33maria-describedby[39m=[32m"review-access-接入产品树-复核闭环-answer-state"[39m
            [33maria-selected[39m=[32m"true"[39m
            [33mid[39m=[32m"review-access-接入产品树-复核闭环-answer-tab"[39m
            [33mrole[39m=[32m"tab"[39m
            [33mtabindex[39m=[32m"0"[39m
            [33mtype[39m=[32m"button"[39m
          [36m>[39m
            [0m回答[0m
          [36m</button>[39m
          [36m<button[39m
            [33maria-controls[39m=[32m"review-access-接入产品树-复核闭环-memory-panel"[39m
            [33maria-describedby[39m=[32m"review-access-接入产品树-复核闭环-memory-state"[39m
            [33maria-selected[39m=[32m"false"[39m
            [33mid[39m=[32m"review-access-接入产品树-复核闭环-memory-tab"[39m
            [33mrole[39m=[32m"tab"[39m
            [33mtabindex[39m=[32m"-1"[39m
            [33mtype[39m=[32m"button"[39m
          [36m>[39m
            [0m记忆[0m
          [36m</button>[39m
          [36m<button[39m
            [33maria-controls[39m=[32m"review-access-接入产品树-复核闭环-delivery-panel"[39m
            [33maria-describedby[39m=[32m"review-access-接入产品树-复核闭环-delivery-state"[39m
            [33maria-selected[39m=[32m"false"[39m
            [33mid[39m=[32m"review-access-接入产品树-复核闭环-delivery-tab"[39m
            [33mrole[39m=[32m"tab"[39m
            [33mtabindex[39m=[32m"-1"[39m
            [33mtype[39m=[32m"button"[39m
          [36m>[39m
            [0m交付[0m
          [36m</button>[39m
        [36m</div>[39m
        [36m<section[39m
          [33maria-labelledby[39m=[32m"review-access-接入产品树-复核闭环-answer-tab"[39m
          [33mclass[39m=[32m"review-access-panel stack"[39m
          [33mid[39m=[32m"review-access-接入产品树-复核闭环-answer-panel"[39m
          [33mrole[39m=[32m"tabpanel"[39m
        [36m>[39m
          [36m<p[39m
            [33mclass[39m=[32m"review-access-state"[39m
          [36m>[39m
            [0m状态：[0m
            [0mempty[0m
          [36m</p>[39m
          [36m<p>[39m
            [0m尚无待回答问题[0m
          [36m</p>[39m
        [36m</section>[39m
        [36m<span[39m
          [33mclass[39m=[32m"sr-only"[39m
          [33mid[39m=[32m"review-access-接入产品树-复核闭环-review-state"[39m
        [36m>[39m
          [0m复核工作区可用[0m
        [36m</span>[39m
        [36m<span[39m
          [33mclass[39m=[32m"sr-only"[39m
          [33mid[39m=[32m"review-access-接入产品树-复核闭环-answer-state"[39m
        [36m>[39m
          [0m尚无待回答问题[0m
        [36m</span>[39m
        [36m<span[39m
          [33mclass[39m=[32m"sr-only"[39m
          [33mid[39m=[32m"review-access-接入产品树-复核闭环-memory-state"[39m
        [36m>[39m
          [0m共享记忆可查看与维护[0m
        [36m</span>[39m
        [36m<span[39m
          [33mclass[39m=[32m"sr-only"[39m
          [33mid[39m=[32m"review-access-接入产品树-复核闭环-delivery-state"[39m
        [36m>[39m
          [0m使命级交付入口可用[0m
        [36m</span>[39m
      [36m</div>[39m
    [36m</section>[39m
  [36m</div>[39m
[36m</body>[39m

Ignored nodes: comments, script, style
[36m<body>[39m
  [36m<div>[39m
    [36m<section[39m
      [33maria-labelledby[39m=[32m"review-access-接入产品树-复核闭环"[39m
      [33mclass[39m=[32m"review-access-surface stack"[39m
    [36m>[39m
      [36m<h2[39m
        [33mid[39m=[32m"review-access-接入产品树-复核闭环"[39m
      [36m>[39m
        [0m接入产品树 复核闭环[0m
      [36m</h2>[39m
      [36m<div[39m
        [33mdata-testid[39m=[32m"review-access-background"[39m
      [36m>[39m
        [36m<div[39m
          [33maria-label[39m=[32m"接入产品树 复核闭环导航"[39m
          [33mclass[39m=[32m"review-access-tabs"[39m
          [33mrole[39m=[32m"tablist"[39m
        [36m>[39m
          [36m<button[39m
            [33maria-controls[39m=[32m"review-access-接入产品树-复核闭环-review-panel"[39m
            [33maria-describedby[39m=[32m"review-access-接入产品树-复核闭环-review-state"[39m
            [33maria-selected[39m=[32m"false"[39m
            [33mid[39m=[32m"review-access-接入产品树-复核闭环-review-tab"[39m
            [33mrole[39m=[32m"tab"[39m
            [33mtabindex[39m=[32m"-1"[39m
            [33mtype[39m=[32m"button"[39m
          [36m>[39m
            [0m复核[0m
          [36m</button>[39m
          [36m<button[39m
            [33maria-controls[39m=[32m"review-access-接入产品树-复核闭环-answer-panel"[39m
            [33maria-describedby[39m=[32m"review-access-接入产品树-复核闭环-answer-state"[39m
            [33maria-selected[39m=[32m"true"[39m
            [33mid[39m=[32m"review-access-接入产品树-复核闭环-answer-tab"[39m
            [33mrole[39m=[32m"tab"[39m
            [33mtabindex[39m=[32m"0"[39m
            [33mtype[39m=[32m"button"[39m
          [36m>[39m
            [0m回答[0m
          [36m</button>[39m
          [36m<button[39m
            [33maria-controls[39m=[32m"review-access-接入产品树-复核闭环-memory-panel"[39m
            [33maria-describedby[39m=[32m"review-access-接入产品树-复核闭环-memory-state"[39m
            [33maria-selected[39m=[32m"false"[39m
            [33mid[39m=[32m"review-access-接入产品树-复核闭环-memory-tab"[39m
            [33mrole[39m=[32m"tab"[39m
            [33mtabindex[39m=[32m"-1"[39m
            [33mtype[39m=[32m"button"[39m
          [36m>[39m
            [0m记忆[0m
          [36m</button>[39m
          [36m<button[39m
            [33maria-controls[39m=[32m"review-access-接入产品树-复核闭环-delivery-panel"[39m
            [33maria-describedby[39m=[32m"review-access-接入产品树-复核闭环-delivery-state"[39m
            [33maria-selected[39m=[32m"false"[39m
            [33mid[39m=[32m"review-access-接入产品树-复核闭环-delivery-tab"[39m
            [33mrole[39m=[32m"tab"[39m
            [33mtabindex[39m=[32m"-1"[39m
            [33mtype[39m=[32m"button"[39m
          [36m>[39m
            [0m交付[0m
          [36m</button>[39m
        [36m</div>[39m
        [36m<section[39m
          [33maria-labelledby[39m=[32m"review-access-接入产品树-复核闭环-answer-tab"[39m
          [33mclass[39m=[32m"review-access-panel stack"[39m
          [33mid[39m=[32m"review-access-接入产品树-复核闭环-answer-panel"[39m
          [33mrole[39m=[32m"tabpanel"[39m
        [36m>[39m
          [36m<p[39m
            [33mclass[39m=[32m"review-access-state"[39m
          [36m>[39m
            [0m状态：[0m
            [0mempty[0m
          [36m</p>[39m
          [36m<p>[39m
            [0m尚无待回答问题[0m
          [36m</p>[39m
        [36m</section>[39m
        [36m<span[39m
          [33mclass[39m=[32m"sr-only"[39m
          [33mid[39m=[32m"review-access-接入产品树-复核闭环-review-state"[39m
        [36m>[39m
          [0m复核工作区可用[0m
        [36m</span>[39m
        [36m<span[39m
          [33mclass[39m=[32m"sr-only"[39m
          [33mid[39m=[32m"review-access-接入产品树-复核闭环-answer-state"[39m
        [36m>[39m
          [0m尚无待回答问题[0m
        [36m</span>[39m
        [36m<span[39m
          [33mclass[39m=[32m"sr-only"[39m
          [33mid[39m=[32m"review-access-接入产品树-复核闭环-memory-state"[39m
        [36m>[39m
          [0m共享记忆可查看与维护[0m
        [36m</span>[39m
        [36m<span[39m
          [33mclass[39m=[32m"sr-only"[39m
          [33mid[39m=[32m"review-access-接入产品树-复核闭环-delivery-state"[39m
        [36m>[39m
          [0m使命级交付入口可用[0m
        [36m</span>[39m
      [36m</div>[39m
    [36m</section>[39m
  [36m</div>[39m
[36m</body>[39m
 ❯ waitForWrapper node_modules/@testing-library/dom/dist/wait-for.js:163:27
 ❯ node_modules/@testing-library/dom/dist/query-helpers.js:86:33
 ❯ tests/review-product-wiring.test.tsx:341:25
    339|     await user.click(within(navigation).getByRole("tab", { name: "回答" …
    340|
    341|     expect(await screen.findByText("状态：ready")).toBeInTheDocument();
       |                         ^
    342|     expect(screen.getByRole("heading", {
    343|       name: "复核结果与逐 attempt 历史",

⎯⎯⎯⎯⎯⎯⎯⎯⎯⎯⎯⎯⎯⎯⎯⎯⎯⎯⎯⎯⎯⎯⎯⎯[1/1]⎯


 Test Files  1 failed (1)
      Tests  1 failed | 4 passed (5)
   Start at  23:41:53
   Duration  4.92s (transform 226ms, setup 435ms, import 207ms, tests 2.17s, environment 1.81s)

# exit: 1
