# hf-gate-run
# label: t32-regression
# command: npm test -- tests/review-orchestrator.test.ts tests/review-production-application.test.ts tests/review-recovery.test.ts tests/migrations-v6.test.ts
# started: 2026-08-01T16:30:35+00:00

> collaboration-cockpit@0.1.0 test
> vitest run tests/review-orchestrator.test.ts tests/review-production-application.test.ts tests/review-recovery.test.ts tests/migrations-v6.test.ts


 RUN  v4.1.10 D:/cool-ai

(node:2628) ExperimentalWarning: SQLite is an experimental feature and might change at any time
(Use `node --trace-warnings ...` to show where the warning was created)
(node:12892) ExperimentalWarning: SQLite is an experimental feature and might change at any time
(Use `node --trace-warnings ...` to show where the warning was created)
(node:9028) ExperimentalWarning: SQLite is an experimental feature and might change at any time
(Use `node --trace-warnings ...` to show where the warning was created)
(node:17172) ExperimentalWarning: SQLite is an experimental feature and might change at any time
(Use `node --trace-warnings ...` to show where the warning was created)

 Test Files  4 passed (4)
      Tests  18 passed (18)
   Start at  00:30:36
   Duration  12.31s (transform 1.16s, setup 1.97s, import 1.27s, tests 12.36s, environment 8.35s)

# exit: 0
