# hf-gate-run
# label: t34-red
# command: npm test -- tests/review-mutation-body-limits.test.ts
# started: 2026-08-01T17:04:42+00:00

> collaboration-cockpit@0.1.0 test
> vitest run tests/review-mutation-body-limits.test.ts


 RUN  v4.1.10 D:/cool-ai

(node:12968) ExperimentalWarning: SQLite is an experimental feature and might change at any time
(Use `node --trace-warnings ...` to show where the warning was created)
stderr | tests/review-mutation-body-limits.test.ts > POST /api/work-items/:workItemId/reviews request body limit > rejects boundary plus one, cancels the body, and never enters the application
{
  code: 'INTERNAL_ERROR',
  correlationId: '565e6b7d-d559-455a-80d6-1d34de36e40c',
  route: 'POST /api/work-items/:workItemId/reviews'
}

stderr | tests/review-mutation-body-limits.test.ts > POST /api/work-items/:workItemId/reviews request body limit > rejects chunked overflow as soon as the cumulative byte count crosses the limit
{
  code: 'INTERNAL_ERROR',
  correlationId: '3563ebab-42f0-4e65-8484-2c46064b0648',
  route: 'POST /api/work-items/:workItemId/reviews'
}

stderr | tests/review-mutation-body-limits.test.ts > POST /api/work-items/:workItemId/reviews request body limit > counts UTF-8 bytes rather than JavaScript characters for multibyte overflow
{
  code: 'INTERNAL_ERROR',
  correlationId: 'bca71c6b-b1c1-4bf0-9200-d2818b9d83a4',
  route: 'POST /api/work-items/:workItemId/reviews'
}

 ❯ tests/review-mutation-body-limits.test.ts (6 tests | 5 failed) 31ms
     × rejects boundary plus one, cancels the body, and never enters the application 9ms
     × rejects chunked overflow as soon as the cumulative byte count crosses the limit 2ms
     × counts UTF-8 bytes rather than JavaScript characters for multibyte overflow 2ms
     × preserves the existing invalid JSON mapping 3ms
     × preserves the existing strict schema error mapping 1ms

⎯⎯⎯⎯⎯⎯⎯ Failed Tests 5 ⎯⎯⎯⎯⎯⎯⎯

 FAIL  tests/review-mutation-body-limits.test.ts > POST /api/work-items/:workItemId/reviews request body limit > rejects boundary plus one, cancels the body, and never enters the application
AssertionError: expected 500 to be 413 // Object.is equality

- Expected
+ Received

- 413
+ 500

 ❯ tests/review-mutation-body-limits.test.ts:92:29
     90|     });
     91|
     92|     expect(response.status).toBe(413);
       |                             ^
     93|     expect(await response.json()).toEqual(LIMIT_ERROR);
     94|     expect(streamed.wasCanceled()).toBe(true);

⎯⎯⎯⎯⎯⎯⎯⎯⎯⎯⎯⎯⎯⎯⎯⎯⎯⎯⎯⎯⎯⎯⎯⎯[1/5]⎯

 FAIL  tests/review-mutation-body-limits.test.ts > POST /api/work-items/:workItemId/reviews request body limit > rejects chunked overflow as soon as the cumulative byte count crosses the limit
AssertionError: expected 500 to be 413 // Object.is equality

- Expected
+ Received

- 413
+ 500

 ❯ tests/review-mutation-body-limits.test.ts:108:29
    106|     const response = await post(streamed.body, { "transfer-encoding": …
    107|
    108|     expect(response.status).toBe(413);
       |                             ^
    109|     expect(await response.json()).toEqual(LIMIT_ERROR);
    110|     expect(streamed.wasCanceled()).toBe(true);

⎯⎯⎯⎯⎯⎯⎯⎯⎯⎯⎯⎯⎯⎯⎯⎯⎯⎯⎯⎯⎯⎯⎯⎯[2/5]⎯

 FAIL  tests/review-mutation-body-limits.test.ts > POST /api/work-items/:workItemId/reviews request body limit > counts UTF-8 bytes rather than JavaScript characters for multibyte overflow
AssertionError: expected 500 to be 413 // Object.is equality

- Expected
+ Received

- 413
+ 500

 ❯ tests/review-mutation-body-limits.test.ts:122:29
    120|     const response = await post(streamed.body);
    121|
    122|     expect(response.status).toBe(413);
       |                             ^
    123|     expect(await response.json()).toEqual(LIMIT_ERROR);
    124|     expect(streamed.wasCanceled()).toBe(true);

⎯⎯⎯⎯⎯⎯⎯⎯⎯⎯⎯⎯⎯⎯⎯⎯⎯⎯⎯⎯⎯⎯⎯⎯[3/5]⎯

 FAIL  tests/review-mutation-body-limits.test.ts > POST /api/work-items/:workItemId/reviews request body limit > preserves the existing invalid JSON mapping
AssertionError: expected "vi.fn()" to not be called at all, but actually been called 4 times

Received:

  1st vi.fn() call:

    Array [
      "D:\cool-ai\.data\cockpit.sqlite",
      "work-item",
      [Object],
    ]

  2nd vi.fn() call:

    Array [
      "D:\cool-ai\.data\cockpit.sqlite",
      "work-item",
      [Object],
    ]

  3rd vi.fn() call:

    Array [
      "D:\cool-ai\.data\cockpit.sqlite",
      "work-item",
      [Object],
    ]

  4th vi.fn() call:

    Array [
      "D:\cool-ai\.data\cockpit.sqlite",
      "work-item",
      [Object],
    ]


Number of calls: 4

 ❯ tests/review-mutation-body-limits.test.ts:135:35
    133|       error: { code: "INVALID_JSON", message: "请求格式无效" },
    134|     });
    135|     expect(startPublicReview).not.toHaveBeenCalled();
       |                                   ^
    136|   });
    137|

⎯⎯⎯⎯⎯⎯⎯⎯⎯⎯⎯⎯⎯⎯⎯⎯⎯⎯⎯⎯⎯⎯⎯⎯[4/5]⎯

 FAIL  tests/review-mutation-body-limits.test.ts > POST /api/work-items/:workItemId/reviews request body limit > preserves the existing strict schema error mapping
AssertionError: expected "vi.fn()" to be called 1 times, but got 5 times
 ❯ tests/review-mutation-body-limits.test.ts:150:31
    148|       error: { code: "REVIEW_MATERIAL_INVALID", message: "公开复核材料无效" },
    149|     });
    150|     expect(startPublicReview).toHaveBeenCalledTimes(1);
       |                               ^
    151|   });
    152| });

⎯⎯⎯⎯⎯⎯⎯⎯⎯⎯⎯⎯⎯⎯⎯⎯⎯⎯⎯⎯⎯⎯⎯⎯[5/5]⎯


 Test Files  1 failed (1)
      Tests  5 failed | 1 passed (6)
   Start at  01:04:43
   Duration  2.93s (transform 196ms, setup 420ms, import 404ms, tests 31ms, environment 1.79s)

# exit: 1
