# hf-gate-run
# label: t4-regression
# command: npm.cmd test -- tests/review-slice.test.tsx tests/review-qualification.test.ts tests/execution-merge-route.test.ts tests/merge-recovery.test.ts tests/merge-fault-injection.test.ts
# started: 2026-08-01T04:53:35+00:00

> collaboration-cockpit@0.1.0 test
> vitest run tests/review-slice.test.tsx tests/review-qualification.test.ts tests/execution-merge-route.test.ts tests/merge-recovery.test.ts tests/merge-fault-injection.test.ts


 RUN  v4.1.10 D:/cool-ai

(node:5680) ExperimentalWarning: SQLite is an experimental feature and might change at any time
(Use `node --trace-warnings ...` to show where the warning was created)
(node:10132) ExperimentalWarning: SQLite is an experimental feature and might change at any time
(Use `node --trace-warnings ...` to show where the warning was created)
(node:15512) ExperimentalWarning: SQLite is an experimental feature and might change at any time
(Use `node --trace-warnings ...` to show where the warning was created)
(node:928) ExperimentalWarning: SQLite is an experimental feature and might change at any time
(Use `node --trace-warnings ...` to show where the warning was created)
(node:6116) ExperimentalWarning: SQLite is an experimental feature and might change at any time
(Use `node --trace-warnings ...` to show where the warning was created)

 Test Files  5 passed (5)
      Tests  29 passed (29)
   Start at  12:53:36
   Duration  19.07s (transform 1.94s, setup 2.52s, import 3.21s, tests 36.57s, environment 10.56s)

# exit: 0
