# hf-gate-run
# label: t5-red
# command: npm test -- tests/completion-gate.test.ts tests/mission-legacy-entrypoints.test.ts
# started: 2026-08-01T04:58:15+00:00

> collaboration-cockpit@0.1.0 test
> vitest run tests/completion-gate.test.ts tests/mission-legacy-entrypoints.test.ts


 RUN  v4.1.10 D:/cool-ai

(node:12856) ExperimentalWarning: SQLite is an experimental feature and might change at any time
(Use `node --trace-warnings ...` to show where the warning was created)
(node:6612) ExperimentalWarning: SQLite is an experimental feature and might change at any time
(Use `node --trace-warnings ...` to show where the warning was created)
 ❯ tests/completion-gate.test.ts (5 tests | 5 failed) 1490ms
     × rejects every direct done projection until the current review head is passed 309ms
     × projects an already passed head consistently and uses CAS without a second event 295ms
     × reports an empty mission and stable per-task blockers, and never directly marks a mission completed 295ms
     × reopens a passed dependency and every transitive downstream as rework 296ms
     × invalidates only the current delivery while immutable delivery history remains 292ms
 ❯ tests/mission-legacy-entrypoints.test.ts (4 tests | 4 failed) 1689ms
     × blocks owner transition, Agent primitive and internal status writes at one gate 453ms
     × replays the original blocked result even after the task later becomes passed 411ms
     × returns the existing passed projection without creating another review event 412ms
     × replays a successful passed projection without another CAS or event 411ms

⎯⎯⎯⎯⎯⎯⎯ Failed Tests 9 ⎯⎯⎯⎯⎯⎯⎯

 FAIL  tests/completion-gate.test.ts > single completion gate > rejects every direct done projection until the current review head is passed
AssertionError: the shared completion gate module must exist: expected undefined to be type of 'function'

Expected: "function"
Received: "undefined"

 ❯ gate tests/completion-gate.test.ts:111:64
    109| async function gate(): Promise<Required<GateModule>> {
    110|   const load = gateModules["../src/server/review/completion-gate.ts"];
    111|   expect(load, "the shared completion gate module must exist").toBeTyp…
       |                                                                ^
    112|   const module = await load();
    113|   expect(module.writeWorkItemStatusTx).toBeTypeOf("function");
 ❯ tests/completion-gate.test.ts:123:30

⎯⎯⎯⎯⎯⎯⎯⎯⎯⎯⎯⎯⎯⎯⎯⎯⎯⎯⎯⎯⎯⎯⎯⎯[1/9]⎯

 FAIL  tests/completion-gate.test.ts > single completion gate > projects an already passed head consistently and uses CAS without a second event
AssertionError: the shared completion gate module must exist: expected undefined to be type of 'function'

Expected: "function"
Received: "undefined"

 ❯ gate tests/completion-gate.test.ts:111:64
    109| async function gate(): Promise<Required<GateModule>> {
    110|   const load = gateModules["../src/server/review/completion-gate.ts"];
    111|   expect(load, "the shared completion gate module must exist").toBeTyp…
       |                                                                ^
    112|   const module = await load();
    113|   expect(module.writeWorkItemStatusTx).toBeTypeOf("function");
 ❯ tests/completion-gate.test.ts:147:30

⎯⎯⎯⎯⎯⎯⎯⎯⎯⎯⎯⎯⎯⎯⎯⎯⎯⎯⎯⎯⎯⎯⎯⎯[2/9]⎯

 FAIL  tests/completion-gate.test.ts > single completion gate > reports an empty mission and stable per-task blockers, and never directly marks a mission completed
AssertionError: the shared completion gate module must exist: expected undefined to be type of 'function'

Expected: "function"
Received: "undefined"

 ❯ gate tests/completion-gate.test.ts:111:64
    109| async function gate(): Promise<Required<GateModule>> {
    110|   const load = gateModules["../src/server/review/completion-gate.ts"];
    111|   expect(load, "the shared completion gate module must exist").toBeTyp…
       |                                                                ^
    112|   const module = await load();
    113|   expect(module.writeWorkItemStatusTx).toBeTypeOf("function");
 ❯ tests/completion-gate.test.ts:179:30

⎯⎯⎯⎯⎯⎯⎯⎯⎯⎯⎯⎯⎯⎯⎯⎯⎯⎯⎯⎯⎯⎯⎯⎯[3/9]⎯

 FAIL  tests/completion-gate.test.ts > single completion gate > reopens a passed dependency and every transitive downstream as rework
AssertionError: the shared completion gate module must exist: expected undefined to be type of 'function'

Expected: "function"
Received: "undefined"

 ❯ gate tests/completion-gate.test.ts:111:64
    109| async function gate(): Promise<Required<GateModule>> {
    110|   const load = gateModules["../src/server/review/completion-gate.ts"];
    111|   expect(load, "the shared completion gate module must exist").toBeTyp…
       |                                                                ^
    112|   const module = await load();
    113|   expect(module.writeWorkItemStatusTx).toBeTypeOf("function");
 ❯ tests/completion-gate.test.ts:207:30

⎯⎯⎯⎯⎯⎯⎯⎯⎯⎯⎯⎯⎯⎯⎯⎯⎯⎯⎯⎯⎯⎯⎯⎯[4/9]⎯

 FAIL  tests/completion-gate.test.ts > single completion gate > invalidates only the current delivery while immutable delivery history remains
AssertionError: the shared completion gate module must exist: expected undefined to be type of 'function'

Expected: "function"
Received: "undefined"

 ❯ gate tests/completion-gate.test.ts:111:64
    109| async function gate(): Promise<Required<GateModule>> {
    110|   const load = gateModules["../src/server/review/completion-gate.ts"];
    111|   expect(load, "the shared completion gate module must exist").toBeTyp…
       |                                                                ^
    112|   const module = await load();
    113|   expect(module.writeWorkItemStatusTx).toBeTypeOf("function");
 ❯ tests/completion-gate.test.ts:231:30

⎯⎯⎯⎯⎯⎯⎯⎯⎯⎯⎯⎯⎯⎯⎯⎯⎯⎯⎯⎯⎯⎯⎯⎯[5/9]⎯

 FAIL  tests/mission-legacy-entrypoints.test.ts > legacy mission completion entrypoints > blocks owner transition, Agent primitive and internal status writes at one gate
AssertionError: expected error to match asymmetric matcher

- Expected
+ Received

- ObjectContaining {
-   "code": "REVIEW_REQUIRED",
+ SchemaMigrationError {
+   "message": "Database version 6 schema is invalid.",
+   "code": "SCHEMA_DATA_INVALID",
+   "name": "SchemaMigrationError",
  }

 ❯ tests/mission-legacy-entrypoints.test.ts:117:9
    115|       expectedVersion: 1,
    116|       toStatus: "done",
    117|     })).toThrowError(expect.objectContaining({ code: "REVIEW_REQUIRED"…
       |         ^
    118|     expect(domain.transitionWorkItemTx).toBeTypeOf("function");
    119|     expect(() => transaction(() => domain.transitionWorkItemTx!(databa…

⎯⎯⎯⎯⎯⎯⎯⎯⎯⎯⎯⎯⎯⎯⎯⎯⎯⎯⎯⎯⎯⎯⎯⎯[6/9]⎯

 FAIL  tests/mission-legacy-entrypoints.test.ts > legacy mission completion entrypoints > replays the original blocked result even after the task later becomes passed
AssertionError: expected error to match asymmetric matcher

- Expected
+ Received

- ObjectContaining {
-   "code": "REVIEW_REQUIRED",
+ SchemaMigrationError {
+   "message": "Database version 6 schema is invalid.",
+   "code": "SCHEMA_DATA_INVALID",
+   "name": "SchemaMigrationError",
  }

 ❯ tests/mission-legacy-entrypoints.test.ts:142:10
    140|     for (let index = 0; index < 2; index += 1) {
    141|       expect(() => domain.transitionWorkItem(databasePath, work.id, re…
    142|         .toThrowError(expect.objectContaining({ code: "REVIEW_REQUIRED…
       |          ^
    143|       if (index === 0) {
    144|         database.prepare(

⎯⎯⎯⎯⎯⎯⎯⎯⎯⎯⎯⎯⎯⎯⎯⎯⎯⎯⎯⎯⎯⎯⎯⎯[7/9]⎯

 FAIL  tests/mission-legacy-entrypoints.test.ts > legacy mission completion entrypoints > returns the existing passed projection without creating another review event
SchemaMigrationError: Database version 6 schema is invalid.
 ❯ migrateDatabase src/server/migrations.ts:1375:13
    1373|     const validation = validateV6(database);
    1374|     if (validation) {
    1375|       throw new SchemaMigrationError(
       |             ^
    1376|         validation,
    1377|         "Database version 6 schema is invalid.",
 ❯ openDatabase src/server/db.ts:14:5
 ❯ Module.transitionWorkItem src/server/mission-service.ts:796:20
 ❯ tests/mission-legacy-entrypoints.test.ts:167:30

⎯⎯⎯⎯⎯⎯⎯⎯⎯⎯⎯⎯⎯⎯⎯⎯⎯⎯⎯⎯⎯⎯⎯⎯[8/9]⎯

 FAIL  tests/mission-legacy-entrypoints.test.ts > legacy mission completion entrypoints > replays a successful passed projection without another CAS or event
SchemaMigrationError: Database version 6 schema is invalid.
 ❯ migrateDatabase src/server/migrations.ts:1375:13
    1373|     const validation = validateV6(database);
    1374|     if (validation) {
    1375|       throw new SchemaMigrationError(
       |             ^
    1376|         validation,
    1377|         "Database version 6 schema is invalid.",
 ❯ openDatabase src/server/db.ts:14:5
 ❯ Module.transitionWorkItem src/server/mission-service.ts:796:20
 ❯ tests/mission-legacy-entrypoints.test.ts:183:26

⎯⎯⎯⎯⎯⎯⎯⎯⎯⎯⎯⎯⎯⎯⎯⎯⎯⎯⎯⎯⎯⎯⎯⎯[9/9]⎯


 Test Files  2 failed (2)
      Tests  9 failed (9)
   Start at  12:58:16
   Duration  4.64s (transform 337ms, setup 885ms, import 706ms, tests 3.18s, environment 3.70s)

# exit: 1
