# hf-gate-run
# label: t7-red
# command: npm test -- tests/review-output-schema.test.ts tests/review-structured-repair.test.ts
# started: 2026-08-01T05:22:23+00:00

> collaboration-cockpit@0.1.0 test
> vitest run tests/review-output-schema.test.ts tests/review-structured-repair.test.ts


 RUN  v4.1.10 D:/cool-ai

 ❯ tests/review-structured-repair.test.ts (6 tests | 6 failed) 16ms
     × returns one valid primary output with a single terminal call 9ms
     × uses the same provider/model for exactly one schema-only repair 1ms
     × stops after primary and repair are both invalid with one unique terminal result 1ms
     × does not repair a structurally valid output with a foreign source 1ms
     × rejects public CoT or secret text without returning or repairing it 1ms
     × sanitizes provider failure into metadata and never exposes a raw provider body 1ms
 ❯ tests/review-output-schema.test.ts (14 tests | 8 failed) 24ms
     × requires reject rework reasons and enforces the 2..8 escalation option boundary 8ms
     × strictly rejects unknown candidate actor fields and accepts a versioned source 1ms
     × accepts exact frozen refs and binds candidate authorship to the selected reviewer 2ms
     × rejects foreign id evidence and candidate sources 1ms
     × rejects foreign type evidence and candidate sources 1ms
     × rejects stale version evidence and candidate sources 1ms
     × rejects wrong artifact hash evidence and candidate sources 1ms
     × rejects header-only pass evidence but permits it for a reject finding 1ms

⎯⎯⎯⎯⎯⎯ Failed Tests 14 ⎯⎯⎯⎯⎯⎯⎯

 FAIL  tests/review-output-schema.test.ts > strict review output schema > requires reject rework reasons and enforces the 2..8 escalation option boundary
AssertionError: expected true to be false // Object.is equality

- Expected
+ Received

- false
+ true

 ❯ tests/review-output-schema.test.ts:92:17
     90|         options: Array.from({ length: 9 }, (_, index) => `选项 ${index}`…
     91|       },
     92|     }).success).toBe(false);
       |                 ^
     93|     expect(reviewOutputSchema.safeParse({
     94|       ...base,

⎯⎯⎯⎯⎯⎯⎯⎯⎯⎯⎯⎯⎯⎯⎯⎯⎯⎯⎯⎯⎯⎯⎯[1/14]⎯

 FAIL  tests/review-output-schema.test.ts > strict review output schema > strictly rejects unknown candidate actor fields and accepts a versioned source
AssertionError: expected false to be true // Object.is equality

- Expected
+ Received

- true
+ false

 ❯ tests/review-output-schema.test.ts:127:17
    125|       decision: { choice: "pass" },
    126|       memoryCandidates: [candidate],
    127|     }).success).toBe(true);
       |                 ^
    128|     expect(reviewOutputSchema.safeParse({
    129|       ...base,

⎯⎯⎯⎯⎯⎯⎯⎯⎯⎯⎯⎯⎯⎯⎯⎯⎯⎯⎯⎯⎯⎯⎯[2/14]⎯

 FAIL  tests/review-output-schema.test.ts > review evidence and candidate source validation > accepts exact frozen refs and binds candidate authorship to the selected reviewer
AssertionError: the strict review schema module must exist: expected undefined to be type of 'function'

Expected: "function"
Received: "undefined"

 ❯ loadReviewSchema tests/review-output-schema.test.ts:53:62
     51| async function loadReviewSchema(): Promise<ReviewSchemaModule> {
     52|   const load = reviewSchemaModules["../src/server/review/review-schema…
     53|   expect(load, "the strict review schema module must exist").toBeTypeO…
       |                                                              ^
     54|   return load();
     55| }
 ❯ tests/review-output-schema.test.ts:149:44

⎯⎯⎯⎯⎯⎯⎯⎯⎯⎯⎯⎯⎯⎯⎯⎯⎯⎯⎯⎯⎯⎯⎯[3/14]⎯

 FAIL  tests/review-output-schema.test.ts > review evidence and candidate source validation > rejects foreign id evidence and candidate sources
 FAIL  tests/review-output-schema.test.ts > review evidence and candidate source validation > rejects foreign type evidence and candidate sources
 FAIL  tests/review-output-schema.test.ts > review evidence and candidate source validation > rejects stale version evidence and candidate sources
 FAIL  tests/review-output-schema.test.ts > review evidence and candidate source validation > rejects wrong artifact hash evidence and candidate sources
AssertionError: the strict review schema module must exist: expected undefined to be type of 'function'

Expected: "function"
Received: "undefined"

 ❯ loadReviewSchema tests/review-output-schema.test.ts:53:62
     51| async function loadReviewSchema(): Promise<ReviewSchemaModule> {
     52|   const load = reviewSchemaModules["../src/server/review/review-schema…
     53|   expect(load, "the strict review schema module must exist").toBeTypeO…
       |                                                              ^
     54|   return load();
     55| }
 ❯ tests/review-output-schema.test.ts:179:44

⎯⎯⎯⎯⎯⎯⎯⎯⎯⎯⎯⎯⎯⎯⎯⎯⎯⎯⎯⎯⎯⎯⎯[4/14]⎯

 FAIL  tests/review-output-schema.test.ts > review evidence and candidate source validation > rejects header-only pass evidence but permits it for a reject finding
AssertionError: the strict review schema module must exist: expected undefined to be type of 'function'

Expected: "function"
Received: "undefined"

 ❯ loadReviewSchema tests/review-output-schema.test.ts:53:62
     51| async function loadReviewSchema(): Promise<ReviewSchemaModule> {
     52|   const load = reviewSchemaModules["../src/server/review/review-schema…
     53|   expect(load, "the strict review schema module must exist").toBeTypeO…
       |                                                              ^
     54|   return load();
     55| }
 ❯ tests/review-output-schema.test.ts:200:44

⎯⎯⎯⎯⎯⎯⎯⎯⎯⎯⎯⎯⎯⎯⎯⎯⎯⎯⎯⎯⎯⎯⎯[5/14]⎯

 FAIL  tests/review-structured-repair.test.ts > review primary and one structured repair > returns one valid primary output with a single terminal call
AssertionError: the one-repair review executor must exist: expected undefined to be type of 'function'

Expected: "function"
Received: "undefined"

 ❯ loadStructuredReview tests/review-structured-repair.test.ts:114:61
    112| async function loadStructuredReview(): Promise<StructuredReviewModule>…
    113|   const load = structuredModules["../src/server/review/review-structur…
    114|   expect(load, "the one-repair review executor must exist").toBeTypeOf…
       |                                                             ^
    115|   return load();
    116| }
 ❯ tests/review-structured-repair.test.ts:125:53

⎯⎯⎯⎯⎯⎯⎯⎯⎯⎯⎯⎯⎯⎯⎯⎯⎯⎯⎯⎯⎯⎯⎯[6/14]⎯

 FAIL  tests/review-structured-repair.test.ts > review primary and one structured repair > uses the same provider/model for exactly one schema-only repair
AssertionError: the one-repair review executor must exist: expected undefined to be type of 'function'

Expected: "function"
Received: "undefined"

 ❯ loadStructuredReview tests/review-structured-repair.test.ts:114:61
    112| async function loadStructuredReview(): Promise<StructuredReviewModule>…
    113|   const load = structuredModules["../src/server/review/review-structur…
    114|   expect(load, "the one-repair review executor must exist").toBeTypeOf…
       |                                                             ^
    115|   return load();
    116| }
 ❯ tests/review-structured-repair.test.ts:156:53

⎯⎯⎯⎯⎯⎯⎯⎯⎯⎯⎯⎯⎯⎯⎯⎯⎯⎯⎯⎯⎯⎯⎯[7/14]⎯

 FAIL  tests/review-structured-repair.test.ts > review primary and one structured repair > stops after primary and repair are both invalid with one unique terminal result
AssertionError: the one-repair review executor must exist: expected undefined to be type of 'function'

Expected: "function"
Received: "undefined"

 ❯ loadStructuredReview tests/review-structured-repair.test.ts:114:61
    112| async function loadStructuredReview(): Promise<StructuredReviewModule>…
    113|   const load = structuredModules["../src/server/review/review-structur…
    114|   expect(load, "the one-repair review executor must exist").toBeTypeOf…
       |                                                             ^
    115|   return load();
    116| }
 ❯ tests/review-structured-repair.test.ts:190:53

⎯⎯⎯⎯⎯⎯⎯⎯⎯⎯⎯⎯⎯⎯⎯⎯⎯⎯⎯⎯⎯⎯⎯[8/14]⎯

 FAIL  tests/review-structured-repair.test.ts > review primary and one structured repair > does not repair a structurally valid output with a foreign source
AssertionError: the one-repair review executor must exist: expected undefined to be type of 'function'

Expected: "function"
Received: "undefined"

 ❯ loadStructuredReview tests/review-structured-repair.test.ts:114:61
    112| async function loadStructuredReview(): Promise<StructuredReviewModule>…
    113|   const load = structuredModules["../src/server/review/review-structur…
    114|   expect(load, "the one-repair review executor must exist").toBeTypeOf…
       |                                                             ^
    115|   return load();
    116| }
 ❯ tests/review-structured-repair.test.ts:225:53

⎯⎯⎯⎯⎯⎯⎯⎯⎯⎯⎯⎯⎯⎯⎯⎯⎯⎯⎯⎯⎯⎯⎯[9/14]⎯

 FAIL  tests/review-structured-repair.test.ts > review primary and one structured repair > rejects public CoT or secret text without returning or repairing it
AssertionError: the one-repair review executor must exist: expected undefined to be type of 'function'

Expected: "function"
Received: "undefined"

 ❯ loadStructuredReview tests/review-structured-repair.test.ts:114:61
    112| async function loadStructuredReview(): Promise<StructuredReviewModule>…
    113|   const load = structuredModules["../src/server/review/review-structur…
    114|   expect(load, "the one-repair review executor must exist").toBeTypeOf…
       |                                                             ^
    115|   return load();
    116| }
 ❯ tests/review-structured-repair.test.ts:246:53

⎯⎯⎯⎯⎯⎯⎯⎯⎯⎯⎯⎯⎯⎯⎯⎯⎯⎯⎯⎯⎯⎯[10/14]⎯

 FAIL  tests/review-structured-repair.test.ts > review primary and one structured repair > sanitizes provider failure into metadata and never exposes a raw provider body
AssertionError: the one-repair review executor must exist: expected undefined to be type of 'function'

Expected: "function"
Received: "undefined"

 ❯ loadStructuredReview tests/review-structured-repair.test.ts:114:61
    112| async function loadStructuredReview(): Promise<StructuredReviewModule>…
    113|   const load = structuredModules["../src/server/review/review-structur…
    114|   expect(load, "the one-repair review executor must exist").toBeTypeOf…
       |                                                             ^
    115|   return load();
    116| }
 ❯ tests/review-structured-repair.test.ts:275:53

⎯⎯⎯⎯⎯⎯⎯⎯⎯⎯⎯⎯⎯⎯⎯⎯⎯⎯⎯⎯⎯⎯[11/14]⎯


 Test Files  2 failed (2)
      Tests  14 failed | 6 passed (20)
   Start at  13:22:24
   Duration  2.84s (transform 156ms, setup 901ms, import 254ms, tests 40ms, environment 3.67s)

# exit: 1
