# hf-gate-run
# label: t9-regressions
# command: npm.cmd test -- tests/review-orchestrator.test.ts tests/review-recovery.test.ts tests/result-version-rework.test.ts tests/execution-rework-integration.test.ts tests/completion-gate.test.ts tests/mission-legacy-entrypoints.test.ts tests/collaboration-recovery.test.ts
# started: 2026-08-01T05:43:33+00:00

> collaboration-cockpit@0.1.0 test
> vitest run tests/review-orchestrator.test.ts tests/review-recovery.test.ts tests/result-version-rework.test.ts tests/execution-rework-integration.test.ts tests/completion-gate.test.ts tests/mission-legacy-entrypoints.test.ts tests/collaboration-recovery.test.ts


 RUN  v4.1.10 D:/cool-ai

(node:3216) ExperimentalWarning: SQLite is an experimental feature and might change at any time
(Use `node --trace-warnings ...` to show where the warning was created)
(node:11304) ExperimentalWarning: SQLite is an experimental feature and might change at any time
(Use `node --trace-warnings ...` to show where the warning was created)
(node:11940) ExperimentalWarning: SQLite is an experimental feature and might change at any time
(Use `node --trace-warnings ...` to show where the warning was created)
(node:12236) ExperimentalWarning: SQLite is an experimental feature and might change at any time
(Use `node --trace-warnings ...` to show where the warning was created)
(node:15648) ExperimentalWarning: SQLite is an experimental feature and might change at any time
(Use `node --trace-warnings ...` to show where the warning was created)
(node:12856) ExperimentalWarning: SQLite is an experimental feature and might change at any time
(Use `node --trace-warnings ...` to show where the warning was created)
(node:3660) ExperimentalWarning: SQLite is an experimental feature and might change at any time
(Use `node --trace-warnings ...` to show where the warning was created)

 Test Files  7 passed (7)
      Tests  26 passed (26)
   Start at  13:43:35
   Duration  8.33s (transform 1.67s, setup 6.18s, import 3.40s, tests 11.82s, environment 24.60s)

# exit: 0
