# hf-gate-run
# label: build-final
# command: npm run build
# started: 2026-07-26T15:25:31+00:00

> cool-ai@0.0.1 build
> next build

▲ Next.js 16.2.11 (Turbopack)
- Environments: .env

  Creating an optimized production build ...
✓ Compiled successfully in 1802ms
  Running TypeScript ...
Failed to type check.

./app/api/providers/[id]/models/route.ts:30:20
Type error: Parameter 'x' implicitly has an 'any' type.

  [90m28 |[0m       ? data.data
  [90m29 |[0m           .map((m: { id?: string }) => m.id)
[31m[1m>[0m [90m30 |[0m           .filter((x): x is string => [36mtypeof[0m x === [32m"string"[0m)
  [90m   |[0m                    [31m[1m^[0m
  [90m31 |[0m       : [];
  [90m32 |[0m     [36mreturn[0m [33mNextResponse[0m.json({ models });
  [90m33 |[0m   } [36mcatch[0m {
Next.js build worker exited with code: 1 and signal: null
# exit: 1
