# hf-gate-run
# label: suite
# command: npm test
# started: 2026-07-26T15:26:16+00:00

> cool-ai@0.0.1 test
> vitest run


[1m[46m RUN [49m[22m [36mv3.2.7 [39m[90mE:/Code/cool-ai[39m

 [32m✓[39m tests/baseline.test.ts [2m([22m[2m1 test[22m[2m)[22m[32m 3[2mms[22m[39m
 [32m✓[39m tests/setupDocs.test.ts [2m([22m[2m2 tests[22m[2m)[22m[32m 3[2mms[22m[39m
 [32m✓[39m tests/agentsApi.test.ts [2m([22m[2m10 tests[22m[2m)[22m[32m 29[2mms[22m[39m
 [32m✓[39m tests/providersApi.test.ts [2m([22m[2m6 tests[22m[2m)[22m[32m 23[2mms[22m[39m
 [32m✓[39m tests/skillsApi.test.ts [2m([22m[2m5 tests[22m[2m)[22m[32m 21[2mms[22m[39m
 [32m✓[39m tests/skillService.test.ts [2m([22m[2m7 tests[22m[2m)[22m[33m 1917[2mms[22m[39m
 [32m✓[39m tests/providerService.test.ts [2m([22m[2m5 tests[22m[2m)[22m[33m 1945[2mms[22m[39m
 [32m✓[39m tests/agentService.test.ts [2m([22m[2m9 tests[22m[2m)[22m[33m 1949[2mms[22m[39m
 [32m✓[39m tests/layout.test.tsx [2m([22m[2m1 test[22m[2m)[22m[32m 182[2mms[22m[39m
 [32m✓[39m tests/ProviderList.test.tsx [2m([22m[2m4 tests[22m[2m)[22m[32m 242[2mms[22m[39m
 [32m✓[39m tests/SkillForm.test.tsx [2m([22m[2m3 tests[22m[2m)[22m[33m 449[2mms[22m[39m
 [32m✓[39m tests/SkillList.test.tsx [2m([22m[2m4 tests[22m[2m)[22m[32m 227[2mms[22m[39m
 [32m✓[39m tests/createFlow.test.tsx [2m([22m[2m1 test[22m[2m)[22m[33m 397[2mms[22m[39m
   [33m[2m✓[22m[39m create flow (page wiring)[2m > [22mcreating an agent refreshes the list via version bump [33m 396[2mms[22m[39m
 [32m✓[39m tests/AgentList.test.tsx [2m([22m[2m7 tests[22m[2m)[22m[33m 308[2mms[22m[39m
 [32m✓[39m tests/agentSkillLink.test.tsx [2m([22m[2m1 test[22m[2m)[22m[33m 624[2mms[22m[39m
   [33m[2m✓[22m[39m agent ↔ skill association flow[2m > [22mcreate skill, link it to a new agent, card shows the skill name [33m 623[2mms[22m[39m
 [32m✓[39m tests/ProviderForm.test.tsx [2m([22m[2m3 tests[22m[2m)[22m[33m 617[2mms[22m[39m
   [33m[2m✓[22m[39m ProviderForm[2m > [22msubmits and calls onCreated on success [33m 349[2mms[22m[39m
 [32m✓[39m tests/AgentForm.test.tsx [2m([22m[2m5 tests[22m[2m)[22m[33m 948[2mms[22m[39m

[2m Test Files [22m [1m[32m17 passed[39m[22m[90m (17)[39m
[2m      Tests [22m [1m[32m74 passed[39m[22m[90m (74)[39m
[2m   Start at [22m 23:26:17
[2m   Duration [22m 4.69s[2m (transform 842ms, setup 0ms, collect 6.35s, tests 9.88s, environment 21.65s, prepare 9.86s)[22m

# exit: 0
