# hf-gate-run
# label: t1-red
# command: npm test
# started: 2026-07-26T15:17:41+00:00

> cool-ai@0.0.1 test
> vitest run


[1m[46m RUN [49m[22m [36mv3.2.7 [39m[90mE:/Code/cool-ai[39m

 [32m✓[39m tests/setupDocs.test.ts [2m([22m[2m2 tests[22m[2m)[22m[32m 4[2mms[22m[39m
 [32m✓[39m tests/baseline.test.ts [2m([22m[2m1 test[22m[2m)[22m[32m 3[2mms[22m[39m
 [32m✓[39m tests/skillsApi.test.ts [2m([22m[2m5 tests[22m[2m)[22m[32m 16[2mms[22m[39m
 [32m✓[39m tests/agentsApi.test.ts [2m([22m[2m9 tests[22m[2m)[22m[32m 25[2mms[22m[39m
 [32m✓[39m tests/skillService.test.ts [2m([22m[2m7 tests[22m[2m)[22m[33m 1450[2mms[22m[39m
 [31m❯[39m tests/agentService.test.ts [2m([22m[2m7 tests[22m[2m | [22m[31m2 failed[39m[2m)[22m[33m 1513[2mms[22m[39m
   [32m✓[39m agentService.getAgents[2m > [22mreturns agents persisted in db (with parsed tool/skill arrays)[32m 12[2mms[22m[39m
   [32m✓[39m agentService.getAgents[2m > [22mreturns empty array when no agents[32m 7[2mms[22m[39m
   [32m✓[39m agentService.getAgents[2m > [22mthrows when db read fails[32m 2[2mms[22m[39m
[31m   [31m×[31m agentService.createAgent[2m > [22mcreates an agent, stores skill ids, returns DTO with skill id array[39m[32m 34[2mms[22m[39m
[31m     → 
Invalid `client.agent.create()` invocation in
E:\Code\cool-ai\src\server\agentService.ts:98:34

  95   }
  96 }
  97 
→ 98 const row = await client.agent.create({
       data: {
         name: "PM",
         systemPrompt: "产品经理",
         tools: "[\"shell\",\"file.read\"]",
         skills: "[1]",
         provider: "zhipuai-coding-plan",
         ~~~~~~~~
     ?   providerConfigId?: Int | Null,
     ?   model?: String,
     ?   createdAt?: DateTime
       }
     })

Unknown argument `provider`. Available options are marked with ?.[39m
   [32m✓[39m agentService.createAgent[2m > [22mthrows when a referenced skill id does not exist[32m 2[2mms[22m[39m
   [32m✓[39m agentService.createAgent[2m > [22mthrows when name is missing/empty/whitespace[32m 1[2mms[22m[39m
[31m   [31m×[31m agentService.createAgent[2m > [22mtrims surrounding whitespace from name[39m[32m 3[2mms[22m[39m
[31m     → 
Invalid `client.agent.create()` invocation in
E:\Code\cool-ai\src\server\agentService.ts:98:34

  95   }
  96 }
  97 
→ 98 const row = await client.agent.create({
       data: {
         name: "架构师",
         systemPrompt: "",
         tools: "[]",
         skills: "[]",
         provider: "zhipuai-coding-plan",
         ~~~~~~~~
     ?   providerConfigId?: Int | Null,
     ?   model?: String,
     ?   createdAt?: DateTime
       }
     })

Unknown argument `provider`. Available options are marked with ?.[39m
 [32m✓[39m tests/AgentList.test.tsx [2m([22m[2m6 tests[22m[2m)[22m[32m 259[2mms[22m[39m
 [32m✓[39m tests/SkillForm.test.tsx [2m([22m[2m3 tests[22m[2m)[22m[33m 326[2mms[22m[39m
 [32m✓[39m tests/layout.test.tsx [2m([22m[2m1 test[22m[2m)[22m[32m 126[2mms[22m[39m
 [32m✓[39m tests/SkillList.test.tsx [2m([22m[2m4 tests[22m[2m)[22m[32m 188[2mms[22m[39m
 [32m✓[39m tests/createFlow.test.tsx [2m([22m[2m1 test[22m[2m)[22m[32m 268[2mms[22m[39m
 [32m✓[39m tests/AgentForm.test.tsx [2m([22m[2m4 tests[22m[2m)[22m[33m 519[2mms[22m[39m
 [32m✓[39m tests/agentSkillLink.test.tsx [2m([22m[2m1 test[22m[2m)[22m[33m 509[2mms[22m[39m
   [33m[2m✓[22m[39m agent ↔ skill association flow[2m > [22mcreate skill, link it to a new agent, card shows the skill name [33m 508[2mms[22m[39m

[31m⎯⎯⎯⎯⎯⎯[39m[1m[41m Failed Suites 1 [49m[22m[31m⎯⎯⎯⎯⎯⎯⎯[39m

[41m[1m FAIL [22m[49m tests/providerService.test.ts[2m [ tests/providerService.test.ts ][22m
[31m[1mError[22m: Cannot find module '../src/server/providerService' imported from 'E:/Code/cool-ai/tests/providerService.test.ts'[39m
[36m [2m❯[22m tests/providerService.test.ts:[2m4:1[22m[39m
    [90m  2| [39m[35mimport[39m { [33mPrismaClient[39m } [35mfrom[39m [32m"@prisma/client"[39m[33m;[39m
    [90m  3| [39mimport { describe, it, expect, beforeAll, beforeEach, afterAll } from …
    [90m  4| [39mimport { createProvider, getProviders } from "../src/server/providerSe…
    [90m   | [39m[31m^[39m
    [90m  5| [39m
    [90m  6| [39m[35mlet[39m db[33m:[39m [33mPrismaClient[39m[33m;[39m

[31m[1mCaused by: Error[22m: Failed to load url ../src/server/providerService (resolved id: ../src/server/providerService) in E:/Code/cool-ai/tests/providerService.test.ts. Does the file exist?[39m
[90m [2m❯[22m loadAndTransform node_modules/vite/dist/node/chunks/config.js:[2m22739:33[22m[39m

[31m[2m⎯⎯⎯⎯⎯⎯⎯⎯⎯⎯⎯⎯⎯⎯⎯⎯⎯⎯⎯⎯⎯⎯⎯⎯[1/3]⎯[22m[39m


[31m⎯⎯⎯⎯⎯⎯⎯[39m[1m[41m Failed Tests 2 [49m[22m[31m⎯⎯⎯⎯⎯⎯⎯[39m

[41m[1m FAIL [22m[49m tests/agentService.test.ts[2m > [22magentService.createAgent[2m > [22mcreates an agent, stores skill ids, returns DTO with skill id array
[31m[1mPrismaClientValidationError[22m: 
Invalid `client.agent.create()` invocation in
E:\Code\cool-ai\src\server\agentService.ts:98:34

  95   }
  96 }
  97 
→ 98 const row = await client.agent.create({
       data: {
         name: "PM",
         systemPrompt: "产品经理",
         tools: "[\"shell\",\"file.read\"]",
         skills: "[1]",
         provider: "zhipuai-coding-plan",
         ~~~~~~~~
     ?   providerConfigId?: Int | Null,
     ?   model?: String,
     ?   createdAt?: DateTime
       }
     })

Unknown argument `provider`. Available options are marked with ?.[39m
[90m [2m❯[22m throwValidationException node_modules/@prisma/client/src/runtime/core/errorRendering/throwValidationException.ts:[2m45:9[22m[39m
[90m [2m❯[22m ei.handleRequestError node_modules/@prisma/client/src/runtime/RequestHandler.ts:[2m202:7[22m[39m
[90m [2m❯[22m ei.handleAndLogRequestError node_modules/@prisma/client/src/runtime/RequestHandler.ts:[2m174:12[22m[39m
[90m [2m❯[22m ei.request node_modules/@prisma/client/src/runtime/RequestHandler.ts:[2m143:12[22m[39m
[90m [2m❯[22m a node_modules/@prisma/client/src/runtime/getPrismaClient.ts:[2m833:24[22m[39m
[36m [2m❯[22m createAgent src/server/agentService.ts:[2m98:15[22m[39m
    [90m 96| [39m  }
    [90m 97| [39m
    [90m 98| [39m  [35mconst[39m row [33m=[39m [35mawait[39m client[33m.[39magent[33m.[39m[34mcreate[39m({
    [90m   | [39m              [31m^[39m
    [90m 99| [39m    data[33m:[39m {
    [90m100| [39m      name[33m,[39m
[90m [2m❯[22m tests/agentService.test.ts:[2m68:19[22m[39m

[31m[2m⎯⎯⎯⎯⎯⎯⎯⎯⎯⎯⎯⎯⎯⎯⎯⎯⎯⎯⎯⎯⎯⎯⎯⎯[2/3]⎯[22m[39m

[41m[1m FAIL [22m[49m tests/agentService.test.ts[2m > [22magentService.createAgent[2m > [22mtrims surrounding whitespace from name
[31m[1mPrismaClientValidationError[22m: 
Invalid `client.agent.create()` invocation in
E:\Code\cool-ai\src\server\agentService.ts:98:34

  95   }
  96 }
  97 
→ 98 const row = await client.agent.create({
       data: {
         name: "架构师",
         systemPrompt: "",
         tools: "[]",
         skills: "[]",
         provider: "zhipuai-coding-plan",
         ~~~~~~~~
     ?   providerConfigId?: Int | Null,
     ?   model?: String,
     ?   createdAt?: DateTime
       }
     })

Unknown argument `provider`. Available options are marked with ?.[39m
[90m [2m❯[22m throwValidationException node_modules/@prisma/client/src/runtime/core/errorRendering/throwValidationException.ts:[2m45:9[22m[39m
[90m [2m❯[22m ei.handleRequestError node_modules/@prisma/client/src/runtime/RequestHandler.ts:[2m202:7[22m[39m
[90m [2m❯[22m ei.handleAndLogRequestError node_modules/@prisma/client/src/runtime/RequestHandler.ts:[2m174:12[22m[39m
[90m [2m❯[22m ei.request node_modules/@prisma/client/src/runtime/RequestHandler.ts:[2m143:12[22m[39m
[90m [2m❯[22m a node_modules/@prisma/client/src/runtime/getPrismaClient.ts:[2m833:24[22m[39m
[36m [2m❯[22m createAgent src/server/agentService.ts:[2m98:15[22m[39m
    [90m 96| [39m  }
    [90m 97| [39m
    [90m 98| [39m  [35mconst[39m row [33m=[39m [35mawait[39m client[33m.[39magent[33m.[39m[34mcreate[39m({
    [90m   | [39m              [31m^[39m
    [90m 99| [39m    data[33m:[39m {
    [90m100| [39m      name[33m,[39m
[90m [2m❯[22m tests/agentService.test.ts:[2m101:19[22m[39m

[31m[2m⎯⎯⎯⎯⎯⎯⎯⎯⎯⎯⎯⎯⎯⎯⎯⎯⎯⎯⎯⎯⎯⎯⎯⎯[3/3]⎯[22m[39m


[2m Test Files [22m [1m[31m2 failed[39m[22m[2m | [22m[1m[32m12 passed[39m[22m[90m (14)[39m
[2m      Tests [22m [1m[31m2 failed[39m[22m[2m | [22m[1m[32m49 passed[39m[22m[90m (51)[39m
[2m   Start at [22m 23:17:41
[2m   Duration [22m 3.24s[2m (transform 383ms, setup 0ms, collect 3.60s, tests 5.21s, environment 11.21s, prepare 3.75s)[22m

# exit: 1
