# hf-gate-run
# label: t3-green
# command: npm test
# started: 2026-07-26T15:21:37+00:00

> cool-ai@0.0.1 test
> vitest run


[1m[46m RUN [49m[22m [36mv3.2.7 [39m[90mE:/Code/cool-ai[39m

 [32m✓[39m tests/baseline.test.ts [2m([22m[2m1 test[22m[2m)[22m[32m 3[2mms[22m[39m
 [32m✓[39m tests/setupDocs.test.ts [2m([22m[2m2 tests[22m[2m)[22m[32m 4[2mms[22m[39m
 [32m✓[39m tests/agentsApi.test.ts [2m([22m[2m10 tests[22m[2m)[22m[32m 22[2mms[22m[39m
 [32m✓[39m tests/skillsApi.test.ts [2m([22m[2m5 tests[22m[2m)[22m[32m 16[2mms[22m[39m
 [32m✓[39m tests/providersApi.test.ts [2m([22m[2m6 tests[22m[2m)[22m[32m 18[2mms[22m[39m
 [32m✓[39m tests/skillService.test.ts [2m([22m[2m7 tests[22m[2m)[22m[33m 1603[2mms[22m[39m
 [32m✓[39m tests/agentService.test.ts [2m([22m[2m9 tests[22m[2m)[22m[33m 1632[2mms[22m[39m
 [32m✓[39m tests/providerService.test.ts [2m([22m[2m5 tests[22m[2m)[22m[33m 1635[2mms[22m[39m
 [32m✓[39m tests/layout.test.tsx [2m([22m[2m1 test[22m[2m)[22m[32m 144[2mms[22m[39m
 [32m✓[39m tests/AgentList.test.tsx [2m([22m[2m6 tests[22m[2m)[22m[32m 265[2mms[22m[39m
 [32m✓[39m tests/createFlow.test.tsx [2m([22m[2m1 test[22m[2m)[22m[33m 330[2mms[22m[39m
   [33m[2m✓[22m[39m create flow (page wiring)[2m > [22mcreating an agent refreshes the list via version bump [33m 329[2mms[22m[39m
 [32m✓[39m tests/SkillList.test.tsx [2m([22m[2m4 tests[22m[2m)[22m[32m 176[2mms[22m[39m
 [32m✓[39m tests/SkillForm.test.tsx [2m([22m[2m3 tests[22m[2m)[22m[33m 331[2mms[22m[39m
 [31m❯[39m tests/AgentForm.test.tsx [2m([22m[2m4 tests[22m[2m | [22m[31m1 failed[39m[2m)[22m[33m 584[2mms[22m[39m
[31m   [31m×[31m AgentForm[2m > [22mrenders five labeled inputs[39m[32m 55[2mms[22m[39m
[31m     → Unable to find a label with the text of: 模型供应商

Ignored nodes: comments, script, style
[36m<body>[31m
  [36m<div>[31m
    [36m<form[31m
      [33maria-label[31m=[32m"创建 Agent"[31m
      [33mclass[31m=[32m"space-y-4 rounded-token border border-line bg-surface-subtle p-4"[31m
    [36m>[31m
      [36m<div>[31m
        [36m<label[31m
          [33mclass[31m=[32m"block text-sm text-muted"[31m
          [33mfor[31m=[32m"agent-name"[31m
        [36m>[31m
          [0m名字[0m
        [36m</label>[31m
        [36m<input[31m
          [33maria-invalid[31m=[32m"false"[31m
          [33mclass[31m=[32m"mt-1 w-full rounded-token border border-line bg-surface px-3 py-2"[31m
          [33mid[31m=[32m"agent-name"[31m
          [33mvalue[31m=[32m""[31m
        [36m/>[31m
      [36m</div>[31m
      [36m<div>[31m
        [36m<label[31m
          [33mclass[31m=[32m"block text-sm text-muted"[31m
          [33mfor[31m=[32m"agent-prompt"[31m
        [36m>[31m
          [0m角色描述[0m
        [36m</label>[31m
        [36m<textarea[31m
          [33mclass[31m=[32m"mt-1 w-full rounded-token border border-line bg-surface px-3 py-2"[31m
          [33mid[31m=[32m"agent-prompt"[31m
          [33mrows[31m=[32m"3"[31m
        [36m/>[31m
      [36m</div>[31m
      [36m<div>[31m
        [36m<span[31m
          [33mclass[31m=[32m"block text-sm text-muted"[31m
        [36m>[31m
          [0m可用工具[0m
        [36m</span>[31m
        [36m<div[31m
          [33maria-label[31m=[32m"可用工具"[31m
          [33mclass[31m=[32m"mt-1 flex flex-wrap gap-3"[31m
          [33mrole[31m=[32m"group"[31m
        [36m>[31m
          [36m<label[31m
            [33mclass[31m=[32m"inline-flex items-center gap-1 text-sm"[31m
          [36m>[31m
            [36m<input[31m
              [33mtype[31m=[32m"checkbox"[31m
            [36m/>[31m
            [0m文件读取[0m
          [36m</label>[31m
          [36m<label[31m
            [33mclass[31m=[32m"inline-flex items-center gap-1 text-sm"[31m
          [36m>[31m
            [36m<input[31m
              [33mtype[31m=[32m"checkbox"[31m
            [36m/>[31m
            [0m文件写入[0m
          [36m</label>[31m
          [36m<label[31m
            [33mclass[31m=[32m"inline-flex items-center gap-1 text-sm"[31m
          [36m>[31m
            [36m<input[31m
              [33mtype[31m=[32m"checkbox"[31m
            [36m/>[31m
            [0mShell 执行[0m
          [36m</label>[31m
          [36m<label[31m
            [33mclass[31m=[32m"inline-flex items-center gap-1 text-sm"[31m
          [36m>[31m
            [36m<input[31m
              [33mtype[31m=[32m"checkbox"[31m
            [36m/>[31m
            [0m网络搜索[0m
          [36m</label>[31m
        [36m</div>[31m
      [36m</div>[31m
      [36m<div[31m
        [33mclass[31m=[32m"grid grid-cols-1 gap-4 sm:grid-cols-2"[31m
      [36m>[31m
        [36m<div>[31m
          [36m<label[31m
            [33mclass[31m=[32m"block text-sm text-muted"[31m
            [33mfor[31m=[32m"agent-provider"[31m
          [36m>[31m
            [0mprovider 配置[0m
          [36m</label>[31m
          [36m<select[31m
            [33mclass[31m=[32m"mt-1 w-full rounded-token border border-line bg-surface px-3 py-2"[31m
            [33mid[31m=[32m"agent-provider"[31m
          [36m>[31m
            [36m<option[31m
              [33mvalue[31m=[32m""[31m
            [36m>[31m
              [0m(未配置)[0m
            [36m</option>[31m
          [36m</select>[31m
        [36m</div>[31m
        [36m<div>[31m
          [36m<label[31m
            [33mclass[31m=[32m"block text-sm text-muted"[31m
            [33mfor[31m=[32m"agent-model"[31m
          [36m>[31m
            [0m模型[0m
          [36m</label>[31m
          [36m<input[31m
            [33mclass[31m=[32m"mt-1 w-full rounded-token border border-line bg-surface px-3 py-2"[31m
            [33mid[31m=[32m"agent-model"[31m
            [33mplaceholder[31m=[32m"如 glm-4-plus"[31m
            [33mvalue[31m=[32m""[31m
          [36m/>[31m
        [36m</div>[31m
      [36m</div>[31m
      [36m<div>[31m
        [36m<span[31m
          [33mclass[31m=[32m"block text-sm text-muted"[31m
        [36m>[31m
          [0mskills[0m
        [36m</span>[31m
        [36m<div[31m
          [33maria-label[31m=[32m"skills"[31m
          [33mclass[31m=[32m"mt-1 flex flex-wrap gap-3"[31m
          [33mrole[31m=[32m"group"[31m
        [36m>[31m
          [36m<span[31m
            [33mclass[31m=[32m"text-sm text-muted"[31m
          [36m>[31m
            [0m暂无可用 skill(先创建)[0m
          [36m</span>[31m
        [36m</div>[31m
      [36m</div>[31m
      [36m<button[31m
        [33mclass[31m=[32m"inline-flex min-h-[44px] items-center rounded-token bg-accent-strong px-4 text-surface focus:outline-none focus-visible:ring-2 focus-visible:ring-accent disabled:opacity-60"[31m
        [33mtype[31m=[32m"submit"[31m
      [36m>[31m
        [0m创建 Agent[0m
      [36m</button>[31m
    [36m</form>[31m
  [36m</div>[31m
[36m</body>[31m[39m
   [32m✓[39m AgentForm[2m > [22mblocks submit and shows error when name empty (no fetch)[32m 163[2mms[22m[39m
   [32m✓[39m AgentForm[2m > [22msubmits and calls onCreated on success[32m 165[2mms[22m[39m
   [32m✓[39m AgentForm[2m > [22mstores selected skill id in the submit body[32m 200[2mms[22m[39m
 [32m✓[39m tests/agentSkillLink.test.tsx [2m([22m[2m1 test[22m[2m)[22m[33m 477[2mms[22m[39m
   [33m[2m✓[22m[39m agent ↔ skill association flow[2m > [22mcreate skill, link it to a new agent, card shows the skill name [33m 476[2mms[22m[39m

[31m⎯⎯⎯⎯⎯⎯⎯[39m[1m[41m Failed Tests 1 [49m[22m[31m⎯⎯⎯⎯⎯⎯⎯[39m

[41m[1m FAIL [22m[49m tests/AgentForm.test.tsx[2m > [22mAgentForm[2m > [22mrenders five labeled inputs
[31m[1mTestingLibraryElementError[22m[39m: Unable to find a label with the text of: 模型供应商

Ignored nodes: comments, script, style
[36m<body>[39m
  [36m<div>[39m
    [36m<form[39m
      [33maria-label[39m=[32m"创建 Agent"[39m
      [33mclass[39m=[32m"space-y-4 rounded-token border border-line bg-surface-subtle p-4"[39m
    [36m>[39m
      [36m<div>[39m
        [36m<label[39m
          [33mclass[39m=[32m"block text-sm text-muted"[39m
          [33mfor[39m=[32m"agent-name"[39m
        [36m>[39m
          [0m名字[0m
        [36m</label>[39m
        [36m<input[39m
          [33maria-invalid[39m=[32m"false"[39m
          [33mclass[39m=[32m"mt-1 w-full rounded-token border border-line bg-surface px-3 py-2"[39m
          [33mid[39m=[32m"agent-name"[39m
          [33mvalue[39m=[32m""[39m
        [36m/>[39m
      [36m</div>[39m
      [36m<div>[39m
        [36m<label[39m
          [33mclass[39m=[32m"block text-sm text-muted"[39m
          [33mfor[39m=[32m"agent-prompt"[39m
        [36m>[39m
          [0m角色描述[0m
        [36m</label>[39m
        [36m<textarea[39m
          [33mclass[39m=[32m"mt-1 w-full rounded-token border border-line bg-surface px-3 py-2"[39m
          [33mid[39m=[32m"agent-prompt"[39m
          [33mrows[39m=[32m"3"[39m
        [36m/>[39m
      [36m</div>[39m
      [36m<div>[39m
        [36m<span[39m
          [33mclass[39m=[32m"block text-sm text-muted"[39m
        [36m>[39m
          [0m可用工具[0m
        [36m</span>[39m
        [36m<div[39m
          [33maria-label[39m=[32m"可用工具"[39m
          [33mclass[39m=[32m"mt-1 flex flex-wrap gap-3"[39m
          [33mrole[39m=[32m"group"[39m
        [36m>[39m
          [36m<label[39m
            [33mclass[39m=[32m"inline-flex items-center gap-1 text-sm"[39m
          [36m>[39m
            [36m<input[39m
              [33mtype[39m=[32m"checkbox"[39m
            [36m/>[39m
            [0m文件读取[0m
          [36m</label>[39m
          [36m<label[39m
            [33mclass[39m=[32m"inline-flex items-center gap-1 text-sm"[39m
          [36m>[39m
            [36m<input[39m
              [33mtype[39m=[32m"checkbox"[39m
            [36m/>[39m
            [0m文件写入[0m
          [36m</label>[39m
          [36m<label[39m
            [33mclass[39m=[32m"inline-flex items-center gap-1 text-sm"[39m
          [36m>[39m
            [36m<input[39m
              [33mtype[39m=[32m"checkbox"[39m
            [36m/>[39m
            [0mShell 执行[0m
          [36m</label>[39m
          [36m<label[39m
            [33mclass[39m=[32m"inline-flex items-center gap-1 text-sm"[39m
          [36m>[39m
            [36m<input[39m
              [33mtype[39m=[32m"checkbox"[39m
            [36m/>[39m
            [0m网络搜索[0m
          [36m</label>[39m
        [36m</div>[39m
      [36m</div>[39m
      [36m<div[39m
        [33mclass[39m=[32m"grid grid-cols-1 gap-4 sm:grid-cols-2"[39m
      [36m>[39m
        [36m<div>[39m
          [36m<label[39m
            [33mclass[39m=[32m"block text-sm text-muted"[39m
            [33mfor[39m=[32m"agent-provider"[39m
          [36m>[39m
            [0mprovider 配置[0m
          [36m</label>[39m
          [36m<select[39m
            [33mclass[39m=[32m"mt-1 w-full rounded-token border border-line bg-surface px-3 py-2"[39m
            [33mid[39m=[32m"agent-provider"[39m
          [36m>[39m
            [36m<option[39m
              [33mvalue[39m=[32m""[39m
            [36m>[39m
              [0m(未配置)[0m
            [36m</option>[39m
          [36m</select>[39m
        [36m</div>[39m
        [36m<div>[39m
          [36m<label[39m
            [33mclass[39m=[32m"block text-sm text-muted"[39m
            [33mfor[39m=[32m"agent-model"[39m
          [36m>[39m
            [0m模型[0m
          [36m</label>[39m
          [36m<input[39m
            [33mclass[39m=[32m"mt-1 w-full rounded-token border border-line bg-surface px-3 py-2"[39m
            [33mid[39m=[32m"agent-model"[39m
            [33mplaceholder[39m=[32m"如 glm-4-plus"[39m
            [33mvalue[39m=[32m""[39m
          [36m/>[39m
        [36m</div>[39m
      [36m</div>[39m
      [36m<div>[39m
        [36m<span[39m
          [33mclass[39m=[32m"block text-sm text-muted"[39m
        [36m>[39m
          [0mskills[0m
        [36m</span>[39m
        [36m<div[39m
          [33maria-label[39m=[32m"skills"[39m
          [33mclass[39m=[32m"mt-1 flex flex-wrap gap-3"[39m
          [33mrole[39m=[32m"group"[39m
        [36m>[39m
          [36m<span[39m
            [33mclass[39m=[32m"text-sm text-muted"[39m
          [36m>[39m
            [0m暂无可用 skill(先创建)[0m
          [36m</span>[39m
        [36m</div>[39m
      [36m</div>[39m
      [36m<button[39m
        [33mclass[39m=[32m"inline-flex min-h-[44px] items-center rounded-token bg-accent-strong px-4 text-surface focus:outline-none focus-visible:ring-2 focus-visible:ring-accent disabled:opacity-60"[39m
        [33mtype[39m=[32m"submit"[39m
      [36m>[39m
        [0m创建 Agent[0m
      [36m</button>[39m
    [36m</form>[39m
  [36m</div>[39m
[36m</body>[39m
[90m [2m❯[22m Object.getElementError node_modules/@testing-library/dom/dist/config.js:[2m37:19[22m[39m
[90m [2m❯[22m getAllByLabelText node_modules/@testing-library/dom/dist/queries/label-text.js:[2m111:38[22m[39m
[90m [2m❯[22m node_modules/@testing-library/dom/dist/query-helpers.js:[2m52:17[22m[39m
[90m [2m❯[22m node_modules/@testing-library/dom/dist/query-helpers.js:[2m95:19[22m[39m
[36m [2m❯[22m tests/AgentForm.test.tsx:[2m17:19[22m[39m
    [90m 15| [39m    [34mexpect[39m(screen[33m.[39m[34mgetByLabelText[39m([32m"名字"[39m))[33m.[39m[34mtoBeInTheDocument[39m()[33m;[39m
    [90m 16| [39m    [34mexpect[39m(screen[33m.[39m[34mgetByLabelText[39m([32m"角色描述"[39m))[33m.[39m[34mtoBeInTheDocument[39m()[33m;[39m
    [90m 17| [39m    [34mexpect[39m(screen[33m.[39m[34mgetByLabelText[39m([32m"模型供应商"[39m))[33m.[39m[34mtoBeInTheDocument[39m()[33m;[39m
    [90m   | [39m                  [31m^[39m
    [90m 18| [39m    expect(screen.getByRole("group", { name: "可用工具" })).toBeInTheDocum…
    [90m 19| [39m    expect(screen.getByRole("group", { name: "skills" })).toBeInTheDoc…

[31m[2m⎯⎯⎯⎯⎯⎯⎯⎯⎯⎯⎯⎯⎯⎯⎯⎯⎯⎯⎯⎯⎯⎯⎯⎯[1/1]⎯[22m[39m


[2m Test Files [22m [1m[31m1 failed[39m[22m[2m | [22m[1m[32m14 passed[39m[22m[90m (15)[39m
[2m      Tests [22m [1m[31m1 failed[39m[22m[2m | [22m[1m[32m64 passed[39m[22m[90m (65)[39m
[2m   Start at [22m 23:21:38
[2m   Duration [22m 3.64s[2m (transform 617ms, setup 0ms, collect 4.54s, tests 7.24s, environment 13.88s, prepare 3.52s)[22m

# exit: 1
