# hf-gate-run
# label: t5-green
# command: npm test
# started: 2026-07-26T15:24:53+00:00

> cool-ai@0.0.1 test
> vitest run


[1m[46m RUN [49m[22m [36mv3.2.7 [39m[90mE:/Code/cool-ai[39m

 [32m✓[39m tests/baseline.test.ts [2m([22m[2m1 test[22m[2m)[22m[32m 4[2mms[22m[39m
 [32m✓[39m tests/setupDocs.test.ts [2m([22m[2m2 tests[22m[2m)[22m[32m 6[2mms[22m[39m
 [32m✓[39m tests/providersApi.test.ts [2m([22m[2m6 tests[22m[2m)[22m[32m 18[2mms[22m[39m
 [32m✓[39m tests/agentsApi.test.ts [2m([22m[2m10 tests[22m[2m)[22m[32m 28[2mms[22m[39m
 [32m✓[39m tests/skillsApi.test.ts [2m([22m[2m5 tests[22m[2m)[22m[32m 17[2mms[22m[39m
 [32m✓[39m tests/agentService.test.ts [2m([22m[2m9 tests[22m[2m)[22m[33m 1773[2mms[22m[39m
 [32m✓[39m tests/providerService.test.ts [2m([22m[2m5 tests[22m[2m)[22m[33m 1776[2mms[22m[39m
 [32m✓[39m tests/skillService.test.ts [2m([22m[2m7 tests[22m[2m)[22m[33m 1791[2mms[22m[39m
 [32m✓[39m tests/SkillList.test.tsx [2m([22m[2m4 tests[22m[2m)[22m[32m 232[2mms[22m[39m
 [32m✓[39m tests/layout.test.tsx [2m([22m[2m1 test[22m[2m)[22m[32m 193[2mms[22m[39m
 [31m❯[39m tests/AgentList.test.tsx [2m([22m[2m7 tests[22m[2m | [22m[31m1 failed[39m[2m)[22m[33m 351[2mms[22m[39m
   [32m✓[39m AgentList states[2m > [22mshows loading before fetch resolves[32m 34[2mms[22m[39m
   [32m✓[39m AgentList states[2m > [22mrenders agents on success[32m 32[2mms[22m[39m
   [32m✓[39m AgentList states[2m > [22mshows empty state when no agents[32m 15[2mms[22m[39m
   [32m✓[39m AgentList states[2m > [22mshows error state with retry button on fetch failure[32m 135[2mms[22m[39m
   [32m✓[39m AgentList states[2m > [22mreloads on retry click[32m 96[2mms[22m[39m
   [32m✓[39m AgentList states[2m > [22mshows associated skill names resolved via skills prop[32m 8[2mms[22m[39m
[31m   [31m×[31m AgentList states[2m > [22mshows provider name + model on card; 未配置 when no provider[39m[32m 28[2mms[22m[39m
[31m     → Unable to find an element with the text: glm-4-plus. This could be because the text is broken up by multiple elements. In this case, you can provide a function for your text matcher to make your matcher more flexible.

Ignored nodes: comments, script, style
[36m<body>[31m
  [36m<div>[31m
    [36m<div[31m
      [33mclass[31m=[32m"grid grid-cols-1 gap-3 sm:grid-cols-2"[31m
      [33mrole[31m=[32m"list"[31m
    [36m>[31m
      [36m<article[31m
        [33mclass[31m=[32m"rounded-token border border-line bg-surface p-4 shadow-token"[31m
        [33mrole[31m=[32m"listitem"[31m
      [36m>[31m
        [36m<div[31m
          [33mclass[31m=[32m"flex items-center gap-2"[31m
        [36m>[31m
          [36m<span[31m
            [33maria-hidden[31m=[32m"true"[31m
            [33mclass[31m=[32m"inline-block h-2 w-2 rounded-full bg-accent"[31m
          [36m/>[31m
          [36m<span[31m
            [33mclass[31m=[32m"font-medium"[31m
          [36m>[31m
            [0mPM[0m
          [36m</span>[31m
        [36m</div>[31m
        [36m<p[31m
          [33mclass[31m=[32m"mt-1 text-xs text-muted"[31m
        [36m>[31m
          [36m<span>[31m
            [0mP[0m
          [36m</span>[31m
          [36m<span>[31m
            [0m · [0m
            [0mglm-4-plus[0m
          [36m</span>[31m
        [36m</p>[31m
      [36m</article>[31m
      [36m<article[31m
        [33mclass[31m=[32m"rounded-token border border-line bg-surface p-4 shadow-token"[31m
        [33mrole[31m=[32m"listitem"[31m
      [36m>[31m
        [36m<div[31m
          [33mclass[31m=[32m"flex items-center gap-2"[31m
        [36m>[31m
          [36m<span[31m
            [33maria-hidden[31m=[32m"true"[31m
            [33mclass[31m=[32m"inline-block h-2 w-2 rounded-full bg-accent"[31m
          [36m/>[31m
          [36m<span[31m
            [33mclass[31m=[32m"font-medium"[31m
          [36m>[31m
            [0mPM2[0m
          [36m</span>[31m
        [36m</div>[31m
        [36m<p[31m
          [33mclass[31m=[32m"mt-1 text-xs text-muted"[31m
        [36m>[31m
          [36m<span>[31m
            [0m未配置 provider[0m
          [36m</span>[31m
        [36m</p>[31m
      [36m</article>[31m
    [36m</div>[31m
  [36m</div>[31m
[36m</body>[31m[39m
 [32m✓[39m tests/createFlow.test.tsx [2m([22m[2m1 test[22m[2m)[22m[33m 390[2mms[22m[39m
   [33m[2m✓[22m[39m create flow (page wiring)[2m > [22mcreating an agent refreshes the list via version bump [33m 389[2mms[22m[39m
 [32m✓[39m tests/ProviderList.test.tsx [2m([22m[2m4 tests[22m[2m)[22m[32m 207[2mms[22m[39m
 [32m✓[39m tests/SkillForm.test.tsx [2m([22m[2m3 tests[22m[2m)[22m[33m 427[2mms[22m[39m
 [32m✓[39m tests/agentSkillLink.test.tsx [2m([22m[2m1 test[22m[2m)[22m[33m 572[2mms[22m[39m
   [33m[2m✓[22m[39m agent ↔ skill association flow[2m > [22mcreate skill, link it to a new agent, card shows the skill name [33m 570[2mms[22m[39m
 [32m✓[39m tests/ProviderForm.test.tsx [2m([22m[2m3 tests[22m[2m)[22m[33m 556[2mms[22m[39m
 [32m✓[39m tests/AgentForm.test.tsx [2m([22m[2m5 tests[22m[2m)[22m[33m 841[2mms[22m[39m

[31m⎯⎯⎯⎯⎯⎯⎯[39m[1m[41m Failed Tests 1 [49m[22m[31m⎯⎯⎯⎯⎯⎯⎯[39m

[41m[1m FAIL [22m[49m tests/AgentList.test.tsx[2m > [22mAgentList states[2m > [22mshows provider name + model on card; 未配置 when no provider
[31m[1mTestingLibraryElementError[22m: Unable to find an element with the text: glm-4-plus. This could be because the text is broken up by multiple elements. In this case, you can provide a function for your text matcher to make your matcher more flexible.

Ignored nodes: comments, script, style
[36m<body>[31m
  [36m<div>[31m
    [36m<div[31m
      [33mclass[31m=[32m"grid grid-cols-1 gap-3 sm:grid-cols-2"[31m
      [33mrole[31m=[32m"list"[31m
    [36m>[31m
      [36m<article[31m
        [33mclass[31m=[32m"rounded-token border border-line bg-surface p-4 shadow-token"[31m
        [33mrole[31m=[32m"listitem"[31m
      [36m>[31m
        [36m<div[31m
          [33mclass[31m=[32m"flex items-center gap-2"[31m
        [36m>[31m
          [36m<span[31m
            [33maria-hidden[31m=[32m"true"[31m
            [33mclass[31m=[32m"inline-block h-2 w-2 rounded-full bg-accent"[31m
          [36m/>[31m
          [36m<span[31m
            [33mclass[31m=[32m"font-medium"[31m
          [36m>[31m
            [0mPM[0m
          [36m</span>[31m
        [36m</div>[31m
        [36m<p[31m
          [33mclass[31m=[32m"mt-1 text-xs text-muted"[31m
        [36m>[31m
          [36m<span>[31m
            [0mP[0m
          [36m</span>[31m
          [36m<span>[31m
            [0m · [0m
            [0mglm-4-plus[0m
          [36m</span>[31m
        [36m</p>[31m
      [36m</article>[31m
      [36m<article[31m
        [33mclass[31m=[32m"rounded-token border border-line bg-surface p-4 shadow-token"[31m
        [33mrole[31m=[32m"listitem"[31m
      [36m>[31m
        [36m<div[31m
          [33mclass[31m=[32m"flex items-center gap-2"[31m
        [36m>[31m
          [36m<span[31m
            [33maria-hidden[31m=[32m"true"[31m
            [33mclass[31m=[32m"inline-block h-2 w-2 rounded-full bg-accent"[31m
          [36m/>[31m
          [36m<span[31m
            [33mclass[31m=[32m"font-medium"[31m
          [36m>[31m
            [0mPM2[0m
          [36m</span>[31m
        [36m</div>[31m
        [36m<p[31m
          [33mclass[31m=[32m"mt-1 text-xs text-muted"[31m
        [36m>[31m
          [36m<span>[31m
            [0m未配置 provider[0m
          [36m</span>[31m
        [36m</p>[31m
      [36m</article>[31m
    [36m</div>[31m
  [36m</div>[31m
[36m</body>[31m[39m
[90m [2m❯[22m Object.getElementError node_modules/@testing-library/dom/dist/config.js:[2m37:19[22m[39m
[90m [2m❯[22m node_modules/@testing-library/dom/dist/query-helpers.js:[2m76:38[22m[39m
[90m [2m❯[22m node_modules/@testing-library/dom/dist/query-helpers.js:[2m52:17[22m[39m
[90m [2m❯[22m node_modules/@testing-library/dom/dist/query-helpers.js:[2m95:19[22m[39m
[36m [2m❯[22m tests/AgentList.test.tsx:[2m113:19[22m[39m
    [90m111| [39m    [34mexpect[39m([35mawait[39m screen[33m.[39m[34mfindByText[39m([32m"PM"[39m))[33m.[39m[34mtoBeInTheDocument[39m()[33m;[39m
    [90m112| [39m    [34mexpect[39m(screen[33m.[39m[34mgetByText[39m([32m"P"[39m))[33m.[39m[34mtoBeInTheDocument[39m()[33m;[39m
    [90m113| [39m    [34mexpect[39m(screen[33m.[39m[34mgetByText[39m([32m"glm-4-plus"[39m))[33m.[39m[34mtoBeInTheDocument[39m()[33m;[39m
    [90m   | [39m                  [31m^[39m
    [90m114| [39m    [34mexpect[39m(screen[33m.[39m[34mgetByText[39m([36m/未配置 provider/[39m))[33m.[39m[34mtoBeInTheDocument[39m()[33m;[39m
    [90m115| [39m  })[33m;[39m

[31m[2m⎯⎯⎯⎯⎯⎯⎯⎯⎯⎯⎯⎯⎯⎯⎯⎯⎯⎯⎯⎯⎯⎯⎯⎯[1/1]⎯[22m[39m


[2m Test Files [22m [1m[31m1 failed[39m[22m[2m | [22m[1m[32m16 passed[39m[22m[90m (17)[39m
[2m      Tests [22m [1m[31m1 failed[39m[22m[2m | [22m[1m[32m73 passed[39m[22m[90m (74)[39m
[2m   Start at [22m 23:24:54
[2m   Duration [22m 4.73s[2m (transform 699ms, setup 0ms, collect 6.04s, tests 9.18s, environment 20.60s, prepare 8.79s)[22m

# exit: 1
