# hf-gate-run
# label: regressions
# command: cmd /c npm test
# started: 2026-07-30T06:35:21+00:00

> collaboration-cockpit@0.1.0 test
> vitest run


 RUN  v4.1.10 D:/cool-ai

(node:13756) ExperimentalWarning: SQLite is an experimental feature and might change at any time
(Use `node --trace-warnings ...` to show where the warning was created)
(node:16804) ExperimentalWarning: SQLite is an experimental feature and might change at any time
(Use `node --trace-warnings ...` to show where the warning was created)
(node:10828) ExperimentalWarning: SQLite is an experimental feature and might change at any time
(Use `node --trace-warnings ...` to show where the warning was created)
(node:14688) ExperimentalWarning: SQLite is an experimental feature and might change at any time
(Use `node --trace-warnings ...` to show where the warning was created)
(node:12528) ExperimentalWarning: SQLite is an experimental feature and might change at any time
(Use `node --trace-warnings ...` to show where the warning was created)
(node:3940) ExperimentalWarning: SQLite is an experimental feature and might change at any time
(Use `node --trace-warnings ...` to show where the warning was created)
 ❯ tests/execution-staging.test.ts (10 tests | 2 failed) 2878ms
     × keeps all observations but only creates merge rows for globally eligible input 34ms
     × requires exact frozen policy validations and uses staged-hash approval for empty policy 5ms
(node:5592) ExperimentalWarning: SQLite is an experimental feature and might change at any time
(Use `node --trace-warnings ...` to show where the warning was created)
(node:3740) ExperimentalWarning: SQLite is an experimental feature and might change at any time
(Use `node --trace-warnings ...` to show where the warning was created)
 ❯ tests/owner-handoff-plan-races.test.ts (8 tests | 1 failed) 14406ms
     × consumes exactly the 30 acquired owner message IDs and leaves excluded and post-acquire messages pending 5560ms
(node:9112) ExperimentalWarning: SQLite is an experimental feature and might change at any time
(Use `node --trace-warnings ...` to show where the warning was created)
(node:3560) ExperimentalWarning: SQLite is an experimental feature and might change at any time
(Use `node --trace-warnings ...` to show where the warning was created)
(node:6000) ExperimentalWarning: SQLite is an experimental feature and might change at any time
(Use `node --trace-warnings ...` to show where the warning was created)
(node:16856) ExperimentalWarning: SQLite is an experimental feature and might change at any time
(Use `node --trace-warnings ...` to show where the warning was created)
(node:10248) ExperimentalWarning: SQLite is an experimental feature and might change at any time
(Use `node --trace-warnings ...` to show where the warning was created)
(node:6072) ExperimentalWarning: SQLite is an experimental feature and might change at any time
(Use `node --trace-warnings ...` to show where the warning was created)
(node:15228) ExperimentalWarning: SQLite is an experimental feature and might change at any time
(Use `node --trace-warnings ...` to show where the warning was created)
(node:5028) ExperimentalWarning: SQLite is an experimental feature and might change at any time
(Use `node --trace-warnings ...` to show where the warning was created)
(node:16304) ExperimentalWarning: SQLite is an experimental feature and might change at any time
(Use `node --trace-warnings ...` to show where the warning was created)
(node:7780) ExperimentalWarning: SQLite is an experimental feature and might change at any time
(Use `node --trace-warnings ...` to show where the warning was created)
(node:12876) ExperimentalWarning: SQLite is an experimental feature and might change at any time
(Use `node --trace-warnings ...` to show where the warning was created)
 ❯ tests/owner-decision-races.test.ts (4 tests | 4 failed) 3438ms
     × keeps ordinary and mentioned post-acquire messages queued without answering or changing requester 962ms
     × preserves queued message and mention sequence across reopen for the next prompt after an explicit answer 893ms
     × consumes no included or post-acquire owner messages when a decision commit fails, then replays them after retry 743ms
     × consumes none on a discarded decision result and retains stable pending order after continue 837ms
(node:14404) ExperimentalWarning: SQLite is an experimental feature and might change at any time
(Use `node --trace-warnings ...` to show where the warning was created)
(node:5348) ExperimentalWarning: SQLite is an experimental feature and might change at any time
(Use `node --trace-warnings ...` to show where the warning was created)
(node:11484) ExperimentalWarning: SQLite is an experimental feature and might change at any time
(Use `node --trace-warnings ...` to show where the warning was created)
(node:6244) ExperimentalWarning: SQLite is an experimental feature and might change at any time
(Use `node --trace-warnings ...` to show where the warning was created)
(node:14512) ExperimentalWarning: SQLite is an experimental feature and might change at any time
(Use `node --trace-warnings ...` to show where the warning was created)
(node:11564) ExperimentalWarning: SQLite is an experimental feature and might change at any time
(Use `node --trace-warnings ...` to show where the warning was created)
(node:16896) ExperimentalWarning: SQLite is an experimental feature and might change at any time
(Use `node --trace-warnings ...` to show where the warning was created)
(node:10480) ExperimentalWarning: SQLite is an experimental feature and might change at any time
(Use `node --trace-warnings ...` to show where the warning was created)
(node:14956) ExperimentalWarning: SQLite is an experimental feature and might change at any time
(Use `node --trace-warnings ...` to show where the warning was created)
(node:4636) ExperimentalWarning: SQLite is an experimental feature and might change at any time
(Use `node --trace-warnings ...` to show where the warning was created)
(node:11824) ExperimentalWarning: SQLite is an experimental feature and might change at any time
(Use `node --trace-warnings ...` to show where the warning was created)
(node:1796) ExperimentalWarning: SQLite is an experimental feature and might change at any time
(Use `node --trace-warnings ...` to show where the warning was created)
(node:3212) ExperimentalWarning: SQLite is an experimental feature and might change at any time
(Use `node --trace-warnings ...` to show where the warning was created)
(node:6372) ExperimentalWarning: SQLite is an experimental feature and might change at any time
(Use `node --trace-warnings ...` to show where the warning was created)
(node:12452) ExperimentalWarning: SQLite is an experimental feature and might change at any time
(Use `node --trace-warnings ...` to show where the warning was created)
(node:12936) ExperimentalWarning: SQLite is an experimental feature and might change at any time
(Use `node --trace-warnings ...` to show where the warning was created)
(node:12180) ExperimentalWarning: SQLite is an experimental feature and might change at any time
(Use `node --trace-warnings ...` to show where the warning was created)
(node:5596) ExperimentalWarning: SQLite is an experimental feature and might change at any time
(Use `node --trace-warnings ...` to show where the warning was created)
(node:8400) ExperimentalWarning: SQLite is an experimental feature and might change at any time
(Use `node --trace-warnings ...` to show where the warning was created)
(node:9804) ExperimentalWarning: SQLite is an experimental feature and might change at any time
(Use `node --trace-warnings ...` to show where the warning was created)
 ❯ tests/validation-policy.test.ts (6 tests | 2 failed) 2528ms
     × retains history and frozen references across restart until project deletion 723ms
     × rejects validation facts that do not belong to the attempt's frozen revision 444ms
(node:1848) ExperimentalWarning: SQLite is an experimental feature and might change at any time
(Use `node --trace-warnings ...` to show where the warning was created)
(node:16208) ExperimentalWarning: SQLite is an experimental feature and might change at any time
(Use `node --trace-warnings ...` to show where the warning was created)
(node:10128) ExperimentalWarning: SQLite is an experimental feature and might change at any time
(Use `node --trace-warnings ...` to show where the warning was created)
(node:6784) ExperimentalWarning: SQLite is an experimental feature and might change at any time
(Use `node --trace-warnings ...` to show where the warning was created)
(node:808) ExperimentalWarning: SQLite is an experimental feature and might change at any time
(Use `node --trace-warnings ...` to show where the warning was created)
(node:17228) ExperimentalWarning: SQLite is an experimental feature and might change at any time
(Use `node --trace-warnings ...` to show where the warning was created)
(node:12920) ExperimentalWarning: SQLite is an experimental feature and might change at any time
(Use `node --trace-warnings ...` to show where the warning was created)
(node:9292) ExperimentalWarning: SQLite is an experimental feature and might change at any time
(Use `node --trace-warnings ...` to show where the warning was created)
(node:11592) ExperimentalWarning: SQLite is an experimental feature and might change at any time
(Use `node --trace-warnings ...` to show where the warning was created)
(node:5972) ExperimentalWarning: SQLite is an experimental feature and might change at any time
(Use `node --trace-warnings ...` to show where the warning was created)
(node:16584) ExperimentalWarning: SQLite is an experimental feature and might change at any time
(Use `node --trace-warnings ...` to show where the warning was created)
(node:11312) ExperimentalWarning: SQLite is an experimental feature and might change at any time
(Use `node --trace-warnings ...` to show where the warning was created)
(node:14688) ExperimentalWarning: SQLite is an experimental feature and might change at any time
(Use `node --trace-warnings ...` to show where the warning was created)
(node:10600) ExperimentalWarning: SQLite is an experimental feature and might change at any time
(Use `node --trace-warnings ...` to show where the warning was created)
(node:10212) ExperimentalWarning: SQLite is an experimental feature and might change at any time
(Use `node --trace-warnings ...` to show where the warning was created)
(node:968) ExperimentalWarning: SQLite is an experimental feature and might change at any time
(Use `node --trace-warnings ...` to show where the warning was created)
(node:6308) ExperimentalWarning: SQLite is an experimental feature and might change at any time
(Use `node --trace-warnings ...` to show where the warning was created)
(node:2452) ExperimentalWarning: SQLite is an experimental feature and might change at any time
(Use `node --trace-warnings ...` to show where the warning was created)
(node:16872) ExperimentalWarning: SQLite is an experimental feature and might change at any time
(Use `node --trace-warnings ...` to show where the warning was created)
(node:8496) ExperimentalWarning: SQLite is an experimental feature and might change at any time
(Use `node --trace-warnings ...` to show where the warning was created)
(node:14796) ExperimentalWarning: SQLite is an experimental feature and might change at any time
(Use `node --trace-warnings ...` to show where the warning was created)
(node:16600) ExperimentalWarning: SQLite is an experimental feature and might change at any time
(Use `node --trace-warnings ...` to show where the warning was created)
(node:9948) ExperimentalWarning: SQLite is an experimental feature and might change at any time
(Use `node --trace-warnings ...` to show where the warning was created)

⎯⎯⎯⎯⎯⎯⎯ Failed Tests 9 ⎯⎯⎯⎯⎯⎯⎯

 FAIL  tests/execution-staging.test.ts > execution staging > keeps all observations but only creates merge rows for globally eligible input
AssertionError: expected 'blocked' to be 'auto_eligible' // Object.is equality

Expected: "auto_eligible"
Received: "blocked"

 ❯ tests/execution-staging.test.ts:252:37
    251|       totals: {
    252|         blockerCount: 0,
    253|         mergeFileCount: 0,
       |           ^
    254|         mergeFinalBytes: 0,
    255|         observedFinalBytes: 0,

⎯⎯⎯⎯⎯⎯⎯⎯⎯⎯⎯⎯⎯⎯⎯⎯⎯⎯⎯⎯⎯⎯⎯[1/10]⎯

 FAIL  tests/execution-staging.test.ts > execution staging > requires exact frozen policy validations and uses staged-hash approval for empty policy
AssertionError: expected 'blocked' to be 'auto_eligible' // Object.is equality

Expected: "auto_eligible"
Received: "blocked"

 ❯ tests/execution-staging.test.ts:327:34
    326|     expect(new Set(result.blockers.map((blocker) => blocker.kind))).to…
    327|       "binary",
    328|       "deleted",
       |                 ^
    329|       "file_size_limit",
    330|       "permission",

⎯⎯⎯⎯⎯⎯⎯⎯⎯⎯⎯⎯⎯⎯⎯⎯⎯⎯⎯⎯⎯⎯⎯[2/10]⎯

 FAIL  tests/owner-decision-races.test.ts > calling owner messages and decision requests > keeps ordinary and mentioned post-acquire messages queued without answering or changing requester
AssertionError: expected { affectedRows: +0, …(2) } to match object { body: { …(2) }, status: 200 }
(8 matching properties omitted from actual)

- Expected
+ Received

  {
    "body": {
-     "attemptStatus": "committed",
+     "attemptStatus": "interrupted",
      "run": {
        "currentAgentId": "agent-decision-requester",
-       "status": "waiting_owner",
+       "status": "paused",
      },
    },
    "status": 200,
  }

 ❯ tests/owner-decision-races.test.ts:229:22
    227|     const response = finalize(acquired, decision());
    228|
    229|     expect(response).toMatchObject({
       |                      ^
    230|       body: {
    231|         attemptStatus: "committed",

⎯⎯⎯⎯⎯⎯⎯⎯⎯⎯⎯⎯⎯⎯⎯⎯⎯⎯⎯⎯⎯⎯⎯[3/10]⎯

 FAIL  tests/owner-decision-races.test.ts > calling owner messages and decision requests > preserves queued message and mention sequence across reopen for the next prompt after an explicit answer
TypeError: Cannot read properties of undefined (reading 'id')
 ❯ tests/owner-decision-races.test.ts:267:55
    265|
    266|     const openDecision = persistedState().decisionRows[0];
    267|     answerDecision(databasePath, RUN_ID, openDecision.id, {
       |                                                       ^
    268|       answer: "Explicit owner answer",
    269|       expectedVersion: 1,

⎯⎯⎯⎯⎯⎯⎯⎯⎯⎯⎯⎯⎯⎯⎯⎯⎯⎯⎯⎯⎯⎯⎯[4/10]⎯

 FAIL  tests/owner-decision-races.test.ts > calling owner messages and decision requests > consumes no included or post-acquire owner messages when a decision commit fails, then replays them after retry
AssertionError: expected { affectedRows: +0, …(2) } to match object { …(2) }
(12 matching properties omitted from actual)

- Expected
+ Received

  {
    "body": {
-     "error": {
-       "code": "ACTION_INVALID",
+     "attemptStatus": "interrupted",
+     "run": {
+       "createdAt": "2026-07-30T06:30:00.000Z",
+       "currentAgentId": "agent-decision-requester",
+       "id": "run-owner-decision-races",
+       "pauseCategory": "interrupted",
+       "projectId": "project-owner-decision-races",
+       "roundCount": 0,
+       "status": "paused",
+       "updatedAt": "2026-07-30T06:35:52.765Z",
+       "version": 2,
      },
    },
-   "status": 400,
+   "status": 200,
  }

 ❯ tests/owner-decision-races.test.ts:300:70
    298|     const pending = ownerMessage("Pending after invalid decision", REV…
    299|
    300|     expect(finalize(acquired, decision(["Duplicate", "Duplicate"]))).t…
       |                                                                      ^
    301|       body: { error: { code: "ACTION_INVALID" } },
    302|       status: 400,

⎯⎯⎯⎯⎯⎯⎯⎯⎯⎯⎯⎯⎯⎯⎯⎯⎯⎯⎯⎯⎯⎯⎯[5/10]⎯

 FAIL  tests/owner-decision-races.test.ts > calling owner messages and decision requests > consumes none on a discarded decision result and retains stable pending order after continue
CollaborationError: Only a running collaboration can be paused.
 ❯ src/server/collaboration/run-service.ts:788:17
    786|       if (input.action === "pause") {
    787|         if (row.status !== "running") {
    788|           throw new CollaborationError(
       |                 ^
    789|             "RUN_STATE_CONFLICT",
    790|             409,
 ❯ transaction src/server/collaboration/run-service.ts:106:20
 ❯ controlRun src/server/collaboration/run-service.ts:732:12
 ❯ tests/owner-decision-races.test.ts:327:5

⎯⎯⎯⎯⎯⎯⎯⎯⎯⎯⎯⎯⎯⎯⎯⎯⎯⎯⎯⎯⎯⎯⎯[6/10]⎯

 FAIL  tests/owner-handoff-plan-races.test.ts > owner prompt-window consumption > consumes exactly the 30 acquired owner message IDs and leaves excluded and post-acquire messages pending
Error: Test timed out in 5000ms.
If this is a long-running test, pass a timeout value as the last argument or configure it globally with "testTimeout".
 ❯ tests/owner-handoff-plan-races.test.ts:419:3
    417|
    418| describe("owner prompt-window consumption", () => {
    419|   it("consumes exactly the 30 acquired owner message IDs and leaves ex…
       |   ^
    420|     for (let index = 1; index <= 32; index += 1) {
    421|       ownerMessage(`history-${index}`);

⎯⎯⎯⎯⎯⎯⎯⎯⎯⎯⎯⎯⎯⎯⎯⎯⎯⎯⎯⎯⎯⎯⎯[7/10]⎯

 FAIL  tests/validation-policy.test.ts > append-only validation policy > retains history and frozen references across restart until project deletion
SchemaMigrationError: Database version 5 schema is invalid.
 ❯ migrateDatabase src/server/migrations.ts:1342:13
    1340|     const validation = validateV5(database);
    1341|     if (validation) {
    1342|       throw new SchemaMigrationError(validation, "Database version 5 s…
       |             ^
    1343|     }
    1344|   }
 ❯ openDatabase src/server/db.ts:14:5
 ❯ Module.listValidationPolicyRevisions src/server/execution/validation-policy-service.ts:256:20
 ❯ tests/validation-policy.test.ts:270:34

⎯⎯⎯⎯⎯⎯⎯⎯⎯⎯⎯⎯⎯⎯⎯⎯⎯⎯⎯⎯⎯⎯⎯[8/10]⎯

 FAIL  tests/validation-policy.test.ts > append-only validation policy > retains history and frozen references across restart until project deletion
Error: EPERM, Permission denied: \\?\C:\Users\ADMINI~1\AppData\Local\Temp\2\cool-ai-validation-policy-bMr7Lo '\\?\C:\Users\ADMINI~1\AppData\Local\Temp\2\cool-ai-validation-policy-bMr7Lo'
 ❯ tests/validation-policy.test.ts:103:5
    101| afterEach(() => {
    102|   for (const directory of temporaryDirectories.splice(0)) {
    103|     rmSync(directory, { force: true, recursive: true });
       |     ^
    104|   }
    105| });

⎯⎯⎯⎯⎯⎯⎯⎯⎯⎯⎯⎯⎯⎯⎯⎯⎯⎯⎯⎯⎯⎯⎯[9/10]⎯

 FAIL  tests/validation-policy.test.ts > append-only validation policy > rejects validation facts that do not belong to the attempt's frozen revision
SchemaMigrationError: Database version 5 schema is invalid.
 ❯ migrateDatabase src/server/migrations.ts:1342:13
    1340|     const validation = validateV5(database);
    1341|     if (validation) {
    1342|       throw new SchemaMigrationError(validation, "Database version 5 s…
       |             ^
    1343|     }
    1344|   }
 ❯ openDatabase src/server/db.ts:14:5
 ❯ Module.saveValidationPolicy src/server/execution/validation-policy-service.ts:458:20
 ❯ tests/validation-policy.test.ts:313:26

⎯⎯⎯⎯⎯⎯⎯⎯⎯⎯⎯⎯⎯⎯⎯⎯⎯⎯⎯⎯⎯⎯[10/10]⎯


 Test Files  4 failed | 96 passed (100)
      Tests  9 failed | 629 passed (638)
   Start at  14:35:22
   Duration  82.69s (transform 5.08s, setup 45.63s, import 14.26s, tests 273.84s, environment 201.41s)

# exit: 1
