# hf-gate-run
# label: regressions-owner-rerun
# command: cmd /c npm test -- tests/owner-handoff-plan-races.test.ts --maxWorkers=1
# started: 2026-07-30T05:14:19+00:00

> collaboration-cockpit@0.1.0 test
> vitest run tests/owner-handoff-plan-races.test.ts --maxWorkers=1


 RUN  v4.1.10 D:/cool-ai

(node:12248) ExperimentalWarning: SQLite is an experimental feature and might change at any time
(Use `node --trace-warnings ...` to show where the warning was created)
 ❯ tests/owner-handoff-plan-races.test.ts (8 tests | 5 failed) 8818ms
     × persists stable sequence, keeps the model target for ordinary pending chat, and consumes only the acquired prompt window 604ms
     × uses the latest pending mention by stable sequence even when ordinary chat follows it 753ms
     × delays planned for ordinary pending chat, keeps the current Agent, and preserves task/message actions 698ms
     × keeps running and selects the latest mentioned current member 806ms
     × consumes exactly the 30 acquired owner message IDs and leaves excluded and post-acquire messages pending 3754ms

⎯⎯⎯⎯⎯⎯⎯ Failed Tests 5 ⎯⎯⎯⎯⎯⎯⎯

 FAIL  tests/owner-handoff-plan-races.test.ts > calling owner messages and handoff > persists stable sequence, keeps the model target for ordinary pending chat, and consumes only the acquired prompt window
AssertionError: expected { affectedRows: +0, …(2) } to match object { body: { …(2) }, status: 200 }
(7 matching properties omitted from actual)

- Expected
+ Received

  {
    "body": {
-     "attemptStatus": "committed",
+     "attemptStatus": "interrupted",
      "run": {
-       "currentAgentId": "agent-owner-b",
-       "roundCount": 1,
-       "status": "running",
+       "currentAgentId": "agent-owner-a",
+       "roundCount": 0,
+       "status": "paused",
      },
    },
    "status": 200,
  }

 ❯ tests/owner-handoff-plan-races.test.ts:260:22
    258|
    259|     expect([included.sequence, pending.sequence]).toEqual([1, 2]);
    260|     expect(response).toMatchObject({
       |                      ^
    261|       body: {
    262|         attemptStatus: "committed",

⎯⎯⎯⎯⎯⎯⎯⎯⎯⎯⎯⎯⎯⎯⎯⎯⎯⎯⎯⎯⎯⎯⎯⎯[1/5]⎯

 FAIL  tests/owner-handoff-plan-races.test.ts > calling owner messages and handoff > uses the latest pending mention by stable sequence even when ordinary chat follows it
AssertionError: expected { affectedRows: +0, …(2) } to match object { Object (body, status) }
(9 matching properties omitted from actual)

- Expected
+ Received

  {
    "body": {
      "run": {
-       "currentAgentId": "agent-owner-c",
-       "status": "running",
+       "currentAgentId": "agent-owner-a",
+       "status": "paused",
      },
    },
    "status": 200,
  }

 ❯ tests/owner-handoff-plan-races.test.ts:301:22
    299|
    300|     expect(firstMention.sequence).toBeLessThan(latestMention.sequence);
    301|     expect(response).toMatchObject({
       |                      ^
    302|       body: { run: { currentAgentId: AGENT_C, status: "running" } },
    303|       status: 200,

⎯⎯⎯⎯⎯⎯⎯⎯⎯⎯⎯⎯⎯⎯⎯⎯⎯⎯⎯⎯⎯⎯⎯⎯[2/5]⎯

 FAIL  tests/owner-handoff-plan-races.test.ts > calling owner messages and plan_ready > delays planned for ordinary pending chat, keeps the current Agent, and preserves task/message actions
AssertionError: expected { affectedRows: +0, …(2) } to match object { body: { …(2) }, status: 200 }
(7 matching properties omitted from actual)

- Expected
+ Received

  {
    "body": {
-     "attemptStatus": "committed",
+     "attemptStatus": "interrupted",
      "run": {
        "currentAgentId": "agent-owner-b",
-       "roundCount": 2,
-       "status": "running",
+       "roundCount": 1,
+       "status": "paused",
      },
    },
    "status": 200,
  }

 ❯ tests/owner-handoff-plan-races.test.ts:346:22
    344|     );
    345|
    346|     expect(response).toMatchObject({
       |                      ^
    347|       body: {
    348|         attemptStatus: "committed",

⎯⎯⎯⎯⎯⎯⎯⎯⎯⎯⎯⎯⎯⎯⎯⎯⎯⎯⎯⎯⎯⎯⎯⎯[3/5]⎯

 FAIL  tests/owner-handoff-plan-races.test.ts > calling owner messages and plan_ready > keeps running and selects the latest mentioned current member
AssertionError: expected { affectedRows: +0, …(2) } to match object { Object (body, status) }
(9 matching properties omitted from actual)

- Expected
+ Received

  {
    "body": {
      "run": {
-       "currentAgentId": "agent-owner-c",
-       "status": "running",
+       "currentAgentId": "agent-owner-b",
+       "status": "paused",
      },
    },
    "status": 200,
  }

 ❯ tests/owner-handoff-plan-races.test.ts:408:22
    406|     );
    407|
    408|     expect(response).toMatchObject({
       |                      ^
    409|       body: { run: { currentAgentId: AGENT_C, status: "running" } },
    410|       status: 200,

⎯⎯⎯⎯⎯⎯⎯⎯⎯⎯⎯⎯⎯⎯⎯⎯⎯⎯⎯⎯⎯⎯⎯⎯[4/5]⎯

 FAIL  tests/owner-handoff-plan-races.test.ts > owner prompt-window consumption > consumes exactly the 30 acquired owner message IDs and leaves excluded and post-acquire messages pending
AssertionError: expected [] to have a length of 30 but got +0

- Expected
+ Received

- 30
+ 0

 ❯ tests/owner-handoff-plan-races.test.ts:429:75
    427|
    428|     const ownerMessages = messageConsumption().filter(({ authorType })…
    429|     expect(ownerMessages.filter(({ consumedAt }) => consumedAt !== nul…
       |                                                                           ^
    430|     expect(ownerMessages.slice(0, 2).every(({ consumedAt }) => consume…
    431|     expect(

⎯⎯⎯⎯⎯⎯⎯⎯⎯⎯⎯⎯⎯⎯⎯⎯⎯⎯⎯⎯⎯⎯⎯⎯[5/5]⎯


 Test Files  1 failed (1)
      Tests  5 failed | 3 passed (8)
   Start at  13:14:20
   Duration  11.25s (transform 252ms, setup 352ms, import 400ms, tests 8.82s, environment 1.42s)

# exit: 1
