# hf-gate-run
# label: review-gate
# command: python -m pytest .cursor/skills/hf-workflow/scripts/test_hf_gate.py .opencode/skills/hf-workflow/scripts/test_hf_gate.py
# started: 2026-08-01T02:11:01+00:00
============================= test session starts =============================
platform win32 -- Python 3.13.12, pytest-9.0.3, pluggy-1.6.0
rootdir: D:\cool-ai
collected 40 items / 1 error

=================================== ERRORS ====================================
____ ERROR collecting .opencode/skills/hf-workflow/scripts/test_hf_gate.py ____
import file mismatch:
imported module 'test_hf_gate' has this __file__ attribute:
  D:\cool-ai\.cursor\skills\hf-workflow\scripts\test_hf_gate.py
which is not the same as the test file we want to collect:
  D:\cool-ai\.opencode\skills\hf-workflow\scripts\test_hf_gate.py
HINT: remove __pycache__ / .pyc files and/or use a unique basename for your test file modules
=========================== short test summary info ===========================
ERROR .opencode/skills/hf-workflow/scripts/test_hf_gate.py
!!!!!!!!!!!!!!!!!!! Interrupted: 1 error during collection !!!!!!!!!!!!!!!!!!!!
============================== 1 error in 0.26s ===============================
# exit: 2
