# hf-gate-run
# label: t1-compat
# command: cmd /c npm test -- tests/migrations.test.ts tests/context-migrations.test.ts tests/migrations-v4.test.ts tests/migrations-v5.test.ts
# started: 2026-07-30T02:40:00+00:00

> collaboration-cockpit@0.1.0 test
> vitest run tests/migrations.test.ts tests/context-migrations.test.ts tests/migrations-v4.test.ts tests/migrations-v5.test.ts


 RUN  v4.1.10 D:/cool-ai

(node:3128) ExperimentalWarning: SQLite is an experimental feature and might change at any time
(Use `node --trace-warnings ...` to show where the warning was created)
(node:14320) ExperimentalWarning: SQLite is an experimental feature and might change at any time
(Use `node --trace-warnings ...` to show where the warning was created)
(node:14192) ExperimentalWarning: SQLite is an experimental feature and might change at any time
(Use `node --trace-warnings ...` to show where the warning was created)
(node:11688) ExperimentalWarning: SQLite is an experimental feature and might change at any time
(Use `node --trace-warnings ...` to show where the warning was created)

 Test Files  4 passed (4)
      Tests  31 passed (31)
   Start at  10:40:02
   Duration  14.41s (transform 418ms, setup 1.68s, import 478ms, tests 19.31s, environment 6.45s)

# exit: 0
