# hf-gate-run
# label: t1-compat
# command: cmd /c npm test -- tests/migrations.test.ts tests/context-migrations.test.ts tests/migrations-v4.test.ts tests/migrations-v5.test.ts
# started: 2026-07-30T02:39:26+00:00

> collaboration-cockpit@0.1.0 test
> vitest run tests/migrations.test.ts tests/context-migrations.test.ts tests/migrations-v4.test.ts tests/migrations-v5.test.ts


 RUN  v4.1.10 D:/cool-ai

(node:15652) ExperimentalWarning: SQLite is an experimental feature and might change at any time
(Use `node --trace-warnings ...` to show where the warning was created)
(node:15688) ExperimentalWarning: SQLite is an experimental feature and might change at any time
(Use `node --trace-warnings ...` to show where the warning was created)
(node:14472) ExperimentalWarning: SQLite is an experimental feature and might change at any time
(Use `node --trace-warnings ...` to show where the warning was created)
(node:8584) ExperimentalWarning: SQLite is an experimental feature and might change at any time
(Use `node --trace-warnings ...` to show where the warning was created)
 ❯ tests/context-migrations.test.ts (3 tests | 1 failed) 1281ms
     × validates v2, migrates atomically, and preserves S-1 and S-2 rows 481ms
 ❯ tests/migrations-v4.test.ts (13 tests | 2 failed) 3040ms
     × migrates only a complete v3 schema 343ms
     × preserves existing v3 project, membership, mission, work-item, dependency, and memory rows 415ms

⎯⎯⎯⎯⎯⎯⎯ Failed Tests 3 ⎯⎯⎯⎯⎯⎯⎯

 FAIL  tests/context-migrations.test.ts > version 3 context migration > validates v2, migrates atomically, and preserves S-1 and S-2 rows
SchemaMigrationError: Database version 5 schema is partial.
 ❯ migrateDatabase src/server/migrations.ts:1326:13
    1324|   if (currentVersion === 4) {
    1325|     if (hasAnyV5Object(database)) {
    1326|       throw new SchemaMigrationError("SCHEMA_DRIFT", "Database version…
       |             ^
    1327|     }
    1328|     inTransaction(database, () => {
 ❯ openDatabase src/server/db.ts:14:5
 ❯ tests/context-migrations.test.ts:94:22

⎯⎯⎯⎯⎯⎯⎯⎯⎯⎯⎯⎯⎯⎯⎯⎯⎯⎯⎯⎯⎯⎯⎯⎯[1/3]⎯

 FAIL  tests/migrations-v4.test.ts > SQLite v4 collaboration migration > migrates only a complete v3 schema
SchemaMigrationError: Database version 5 schema is partial.
 ❯ migrateDatabase src/server/migrations.ts:1326:13
    1324|   if (currentVersion === 4) {
    1325|     if (hasAnyV5Object(database)) {
    1326|       throw new SchemaMigrationError("SCHEMA_DRIFT", "Database version…
       |             ^
    1327|     }
    1328|     inTransaction(database, () => {
 ❯ openDatabase src/server/db.ts:14:5
 ❯ tests/migrations-v4.test.ts:205:22

⎯⎯⎯⎯⎯⎯⎯⎯⎯⎯⎯⎯⎯⎯⎯⎯⎯⎯⎯⎯⎯⎯⎯⎯[2/3]⎯

 FAIL  tests/migrations-v4.test.ts > SQLite v4 collaboration migration > preserves existing v3 project, membership, mission, work-item, dependency, and memory rows
SchemaMigrationError: Database version 5 schema is partial.
 ❯ migrateDatabase src/server/migrations.ts:1326:13
    1324|   if (currentVersion === 4) {
    1325|     if (hasAnyV5Object(database)) {
    1326|       throw new SchemaMigrationError("SCHEMA_DRIFT", "Database version…
       |             ^
    1327|     }
    1328|     inTransaction(database, () => {
 ❯ openDatabase src/server/db.ts:14:5
 ❯ tests/migrations-v4.test.ts:280:22

⎯⎯⎯⎯⎯⎯⎯⎯⎯⎯⎯⎯⎯⎯⎯⎯⎯⎯⎯⎯⎯⎯⎯⎯[3/3]⎯


 Test Files  2 failed | 2 passed (4)
      Tests  3 failed | 28 passed (31)
   Start at  10:39:27
   Duration  14.34s (transform 361ms, setup 1.66s, import 440ms, tests 17.22s, environment 6.45s)

# exit: 1
