# hf-gate-run
# label: t11-red
# command: cmd /c npm test -- tests/validation-policy.test.ts tests/command-policy.test.ts
# started: 2026-07-30T04:12:33+00:00

> collaboration-cockpit@0.1.0 test
> vitest run tests/validation-policy.test.ts tests/command-policy.test.ts


 RUN  v4.1.10 D:/cool-ai

(node:12396) ExperimentalWarning: SQLite is an experimental feature and might change at any time
(Use `node --trace-warnings ...` to show where the warning was created)
 ❯ tests/command-policy.test.ts (22 tests | 21 failed) 24ms
     × treats only the exact executable, identity, ordered args, and normalized cwd as standing 4ms
     × denies shell form cmd.exe ["/c","npm","test"] 1ms
     × denies shell form powershell.exe ["-Command","npm test"] 1ms
     × denies shell form /bin/bash ["-lc","npm test"] 0ms
     × denies shell form C:/tools/build.cmd [] 0ms
     × denies shell form /workspace/build.sh [] 0ms
     × denies shell form C:/verified/node.exe ["test","&&","publish"] 0ms
     × denies shell form C:/verified/node.exe ["$(whoami)"] 0ms
     × denies shell form C:/verified/node.exe ["`whoami`"] 0ms
     × denies shell form C:/verified/node.exe ["${TOKEN}"] 0ms
     × denies shell form C:/verified/node.exe ["%TOKEN%"] 0ms
     × denies known deploy/publish/push matrix C:/tools/git.exe ["push","origin","main"] 0ms
     × denies known deploy/publish/push matrix C:/tools/git.exe ["remote","-v"] 0ms
     × denies known deploy/publish/push matrix C:/tools/git.exe ["credential","fill"] 0ms
     × denies known deploy/publish/push matrix C:/tools/npm.exe ["publish"] 0ms
     × denies known deploy/publish/push matrix C:/tools/pnpm.exe ["run","deploy"] 0ms
     × denies known deploy/publish/push matrix C:/tools/yarn.exe ["release"] 0ms
     × denies known deploy/publish/push matrix C:/tools/ssh.exe ["host"] 0ms
     × denies known deploy/publish/push matrix C:/tools/scp.exe ["a","host:b"] 0ms
     × denies path escape, canonical/execution roots, and unknown path option syntax 0ms
     × allows unknown non-path behavior only as warned standing policy or one-shot execution 0ms
 ❯ tests/validation-policy.test.ts (5 tests | 5 failed) 698ms
     × creates an immutable empty policy for every new project 156ms
     × saves exact ordered tuples with CAS and before/after audit hashes 139ms
     × rejects missing warning and known-deny entries without moving the active pointer 133ms
     × enforces 50 entries and 64 KiB of canonical policy bytes 138ms
     × retains history and frozen references across restart until project deletion 130ms

⎯⎯⎯⎯⎯⎯ Failed Tests 26 ⎯⎯⎯⎯⎯⎯⎯

 FAIL  tests/command-policy.test.ts > versioned mechanical command policy > treats only the exact executable, identity, ordered args, and normalized cwd as standing
Error: T-11 command policy is not implemented.
 ❯ Module.unavailable src/server/execution/command-policy.ts:4:9
      2|
      3| function unavailable(): never {
      4|   throw new Error("T-11 command policy is not implemented.");
       |         ^
      5| }
      6|
 ❯ tests/command-policy.test.ts:83:32

⎯⎯⎯⎯⎯⎯⎯⎯⎯⎯⎯⎯⎯⎯⎯⎯⎯⎯⎯⎯⎯⎯⎯[1/26]⎯

 FAIL  tests/command-policy.test.ts > versioned mechanical command policy > denies shell form cmd.exe ["/c","npm","test"]
 FAIL  tests/command-policy.test.ts > versioned mechanical command policy > denies shell form powershell.exe ["-Command","npm test"]
 FAIL  tests/command-policy.test.ts > versioned mechanical command policy > denies shell form /bin/bash ["-lc","npm test"]
 FAIL  tests/command-policy.test.ts > versioned mechanical command policy > denies shell form C:/tools/build.cmd []
 FAIL  tests/command-policy.test.ts > versioned mechanical command policy > denies shell form /workspace/build.sh []
 FAIL  tests/command-policy.test.ts > versioned mechanical command policy > denies shell form C:/verified/node.exe ["test","&&","publish"]
 FAIL  tests/command-policy.test.ts > versioned mechanical command policy > denies shell form C:/verified/node.exe ["$(whoami)"]
 FAIL  tests/command-policy.test.ts > versioned mechanical command policy > denies shell form C:/verified/node.exe ["`whoami`"]
 FAIL  tests/command-policy.test.ts > versioned mechanical command policy > denies shell form C:/verified/node.exe ["${TOKEN}"]
 FAIL  tests/command-policy.test.ts > versioned mechanical command policy > denies shell form C:/verified/node.exe ["%TOKEN%"]
Error: T-11 command policy is not implemented.
 ❯ Module.unavailable src/server/execution/command-policy.ts:4:9
      2|
      3| function unavailable(): never {
      4|   throw new Error("T-11 command policy is not implemented.");
       |         ^
      5| }
      6|
 ❯ tests/command-policy.test.ts:123:34

⎯⎯⎯⎯⎯⎯⎯⎯⎯⎯⎯⎯⎯⎯⎯⎯⎯⎯⎯⎯⎯⎯⎯[2/26]⎯

 FAIL  tests/command-policy.test.ts > versioned mechanical command policy > denies known deploy/publish/push matrix C:/tools/git.exe ["push","origin","main"]
 FAIL  tests/command-policy.test.ts > versioned mechanical command policy > denies known deploy/publish/push matrix C:/tools/git.exe ["remote","-v"]
 FAIL  tests/command-policy.test.ts > versioned mechanical command policy > denies known deploy/publish/push matrix C:/tools/git.exe ["credential","fill"]
 FAIL  tests/command-policy.test.ts > versioned mechanical command policy > denies known deploy/publish/push matrix C:/tools/npm.exe ["publish"]
 FAIL  tests/command-policy.test.ts > versioned mechanical command policy > denies known deploy/publish/push matrix C:/tools/pnpm.exe ["run","deploy"]
 FAIL  tests/command-policy.test.ts > versioned mechanical command policy > denies known deploy/publish/push matrix C:/tools/yarn.exe ["release"]
 FAIL  tests/command-policy.test.ts > versioned mechanical command policy > denies known deploy/publish/push matrix C:/tools/ssh.exe ["host"]
 FAIL  tests/command-policy.test.ts > versioned mechanical command policy > denies known deploy/publish/push matrix C:/tools/scp.exe ["a","host:b"]
Error: T-11 command policy is not implemented.
 ❯ Module.unavailable src/server/execution/command-policy.ts:4:9
      2|
      3| function unavailable(): never {
      4|   throw new Error("T-11 command policy is not implemented.");
       |         ^
      5| }
      6|
 ❯ tests/command-policy.test.ts:140:26

⎯⎯⎯⎯⎯⎯⎯⎯⎯⎯⎯⎯⎯⎯⎯⎯⎯⎯⎯⎯⎯⎯⎯[3/26]⎯

 FAIL  tests/command-policy.test.ts > versioned mechanical command policy > denies path escape, canonical/execution roots, and unknown path option syntax
Error: T-11 command policy is not implemented.
 ❯ Module.unavailable src/server/execution/command-policy.ts:4:9
      2|
      3| function unavailable(): never {
      4|   throw new Error("T-11 command policy is not implemented.");
       |         ^
      5| }
      6|
 ❯ tests/command-policy.test.ts:158:36

⎯⎯⎯⎯⎯⎯⎯⎯⎯⎯⎯⎯⎯⎯⎯⎯⎯⎯⎯⎯⎯⎯⎯[4/26]⎯

 FAIL  tests/command-policy.test.ts > versioned mechanical command policy > allows unknown non-path behavior only as warned standing policy or one-shot execution
Error: T-11 command policy is not implemented.
 ❯ Module.unavailable src/server/execution/command-policy.ts:4:9
      2|
      3| function unavailable(): never {
      4|   throw new Error("T-11 command policy is not implemented.");
       |         ^
      5| }
      6|
 ❯ tests/command-policy.test.ts:177:40

⎯⎯⎯⎯⎯⎯⎯⎯⎯⎯⎯⎯⎯⎯⎯⎯⎯⎯⎯⎯⎯⎯⎯[5/26]⎯

 FAIL  tests/validation-policy.test.ts > append-only validation policy > creates an immutable empty policy for every new project
Error: T-11 validation policy service is not implemented.
 ❯ Module.unavailable src/server/execution/validation-policy-service.ts:2:9
      1| function unavailable(): never {
      2|   throw new Error("T-11 validation policy service is not implemented."…
       |         ^
      3| }
      4|
 ❯ tests/validation-policy.test.ts:110:27

⎯⎯⎯⎯⎯⎯⎯⎯⎯⎯⎯⎯⎯⎯⎯⎯⎯⎯⎯⎯⎯⎯⎯[6/26]⎯

 FAIL  tests/validation-policy.test.ts > append-only validation policy > saves exact ordered tuples with CAS and before/after audit hashes
Error: T-11 validation policy service is not implemented.
 ❯ Module.unavailable src/server/execution/validation-policy-service.ts:2:9
      1| function unavailable(): never {
      2|   throw new Error("T-11 validation policy service is not implemented."…
       |         ^
      3| }
      4|
 ❯ tests/validation-policy.test.ts:125:26

⎯⎯⎯⎯⎯⎯⎯⎯⎯⎯⎯⎯⎯⎯⎯⎯⎯⎯⎯⎯⎯⎯⎯[7/26]⎯

 FAIL  tests/validation-policy.test.ts > append-only validation policy > rejects missing warning and known-deny entries without moving the active pointer
Error: T-11 validation policy service is not implemented.
 ❯ Module.unavailable src/server/execution/validation-policy-service.ts:2:9
      1| function unavailable(): never {
      2|   throw new Error("T-11 validation policy service is not implemented."…
       |         ^
      3| }
      4|
 ❯ tests/validation-policy.test.ts:197:30

⎯⎯⎯⎯⎯⎯⎯⎯⎯⎯⎯⎯⎯⎯⎯⎯⎯⎯⎯⎯⎯⎯⎯[8/26]⎯

 FAIL  tests/validation-policy.test.ts > append-only validation policy > enforces 50 entries and 64 KiB of canonical policy bytes
Error: T-11 validation policy service is not implemented.
 ❯ Module.unavailable src/server/execution/validation-policy-service.ts:2:9
      1| function unavailable(): never {
      2|   throw new Error("T-11 validation policy service is not implemented."…
       |         ^
      3| }
      4|
 ❯ tests/validation-policy.test.ts:231:26

⎯⎯⎯⎯⎯⎯⎯⎯⎯⎯⎯⎯⎯⎯⎯⎯⎯⎯⎯⎯⎯⎯⎯[9/26]⎯

 FAIL  tests/validation-policy.test.ts > append-only validation policy > retains history and frozen references across restart until project deletion
Error: T-11 validation policy service is not implemented.
 ❯ Module.unavailable src/server/execution/validation-policy-service.ts:2:9
      1| function unavailable(): never {
      2|   throw new Error("T-11 validation policy service is not implemented."…
       |         ^
      3| }
      4|
 ❯ tests/validation-policy.test.ts:257:26

⎯⎯⎯⎯⎯⎯⎯⎯⎯⎯⎯⎯⎯⎯⎯⎯⎯⎯⎯⎯⎯⎯[10/26]⎯


 Test Files  2 failed (2)
      Tests  26 failed | 1 passed (27)
   Start at  12:12:34
   Duration  3.25s (transform 273ms, setup 749ms, import 240ms, tests 721ms, environment 3.39s)

# exit: 1
