# hf-gate-run
# label: t12-red
# command: cmd /c npm test -- tests/command-request.test.ts
# started: 2026-07-30T04:30:14+00:00

> collaboration-cockpit@0.1.0 test
> vitest run tests/command-request.test.ts


 RUN  v4.1.10 D:/cool-ai

 ❯ tests/command-request.test.ts (0 test)

⎯⎯⎯⎯⎯⎯ Failed Suites 1 ⎯⎯⎯⎯⎯⎯⎯

 FAIL  tests/command-request.test.ts [ tests/command-request.test.ts ]
Error: Failed to resolve import "@/src/server/execution/command-request" from "tests/command-request.test.ts". Does the file exist?
  Plugin: vite:import-analysis
  File: D:/cool-ai/tests/command-request.test.ts:72:34
  31 |  	operationSequence = 0;
  32 |  	try {
  33 |  		commandRequest = await import("@/src/server/execution/command-request");
     |                                  ^
  34 |  	} catch {
  35 |  		expect.fail("The T-12 command request service is unavailable.");
 ❯ TransformPluginContext._formatLog node_modules/vite/dist/node/chunks/node.js:30416:39
 ❯ TransformPluginContext.error node_modules/vite/dist/node/chunks/node.js:30413:14
 ❯ normalizeUrl node_modules/vite/dist/node/chunks/node.js:27438:18
 ❯ node_modules/vite/dist/node/chunks/node.js:27506:30
 ❯ TransformPluginContext.transform node_modules/vite/dist/node/chunks/node.js:27474:4
 ❯ EnvironmentPluginContainer.transform node_modules/vite/dist/node/chunks/node.js:30201:14
 ❯ loadAndTransform node_modules/vite/dist/node/chunks/node.js:20124:26

⎯⎯⎯⎯⎯⎯⎯⎯⎯⎯⎯⎯⎯⎯⎯⎯⎯⎯⎯⎯⎯⎯⎯⎯[1/1]⎯


 Test Files  1 failed (1)
      Tests  no tests
   Start at  12:30:15
   Duration  2.08s (transform 27ms, setup 336ms, import 0ms, tests 0ms, environment 1.40s)

# exit: 1
