# hf-gate-run
# label: t12-red
# command: cmd /c npm test -- tests/command-request.test.ts
# started: 2026-07-30T04:30:33+00:00

> collaboration-cockpit@0.1.0 test
> vitest run tests/command-request.test.ts


 RUN  v4.1.10 D:/cool-ai

(node:11096) ExperimentalWarning: SQLite is an experimental feature and might change at any time
(Use `node --trace-warnings ...` to show where the warning was created)
 ❯ tests/command-request.test.ts (9 tests | 9 failed) 2046ms
     × creates a direct pending command action only for an exact frozen standing tuple 245ms
     × turns a near-match or unlisted mechanically allowed command into one hash-bound request 234ms
     × enforces one open request per execution 215ms
     × denies shell with zero command actions or approval requests 221ms
     × denies path escape with zero command actions or approval requests 215ms
     × denies canonical deploy with zero command actions or approval requests 217ms
     × denies unknown path syntax with zero command actions or approval requests 235ms
     × routes unknown non-path behavior to one-shot approval 237ms
     × never creates an owner-approvable request when execute permission is missing 225ms

⎯⎯⎯⎯⎯⎯⎯ Failed Tests 9 ⎯⎯⎯⎯⎯⎯⎯

 FAIL  tests/command-request.test.ts > command request classification and durable facts > creates a direct pending command action only for an exact frozen standing tuple
Error: T-12 command request is not implemented.
 ❯ Module.requestExecutionCommand src/server/execution/command-request.ts:23:9
     21|
     22| export function requestExecutionCommand(_input: CommandRequestInput): …
     23|   throw new Error("T-12 command request is not implemented.");
       |         ^
     24| }
     25|
 ❯ request tests/command-request.test.ts:329:25
 ❯ tests/command-request.test.ts:85:22

⎯⎯⎯⎯⎯⎯⎯⎯⎯⎯⎯⎯⎯⎯⎯⎯⎯⎯⎯⎯⎯⎯⎯⎯[1/9]⎯

 FAIL  tests/command-request.test.ts > command request classification and durable facts > turns a near-match or unlisted mechanically allowed command into one hash-bound request
Error: T-12 command request is not implemented.
 ❯ Module.requestExecutionCommand src/server/execution/command-request.ts:23:9
     21|
     22| export function requestExecutionCommand(_input: CommandRequestInput): …
     23|   throw new Error("T-12 command request is not implemented.");
       |         ^
     24| }
     25|
 ❯ request tests/command-request.test.ts:329:25
 ❯ tests/command-request.test.ts:149:22

⎯⎯⎯⎯⎯⎯⎯⎯⎯⎯⎯⎯⎯⎯⎯⎯⎯⎯⎯⎯⎯⎯⎯⎯[2/9]⎯

 FAIL  tests/command-request.test.ts > command request classification and durable facts > enforces one open request per execution
Error: T-12 command request is not implemented.
 ❯ Module.requestExecutionCommand src/server/execution/command-request.ts:23:9
     21|
     22| export function requestExecutionCommand(_input: CommandRequestInput): …
     23|   throw new Error("T-12 command request is not implemented.");
       |         ^
     24| }
     25|
 ❯ request tests/command-request.test.ts:329:25
 ❯ tests/command-request.test.ts:207:7

⎯⎯⎯⎯⎯⎯⎯⎯⎯⎯⎯⎯⎯⎯⎯⎯⎯⎯⎯⎯⎯⎯⎯⎯[3/9]⎯

 FAIL  tests/command-request.test.ts > command request classification and durable facts > denies shell with zero command actions or approval requests
 FAIL  tests/command-request.test.ts > command request classification and durable facts > denies path escape with zero command actions or approval requests
 FAIL  tests/command-request.test.ts > command request classification and durable facts > denies canonical deploy with zero command actions or approval requests
 FAIL  tests/command-request.test.ts > command request classification and durable facts > denies unknown path syntax with zero command actions or approval requests
Error: T-12 command request is not implemented.
 ❯ Module.requestExecutionCommand src/server/execution/command-request.ts:23:9
     21|
     22| export function requestExecutionCommand(_input: CommandRequestInput): …
     23|   throw new Error("T-12 command request is not implemented.");
       |         ^
     24| }
     25|
 ❯ request tests/command-request.test.ts:329:25
 ❯ tests/command-request.test.ts:234:22

⎯⎯⎯⎯⎯⎯⎯⎯⎯⎯⎯⎯⎯⎯⎯⎯⎯⎯⎯⎯⎯⎯⎯⎯[4/9]⎯

 FAIL  tests/command-request.test.ts > command request classification and durable facts > routes unknown non-path behavior to one-shot approval
Error: T-12 command request is not implemented.
 ❯ Module.requestExecutionCommand src/server/execution/command-request.ts:23:9
     21|
     22| export function requestExecutionCommand(_input: CommandRequestInput): …
     23|   throw new Error("T-12 command request is not implemented.");
       |         ^
     24| }
     25|
 ❯ request tests/command-request.test.ts:329:25
 ❯ tests/command-request.test.ts:264:22

⎯⎯⎯⎯⎯⎯⎯⎯⎯⎯⎯⎯⎯⎯⎯⎯⎯⎯⎯⎯⎯⎯⎯⎯[5/9]⎯

 FAIL  tests/command-request.test.ts > command request classification and durable facts > never creates an owner-approvable request when execute permission is missing
Error: T-12 command request is not implemented.
 ❯ Module.requestExecutionCommand src/server/execution/command-request.ts:23:9
     21|
     22| export function requestExecutionCommand(_input: CommandRequestInput): …
     23|   throw new Error("T-12 command request is not implemented.");
       |         ^
     24| }
     25|
 ❯ request tests/command-request.test.ts:329:25
 ❯ tests/command-request.test.ts:282:22

⎯⎯⎯⎯⎯⎯⎯⎯⎯⎯⎯⎯⎯⎯⎯⎯⎯⎯⎯⎯⎯⎯⎯⎯[6/9]⎯


 Test Files  1 failed (1)
      Tests  9 failed (9)
   Start at  12:30:34
   Duration  4.18s (transform 131ms, setup 335ms, import 122ms, tests 2.05s, environment 1.41s)

# exit: 1
