# hf-gate-run
# label: t13-red
# command: npm.cmd test -- tests/process-runner.test.ts
# started: 2026-07-30T04:52:45+00:00

> collaboration-cockpit@0.1.0 test
> vitest run tests/process-runner.test.ts


 RUN  v4.1.10 D:/cool-ai

(node:4076) ExperimentalWarning: SQLite is an experimental feature and might change at any time
(Use `node --trace-warnings ...` to show where the warning was created)
 ❯ tests/process-runner.test.ts (6 tests | 1 failed) 1159ms
     × persists redacted chunks and exact receipt only inside the winning terminal CAS 316ms

⎯⎯⎯⎯⎯⎯⎯ Failed Tests 1 ⎯⎯⎯⎯⎯⎯⎯

 FAIL  tests/process-runner.test.ts > direct process runner > persists redacted chunks and exact receipt only inside the winning terminal CAS
TypeError: runner.executeCommandProcessAction is not a function
 ❯ tests/process-runner.test.ts:501:37
    499|     };
    500|     try {
    501|       const executed = await runner.executeCommandProcessAction({
       |                                     ^
    502|         actionIndex: 0,
    503|         authorizationSource: "standing_policy",

⎯⎯⎯⎯⎯⎯⎯⎯⎯⎯⎯⎯⎯⎯⎯⎯⎯⎯⎯⎯⎯⎯⎯⎯[1/1]⎯


 Test Files  1 failed (1)
      Tests  1 failed | 5 passed (6)
   Start at  12:52:46
   Duration  3.34s (transform 137ms, setup 357ms, import 113ms, tests 1.16s, environment 1.44s)

# exit: 1
