# hf-gate-run
# label: t13-green
# command: npm.cmd test -- tests/process-runner.test.ts
# started: 2026-07-30T04:50:50+00:00

> collaboration-cockpit@0.1.0 test
> vitest run tests/process-runner.test.ts


 RUN  v4.1.10 D:/cool-ai

 ❯ tests/process-runner.test.ts (5 tests | 3 failed) 843ms
     × spawns executable and args directly in sandbox with fixed minimal environment 123ms
     × heartbeats every 30 seconds but terminates the tree at the independent exact 120 second deadline 15ms
     × terminates and reaps a real harmless child tree through the platform adapter 224ms

⎯⎯⎯⎯⎯⎯⎯ Failed Tests 3 ⎯⎯⎯⎯⎯⎯⎯

 FAIL  tests/process-runner.test.ts > direct process runner > spawns executable and args directly in sandbox with fixed minimal environment
AssertionError: expected { CI: '1', …(17) } to not have property "PATH"

- Expected:
undefined

+ Received:
"D:\\cool-ai\\node_modules\\.bin;D:\\node_modules\\.bin;C:\\Program Files\\nodejs\\node_modules\\npm\\node_modules\\@npmcli\\run-script\\lib\\node-gyp-bin;d:\\Programs\\cursor\\resources\\app\\node_modules\\@vscode\\ripgrep\\bin;C:\\Program Files\\Python313\\Scripts\\;C:\\Program Files\\Python313\\;C:\\Windows\\system32;C:\\Windows;C:\\Windows\\System32\\Wbem;C:\\Windows\\System32\\WindowsPowerShell\\v1.0\\;C:\\Windows\\System32\\OpenSSH\\;C:\\Program Files\\Git\\cmd;C:\\Program Files\\Microsoft VS Code\\bin;C:\\Program Files\\nodejs\\;C:\\tools\\jdk-17\\jdk-17.0.19+10\\bin;C:\\tools\\maven\\apache-maven-3.9.9\\bin;C:\\Tools\\zig\\zig-x86_64-windows-0.14.1;C:\\Users\\Administrator\\AppData\\Local\\Programs\\Python\\Launcher\\;d:\\Programs\\cursor\\resources\\app\\codeBin;C:\\Users\\Administrator\\AppData\\Local\\Microsoft\\WindowsApps;d:\\Programs\\cursor\\resources\\app\\bin;C:\\Users\\Administrator\\AppData\\Roaming\\npm"

 ❯ tests/process-runner.test.ts:219:32
    217|       "PATH", "PATHEXT", "COMSPEC", "SECRET_TOKEN", "API_KEY", "COCKPI…
    218|     ]) {
    219|       expect(observed.env).not.toHaveProperty(forbidden);
       |                                ^
    220|     }
    221|   });

⎯⎯⎯⎯⎯⎯⎯⎯⎯⎯⎯⎯⎯⎯⎯⎯⎯⎯⎯⎯⎯⎯⎯⎯[1/3]⎯

 FAIL  tests/process-runner.test.ts > direct process runner > heartbeats every 30 seconds but terminates the tree at the independent exact 120 second deadline
AssertionError: expected { …(6) } to deeply equal ObjectContaining{…}

- Expected
+ Received

- ObjectContaining {
+ {
    "authorizationSource": "one_shot",
    "durationMs": 120000,
    "exitCode": null,
-   "status": "timed_out",
+   "status": "completed",
+   "stderr": {
+     "bytes": 0,
+     "chunks": [],
+     "sha256": "e3b0c44298fc1c149afbf4c8996fb92427ae41e4649b934ca495991b7852b855",
+     "truncated": false,
+   },
+   "stdout": {
+     "bytes": 0,
+     "chunks": [],
+     "sha256": "e3b0c44298fc1c149afbf4c8996fb92427ae41e4649b934ca495991b7852b855",
+     "truncated": false,
+   },
  }

 ❯ tests/process-runner.test.ts:261:26
    259|     expect(terminateAt).toBeNull();
    260|     await clock.advanceTo(120_000);
    261|     await expect(pending).resolves.toEqual(expect.objectContaining({
       |                          ^
    262|       authorizationSource: "one_shot",
    263|       durationMs: 120_000,

⎯⎯⎯⎯⎯⎯⎯⎯⎯⎯⎯⎯⎯⎯⎯⎯⎯⎯⎯⎯⎯⎯⎯⎯[2/3]⎯

 FAIL  tests/process-runner.test.ts > direct process runner > terminates and reaps a real harmless child tree through the platform adapter
AssertionError: expected 'completed' to be 'timed_out' // Object.is equality

Expected: "timed_out"
Received: "completed"

 ❯ tests/process-runner.test.ts:330:27
    328|     await clock.advanceTo(120_000);
    329|     const result = await pending;
    330|     expect(result.status).toBe("timed_out");
       |                           ^
    331|     expect(result.stdout.chunks.map((chunk) => chunk.text).join("")).t…
    332|   });

⎯⎯⎯⎯⎯⎯⎯⎯⎯⎯⎯⎯⎯⎯⎯⎯⎯⎯⎯⎯⎯⎯⎯⎯[3/3]⎯


 Test Files  1 failed (1)
      Tests  3 failed | 2 passed (5)
   Start at  12:50:51
   Duration  2.90s (transform 78ms, setup 336ms, import 36ms, tests 843ms, environment 1.42s)

# exit: 1
