# hf-gate-run
# label: t14-green
# command: cmd /c npm test -- tests/execution-action-schema.test.ts tests/execution-structured-repair.test.ts --maxWorkers=1
# started: 2026-07-30T05:06:08+00:00

> collaboration-cockpit@0.1.0 test
> vitest run tests/execution-action-schema.test.ts tests/execution-structured-repair.test.ts --maxWorkers=1


 RUN  v4.1.10 D:/cool-ai

(node:4024) ExperimentalWarning: SQLite is an experimental feature and might change at any time
(Use `node --trace-warnings ...` to show where the warning was created)
 ❯ tests/execution-structured-repair.test.ts (6 tests | 1 failed) 1678ms
     × uses the same child for one repair, stores both usage facts, and sends only invalid content plus schema 293ms

⎯⎯⎯⎯⎯⎯⎯ Failed Tests 1 ⎯⎯⎯⎯⎯⎯⎯

 FAIL  tests/execution-structured-repair.test.ts > execution primary and one structured repair > uses the same child for one repair, stores both usage facts, and sends only invalid content plus schema
AssertionError: expected '[{"role":"system","content":"Return o…' to contain '{"summary":"bad","action":{"type":"li…'

Expected: "{"summary":"bad","action":{"type":"list"}}"
Received: "[{"role":"system","content":"Return one strict JSON object and no surrounding prose.\nTop level: {\"summary\":string(1..2000),\"action\":Action}.\nAction is exactly one of {\"type\":\"list\",\"path\":string(1..4096 UTF-8 bytes)}, {\"type\":\"read\",\"path\":string(1..4096 UTF-8 bytes)}, {\"type\":\"write\",\"path\":string(1..4096 UTF-8 bytes),\"content\":UTF-8 text(0..1048576 bytes, no NUL),\"expectedHash\":null|lowercase SHA-256}, {\"type\":\"command\",\"executable\":string(1..4096 UTF-8 bytes),\"args\":string[0..64] (each 0..4096 UTF-8 bytes, total <=32768 UTF-8 bytes),\"workdir\":string(1..4096 UTF-8 bytes),\"expectedEffect\":string(1..2000)}, or {\"type\":\"staged\"}.\nsummary and expectedEffect must contain visible non-whitespace text.\nUnknown keys are forbidden at every object level."},{"role":"user","content":"The following response was invalid.\nRewrite only this content to satisfy the schema exactly:\n{\"summary\":\"bad\",\"action\":{\"type\":\"list\"}}"}]"

 ❯ tests/execution-structured-repair.test.ts:275:49
    273|     };
    274|     expect(repairBody.messages).toHaveLength(2);
    275|     expect(JSON.stringify(repairBody.messages)).toContain(invalid);
       |                                                 ^
    276|     expect(JSON.stringify(repairBody.messages)).toMatch(/schema|strict…
    277|     expect(JSON.stringify(repairBody.messages)).not.toContain("PRIVATE…

⎯⎯⎯⎯⎯⎯⎯⎯⎯⎯⎯⎯⎯⎯⎯⎯⎯⎯⎯⎯⎯⎯⎯⎯[1/1]⎯


 Test Files  1 failed | 1 passed (2)
      Tests  1 failed | 9 passed (10)
   Start at  13:06:09
   Duration  6.07s (transform 194ms, setup 643ms, import 274ms, tests 1.81s, environment 2.82s)

# exit: 1
