# hf-gate-run
# label: t14-regressions
# command: cmd /c npm test -- --maxWorkers=1
# started: 2026-07-30T05:12:19+00:00

> collaboration-cockpit@0.1.0 test
> vitest run --maxWorkers=1


 RUN  v4.1.10 D:/cool-ai

(node:4636) ExperimentalWarning: SQLite is an experimental feature and might change at any time
(Use `node --trace-warnings ...` to show where the warning was created)
(node:12532) ExperimentalWarning: SQLite is an experimental feature and might change at any time
(Use `node --trace-warnings ...` to show where the warning was created)
(node:808) ExperimentalWarning: SQLite is an experimental feature and might change at any time
(Use `node --trace-warnings ...` to show where the warning was created)
 ❯ tests/owner-handoff-plan-races.test.ts (8 tests | 5 failed) 8648ms
     × persists stable sequence, keeps the model target for ordinary pending chat, and consumes only the acquired prompt window 598ms
     × uses the latest pending mention by stable sequence even when ordinary chat follows it 773ms
     × delays planned for ordinary pending chat, keeps the current Agent, and preserves task/message actions 676ms
     × keeps running and selects the latest mentioned current member 765ms
     × consumes exactly the 30 acquired owner message IDs and leaves excluded and post-acquire messages pending 3619ms
(node:16056) ExperimentalWarning: SQLite is an experimental feature and might change at any time
(Use `node --trace-warnings ...` to show where the warning was created)
(node:7216) ExperimentalWarning: SQLite is an experimental feature and might change at any time
(Use `node --trace-warnings ...` to show where the warning was created)
(node:11140) ExperimentalWarning: SQLite is an experimental feature and might change at any time
(Use `node --trace-warnings ...` to show where the warning was created)
(node:6320) ExperimentalWarning: SQLite is an experimental feature and might change at any time
(Use `node --trace-warnings ...` to show where the warning was created)
(node:3844) ExperimentalWarning: SQLite is an experimental feature and might change at any time
(Use `node --trace-warnings ...` to show where the warning was created)
(node:15948) ExperimentalWarning: SQLite is an experimental feature and might change at any time
(Use `node --trace-warnings ...` to show where the warning was created)
(node:4936) ExperimentalWarning: SQLite is an experimental feature and might change at any time
(Use `node --trace-warnings ...` to show where the warning was created)
(node:11720) ExperimentalWarning: SQLite is an experimental feature and might change at any time
(Use `node --trace-warnings ...` to show where the warning was created)
(node:4600) ExperimentalWarning: SQLite is an experimental feature and might change at any time
(Use `node --trace-warnings ...` to show where the warning was created)
(node:5540) ExperimentalWarning: SQLite is an experimental feature and might change at any time
(Use `node --trace-warnings ...` to show where the warning was created)
(node:2352) ExperimentalWarning: SQLite is an experimental feature and might change at any time
(Use `node --trace-warnings ...` to show where the warning was created)
(node:10252) ExperimentalWarning: SQLite is an experimental feature and might change at any time
(Use `node --trace-warnings ...` to show where the warning was created)
(node:15376) ExperimentalWarning: SQLite is an experimental feature and might change at any time
(Use `node --trace-warnings ...` to show where the warning was created)
(node:1912) ExperimentalWarning: SQLite is an experimental feature and might change at any time
(Use `node --trace-warnings ...` to show where the warning was created)
(node:1468) ExperimentalWarning: SQLite is an experimental feature and might change at any time
(Use `node --trace-warnings ...` to show where the warning was created)
(node:17384) ExperimentalWarning: SQLite is an experimental feature and might change at any time
(Use `node --trace-warnings ...` to show where the warning was created)
(node:9148) ExperimentalWarning: SQLite is an experimental feature and might change at any time
(Use `node --trace-warnings ...` to show where the warning was created)
(node:14732) ExperimentalWarning: SQLite is an experimental feature and might change at any time
(Use `node --trace-warnings ...` to show where the warning was created)
(node:13896) ExperimentalWarning: SQLite is an experimental feature and might change at any time
(Use `node --trace-warnings ...` to show where the warning was created)
(node:9964) ExperimentalWarning: SQLite is an experimental feature and might change at any time
(Use `node --trace-warnings ...` to show where the warning was created)
(node:2596) ExperimentalWarning: SQLite is an experimental feature and might change at any time
(Use `node --trace-warnings ...` to show where the warning was created)
(node:17144) ExperimentalWarning: SQLite is an experimental feature and might change at any time
(Use `node --trace-warnings ...` to show where the warning was created)
(node:604) ExperimentalWarning: SQLite is an experimental feature and might change at any time
(Use `node --trace-warnings ...` to show where the warning was created)
(node:16976) ExperimentalWarning: SQLite is an experimental feature and might change at any time
(Use `node --trace-warnings ...` to show where the warning was created)
(node:13772) ExperimentalWarning: SQLite is an experimental feature and might change at any time
(Use `node --trace-warnings ...` to show where the warning was created)
(node:2264) ExperimentalWarning: SQLite is an experimental feature and might change at any time
(Use `node --trace-warnings ...` to show where the warning was created)
(node:16432) ExperimentalWarning: SQLite is an experimental feature and might change at any time
(Use `node --trace-warnings ...` to show where the warning was created)
(node:15776) ExperimentalWarning: SQLite is an experimental feature and might change at any time
(Use `node --trace-warnings ...` to show where the warning was created)
(node:16960) ExperimentalWarning: SQLite is an experimental feature and might change at any time
(Use `node --trace-warnings ...` to show where the warning was created)
(node:15864) ExperimentalWarning: SQLite is an experimental feature and might change at any time
(Use `node --trace-warnings ...` to show where the warning was created)
(node:16972) ExperimentalWarning: SQLite is an experimental feature and might change at any time
(Use `node --trace-warnings ...` to show where the warning was created)
(node:14240) ExperimentalWarning: SQLite is an experimental feature and might change at any time
(Use `node --trace-warnings ...` to show where the warning was created)
(node:16208) ExperimentalWarning: SQLite is an experimental feature and might change at any time
(Use `node --trace-warnings ...` to show where the warning was created)
(node:6784) ExperimentalWarning: SQLite is an experimental feature and might change at any time
(Use `node --trace-warnings ...` to show where the warning was created)
(node:10248) ExperimentalWarning: SQLite is an experimental feature and might change at any time
(Use `node --trace-warnings ...` to show where the warning was created)
(node:2952) ExperimentalWarning: SQLite is an experimental feature and might change at any time
(Use `node --trace-warnings ...` to show where the warning was created)
(node:11468) ExperimentalWarning: SQLite is an experimental feature and might change at any time
(Use `node --trace-warnings ...` to show where the warning was created)
(node:13356) ExperimentalWarning: SQLite is an experimental feature and might change at any time
(Use `node --trace-warnings ...` to show where the warning was created)
(node:17168) ExperimentalWarning: SQLite is an experimental feature and might change at any time
(Use `node --trace-warnings ...` to show where the warning was created)
(node:12488) ExperimentalWarning: SQLite is an experimental feature and might change at any time
(Use `node --trace-warnings ...` to show where the warning was created)
(node:5864) ExperimentalWarning: SQLite is an experimental feature and might change at any time
(Use `node --trace-warnings ...` to show where the warning was created)
(node:14044) ExperimentalWarning: SQLite is an experimental feature and might change at any time
(Use `node --trace-warnings ...` to show where the warning was created)
(node:12580) ExperimentalWarning: SQLite is an experimental feature and might change at any time
(Use `node --trace-warnings ...` to show where the warning was created)
(node:15440) ExperimentalWarning: SQLite is an experimental feature and might change at any time
(Use `node --trace-warnings ...` to show where the warning was created)
(node:4852) ExperimentalWarning: SQLite is an experimental feature and might change at any time
(Use `node --trace-warnings ...` to show where the warning was created)
(node:8252) ExperimentalWarning: SQLite is an experimental feature and might change at any time
(Use `node --trace-warnings ...` to show where the warning was created)
(node:13248) ExperimentalWarning: SQLite is an experimental feature and might change at any time
(Use `node --trace-warnings ...` to show where the warning was created)
(node:2220) ExperimentalWarning: SQLite is an experimental feature and might change at any time
(Use `node --trace-warnings ...` to show where the warning was created)
(node:9284) ExperimentalWarning: SQLite is an experimental feature and might change at any time
(Use `node --trace-warnings ...` to show where the warning was created)
(node:11156) ExperimentalWarning: SQLite is an experimental feature and might change at any time
(Use `node --trace-warnings ...` to show where the warning was created)
(node:8256) ExperimentalWarning: SQLite is an experimental feature and might change at any time
(Use `node --trace-warnings ...` to show where the warning was created)
(node:15936) ExperimentalWarning: SQLite is an experimental feature and might change at any time
(Use `node --trace-warnings ...` to show where the warning was created)
(node:15864) ExperimentalWarning: SQLite is an experimental feature and might change at any time
(Use `node --trace-warnings ...` to show where the warning was created)
(node:11840) ExperimentalWarning: SQLite is an experimental feature and might change at any time
(Use `node --trace-warnings ...` to show where the warning was created)
(node:15396) ExperimentalWarning: SQLite is an experimental feature and might change at any time
(Use `node --trace-warnings ...` to show where the warning was created)

⎯⎯⎯⎯⎯⎯⎯ Failed Tests 5 ⎯⎯⎯⎯⎯⎯⎯

 FAIL  tests/owner-handoff-plan-races.test.ts > calling owner messages and handoff > persists stable sequence, keeps the model target for ordinary pending chat, and consumes only the acquired prompt window
AssertionError: expected { affectedRows: +0, …(2) } to match object { body: { …(2) }, status: 200 }
(7 matching properties omitted from actual)

- Expected
+ Received

  {
    "body": {
-     "attemptStatus": "committed",
+     "attemptStatus": "interrupted",
      "run": {
-       "currentAgentId": "agent-owner-b",
-       "roundCount": 1,
-       "status": "running",
+       "currentAgentId": "agent-owner-a",
+       "roundCount": 0,
+       "status": "paused",
      },
    },
    "status": 200,
  }

 ❯ tests/owner-handoff-plan-races.test.ts:260:22
    258|
    259|     expect([included.sequence, pending.sequence]).toEqual([1, 2]);
    260|     expect(response).toMatchObject({
       |                      ^
    261|       body: {
    262|         attemptStatus: "committed",

⎯⎯⎯⎯⎯⎯⎯⎯⎯⎯⎯⎯⎯⎯⎯⎯⎯⎯⎯⎯⎯⎯⎯⎯[1/5]⎯

 FAIL  tests/owner-handoff-plan-races.test.ts > calling owner messages and handoff > uses the latest pending mention by stable sequence even when ordinary chat follows it
AssertionError: expected { affectedRows: +0, …(2) } to match object { Object (body, status) }
(9 matching properties omitted from actual)

- Expected
+ Received

  {
    "body": {
      "run": {
-       "currentAgentId": "agent-owner-c",
-       "status": "running",
+       "currentAgentId": "agent-owner-a",
+       "status": "paused",
      },
    },
    "status": 200,
  }

 ❯ tests/owner-handoff-plan-races.test.ts:301:22
    299|
    300|     expect(firstMention.sequence).toBeLessThan(latestMention.sequence);
    301|     expect(response).toMatchObject({
       |                      ^
    302|       body: { run: { currentAgentId: AGENT_C, status: "running" } },
    303|       status: 200,

⎯⎯⎯⎯⎯⎯⎯⎯⎯⎯⎯⎯⎯⎯⎯⎯⎯⎯⎯⎯⎯⎯⎯⎯[2/5]⎯

 FAIL  tests/owner-handoff-plan-races.test.ts > calling owner messages and plan_ready > delays planned for ordinary pending chat, keeps the current Agent, and preserves task/message actions
AssertionError: expected { affectedRows: +0, …(2) } to match object { body: { …(2) }, status: 200 }
(7 matching properties omitted from actual)

- Expected
+ Received

  {
    "body": {
-     "attemptStatus": "committed",
+     "attemptStatus": "interrupted",
      "run": {
        "currentAgentId": "agent-owner-b",
-       "roundCount": 2,
-       "status": "running",
+       "roundCount": 1,
+       "status": "paused",
      },
    },
    "status": 200,
  }

 ❯ tests/owner-handoff-plan-races.test.ts:346:22
    344|     );
    345|
    346|     expect(response).toMatchObject({
       |                      ^
    347|       body: {
    348|         attemptStatus: "committed",

⎯⎯⎯⎯⎯⎯⎯⎯⎯⎯⎯⎯⎯⎯⎯⎯⎯⎯⎯⎯⎯⎯⎯⎯[3/5]⎯

 FAIL  tests/owner-handoff-plan-races.test.ts > calling owner messages and plan_ready > keeps running and selects the latest mentioned current member
AssertionError: expected { affectedRows: +0, …(2) } to match object { Object (body, status) }
(9 matching properties omitted from actual)

- Expected
+ Received

  {
    "body": {
      "run": {
-       "currentAgentId": "agent-owner-c",
-       "status": "running",
+       "currentAgentId": "agent-owner-b",
+       "status": "paused",
      },
    },
    "status": 200,
  }

 ❯ tests/owner-handoff-plan-races.test.ts:408:22
    406|     );
    407|
    408|     expect(response).toMatchObject({
       |                      ^
    409|       body: { run: { currentAgentId: AGENT_C, status: "running" } },
    410|       status: 200,

⎯⎯⎯⎯⎯⎯⎯⎯⎯⎯⎯⎯⎯⎯⎯⎯⎯⎯⎯⎯⎯⎯⎯⎯[4/5]⎯

 FAIL  tests/owner-handoff-plan-races.test.ts > owner prompt-window consumption > consumes exactly the 30 acquired owner message IDs and leaves excluded and post-acquire messages pending
AssertionError: expected [] to have a length of 30 but got +0

- Expected
+ Received

- 30
+ 0

 ❯ tests/owner-handoff-plan-races.test.ts:429:75
    427|
    428|     const ownerMessages = messageConsumption().filter(({ authorType })…
    429|     expect(ownerMessages.filter(({ consumedAt }) => consumedAt !== nul…
       |                                                                           ^
    430|     expect(ownerMessages.slice(0, 2).every(({ consumedAt }) => consume…
    431|     expect(

⎯⎯⎯⎯⎯⎯⎯⎯⎯⎯⎯⎯⎯⎯⎯⎯⎯⎯⎯⎯⎯⎯⎯⎯[5/5]⎯


 Test Files  1 failed | 94 passed (95)
      Tests  5 failed | 593 passed (598)
   Start at  13:12:20
   Duration  394.73s (transform 2.77s, setup 30.23s, import 9.75s, tests 193.74s, environment 136.74s)

# exit: 1
