# hf-gate-run
# label: t14-red
# command: cmd /c npm test -- tests/execution-action-schema.test.ts tests/execution-structured-repair.test.ts --maxWorkers=1
# started: 2026-07-30T05:04:40+00:00

> collaboration-cockpit@0.1.0 test
> vitest run tests/execution-action-schema.test.ts tests/execution-structured-repair.test.ts --maxWorkers=1


 RUN  v4.1.10 D:/cool-ai

(node:9640) ExperimentalWarning: SQLite is an experimental feature and might change at any time
(Use `node --trace-warnings ...` to show where the warning was created)
 ❯ tests/execution-structured-repair.test.ts (6 tests | 6 failed) 1433ms
     × persists one valid primary call and advances one business round 262ms
     × uses the same child for one repair, stores both usage facts, and sends only invalid content plus schema 235ms
     × allows only call indexes one and two and rejects a duplicate for the same action 232ms
     × renews only the 120 second lease while preserving call, action, and business deadlines 226ms
     × pauses after a second invalid response without creating a tool or staged fact 241ms
     × does not repair a structurally valid action that lacks its Agent permission 235ms
 ❯ tests/execution-action-schema.test.ts (4 tests | 4 failed) 17ms
     × accepts exactly one list, read, write, command, or staged action 11ms
     × rejects unknown, missing, mixed, and malformed fields at every depth 2ms
     × enforces visible summary, path, write, and command bounds exactly 1ms
     × binds read, write, and command actions to the exact Agent capability 1ms

⎯⎯⎯⎯⎯⎯ Failed Tests 10 ⎯⎯⎯⎯⎯⎯⎯

 FAIL  tests/execution-action-schema.test.ts > strict execution action schema > accepts exactly one list, read, write, command, or staged action
AssertionError: promise rejected "AssertionError: the strict execution acti… { …(4) }" instead of resolving
 ❯ tests/execution-action-schema.test.ts:58:44
     56|
     57|     for (const action of actions) {
     58|       await expect(parse(envelope(action))).resolves.toMatchObject({
       |                                            ^
     59|         success: true,
     60|         action: { summary: "Visible result", action },

Caused by: AssertionError: the strict execution action schema must exist: expected undefined to be type of 'function'

Expected: "function"
Received: "undefined"

 ❯ loadSchema tests/execution-action-schema.test.ts:24:65
 ❯ parse tests/execution-action-schema.test.ts:32:49
 ❯ tests/execution-action-schema.test.ts:58:20

⎯⎯⎯⎯⎯⎯⎯⎯⎯⎯⎯⎯⎯⎯⎯⎯⎯⎯⎯⎯⎯⎯⎯[1/10]⎯

 FAIL  tests/execution-action-schema.test.ts > strict execution action schema > rejects unknown, missing, mixed, and malformed fields at every depth
AssertionError: promise rejected "AssertionError: the strict execution acti… { …(4) }" instead of resolving
 ❯ tests/execution-action-schema.test.ts:80:33
     78|
     79|     for (const value of invalid) {
     80|       await expect(parse(value)).resolves.toMatchObject({
       |                                 ^
     81|         success: false,
     82|         action: null,

Caused by: AssertionError: the strict execution action schema must exist: expected undefined to be type of 'function'

Expected: "function"
Received: "undefined"

 ❯ loadSchema tests/execution-action-schema.test.ts:24:65
 ❯ parse tests/execution-action-schema.test.ts:32:49
 ❯ tests/execution-action-schema.test.ts:80:20

⎯⎯⎯⎯⎯⎯⎯⎯⎯⎯⎯⎯⎯⎯⎯⎯⎯⎯⎯⎯⎯⎯⎯[2/10]⎯

 FAIL  tests/execution-action-schema.test.ts > strict execution action schema > enforces visible summary, path, write, and command bounds exactly
AssertionError: promise rejected "AssertionError: the strict execution acti… { …(4) }" instead of resolving
 ❯ tests/execution-action-schema.test.ts:96:73
     94|
     95|   it("enforces visible summary, path, write, and command bounds exactl…
     96|     await expect(parse(envelope({ type: "staged" }, "x".repeat(2_000))…
       |                                                                         ^
     97|     await expect(parse(envelope({ type: "staged" }, "x".repeat(2_001))…
     98|     await expect(parse(envelope({ type: "staged" }, "   "))).resolves.…

Caused by: AssertionError: the strict execution action schema must exist: expected undefined to be type of 'function'

Expected: "function"
Received: "undefined"

 ❯ loadSchema tests/execution-action-schema.test.ts:24:65
 ❯ parse tests/execution-action-schema.test.ts:32:49
 ❯ tests/execution-action-schema.test.ts:96:18

⎯⎯⎯⎯⎯⎯⎯⎯⎯⎯⎯⎯⎯⎯⎯⎯⎯⎯⎯⎯⎯⎯⎯[3/10]⎯

 FAIL  tests/execution-action-schema.test.ts > strict execution action schema > binds read, write, and command actions to the exact Agent capability
AssertionError: promise rejected "AssertionError: the strict execution acti… { …(4) }" instead of resolving
 ❯ tests/execution-action-schema.test.ts:148:57
    146|     for (const [action, permission] of cases) {
    147|       const permissions = { ...allPermissions, [permission]: false };
    148|       await expect(parse(envelope(action), permissions)).resolves.toEq…
       |                                                         ^
    149|         success: false,
    150|         action: null,

Caused by: AssertionError: the strict execution action schema must exist: expected undefined to be type of 'function'

Expected: "function"
Received: "undefined"

 ❯ loadSchema tests/execution-action-schema.test.ts:24:65
 ❯ parse tests/execution-action-schema.test.ts:32:49
 ❯ tests/execution-action-schema.test.ts:148:20

⎯⎯⎯⎯⎯⎯⎯⎯⎯⎯⎯⎯⎯⎯⎯⎯⎯⎯⎯⎯⎯⎯⎯[4/10]⎯

 FAIL  tests/execution-structured-repair.test.ts > execution primary and one structured repair > persists one valid primary call and advances one business round
 FAIL  tests/execution-structured-repair.test.ts > execution primary and one structured repair > uses the same child for one repair, stores both usage facts, and sends only invalid content plus schema
 FAIL  tests/execution-structured-repair.test.ts > execution primary and one structured repair > allows only call indexes one and two and rejects a duplicate for the same action
 FAIL  tests/execution-structured-repair.test.ts > execution primary and one structured repair > renews only the 120 second lease while preserving call, action, and business deadlines
 FAIL  tests/execution-structured-repair.test.ts > execution primary and one structured repair > pauses after a second invalid response without creating a tool or staged fact
 FAIL  tests/execution-structured-repair.test.ts > execution primary and one structured repair > does not repair a structurally valid action that lacks its Agent permission
AssertionError: the execution structured repair executor must exist: expected undefined to be type of 'function'

Expected: "function"
Received: "undefined"

 ❯ loadModule tests/execution-structured-repair.test.ts:92:71
     90| async function loadModule(): Promise<StructuredModule> {
     91|   const load = modules["../src/server/execution/execution-structured-r…
     92|   expect(load, "the execution structured repair executor must exist").…
       |                                                                       ^
     93|   return load();
     94| }
 ❯ tests/execution-structured-repair.test.ts:215:22

⎯⎯⎯⎯⎯⎯⎯⎯⎯⎯⎯⎯⎯⎯⎯⎯⎯⎯⎯⎯⎯⎯⎯[5/10]⎯


 Test Files  2 failed (2)
      Tests  10 failed (10)
   Start at  13:04:41
   Duration  5.70s (transform 173ms, setup 643ms, import 281ms, tests 1.45s, environment 2.79s)

# exit: 1
