# hf-gate-run
# label: t15-red
# command: cmd /c npm test -- tests/execution-prompt.test.ts
# started: 2026-07-30T05:33:04+00:00

> collaboration-cockpit@0.1.0 test
> vitest run tests/execution-prompt.test.ts


 RUN  v4.1.10 D:/cool-ai

 ❯ tests/execution-prompt.test.ts (4 tests | 4 failed) 14ms
     × builds stable canonical messages and hashes from ordered frozen facts 9ms
     × includes only the current Agent private configuration and allowlisted redacted facts 1ms
     × keeps internal frozen context within 2 MiB and rejects an oversized whole entry 1ms
     × bounds prior typed tool results to 64 KiB by whole entry with omitted counts 1ms

⎯⎯⎯⎯⎯⎯⎯ Failed Tests 4 ⎯⎯⎯⎯⎯⎯⎯

 FAIL  tests/execution-prompt.test.ts > frozen execution prompt > builds stable canonical messages and hashes from ordered frozen facts
AssertionError: the frozen execution prompt builder must exist: expected undefined to be type of 'function'

Expected: "function"
Received: "undefined"

 ❯ loadModule tests/execution-prompt.test.ts:46:66
     44| async function loadModule(): Promise<PromptModule> {
     45|   const load = modules["../src/server/execution/execution-prompt-build…
     46|   expect(load, "the frozen execution prompt builder must exist").toBeT…
       |                                                                  ^
     47|   return load();
     48| }
 ❯ tests/execution-prompt.test.ts:170:50

⎯⎯⎯⎯⎯⎯⎯⎯⎯⎯⎯⎯⎯⎯⎯⎯⎯⎯⎯⎯⎯⎯⎯⎯[1/4]⎯

 FAIL  tests/execution-prompt.test.ts > frozen execution prompt > includes only the current Agent private configuration and allowlisted redacted facts
AssertionError: the frozen execution prompt builder must exist: expected undefined to be type of 'function'

Expected: "function"
Received: "undefined"

 ❯ loadModule tests/execution-prompt.test.ts:46:66
     44| async function loadModule(): Promise<PromptModule> {
     45|   const load = modules["../src/server/execution/execution-prompt-build…
     46|   expect(load, "the frozen execution prompt builder must exist").toBeT…
       |                                                                  ^
     47|   return load();
     48| }
 ❯ tests/execution-prompt.test.ts:198:50

⎯⎯⎯⎯⎯⎯⎯⎯⎯⎯⎯⎯⎯⎯⎯⎯⎯⎯⎯⎯⎯⎯⎯⎯[2/4]⎯

 FAIL  tests/execution-prompt.test.ts > frozen execution prompt > keeps internal frozen context within 2 MiB and rejects an oversized whole entry
AssertionError: the frozen execution prompt builder must exist: expected undefined to be type of 'function'

Expected: "function"
Received: "undefined"

 ❯ loadModule tests/execution-prompt.test.ts:46:66
     44| async function loadModule(): Promise<PromptModule> {
     45|   const load = modules["../src/server/execution/execution-prompt-build…
     46|   expect(load, "the frozen execution prompt builder must exist").toBeT…
       |                                                                  ^
     47|   return load();
     48| }
 ❯ tests/execution-prompt.test.ts:227:50

⎯⎯⎯⎯⎯⎯⎯⎯⎯⎯⎯⎯⎯⎯⎯⎯⎯⎯⎯⎯⎯⎯⎯⎯[3/4]⎯

 FAIL  tests/execution-prompt.test.ts > frozen execution prompt > bounds prior typed tool results to 64 KiB by whole entry with omitted counts
AssertionError: the frozen execution prompt builder must exist: expected undefined to be type of 'function'

Expected: "function"
Received: "undefined"

 ❯ loadModule tests/execution-prompt.test.ts:46:66
     44| async function loadModule(): Promise<PromptModule> {
     45|   const load = modules["../src/server/execution/execution-prompt-build…
     46|   expect(load, "the frozen execution prompt builder must exist").toBeT…
       |                                                                  ^
     47|   return load();
     48| }
 ❯ tests/execution-prompt.test.ts:239:50

⎯⎯⎯⎯⎯⎯⎯⎯⎯⎯⎯⎯⎯⎯⎯⎯⎯⎯⎯⎯⎯⎯⎯⎯[4/4]⎯


 Test Files  1 failed (1)
      Tests  4 failed (4)
   Start at  13:33:05
   Duration  2.12s (transform 55ms, setup 362ms, import 34ms, tests 14ms, environment 1.43s)

# exit: 1
