# hf-gate-run
# label: t16-green
# command: npm.cmd test -- tests/execution-orchestrator.test.ts tests/execution-structured-repair.test.ts tests/execution-list-tool.test.ts tests/execution-read-tool.test.ts tests/execution-write-tool.test.ts tests/command-request.test.ts tests/execution-operations.test.ts
# started: 2026-07-30T05:46:03+00:00

> collaboration-cockpit@0.1.0 test
> vitest run tests/execution-orchestrator.test.ts tests/execution-structured-repair.test.ts tests/execution-list-tool.test.ts tests/execution-read-tool.test.ts tests/execution-write-tool.test.ts tests/command-request.test.ts tests/execution-operations.test.ts


 RUN  v4.1.10 D:/cool-ai

(node:508) ExperimentalWarning: SQLite is an experimental feature and might change at any time
(Use `node --trace-warnings ...` to show where the warning was created)
(node:7724) ExperimentalWarning: SQLite is an experimental feature and might change at any time
(Use `node --trace-warnings ...` to show where the warning was created)
(node:10600) ExperimentalWarning: SQLite is an experimental feature and might change at any time
(Use `node --trace-warnings ...` to show where the warning was created)
(node:5752) ExperimentalWarning: SQLite is an experimental feature and might change at any time
(Use `node --trace-warnings ...` to show where the warning was created)
(node:13788) ExperimentalWarning: SQLite is an experimental feature and might change at any time
(Use `node --trace-warnings ...` to show where the warning was created)
(node:12020) ExperimentalWarning: SQLite is an experimental feature and might change at any time
(Use `node --trace-warnings ...` to show where the warning was created)
(node:12612) ExperimentalWarning: SQLite is an experimental feature and might change at any time
(Use `node --trace-warnings ...` to show where the warning was created)

 Test Files  7 passed (7)
      Tests  76 passed (76)
   Start at  13:46:04
   Duration  5.78s (transform 770ms, setup 3.23s, import 1.50s, tests 12.98s, environment 15.27s)

# exit: 0
