# hf-gate-run
# label: t16-green
# command: npm.cmd test -- tests/execution-orchestrator.test.ts tests/command-request.test.ts tests/process-runner.test.ts tests/execution-operations.test.ts
# started: 2026-07-30T05:51:04+00:00

> collaboration-cockpit@0.1.0 test
> vitest run tests/execution-orchestrator.test.ts tests/command-request.test.ts tests/process-runner.test.ts tests/execution-operations.test.ts


 RUN  v4.1.10 D:/cool-ai

(node:604) ExperimentalWarning: SQLite is an experimental feature and might change at any time
(Use `node --trace-warnings ...` to show where the warning was created)
(node:17044) ExperimentalWarning: SQLite is an experimental feature and might change at any time
(Use `node --trace-warnings ...` to show where the warning was created)
(node:15996) ExperimentalWarning: SQLite is an experimental feature and might change at any time
(Use `node --trace-warnings ...` to show where the warning was created)
(node:17160) ExperimentalWarning: SQLite is an experimental feature and might change at any time
(Use `node --trace-warnings ...` to show where the warning was created)

 Test Files  4 passed (4)
      Tests  27 passed (27)
   Start at  13:51:05
   Duration  5.54s (transform 836ms, setup 1.83s, import 944ms, tests 9.81s, environment 6.84s)

# exit: 0
