# hf-gate-run
# label: t17-regression
# command: cmd /c npm test -- tests/execution-orchestrator.test.ts tests/execution-structured-repair.test.ts tests/execution-actions.test.ts tests/execution-slice.test.tsx
# started: 2026-07-30T05:59:35+00:00

> collaboration-cockpit@0.1.0 test
> vitest run tests/execution-orchestrator.test.ts tests/execution-structured-repair.test.ts tests/execution-actions.test.ts tests/execution-slice.test.tsx


 RUN  v4.1.10 D:/cool-ai

(node:13384) ExperimentalWarning: SQLite is an experimental feature and might change at any time
(Use `node --trace-warnings ...` to show where the warning was created)
(node:14284) ExperimentalWarning: SQLite is an experimental feature and might change at any time
(Use `node --trace-warnings ...` to show where the warning was created)
(node:1468) ExperimentalWarning: SQLite is an experimental feature and might change at any time
(Use `node --trace-warnings ...` to show where the warning was created)
(node:4476) ExperimentalWarning: SQLite is an experimental feature and might change at any time
(Use `node --trace-warnings ...` to show where the warning was created)

 Test Files  4 passed (4)
      Tests  19 passed (19)
   Start at  13:59:36
   Duration  5.72s (transform 789ms, setup 1.95s, import 850ms, tests 9.34s, environment 6.76s)

# exit: 0
