# hf-gate-run
# label: t18-red
# command: cmd /c npm test -- tests/execution-stale-context.test.ts
# started: 2026-07-30T06:06:49+00:00

> collaboration-cockpit@0.1.0 test
> vitest run tests/execution-stale-context.test.ts


 RUN  v4.1.10 D:/cool-ai

(node:16340) ExperimentalWarning: SQLite is an experimental feature and might change at any time
(Use `node --trace-warnings ...` to show where the warning was created)
 ❯ tests/execution-stale-context.test.ts (1 test | 1 failed) 152ms
     × atomically stales before a model action when task input changes 150ms

⎯⎯⎯⎯⎯⎯⎯ Failed Tests 1 ⎯⎯⎯⎯⎯⎯⎯

 FAIL  tests/execution-stale-context.test.ts > execution frozen-input staleness > atomically stales before a model action when task input changes
Error: 14 values for 15 columns
 ❯ seed tests/execution-stale-context.test.ts:91:12
     89|       'D:\\canonical', 'd:/canonical', 1)
     90|   `).run(PROJECT_ID);
     91|   database.prepare(`
       |            ^
     92|     INSERT INTO providers (
     93|       id,name,base_url,default_model,api_key_cipher,api_key_iv,api_key…
 ❯ tests/execution-stale-context.test.ts:182:3

⎯⎯⎯⎯⎯⎯⎯⎯⎯⎯⎯⎯⎯⎯⎯⎯⎯⎯⎯⎯⎯⎯⎯⎯[1/1]⎯


 Test Files  1 failed (1)
      Tests  1 failed (1)
   Start at  14:06:50
   Duration  2.26s (transform 119ms, setup 334ms, import 111ms, tests 152ms, environment 1.40s)

# exit: 1
