# hf-gate-run
# label: t18-red
# command: cmd /c npm test -- tests/execution-stale-context.test.ts
# started: 2026-07-30T06:07:28+00:00

> collaboration-cockpit@0.1.0 test
> vitest run tests/execution-stale-context.test.ts


 RUN  v4.1.10 D:/cool-ai

(node:9124) ExperimentalWarning: SQLite is an experimental feature and might change at any time
(Use `node --trace-warnings ...` to show where the warning was created)
 ❯ tests/execution-stale-context.test.ts (1 test | 1 failed) 1046ms
     × atomically stales before a model action when task input changes 1044ms

⎯⎯⎯⎯⎯⎯⎯ Failed Tests 1 ⎯⎯⎯⎯⎯⎯⎯

 FAIL  tests/execution-stale-context.test.ts > execution frozen-input staleness > atomically stales before a model action when task input changes
AssertionError: expected 200 to be 409 // Object.is equality

- Expected
+ Received

- 409
+ 200

 ❯ tests/execution-stale-context.test.ts:221:27
    219|     );
    220|
    221|     expect(result.status).toBe(409);
       |                           ^
    222|     expect(fetchMock).not.toHaveBeenCalled();
    223|     expect(database.prepare(`

⎯⎯⎯⎯⎯⎯⎯⎯⎯⎯⎯⎯⎯⎯⎯⎯⎯⎯⎯⎯⎯⎯⎯⎯[1/1]⎯


 Test Files  1 failed (1)
      Tests  1 failed (1)
   Start at  14:07:29
   Duration  3.28s (transform 566ms, setup 336ms, import 116ms, tests 1.05s, environment 1.53s)

# exit: 1
