# hf-gate-run
# label: t18-green
# command: cmd /c npm test -- tests/execution-stale-context.test.ts
# started: 2026-07-30T06:10:22+00:00

> collaboration-cockpit@0.1.0 test
> vitest run tests/execution-stale-context.test.ts


 RUN  v4.1.10 D:/cool-ai

(node:3508) ExperimentalWarning: SQLite is an experimental feature and might change at any time
(Use `node --trace-warnings ...` to show where the warning was created)
 ❯ tests/execution-stale-context.test.ts (1 test | 1 failed) 219ms
     × atomically stales before a model action when task input changes 218ms

⎯⎯⎯⎯⎯⎯⎯ Failed Tests 1 ⎯⎯⎯⎯⎯⎯⎯

 FAIL  tests/execution-stale-context.test.ts > execution frozen-input staleness > atomically stales before a model action when task input changes
Error: column index out of range
 ❯ seed tests/execution-stale-context.test.ts:123:6
    121|       'policy',1,?,strftime('%Y-%m-%dT%H:%M:%fZ','now'),NULL
    122|     )
    123|   `).run(
       |      ^
    124|     ATTEMPT_ID,
    125|     PROJECT_ID,
 ❯ tests/execution-stale-context.test.ts:141:3

⎯⎯⎯⎯⎯⎯⎯⎯⎯⎯⎯⎯⎯⎯⎯⎯⎯⎯⎯⎯⎯⎯⎯⎯[1/1]⎯


 Test Files  1 failed (1)
      Tests  1 failed (1)
   Start at  14:10:23
   Duration  2.43s (transform 134ms, setup 344ms, import 131ms, tests 219ms, environment 1.45s)

# exit: 1
