# hf-gate-run
# label: t18-green
# command: cmd /c npm test -- tests/execution-stale-context.test.ts
# started: 2026-07-30T06:15:43+00:00

> collaboration-cockpit@0.1.0 test
> vitest run tests/execution-stale-context.test.ts


 RUN  v4.1.10 D:/cool-ai

(node:10360) ExperimentalWarning: SQLite is an experimental feature and might change at any time
(Use `node --trace-warnings ...` to show where the warning was created)
 ❯ tests/execution-stale-context.test.ts (16 tests | 1 failed) 4784ms
     × keeps an acquired key in flight and discards a late result after noncredential change 388ms

⎯⎯⎯⎯⎯⎯⎯ Failed Tests 1 ⎯⎯⎯⎯⎯⎯⎯

 FAIL  tests/execution-stale-context.test.ts > execution frozen-input staleness > keeps an acquired key in flight and discards a late result after noncredential change
AssertionError: expected { status: 'succeeded', totalTokens: 2 } to deeply equal { status: 'discarded', totalTokens: 2 }

- Expected
+ Received

  {
-   "status": "discarded",
+   "status": "succeeded",
    "totalTokens": 2,
  }

 ❯ tests/execution-stale-context.test.ts:347:15
    345|     expect(database.prepare(`
    346|       SELECT status,total_tokens AS totalTokens FROM execution_model_c…
    347|     `).get()).toEqual({ status: "discarded", totalTokens: 2 });
       |               ^
    348|     expect(database.prepare("SELECT COUNT(*) AS count FROM execution_t…
    349|       .toEqual({ count: 0 });

⎯⎯⎯⎯⎯⎯⎯⎯⎯⎯⎯⎯⎯⎯⎯⎯⎯⎯⎯⎯⎯⎯⎯⎯[1/1]⎯


 Test Files  1 failed (1)
      Tests  1 failed | 15 passed (16)
   Start at  14:15:44
   Duration  6.94s (transform 319ms, setup 346ms, import 135ms, tests 4.78s, environment 1.41s)

# exit: 1
