# hf-gate-run
# label: t2-green
# command: cmd /c npm test -- tests/execution-slice.test.tsx
# started: 2026-07-30T02:48:33+00:00

> collaboration-cockpit@0.1.0 test
> vitest run tests/execution-slice.test.tsx


 RUN  v4.1.10 D:/cool-ai

(node:11236) ExperimentalWarning: SQLite is an experimental feature and might change at any time
(Use `node --trace-warnings ...` to show where the warning was created)
 ❯ tests/execution-slice.test.tsx (2 tests | 2 failed) 10034ms
     × persists queued execution, preparing attempt, pending receipt, and running sandbox action before start returns 5019ms
     × renders route-backed loading, empty, error recovery, queued preparation, and refresh rehydration 5013ms

⎯⎯⎯⎯⎯⎯⎯ Failed Tests 2 ⎯⎯⎯⎯⎯⎯⎯

 FAIL  tests/execution-slice.test.tsx > execution T-2 vertical slice > persists queued execution, preparing attempt, pending receipt, and running sandbox action before start returns
Error: Test timed out in 5000ms.
If this is a long-running test, pass a timeout value as the last argument or configure it globally with "testTimeout".
 ❯ tests/execution-slice.test.tsx:254:3
    252|
    253| describe("execution T-2 vertical slice", () => {
    254|   it("persists queued execution, preparing attempt, pending receipt, a…
       |   ^
    255|     seedEligibleTask();
    256|     const responsePromise = await startPendingExecution();

⎯⎯⎯⎯⎯⎯⎯⎯⎯⎯⎯⎯⎯⎯⎯⎯⎯⎯⎯⎯⎯⎯⎯⎯[1/2]⎯

 FAIL  tests/execution-slice.test.tsx > execution T-2 vertical slice > renders route-backed loading, empty, error recovery, queued preparation, and refresh rehydration
Error: Test timed out in 5000ms.
If this is a long-running test, pass a timeout value as the last argument or configure it globally with "testTimeout".
 ❯ tests/execution-slice.test.tsx:313:3
    311|   });
    312|
    313|   it("renders route-backed loading, empty, error recovery, queued prep…
       |   ^
    314|     seedEligibleTask();
    315|     const Panel = await executionPanel();

⎯⎯⎯⎯⎯⎯⎯⎯⎯⎯⎯⎯⎯⎯⎯⎯⎯⎯⎯⎯⎯⎯⎯⎯[2/2]⎯


 Test Files  1 failed (1)
      Tests  2 failed (2)
   Start at  10:48:34
   Duration  12.26s (transform 193ms, setup 341ms, import 211ms, tests 10.03s, environment 1.41s)

# exit: 1
