# hf-gate-run
# label: t2-green
# command: cmd /c npm test -- tests/execution-slice.test.tsx
# started: 2026-07-30T02:47:43+00:00

> collaboration-cockpit@0.1.0 test
> vitest run tests/execution-slice.test.tsx


 RUN  v4.1.10 D:/cool-ai

(node:7192) ExperimentalWarning: SQLite is an experimental feature and might change at any time
(Use `node --trace-warnings ...` to show where the warning was created)
 ❯ tests/execution-slice.test.tsx (2 tests | 2 failed) 10093ms
     × persists queued execution, preparing attempt, pending receipt, and running sandbox action before start returns 5019ms
     × renders route-backed loading, empty, error recovery, queued preparation, and refresh rehydration 5072ms

⎯⎯⎯⎯⎯⎯⎯ Failed Tests 2 ⎯⎯⎯⎯⎯⎯⎯

 FAIL  tests/execution-slice.test.tsx > execution T-2 vertical slice > persists queued execution, preparing attempt, pending receipt, and running sandbox action before start returns
Error: Test timed out in 5000ms.
If this is a long-running test, pass a timeout value as the last argument or configure it globally with "testTimeout".
 ❯ tests/execution-slice.test.tsx:248:3
    246|
    247| describe("execution T-2 vertical slice", () => {
    248|   it("persists queued execution, preparing attempt, pending receipt, a…
       |   ^
    249|     seedEligibleTask();
    250|     const responsePromise = await startPendingExecution();

⎯⎯⎯⎯⎯⎯⎯⎯⎯⎯⎯⎯⎯⎯⎯⎯⎯⎯⎯⎯⎯⎯⎯⎯[1/2]⎯

 FAIL  tests/execution-slice.test.tsx > execution T-2 vertical slice > renders route-backed loading, empty, error recovery, queued preparation, and refresh rehydration
Error: Test timed out in 5000ms.
If this is a long-running test, pass a timeout value as the last argument or configure it globally with "testTimeout".
 ❯ tests/execution-slice.test.tsx:307:3
    305|   });
    306|
    307|   it("renders route-backed loading, empty, error recovery, queued prep…
       |   ^
    308|     seedEligibleTask();
    309|     const Panel = await executionPanel();

⎯⎯⎯⎯⎯⎯⎯⎯⎯⎯⎯⎯⎯⎯⎯⎯⎯⎯⎯⎯⎯⎯⎯⎯[2/2]⎯


 Test Files  1 failed (1)
      Tests  2 failed (2)
   Start at  10:47:44
   Duration  12.36s (transform 192ms, setup 335ms, import 219ms, tests 10.09s, environment 1.42s)

# exit: 1
