# hf-gate-run
# label: t2-green
# command: cmd /c npm test -- tests/execution-slice.test.tsx
# started: 2026-07-30T02:48:11+00:00

> collaboration-cockpit@0.1.0 test
> vitest run tests/execution-slice.test.tsx


 RUN  v4.1.10 D:/cool-ai

(node:16116) ExperimentalWarning: SQLite is an experimental feature and might change at any time
(Use `node --trace-warnings ...` to show where the warning was created)
 ❯ tests/execution-slice.test.tsx (2 tests | 2 failed) 1035ms
     × persists queued execution, preparing attempt, pending receipt, and running sandbox action before start returns 506ms
     × renders route-backed loading, empty, error recovery, queued preparation, and refresh rehydration 527ms

⎯⎯⎯⎯⎯⎯⎯ Failed Tests 2 ⎯⎯⎯⎯⎯⎯⎯

 FAIL  tests/execution-slice.test.tsx > execution T-2 vertical slice > persists queued execution, preparing attempt, pending receipt, and running sandbox action before start returns
AssertionError: Start returned before sandbox execution: {"error":{"code":"STORAGE_UNAVAILABLE","message":"Storage is unavailable."}}
 ❯ startPendingExecution tests/execution-slice.test.tsx:227:12
    225|   ]);
    226|   if (first instanceof Response) {
    227|     expect.fail(`Start returned before sandbox execution: ${await firs…
       |            ^
    228|   }
    229|   expect(deferred.executor).toHaveBeenCalledTimes(1);
 ❯ tests/execution-slice.test.tsx:256:29

⎯⎯⎯⎯⎯⎯⎯⎯⎯⎯⎯⎯⎯⎯⎯⎯⎯⎯⎯⎯⎯⎯⎯⎯[1/2]⎯

 FAIL  tests/execution-slice.test.tsx > execution T-2 vertical slice > renders route-backed loading, empty, error recovery, queued preparation, and refresh rehydration
AssertionError: Start returned before sandbox execution: {"error":{"code":"STORAGE_UNAVAILABLE","message":"Storage is unavailable."}}
 ❯ startPendingExecution tests/execution-slice.test.tsx:227:12
    225|   ]);
    226|   if (first instanceof Response) {
    227|     expect.fail(`Start returned before sandbox execution: ${await firs…
       |            ^
    228|   }
    229|   expect(deferred.executor).toHaveBeenCalledTimes(1);
 ❯ tests/execution-slice.test.tsx:351:5

⎯⎯⎯⎯⎯⎯⎯⎯⎯⎯⎯⎯⎯⎯⎯⎯⎯⎯⎯⎯⎯⎯⎯⎯[2/2]⎯


 Test Files  1 failed (1)
      Tests  2 failed (2)
   Start at  10:48:12
   Duration  3.25s (transform 183ms, setup 337ms, import 216ms, tests 1.04s, environment 1.40s)

# exit: 1
