# hf-gate-run
# label: t2-green
# command: cmd /c npm test -- tests/execution-slice.test.tsx
# started: 2026-07-30T02:48:57+00:00

> collaboration-cockpit@0.1.0 test
> vitest run tests/execution-slice.test.tsx


 RUN  v4.1.10 D:/cool-ai

(node:2272) ExperimentalWarning: SQLite is an experimental feature and might change at any time
(Use `node --trace-warnings ...` to show where the warning was created)
 ❯ tests/execution-slice.test.tsx (2 tests | 1 failed) 1297ms
     × renders route-backed loading, empty, error recovery, queued preparation, and refresh rehydration 646ms

⎯⎯⎯⎯⎯⎯⎯ Failed Tests 1 ⎯⎯⎯⎯⎯⎯⎯

 FAIL  tests/execution-slice.test.tsx > execution T-2 vertical slice > renders route-backed loading, empty, error recovery, queued preparation, and refresh rehydration
TestingLibraryElementError: Found multiple elements with the role "button" and name "刷新执行"

Here are the matching elements:

Ignored nodes: comments, script, style
[36m<button[39m
  [33mstyle[39m=[32m"min-height: var(--control-min);"[39m
  [33mtype[39m=[32m"button"[39m
[36m>[39m
  [0m刷新执行[0m
[36m</button>[39m

Ignored nodes: comments, script, style
[36m<button[39m
  [33mstyle[39m=[32m"min-height: var(--control-min);"[39m
  [33mtype[39m=[32m"button"[39m
[36m>[39m
  [0m刷新执行[0m
[36m</button>[39m

(If this is intentional, then use the `*AllBy*` variant of the query (like `queryAllByText`, `getAllByText`, or `findAllByText`)).

Ignored nodes: comments, script, style
[36m<body>[39m
  [36m<div />[39m
  [36m<div>[39m
    [36m<section[39m
      [33maria-labelledby[39m=[32m"executions-title-project-execution-slice"[39m
      [33mclass[39m=[32m"stack"[39m
    [36m>[39m
      [36m<div[39m
        [33mclass[39m=[32m"panel-heading"[39m
      [36m>[39m
        [36m<div>[39m
          [36m<p[39m
            [33mclass[39m=[32m"eyebrow"[39m
          [36m>[39m
            [0m项目执行[0m
          [36m</p>[39m
          [36m<h3[39m
            [33mid[39m=[32m"executions-title-project-execution-slice"[39m
          [36m>[39m
            [0m运行详情[0m
          [36m</h3>[39m
        [36m</div>[39m
        [36m<button[39m
          [33mstyle[39m=[32m"min-height: var(--control-min);"[39m
          [33mtype[39m=[32m"button"[39m
        [36m>[39m
          [0m刷新执行[0m
        [36m</button>[39m
      [36m</div>[39m
      [36m<p[39m
        [33mclass[39m=[32m"state-message"[39m
      [36m>[39m
        [0m尚无执行。[0m
      [36m</p>[39m
    [36m</section>[39m
  [36m</div>[39m
  [36m<div>[39m
    [36m<section[39m
      [33maria-labelledby[39m=[32m"executions-title-project-execution-slice"[39m
      [33mclass[39m=[32m"stack"[39m
    [36m>[39m
      [36m<div[39m
        [33mclass[39m=[32m"panel-heading"[39m
      [36m>[39m
        [36m<div>[39m
          [36m<p[39m
            [33mclass[39m=[32m"eyebrow"[39m
          [36m>[39m
            [0m项目执行[0m
          [36m</p>[39m
          [36m<h3[39m
            [33mid[39m=[32m"executions-title-project-execution-slice"[39m
          [36m>[39m
            [0m运行详情[0m
          [36m</h3>[39m
        [36m</div>[39m
        [36m<button[39m
          [33mstyle[39m=[32m"min-height: var(--control-min);"[39m
          [33mtype[39m=[32m"button"[39m
        [36m>[39m
          [0m刷新执行[0m
        [36m</button>[39m
      [36m</div>[39m
      [36m<div[39m
        [33mclass[39m=[32m"run-details"[39m
      [36m>[39m
        [36m<section[39m
          [33maria-labelledby[39m=[32m"execution-e4b31a4d-c71a-4fdb-9bcb-81391b4cab7d-title"[39m
          [33mclass[39m=[32m"run-detail execution-card"[39m
          [33mdata-accent[39m=[32m"sage"[39m
        [36m>[39m
          [36m<div[39m
            [33mclass[39m=[32m"panel-heading"[39m
          [36m>[39m
            [36m<div>[39m
              [36m<p[39m
                [33mclass[39m=[32m"eyebrow"[39m
              [36m>[39m
                [0mA[0m
                [0m · [0m
                [0mAlpha[0m
              [36m</p>[39m
              [36m<h3[39m
                [33mid[39m=[32m"execution-e4b31a4d-c71a-4fdb-9bcb-81391b4cab7d-title"[39m
                [33mtabindex[39m=[32m"-1"[39m
              [36m>[39m
                [0mImplement the slice[0m
              [36m</h3>[39m
            [36m</div>[39m
            [36m<span[39m
              [33mclass[39m=[32m"status-label status-queued"[39m
            [36m>[39m
              [0m排队中[0m
            [36m</span>[39m
          [36m</div>[39m
          [36m<p[39m
            [33mrole[39m=[32m"status"[39m
          [36m>[39m
            [0m正在准备隔离区[0m
          [36m</p>[39m
          [36m<p[39m
            [33mclass[39m=[32m"muted"[39m
          [36m>[39m
            [0m回合 [0m
            [0m0[0m
            [0m/[0m
            [0m20[0m
            [0m · [0m
            [0m工具 [0m
            [0m0[0m
            [0m/[0m
            [0m40[0m
            [0m · [0m
            [0mToken [0m
            [0m0[0m
            [0m/[0m
            [0m1000[0m
          [36m</p>[39m
        [36m</section>[39m
      [36m</div>[39m
    [36m</section>[39m
  [36m</div>[39m
[36m</body>[39m
 ❯ Object.getElementError node_modules/@testing-library/dom/dist/config.js:37:19
 ❯ getElementError node_modules/@testing-library/dom/dist/query-helpers.js:20:35
 ❯ getMultipleElementsFoundError node_modules/@testing-library/dom/dist/query-helpers.js:23:10
 ❯ node_modules/@testing-library/dom/dist/query-helpers.js:55:13
 ❯ node_modules/@testing-library/dom/dist/query-helpers.js:95:19
 ❯ tests/execution-slice.test.tsx:360:32
    358|     expect(screen.getByText("排队中")).toBeInTheDocument();
    359|     expect(screen.getByText("正在准备隔离区")).toBeInTheDocument();
    360|     const retryButton = screen.getByRole("button", { name: "刷新执行" });
       |                                ^
    361|     expect(retryButton).toHaveStyle({ minHeight: "var(--control-min)" …
    362|     firstQueuedView.unmount();

⎯⎯⎯⎯⎯⎯⎯⎯⎯⎯⎯⎯⎯⎯⎯⎯⎯⎯⎯⎯⎯⎯⎯⎯[1/1]⎯


 Test Files  1 failed (1)
      Tests  1 failed | 1 passed (2)
   Start at  10:48:58
   Duration  3.53s (transform 188ms, setup 351ms, import 214ms, tests 1.30s, environment 1.40s)

# exit: 1
