# hf-gate-run
# label: t2-red
# command: cmd /c npm test -- tests/execution-slice.test.tsx
# started: 2026-07-30T02:45:35+00:00

> collaboration-cockpit@0.1.0 test
> vitest run tests/execution-slice.test.tsx


 RUN  v4.1.10 D:/cool-ai

(node:9880) ExperimentalWarning: SQLite is an experimental feature and might change at any time
(Use `node --trace-warnings ...` to show where the warning was created)
 ❯ tests/execution-slice.test.tsx (2 tests | 2 failed) 534ms
     × persists queued execution, preparing attempt, pending receipt, and running sandbox action before start returns 280ms
     × renders route-backed loading, empty, error recovery, queued preparation, and refresh rehydration 252ms

⎯⎯⎯⎯⎯⎯⎯ Failed Tests 2 ⎯⎯⎯⎯⎯⎯⎯

 FAIL  tests/execution-slice.test.tsx > execution T-2 vertical slice > persists queued execution, preparing attempt, pending receipt, and running sandbox action before start returns
AssertionError: The injectable sandbox executor is unavailable.
 ❯ sandboxModule tests/execution-slice.test.tsx:78:12
     76|     return (await import(/* @vite-ignore */ moduleId)) as SandboxModul…
     77|   } catch {
     78|     expect.fail("The injectable sandbox executor is unavailable.");
       |            ^
     79|   }
     80| }
 ❯ startPendingExecution tests/execution-slice.test.tsx:208:4
 ❯ tests/execution-slice.test.tsx:250:29

⎯⎯⎯⎯⎯⎯⎯⎯⎯⎯⎯⎯⎯⎯⎯⎯⎯⎯⎯⎯⎯⎯⎯⎯[1/2]⎯

 FAIL  tests/execution-slice.test.tsx > execution T-2 vertical slice > renders route-backed loading, empty, error recovery, queued preparation, and refresh rehydration
AssertionError: The execution panel is unavailable.
 ❯ executionPanel tests/execution-slice.test.tsx:69:12
     67|     return module.ExecutionPanel;
     68|   } catch {
     69|     expect.fail("The execution panel is unavailable.");
       |            ^
     70|   }
     71| }
 ❯ tests/execution-slice.test.tsx:309:19

⎯⎯⎯⎯⎯⎯⎯⎯⎯⎯⎯⎯⎯⎯⎯⎯⎯⎯⎯⎯⎯⎯⎯⎯[2/2]⎯


 Test Files  1 failed (1)
      Tests  2 failed (2)
   Start at  10:45:36
   Duration  2.76s (transform 108ms, setup 333ms, import 220ms, tests 534ms, environment 1.41s)

# exit: 1
