# hf-gate-run
# label: t20-red
# command: cmd /c npm test -- tests/execution-conflicts.test.ts
# started: 2026-07-30T06:51:53+00:00

> collaboration-cockpit@0.1.0 test
> vitest run tests/execution-conflicts.test.ts


 RUN  v4.1.10 D:/cool-ai

 ❯ tests/execution-conflicts.test.ts (0 test)

⎯⎯⎯⎯⎯⎯ Failed Suites 1 ⎯⎯⎯⎯⎯⎯⎯

 FAIL  tests/execution-conflicts.test.ts [ tests/execution-conflicts.test.ts ]
Error: Failed to resolve import "@/src/server/execution/execution-conflicts" from "tests/execution-conflicts.test.ts". Does the file exist?
  Plugin: vite:import-analysis
  File: D:/cool-ai/tests/execution-conflicts.test.ts:12:7
  5  |  import { DatabaseSync } from "node:sqlite";
  6  |  import { afterEach, describe, expect, it } from "vitest";
  7  |  ...eCanonicalRelativePath, reserveExecutionStagedPaths } from "@/src/server/execution/execution-conflicts";
     |                                                                 ^
  8  |  const hash = (value) => createHash("sha256").update(value).digest("hex");
  9  |  const file = (path, value, identity = `id:${path}`) => ({
 ❯ TransformPluginContext._formatLog node_modules/vite/dist/node/chunks/node.js:30416:39
 ❯ TransformPluginContext.error node_modules/vite/dist/node/chunks/node.js:30413:14
 ❯ normalizeUrl node_modules/vite/dist/node/chunks/node.js:27438:18
 ❯ node_modules/vite/dist/node/chunks/node.js:27506:30
 ❯ TransformPluginContext.transform node_modules/vite/dist/node/chunks/node.js:27474:4
 ❯ EnvironmentPluginContainer.transform node_modules/vite/dist/node/chunks/node.js:30201:14
 ❯ loadAndTransform node_modules/vite/dist/node/chunks/node.js:20124:26

⎯⎯⎯⎯⎯⎯⎯⎯⎯⎯⎯⎯⎯⎯⎯⎯⎯⎯⎯⎯⎯⎯⎯⎯[1/1]⎯


 Test Files  1 failed (1)
      Tests  no tests
   Start at  14:51:54
   Duration  2.15s (transform 27ms, setup 337ms, import 0ms, tests 0ms, environment 1.46s)

# exit: 1
