# hf-gate-run
# label: t21-green
# command: cmd /c npm test -- tests/merge-journal-prepare.test.ts
# started: 2026-07-30T07:03:46+00:00

> collaboration-cockpit@0.1.0 test
> vitest run tests/merge-journal-prepare.test.ts


 RUN  v4.1.10 D:/cool-ai

(node:12340) ExperimentalWarning: SQLite is an experimental feature and might change at any time
(Use `node --trace-warnings ...` to show where the warning was created)
 ❯ tests/merge-journal-prepare.test.ts (4 tests | 4 failed) 1829ms
     × durably prepares full manifests and applies modified/added paths in stable order 562ms
     × conditionally rolls every prepare/apply fault back to all-old 643ms
     × never overwrites an external mismatch during conditional rollback 313ms
     × rechecks staged eligibility and holds one unresolved merge lock per project 309ms

⎯⎯⎯⎯⎯⎯⎯ Failed Tests 4 ⎯⎯⎯⎯⎯⎯⎯

 FAIL  tests/merge-journal-prepare.test.ts > merge journal prepare and conditional apply > durably prepares full manifests and applies modified/added paths in stable order
ExecutionError: Merge parent escaped the workspace.
 ❯ directoryIdentity src/server/execution/merge-journal-service.ts:223:11
    221|   const resolved = await realpath(path);
    222|   if (!isWithin(root, resolved)) {
    223|     throw new ExecutionError("MERGE_INVARIANT_FAILED", 500, "Merge par…
       |           ^
    224|   }
    225|   const facts = await stat(path, { bigint: true });
 ❯ prepareFiles src/server/execution/merge-journal-service.ts:514:28
 ❯ Module.executeMergePrepare src/server/execution/merge-journal-service.ts:856:16
 ❯ tests/merge-journal-prepare.test.ts:83:22

⎯⎯⎯⎯⎯⎯⎯⎯⎯⎯⎯⎯⎯⎯⎯⎯⎯⎯⎯⎯⎯⎯⎯⎯[1/4]⎯

 FAIL  tests/merge-journal-prepare.test.ts > merge journal prepare and conditional apply > conditionally rolls every prepare/apply fault back to all-old
AssertionError: expected [Function] to throw error including 'fault:after_old_read' but got 'Merge parent escaped the workspace.'

Expected: "fault:after_old_read"
Received: "Merge parent escaped the workspace."

 ❯ tests/merge-journal-prepare.test.ts:186:12
    184|             },
    185|           },
    186|         })).rejects.toThrow(`fault:${point}`);
       |            ^
    187|         expect(readFileSync(join(fixture.workspaceRoot, "src/a.txt"), …
    188|         expect(existsSync(join(fixture.workspaceRoot, "src/z.txt"))).t…

⎯⎯⎯⎯⎯⎯⎯⎯⎯⎯⎯⎯⎯⎯⎯⎯⎯⎯⎯⎯⎯⎯⎯⎯[2/4]⎯

 FAIL  tests/merge-journal-prepare.test.ts > merge journal prepare and conditional apply > never overwrites an external mismatch during conditional rollback
AssertionError: expected ExecutionError: Merge parent escaped the … { …(2) } to match object { code: 'MERGE_RECOVERY_REQUIRED' }
(2 matching properties omitted from actual)

- Expected
+ Received

- {
-   "code": "MERGE_RECOVERY_REQUIRED",
+ ExecutionError {
+   "code": "MERGE_INVARIANT_FAILED",
  }

 ❯ tests/merge-journal-prepare.test.ts:208:10
    206|           },
    207|         },
    208|       })).rejects.toMatchObject({ code: "MERGE_RECOVERY_REQUIRED" });
       |          ^
    209|       expect(await readFile(join(fixture.workspaceRoot, "src/a.txt"), …
    210|         .toBe("external-writer");

⎯⎯⎯⎯⎯⎯⎯⎯⎯⎯⎯⎯⎯⎯⎯⎯⎯⎯⎯⎯⎯⎯⎯⎯[3/4]⎯

 FAIL  tests/merge-journal-prepare.test.ts > merge journal prepare and conditional apply > rechecks staged eligibility and holds one unresolved merge lock per project
ExecutionError: Merge parent escaped the workspace.
 ❯ directoryIdentity src/server/execution/merge-journal-service.ts:223:11
    221|   const resolved = await realpath(path);
    222|   if (!isWithin(root, resolved)) {
    223|     throw new ExecutionError("MERGE_INVARIANT_FAILED", 500, "Merge par…
       |           ^
    224|   }
    225|   const facts = await stat(path, { bigint: true });
 ❯ prepareFiles src/server/execution/merge-journal-service.ts:514:28
 ❯ Module.executeMergePrepare src/server/execution/merge-journal-service.ts:856:16
 ❯ tests/merge-journal-prepare.test.ts:223:7

⎯⎯⎯⎯⎯⎯⎯⎯⎯⎯⎯⎯⎯⎯⎯⎯⎯⎯⎯⎯⎯⎯⎯⎯[4/4]⎯


 Test Files  1 failed (1)
      Tests  4 failed (4)
   Start at  15:03:47
   Duration  3.99s (transform 200ms, setup 347ms, import 104ms, tests 1.83s, environment 1.44s)

# exit: 1
