# hf-gate-run
# label: t21-red
# command: cmd /c npm test -- tests/merge-journal-prepare.test.ts
# started: 2026-07-30T06:59:56+00:00

> collaboration-cockpit@0.1.0 test
> vitest run tests/merge-journal-prepare.test.ts


 RUN  v4.1.10 D:/cool-ai

 ❯ tests/merge-journal-prepare.test.ts (0 test)

⎯⎯⎯⎯⎯⎯ Failed Suites 1 ⎯⎯⎯⎯⎯⎯⎯

 FAIL  tests/merge-journal-prepare.test.ts [ tests/merge-journal-prepare.test.ts ]
Error: Failed to resolve import "@/src/server/execution/merge-journal-service" from "tests/merge-journal-prepare.test.ts". Does the file exist?
  Plugin: vite:import-analysis
  File: D:/cool-ai/tests/merge-journal-prepare.test.ts:66:31
  18 |  beforeEach(async () => {
  19 |  	try {
  20 |  		mergeModule = await import("@/src/server/execution/merge-journal-service");
     |                               ^
  21 |  	} catch {
  22 |  		expect.fail("The T-21 merge journal prepare service is unavailable.");
 ❯ TransformPluginContext._formatLog node_modules/vite/dist/node/chunks/node.js:30416:39
 ❯ TransformPluginContext.error node_modules/vite/dist/node/chunks/node.js:30413:14
 ❯ normalizeUrl node_modules/vite/dist/node/chunks/node.js:27438:18
 ❯ node_modules/vite/dist/node/chunks/node.js:27506:30
 ❯ TransformPluginContext.transform node_modules/vite/dist/node/chunks/node.js:27474:4
 ❯ EnvironmentPluginContainer.transform node_modules/vite/dist/node/chunks/node.js:30201:14
 ❯ loadAndTransform node_modules/vite/dist/node/chunks/node.js:20124:26

⎯⎯⎯⎯⎯⎯⎯⎯⎯⎯⎯⎯⎯⎯⎯⎯⎯⎯⎯⎯⎯⎯⎯⎯[1/1]⎯


 Test Files  1 failed (1)
      Tests  no tests
   Start at  14:59:57
   Duration  2.33s (transform 26ms, setup 343ms, import 0ms, tests 0ms, environment 1.65s)

# exit: 1
