# hf-gate-run
# label: t21-green
# command: cmd /c npm test -- tests/merge-journal-prepare.test.ts
# started: 2026-07-30T07:04:03+00:00

> collaboration-cockpit@0.1.0 test
> vitest run tests/merge-journal-prepare.test.ts


 RUN  v4.1.10 D:/cool-ai

(node:14468) ExperimentalWarning: SQLite is an experimental feature and might change at any time
(Use `node --trace-warnings ...` to show where the warning was created)
 ❯ tests/merge-journal-prepare.test.ts (4 tests | 1 failed) 6079ms
     × never overwrites an external mismatch during conditional rollback 384ms

⎯⎯⎯⎯⎯⎯⎯ Failed Tests 1 ⎯⎯⎯⎯⎯⎯⎯

 FAIL  tests/merge-journal-prepare.test.ts > merge journal prepare and conditional apply > never overwrites an external mismatch during conditional rollback
AssertionError: expected Error: fault after external replacement to match object { code: 'MERGE_RECOVERY_REQUIRED' }

- Expected
+ Received

- {
-   "code": "MERGE_RECOVERY_REQUIRED",
+ Error {
+   "message": "fault after external replacement",
  }

 ❯ tests/merge-journal-prepare.test.ts:208:10
    206|           },
    207|         },
    208|       })).rejects.toMatchObject({ code: "MERGE_RECOVERY_REQUIRED" });
       |          ^
    209|       expect(await readFile(join(fixture.workspaceRoot, "src/a.txt"), …
    210|         .toBe("external-writer");

⎯⎯⎯⎯⎯⎯⎯⎯⎯⎯⎯⎯⎯⎯⎯⎯⎯⎯⎯⎯⎯⎯⎯⎯[1/1]⎯


 Test Files  1 failed (1)
      Tests  1 failed | 3 passed (4)
   Start at  15:04:04
   Duration  8.63s (transform 417ms, setup 349ms, import 292ms, tests 6.08s, environment 1.64s)

# exit: 1
