# hf-gate-run
# label: t22-red
# command: cmd /c npm test -- tests/merge-recovery.test.ts
# started: 2026-07-30T07:13:09+00:00

> collaboration-cockpit@0.1.0 test
> vitest run tests/merge-recovery.test.ts


 RUN  v4.1.10 D:/cool-ai

(node:10236) ExperimentalWarning: SQLite is an experimental feature and might change at any time
(Use `node --trace-warnings ...` to show where the warning was created)
 ❯ tests/merge-recovery.test.ts (9 tests | 9 failed) 233ms
     × publishes execution, immutable result, links, events, action and exact receipt atomically 227ms
     × recovers crash at before_precommit_check to all-old and exact pre-state 1ms
     × recovers crash at after_precommit_check to all-old and exact pre-state 1ms
     × recovers crash at before_db_commit to all-old and exact pre-state 1ms
     × recovers crash at after_db_commit by rolling forward all-new 1ms
     × recovers crash at after_postcommit_check by rolling forward all-new 1ms
     × recovers crash at before_cleanup by rolling forward all-new 0ms
     × recovers crash at after_cleanup by rolling forward all-new 0ms
     × recovers crash at before_finalize by rolling forward all-new 1ms

⎯⎯⎯⎯⎯⎯⎯ Failed Tests 9 ⎯⎯⎯⎯⎯⎯⎯

 FAIL  tests/merge-recovery.test.ts > merge DB commit and restart recovery > publishes execution, immutable result, links, events, action and exact receipt atomically
 FAIL  tests/merge-recovery.test.ts > merge DB commit and restart recovery > recovers crash at before_precommit_check to all-old and exact pre-state
 FAIL  tests/merge-recovery.test.ts > merge DB commit and restart recovery > recovers crash at after_precommit_check to all-old and exact pre-state
 FAIL  tests/merge-recovery.test.ts > merge DB commit and restart recovery > recovers crash at before_db_commit to all-old and exact pre-state
 FAIL  tests/merge-recovery.test.ts > merge DB commit and restart recovery > recovers crash at after_db_commit by rolling forward all-new
 FAIL  tests/merge-recovery.test.ts > merge DB commit and restart recovery > recovers crash at after_postcommit_check by rolling forward all-new
 FAIL  tests/merge-recovery.test.ts > merge DB commit and restart recovery > recovers crash at before_cleanup by rolling forward all-new
 FAIL  tests/merge-recovery.test.ts > merge DB commit and restart recovery > recovers crash at after_cleanup by rolling forward all-new
 FAIL  tests/merge-recovery.test.ts > merge DB commit and restart recovery > recovers crash at before_finalize by rolling forward all-new
AssertionError: T-22 commit service must exist: expected undefined to be type of 'function'

Expected: "function"
Received: "undefined"

 ❯ tests/merge-recovery.test.ts:61:74
     59| beforeEach(async () => {
     60|   const candidate = await import("@/src/server/execution/merge-journal…
     61|   expect(candidate.executeMergeCommit, "T-22 commit service must exist…
       |                                                                          ^
     62|   expect(candidate.recoverIncompleteMergeJournals, "T-22 recovery serv…
     63|   expect(candidate.assertNoMergeBarrier, "T-22 public read barrier mus…

⎯⎯⎯⎯⎯⎯⎯⎯⎯⎯⎯⎯⎯⎯⎯⎯⎯⎯⎯⎯⎯⎯⎯⎯[1/9]⎯


 Test Files  1 failed (1)
      Tests  9 failed (9)
   Start at  15:13:10
   Duration  2.34s (transform 196ms, setup 337ms, import 100ms, tests 233ms, environment 1.40s)

# exit: 1
