# hf-gate-run
# label: t23-green
# command: npm.cmd test -- tests/merge-external-writer.test.ts
# started: 2026-07-30T07:28:24+00:00

> collaboration-cockpit@0.1.0 test
> vitest run tests/merge-external-writer.test.ts


 RUN  v4.1.10 D:/cool-ai

(node:16676) ExperimentalWarning: SQLite is an experimental feature and might change at any time
(Use `node --trace-warnings ...` to show where the warning was created)
 ❯ tests/merge-external-writer.test.ts (7 tests | 1 failed) 12787ms
     × treats replace/delete/recreate/new-identity/symlink apply and rollback races as non-overwritable 367ms

⎯⎯⎯⎯⎯⎯⎯ Failed Tests 1 ⎯⎯⎯⎯⎯⎯⎯

 FAIL  tests/merge-external-writer.test.ts > external-writer merge recovery > treats replace/delete/recreate/new-identity/symlink apply and rollback races as non-overwritable
AssertionError: promise resolved "{ …(4) }" instead of rejecting

- Expected
+ Received

- Error {
-   "message": "rejected promise",
+ {
+   "actionId": "6a90941b-47a1-492a-ada4-ee3b1e03e772",
+   "journalId": "a72a69da-4d28-4bbd-b188-4bcf2fb54a5e",
+   "oldManifestHash": "bd48233aa71457f1a47b5cec99a59aa4cd72d2e54eb82c9a6cc6c352f1f400c6",
+   "postManifestHash": "af72fa503639c7653344fb36bef6677bbc1f88a2a2cce54cb6b11111d2f4c702",
  }

 ❯ tests/merge-external-writer.test.ts:255:12
    253|             },
    254|           },
    255|         })).rejects.toMatchObject({ code: "MANUAL_RECOVERY_REQUIRED" }…
       |            ^
    256|         assertExternalState(target, mutation);
    257|         expect(manualState(fixture.database).journalStatus).toBe("manu…

⎯⎯⎯⎯⎯⎯⎯⎯⎯⎯⎯⎯⎯⎯⎯⎯⎯⎯⎯⎯⎯⎯⎯⎯[1/2]⎯

 FAIL  tests/merge-external-writer.test.ts > external-writer merge recovery > treats replace/delete/recreate/new-identity/symlink apply and rollback races as non-overwritable
Error: EPERM, Permission denied: \\?\C:\Users\ADMINI~1\AppData\Local\Temp\2\cool-ai-writer-before_replace-replace-Kx0QGC '\\?\C:\Users\ADMINI~1\AppData\Local\Temp\2\cool-ai-writer-before_replace-replace-Kx0QGC'
 ❯ tests/merge-external-writer.test.ts:90:39
     88|
     89| afterEach(() => {
     90|   for (const root of roots.splice(0)) rmSync(root, { force: true, recu…
       |                                       ^
     91| });
     92|

⎯⎯⎯⎯⎯⎯⎯⎯⎯⎯⎯⎯⎯⎯⎯⎯⎯⎯⎯⎯⎯⎯⎯⎯[2/2]⎯


 Test Files  1 failed (1)
      Tests  1 failed | 6 passed (7)
   Start at  15:28:25
   Duration  15.02s (transform 218ms, setup 382ms, import 108ms, tests 12.79s, environment 1.47s)

# exit: 1
