# hf-gate-run
# label: t24-red
# command: cmd /c npm test -- tests/execution-controls.test.ts
# started: 2026-07-30T07:34:17+00:00

> collaboration-cockpit@0.1.0 test
> vitest run tests/execution-controls.test.ts


 RUN  v4.1.10 D:/cool-ai

 ❯ tests/execution-controls.test.ts (0 test)

⎯⎯⎯⎯⎯⎯ Failed Suites 1 ⎯⎯⎯⎯⎯⎯⎯

 FAIL  tests/execution-controls.test.ts [ tests/execution-controls.test.ts ]
Error: Failed to resolve import "@/src/server/execution/execution-control-service" from "tests/execution-controls.test.ts". Does the file exist?
  Plugin: vite:import-analysis
  File: D:/cool-ai/tests/execution-controls.test.ts:11:7
  4  |  import { afterEach, beforeEach, describe, expect, it, vi } from "vitest";
  5  |  import { openDatabase } from "@/src/server/db";
  6  |  import { controlExecution } from "@/src/server/execution/execution-control-service";
     |                                    ^
  7  |  const PROJECT_ID = "control-project";
  8  |  const OTHER_PROJECT_ID = "control-project-other";
 ❯ TransformPluginContext._formatLog node_modules/vite/dist/node/chunks/node.js:30416:39
 ❯ TransformPluginContext.error node_modules/vite/dist/node/chunks/node.js:30413:14
 ❯ normalizeUrl node_modules/vite/dist/node/chunks/node.js:27438:18
 ❯ node_modules/vite/dist/node/chunks/node.js:27506:30
 ❯ TransformPluginContext.transform node_modules/vite/dist/node/chunks/node.js:27474:4
 ❯ EnvironmentPluginContainer.transform node_modules/vite/dist/node/chunks/node.js:30201:14
 ❯ loadAndTransform node_modules/vite/dist/node/chunks/node.js:20124:26

⎯⎯⎯⎯⎯⎯⎯⎯⎯⎯⎯⎯⎯⎯⎯⎯⎯⎯⎯⎯⎯⎯⎯⎯[1/1]⎯


 Test Files  1 failed (1)
      Tests  no tests
   Start at  15:34:18
   Duration  2.12s (transform 27ms, setup 341ms, import 0ms, tests 0ms, environment 1.43s)

# exit: 1
