# hf-gate-run
# label: t24-red
# command: cmd /c npm test -- tests/execution-controls.test.ts
# started: 2026-07-30T07:34:41+00:00

> collaboration-cockpit@0.1.0 test
> vitest run tests/execution-controls.test.ts


 RUN  v4.1.10 D:/cool-ai

(node:14520) ExperimentalWarning: SQLite is an experimental feature and might change at any time
(Use `node --trace-warnings ...` to show where the warning was created)
stderr | tests/execution-controls.test.ts > execution lifecycle controls > pauses queued with its exact resume target
Promise returned by `expect(actual).resolves.toMatchObject(expected)` was not awaited. Vitest currently auto-awaits hanging assertions at the end of the test, but this will cause the test to fail in the next Vitest major. Please remember to await the assertion.
    at D:/cool-ai/tests/execution-controls.test.ts:166:19

stderr | tests/execution-controls.test.ts > execution lifecycle controls > pauses running with its exact resume target
Promise returned by `expect(actual).resolves.toMatchObject(expected)` was not awaited. Vitest currently auto-awaits hanging assertions at the end of the test, but this will cause the test to fail in the next Vitest major. Please remember to await the assertion.
    at D:/cool-ai/tests/execution-controls.test.ts:166:19

stderr | tests/execution-controls.test.ts > execution lifecycle controls > pauses waiting_approval with its exact resume target
Promise returned by `expect(actual).resolves.toMatchObject(expected)` was not awaited. Vitest currently auto-awaits hanging assertions at the end of the test, but this will cause the test to fail in the next Vitest major. Please remember to await the assertion.
    at D:/cool-ai/tests/execution-controls.test.ts:166:19

 ❯ tests/execution-controls.test.ts (13 tests | 13 failed) 4071ms
     × pauses queued with its exact resume target 262ms
     × pauses running with its exact resume target 238ms
     × pauses waiting_approval with its exact resume target 245ms
     × discards an in-flight action, requests command termination, and fences late results 243ms
     × continues only to the recorded target with target-specific preconditions 241ms
     × retries stale execution as a new attempt and sandbox without resetting history or deadline 1230ms
     × rejects retry when current eligibility, workspace, context, or budget preconditions fail 233ms
     × stops a single execution, expires approvals, and never mutates the other execution 252ms
     × keeps stopped terminal 233ms
     × keeps merged terminal 222ms
     × blocks every ordinary control while manual recovery is required 238ms
     × durably replays the exact receipt and conflicts on reused operation content 215ms
     × persists stale-version conflicts without overwriting newer owner actions 216ms

⎯⎯⎯⎯⎯⎯ Failed Tests 13 ⎯⎯⎯⎯⎯⎯⎯

 FAIL  tests/execution-controls.test.ts > execution lifecycle controls > pauses queued with its exact resume target
 FAIL  tests/execution-controls.test.ts > execution lifecycle controls > pauses running with its exact resume target
 FAIL  tests/execution-controls.test.ts > execution lifecycle controls > pauses waiting_approval with its exact resume target
AssertionError: promise rejected "Error: Execution controls are not impleme…" instead of resolving
 ❯ tests/execution-controls.test.ts:166:19
    164|     }, dependencies);
    165|
    166|     expect(result).resolves.toMatchObject({
       |                   ^
    167|       body: { execution: { status: "paused", resumeTarget: target } },
    168|       status: 200,

Caused by: Error: Execution controls are not implemented.
 ❯ controlExecution src/server/execution/execution-control-service.ts:15:9
 ❯ tests/execution-controls.test.ts:160:20

⎯⎯⎯⎯⎯⎯⎯⎯⎯⎯⎯⎯⎯⎯⎯⎯⎯⎯⎯⎯⎯⎯⎯[1/13]⎯

 FAIL  tests/execution-controls.test.ts > execution lifecycle controls > discards an in-flight action, requests command termination, and fences late results
Error: Execution controls are not implemented.
 ❯ controlExecution src/server/execution/execution-control-service.ts:15:9
     13|   _dependencies: ExecutionControlDependencies,
     14| ): Promise<never> {
     15|   throw new Error("Execution controls are not implemented.");
       |         ^
     16| }
     17|
 ❯ tests/execution-controls.test.ts:192:26

⎯⎯⎯⎯⎯⎯⎯⎯⎯⎯⎯⎯⎯⎯⎯⎯⎯⎯⎯⎯⎯⎯⎯[2/13]⎯

 FAIL  tests/execution-controls.test.ts > execution lifecycle controls > continues only to the recorded target with target-specific preconditions
AssertionError: promise rejected "Error: Execution controls are not impleme…" instead of resolving
 ❯ tests/execution-controls.test.ts:213:22
    211|       expectedVersion: runningVersion,
    212|       operationId: operationId(10),
    213|     }, dependencies)).resolves.toMatchObject({
       |                      ^
    214|       body: { execution: { status: "running", resumeTarget: null } },
    215|     });

Caused by: Error: Execution controls are not implemented.
 ❯ controlExecution src/server/execution/execution-control-service.ts:15:9
 ❯ tests/execution-controls.test.ts:209:18

⎯⎯⎯⎯⎯⎯⎯⎯⎯⎯⎯⎯⎯⎯⎯⎯⎯⎯⎯⎯⎯⎯⎯[3/13]⎯

 FAIL  tests/execution-controls.test.ts > execution lifecycle controls > retries stale execution as a new attempt and sandbox without resetting history or deadline
AssertionError: expected [] to have a length of 1 but got +0

- Expected
+ Received

- 1
+ 0

 ❯ tests/execution-controls.test.ts:233:50
    231|       operationId: operationId(20),
    232|     }, dependencies);
    233|     await vi.waitFor(() => expect(sandboxInputs).toHaveLength(1));
       |                                                  ^
    234|
    235|     expect(row("executions", "id=?", EXECUTION_ID)).toMatchObject({

⎯⎯⎯⎯⎯⎯⎯⎯⎯⎯⎯⎯⎯⎯⎯⎯⎯⎯⎯⎯⎯⎯⎯[4/13]⎯

 FAIL  tests/execution-controls.test.ts > execution lifecycle controls > rejects retry when current eligibility, workspace, context, or budget preconditions fail
AssertionError: expected Error: Execution controls are not impleme… to match object { code: 'TASK_NOT_ELIGIBLE' }

- Expected
+ Received

- {
-   "code": "TASK_NOT_ELIGIBLE",
+ Error {
+   "message": "Execution controls are not implemented.",
  }

 ❯ tests/execution-controls.test.ts:261:22
    259|       expectedVersion: version,
    260|       operationId: operationId(21),
    261|     }, dependencies)).rejects.toMatchObject({ code: "TASK_NOT_ELIGIBLE…
       |                      ^
    262|     expect(row("executions", "id=?", EXECUTION_ID).current_attempt_no)…
    263|   });

⎯⎯⎯⎯⎯⎯⎯⎯⎯⎯⎯⎯⎯⎯⎯⎯⎯⎯⎯⎯⎯⎯⎯[5/13]⎯

 FAIL  tests/execution-controls.test.ts > execution lifecycle controls > stops a single execution, expires approvals, and never mutates the other execution
Error: Execution controls are not implemented.
 ❯ controlExecution src/server/execution/execution-control-service.ts:15:9
     13|   _dependencies: ExecutionControlDependencies,
     14| ): Promise<never> {
     15|   throw new Error("Execution controls are not implemented.");
       |         ^
     16| }
     17|
 ❯ tests/execution-controls.test.ts:283:11

⎯⎯⎯⎯⎯⎯⎯⎯⎯⎯⎯⎯⎯⎯⎯⎯⎯⎯⎯⎯⎯⎯⎯[6/13]⎯

 FAIL  tests/execution-controls.test.ts > execution lifecycle controls > keeps stopped terminal
AssertionError: expected Error: Execution controls are not impleme… to match object { code: 'EXECUTION_STATE_CONFLICT' }

- Expected
+ Received

- {
-   "code": "EXECUTION_STATE_CONFLICT",
+ Error {
+   "message": "Execution controls are not implemented.",
  }

 ❯ tests/execution-controls.test.ts:303:22
    301|       expectedVersion: version,
    302|       operationId: operationId(31),
    303|     }, dependencies)).rejects.toMatchObject({ code: "EXECUTION_STATE_C…
       |                      ^
    304|   });
    305|

⎯⎯⎯⎯⎯⎯⎯⎯⎯⎯⎯⎯⎯⎯⎯⎯⎯⎯⎯⎯⎯⎯⎯[7/13]⎯

 FAIL  tests/execution-controls.test.ts > execution lifecycle controls > keeps merged terminal
Error: CHECK constraint failed: (status='merged') = (merged_at IS NOT NULL)
 ❯ setExecution tests/execution-controls.test.ts:119:6
    117|     UPDATE executions SET status=?,resume_target=?,reason_code=?,versi…
    118|     WHERE id=?
    119|   `).run(status, resumeTarget, reasonCode, EXECUTION_ID);
       |      ^
    120|   return (database.prepare("SELECT version FROM executions WHERE id=?")
    121|     .get(EXECUTION_ID) as { version: number }).version;
 ❯ tests/execution-controls.test.ts:298:21

⎯⎯⎯⎯⎯⎯⎯⎯⎯⎯⎯⎯⎯⎯⎯⎯⎯⎯⎯⎯⎯⎯⎯[8/13]⎯

 FAIL  tests/execution-controls.test.ts > execution lifecycle controls > blocks every ordinary control while manual recovery is required
AssertionError: expected Error: Execution controls are not impleme… to match object { code: 'MANUAL_RECOVERY_REQUIRED' }

- Expected
+ Received

- {
-   "code": "MANUAL_RECOVERY_REQUIRED",
+ Error {
+   "message": "Execution controls are not implemented.",
  }

 ❯ tests/execution-controls.test.ts:317:24
    315|         expectedVersion: version,
    316|         operationId: operationId(40 + index),
    317|       }, dependencies)).rejects.toMatchObject({ code: "MANUAL_RECOVERY…
       |                        ^
    318|     }
    319|   });

⎯⎯⎯⎯⎯⎯⎯⎯⎯⎯⎯⎯⎯⎯⎯⎯⎯⎯⎯⎯⎯⎯⎯[9/13]⎯

 FAIL  tests/execution-controls.test.ts > execution lifecycle controls > durably replays the exact receipt and conflicts on reused operation content
Error: Execution controls are not implemented.
 ❯ controlExecution src/server/execution/execution-control-service.ts:15:9
     13|   _dependencies: ExecutionControlDependencies,
     14| ): Promise<never> {
     15|   throw new Error("Execution controls are not implemented.");
       |         ^
     16| }
     17|
 ❯ tests/execution-controls.test.ts:327:25

⎯⎯⎯⎯⎯⎯⎯⎯⎯⎯⎯⎯⎯⎯⎯⎯⎯⎯⎯⎯⎯⎯[10/13]⎯

 FAIL  tests/execution-controls.test.ts > execution lifecycle controls > persists stale-version conflicts without overwriting newer owner actions
AssertionError: expected Error: Execution controls are not impleme… to match object { code: 'EXECUTION_STATE_CONFLICT' }

- Expected
+ Received

- {
-   "code": "EXECUTION_STATE_CONFLICT",
+ Error {
+   "message": "Execution controls are not implemented.",
  }

 ❯ tests/execution-controls.test.ts:345:22
    343|       expectedVersion: 99,
    344|       operationId: operationId(70),
    345|     }, dependencies)).rejects.toMatchObject({ code: "EXECUTION_STATE_C…
       |                      ^
    346|     expect(row("execution_operations", "id=?", operationId(70))).toMat…
    347|       status: "completed",

⎯⎯⎯⎯⎯⎯⎯⎯⎯⎯⎯⎯⎯⎯⎯⎯⎯⎯⎯⎯⎯⎯[11/13]⎯

⎯⎯⎯⎯⎯⎯ Unhandled Errors ⎯⎯⎯⎯⎯⎯

Vitest caught 1 unhandled error during the test run.
This might cause false positive tests. Resolve unhandled errors to make sure your tests are not affected.

⎯⎯⎯⎯ Unhandled Rejection ⎯⎯⎯⎯⎯
Error: Execution controls are not implemented.
 ❯ controlExecution src/server/execution/execution-control-service.ts:15:9
     13|   _dependencies: ExecutionControlDependencies,
     14| ): Promise<never> {
     15|   throw new Error("Execution controls are not implemented.");
       |         ^
     16| }
     17|
 ❯ tests/execution-controls.test.ts:228:21
 ❯ node_modules/@vitest/runner/dist/chunk-artifact.js:302:11
 ❯ node_modules/@vitest/runner/dist/chunk-artifact.js:1903:26
 ❯ node_modules/@vitest/runner/dist/chunk-artifact.js:2326:20
 ❯ runWithCancel node_modules/@vitest/runner/dist/chunk-artifact.js:2323:10
 ❯ node_modules/@vitest/runner/dist/chunk-artifact.js:2305:20
 ❯ runWithTimeout node_modules/@vitest/runner/dist/chunk-artifact.js:2272:10

This error originated in "tests/execution-controls.test.ts" test file. It doesn't mean the error was thrown inside the file itself, but while it was running.
The latest test that might've caused the error is "retries stale execution as a new attempt and sandbox without resetting history or deadline". It might mean one of the following:
- The error was thrown, while Vitest was running this test.
- If the error occurred after the test had been completed, this was the last documented test before it was thrown.
⎯⎯⎯⎯⎯⎯⎯⎯⎯⎯⎯⎯⎯⎯⎯⎯⎯⎯⎯⎯⎯⎯⎯⎯⎯⎯⎯⎯⎯⎯


 Test Files  1 failed (1)
      Tests  13 failed (13)
     Errors  1 error
   Start at  15:34:42
   Duration  6.19s (transform 112ms, setup 337ms, import 106ms, tests 4.07s, environment 1.42s)

# exit: 1
