# hf-gate-run
# label: t25-red
# command: cmd /c npm test -- tests/execution-approvals.test.ts
# started: 2026-07-30T07:45:59+00:00

> collaboration-cockpit@0.1.0 test
> vitest run tests/execution-approvals.test.ts


 RUN  v4.1.10 D:/cool-ai

(node:6740) ExperimentalWarning: SQLite is an experimental feature and might change at any time
(Use `node --trace-warnings ...` to show where the warning was created)
 ❯ tests/execution-approvals.test.ts (12 tests | 12 failed) 2980ms
     × approves an exact command once and atomically consumes it into one command action 264ms
     × reject permanently invalidates the request and pauses for exact running resume 245ms
     × replace permanently invalidates the request and pauses for exact running resume 236ms
     × revokes an approved request before consumption and cannot revoke consumed authorization 260ms
     × persists same-operation success/failure receipts and rejects different input or stale versions 253ms
     × expires and denies approval after execution attempt changes 240ms
     × expires and denies approval after attempt context changes 247ms
     × expires and denies approval after sandbox input changes 243ms
     × expires and denies approval after command tuple changes 260ms
     × keeps standing policy execution as a distinct audit source without an approval row 243ms
     × creates a distinct exact staged approval and denies tamper, conflict, stale, and terminal use 232ms
     × exposes the owner-only mutation route with strict input 255ms

⎯⎯⎯⎯⎯⎯ Failed Tests 12 ⎯⎯⎯⎯⎯⎯⎯

 FAIL  tests/execution-approvals.test.ts > execution approvals > approves an exact command once and atomically consumes it into one command action
 FAIL  tests/execution-approvals.test.ts > execution approvals > reject permanently invalidates the request and pauses for exact running resume
 FAIL  tests/execution-approvals.test.ts > execution approvals > replace permanently invalidates the request and pauses for exact running resume
 FAIL  tests/execution-approvals.test.ts > execution approvals > revokes an approved request before consumption and cannot revoke consumed authorization
 FAIL  tests/execution-approvals.test.ts > execution approvals > persists same-operation success/failure receipts and rejects different input or stale versions
 FAIL  tests/execution-approvals.test.ts > execution approvals > expires and denies approval after execution attempt changes
 FAIL  tests/execution-approvals.test.ts > execution approvals > expires and denies approval after attempt context changes
 FAIL  tests/execution-approvals.test.ts > execution approvals > expires and denies approval after sandbox input changes
 FAIL  tests/execution-approvals.test.ts > execution approvals > expires and denies approval after command tuple changes
 FAIL  tests/execution-approvals.test.ts > execution approvals > keeps standing policy execution as a distinct audit source without an approval row
 FAIL  tests/execution-approvals.test.ts > execution approvals > creates a distinct exact staged approval and denies tamper, conflict, stale, and terminal use
 FAIL  tests/execution-approvals.test.ts > execution approvals > exposes the owner-only mutation route with strict input
AssertionError: The T-25 execution approval service is unavailable.
 ❯ tests/execution-approvals.test.ts:227:12
    225|     approvals = await import(/* @vite-ignore */ servicePath) as Approv…
    226|   } catch {
    227|     expect.fail("The T-25 execution approval service is unavailable.");
       |            ^
    228|   }
    229| });

⎯⎯⎯⎯⎯⎯⎯⎯⎯⎯⎯⎯⎯⎯⎯⎯⎯⎯⎯⎯⎯⎯⎯[1/12]⎯


 Test Files  1 failed (1)
      Tests  12 failed (12)
   Start at  15:46:01
   Duration  5.13s (transform 120ms, setup 338ms, import 118ms, tests 2.98s, environment 1.44s)

# exit: 1
