# hf-gate-run
# label: t25-green
# command: cmd /c npm test -- tests/execution-approvals.test.ts -t creates a distinct exact staged approval
# started: 2026-07-30T07:50:37+00:00

> collaboration-cockpit@0.1.0 test
> vitest run tests/execution-approvals.test.ts -t creates a distinct exact staged approval


 RUN  v4.1.10 D:/cool-ai

(node:3788) ExperimentalWarning: SQLite is an experimental feature and might change at any time
(Use `node --trace-warnings ...` to show where the warning was created)
 ❯ tests/execution-approvals.test.ts (12 tests | 1 failed | 11 skipped) 509ms
     × creates a distinct exact staged approval and denies tamper, conflict, stale, and terminal use 507ms

⎯⎯⎯⎯⎯⎯⎯ Failed Tests 1 ⎯⎯⎯⎯⎯⎯⎯

 FAIL  tests/execution-approvals.test.ts > execution approvals > creates a distinct exact staged approval and denies tamper, conflict, stale, and terminal use
AssertionError: expected undefined to match object { Object (staged_hash) }

- Expected:
{
  "staged_hash": "dddddddddddddddddddddddddddddddddddddddddddddddddddddddddddddddd",
}

+ Received:
undefined

 ❯ tests/execution-approvals.test.ts:445:73
    443|       stagedHash: STAGED_HASH,
    444|     });
    445|     expect(row("execution_staged_results", "attempt_id=?", ATTEMPT_ID)…
       |                                                                         ^
    446|       staged_hash: STAGED_HASH,
    447|     });

⎯⎯⎯⎯⎯⎯⎯⎯⎯⎯⎯⎯⎯⎯⎯⎯⎯⎯⎯⎯⎯⎯⎯⎯[1/1]⎯


 Test Files  1 failed (1)
      Tests  1 failed | 11 skipped (12)
   Start at  15:50:39
   Duration  2.93s (transform 197ms, setup 345ms, import 131ms, tests 509ms, environment 1.66s)

# exit: 1
