# hf-gate-run
# label: t25-green
# command: cmd /c npm test -- tests/execution-approvals.test.ts
# started: 2026-07-30T07:49:13+00:00

> collaboration-cockpit@0.1.0 test
> vitest run tests/execution-approvals.test.ts


 RUN  v4.1.10 D:/cool-ai

(node:10424) ExperimentalWarning: SQLite is an experimental feature and might change at any time
(Use `node --trace-warnings ...` to show where the warning was created)
 ❯ tests/execution-approvals.test.ts (12 tests | 2 failed) 4177ms
     × expires and denies approval after execution attempt changes 308ms
     × creates a distinct exact staged approval and denies tamper, conflict, stale, and terminal use 332ms

⎯⎯⎯⎯⎯⎯⎯ Failed Tests 2 ⎯⎯⎯⎯⎯⎯⎯

 FAIL  tests/execution-approvals.test.ts > execution approvals > expires and denies approval after execution attempt changes
AssertionError: expected ExecutionError: Approval was not found. { …(2) } to match object { code: 'APPROVAL_STALE' }
(2 matching properties omitted from actual)

- Expected
+ Received

- {
-   "code": "APPROVAL_STALE",
+ ExecutionError {
+   "code": "APPROVAL_NOT_FOUND",
  }

 ❯ tests/execution-approvals.test.ts:368:36
    366|   ])("expires and denies approval after %s changes", async (_label, ta…
    367|     tamper();
    368|     await expect(decide("approve")).rejects.toMatchObject({ code: "APP…
       |                                    ^
    369|     expect(row("execution_approvals", "id=?", APPROVAL_ID).status).toB…
    370|   });

⎯⎯⎯⎯⎯⎯⎯⎯⎯⎯⎯⎯⎯⎯⎯⎯⎯⎯⎯⎯⎯⎯⎯⎯[1/2]⎯

 FAIL  tests/execution-approvals.test.ts > execution approvals > creates a distinct exact staged approval and denies tamper, conflict, stale, and terminal use
ExecutionError: Approval facts changed.
 ❯ src/server/execution/execution-approval-service.ts:412:21
    410|       }
    411|       if (!approvalIsCurrent(database, row)) {
    412|         return fail(new ExecutionError("APPROVAL_STALE", 409, "Approva…
       |                     ^
    413|       }
    414|       const expectedStatus = input.action === "revoke" ? "approved" : …
 ❯ transaction src/server/execution/execution-approval-service.ts:67:20
 ❯ Module.decideExecutionApproval src/server/execution/execution-approval-service.ts:365:20
 ❯ tests/execution-approvals.test.ts:445:36

⎯⎯⎯⎯⎯⎯⎯⎯⎯⎯⎯⎯⎯⎯⎯⎯⎯⎯⎯⎯⎯⎯⎯⎯[2/2]⎯


 Test Files  1 failed (1)
      Tests  2 failed | 10 passed (12)
   Start at  15:49:14
   Duration  6.35s (transform 228ms, setup 341ms, import 115ms, tests 4.18s, environment 1.45s)

# exit: 1
