# hf-gate-run
# label: t26-red
# command: npm.cmd test -- tests/execution-read-api.test.ts
# started: 2026-07-30T08:02:12+00:00

> collaboration-cockpit@0.1.0 test
> vitest run tests/execution-read-api.test.ts


 RUN  v4.1.10 D:/cool-ai

 ❯ tests/execution-read-api.test.ts (0 test)

⎯⎯⎯⎯⎯⎯ Failed Suites 1 ⎯⎯⎯⎯⎯⎯⎯

 FAIL  tests/execution-read-api.test.ts [ tests/execution-read-api.test.ts ]
Error: Failed to resolve import "@/src/server/execution/execution-read-service" from "tests/execution-read-api.test.ts". Does the file exist?
  Plugin: vite:import-analysis
  File: D:/cool-ai/tests/execution-read-api.test.ts:185:23
  155 |  	database = openDatabase(databasePath);
  156 |  	seed();
  157 |  	reads = await import("@/src/server/execution/execution-read-service");
      |                        ^
  158 |  });
  159 |  afterEach(() => {
 ❯ TransformPluginContext._formatLog node_modules/vite/dist/node/chunks/node.js:30416:39
 ❯ TransformPluginContext.error node_modules/vite/dist/node/chunks/node.js:30413:14
 ❯ normalizeUrl node_modules/vite/dist/node/chunks/node.js:27438:18
 ❯ node_modules/vite/dist/node/chunks/node.js:27506:30
 ❯ TransformPluginContext.transform node_modules/vite/dist/node/chunks/node.js:27474:4
 ❯ EnvironmentPluginContainer.transform node_modules/vite/dist/node/chunks/node.js:30201:14
 ❯ loadAndTransform node_modules/vite/dist/node/chunks/node.js:20124:26

⎯⎯⎯⎯⎯⎯⎯⎯⎯⎯⎯⎯⎯⎯⎯⎯⎯⎯⎯⎯⎯⎯⎯⎯[1/1]⎯


 Test Files  1 failed (1)
      Tests  no tests
   Start at  16:02:13
   Duration  2.13s (transform 26ms, setup 336ms, import 0ms, tests 0ms, environment 1.44s)

# exit: 1
