# hf-gate-run
# label: t26-red
# command: npm.cmd test -- tests/execution-read-api.test.ts
# started: 2026-07-30T08:02:34+00:00

> collaboration-cockpit@0.1.0 test
> vitest run tests/execution-read-api.test.ts


 RUN  v4.1.10 D:/cool-ai

(node:17136) ExperimentalWarning: SQLite is an experimental feature and might change at any time
(Use `node --trace-warnings ...` to show where the warning was created)
 ❯ tests/execution-read-api.test.ts (5 tests | 5 failed) 10604ms
     × returns strict list/detail summaries without private or absolute host facts 2142ms
     × uses independent tamper-proof cursors and bounded pages for events and 101+ staged facts 2176ms
     × reads a legal multibyte 1 MiB artifact through contiguous <=64KiB chunks 2135ms
     × rejects chunk gaps/hash corruption and keeps diff responses <=64KiB 2067ms
     × rejects oversized limits and remains stable after reopening the database 2082ms

⎯⎯⎯⎯⎯⎯⎯ Failed Tests 5 ⎯⎯⎯⎯⎯⎯⎯

 FAIL  tests/execution-read-api.test.ts > bounded execution read APIs > returns strict list/detail summaries without private or absolute host facts
Error: Execution read APIs are not implemented.
 ❯ unavailable src/server/execution/execution-read-service.ts:8:9
      6|
      7| function unavailable(): never {
      8|   throw new Error("Execution read APIs are not implemented.");
       |         ^
      9| }
     10|
 ❯ Module.listProjectExecutions src/server/execution/execution-read-service.ts:16:10
 ❯ tests/execution-read-api.test.ts:195:30

⎯⎯⎯⎯⎯⎯⎯⎯⎯⎯⎯⎯⎯⎯⎯⎯⎯⎯⎯⎯⎯⎯⎯⎯[1/5]⎯

 FAIL  tests/execution-read-api.test.ts > bounded execution read APIs > uses independent tamper-proof cursors and bounded pages for events and 101+ staged facts
Error: Execution read APIs are not implemented.
 ❯ unavailable src/server/execution/execution-read-service.ts:8:9
      6|
      7| function unavailable(): never {
      8|   throw new Error("Execution read APIs are not implemented.");
       |         ^
      9| }
     10|
 ❯ Module.listExecutionEvents src/server/execution/execution-read-service.ts:31:10
 ❯ tests/execution-read-api.test.ts:212:32

⎯⎯⎯⎯⎯⎯⎯⎯⎯⎯⎯⎯⎯⎯⎯⎯⎯⎯⎯⎯⎯⎯⎯⎯[2/5]⎯

 FAIL  tests/execution-read-api.test.ts > bounded execution read APIs > reads a legal multibyte 1 MiB artifact through contiguous <=64KiB chunks
Error: Execution read APIs are not implemented.
 ❯ unavailable src/server/execution/execution-read-service.ts:8:9
      6|
      7| function unavailable(): never {
      8|   throw new Error("Execution read APIs are not implemented.");
       |         ^
      9| }
     10|
 ❯ Module.listExecutionArtifacts src/server/execution/execution-read-service.ts:39:10
 ❯ tests/execution-read-api.test.ts:257:33

⎯⎯⎯⎯⎯⎯⎯⎯⎯⎯⎯⎯⎯⎯⎯⎯⎯⎯⎯⎯⎯⎯⎯⎯[3/5]⎯

 FAIL  tests/execution-read-api.test.ts > bounded execution read APIs > rejects chunk gaps/hash corruption and keeps diff responses <=64KiB
AssertionError: expected Error: Execution read APIs are not implem… to match object { code: 'INTERNAL_ERROR' }

- Expected
+ Received

- {
-   "code": "INTERNAL_ERROR",
+ Error {
+   "message": "Execution read APIs are not implemented.",
  }

 ❯ tests/execution-read-api.test.ts:298:7
    296|       artifactId,
    297|       { limit: "1" },
    298|     )).rejects.toMatchObject({ code: "INTERNAL_ERROR" });
       |       ^
    299|
    300|     const diff = await reads.readObservationDiff(

⎯⎯⎯⎯⎯⎯⎯⎯⎯⎯⎯⎯⎯⎯⎯⎯⎯⎯⎯⎯⎯⎯⎯⎯[4/5]⎯

 FAIL  tests/execution-read-api.test.ts > bounded execution read APIs > rejects oversized limits and remains stable after reopening the database
AssertionError: expected Error: Execution read APIs are not implem… to match object { code: 'INVALID_INPUT' }

- Expected
+ Received

- {
-   "code": "INVALID_INPUT",
+ Error {
+   "message": "Execution read APIs are not implemented.",
  }

 ❯ tests/execution-read-api.test.ts:314:8
    312|     await expect(reads.listExecutionEvents(databasePath, EXECUTION_ID,…
    313|       limit: "101",
    314|     })).rejects.toMatchObject({ code: "INVALID_INPUT" });
       |        ^
    315|     database.close();
    316|     database = openDatabase(databasePath);

⎯⎯⎯⎯⎯⎯⎯⎯⎯⎯⎯⎯⎯⎯⎯⎯⎯⎯⎯⎯⎯⎯⎯⎯[5/5]⎯


 Test Files  1 failed (1)
      Tests  5 failed (5)
   Start at  16:02:35
   Duration  13.18s (transform 415ms, setup 347ms, import 532ms, tests 10.60s, environment 1.42s)

# exit: 1
