# hf-gate-run
# label: t26-regressions
# command: npm.cmd test -- tests/execution-slice.test.tsx tests/execution-approvals.test.ts tests/execution-staging.test.ts tests/merge-recovery.test.ts
# started: 2026-07-30T08:15:00+00:00

> collaboration-cockpit@0.1.0 test
> vitest run tests/execution-slice.test.tsx tests/execution-approvals.test.ts tests/execution-staging.test.ts tests/merge-recovery.test.ts


 RUN  v4.1.10 D:/cool-ai

(node:11996) ExperimentalWarning: SQLite is an experimental feature and might change at any time
(Use `node --trace-warnings ...` to show where the warning was created)
(node:5556) ExperimentalWarning: SQLite is an experimental feature and might change at any time
(Use `node --trace-warnings ...` to show where the warning was created)
(node:8400) ExperimentalWarning: SQLite is an experimental feature and might change at any time
(Use `node --trace-warnings ...` to show where the warning was created)
(node:8872) ExperimentalWarning: SQLite is an experimental feature and might change at any time
(Use `node --trace-warnings ...` to show where the warning was created)

 Test Files  4 passed (4)
      Tests  35 passed (35)
   Start at  16:15:01
   Duration  8.24s (transform 894ms, setup 1.69s, import 893ms, tests 14.98s, environment 6.86s)

# exit: 0
