# hf-gate-run
# label: t27-green
# command: npm.cmd test -- tests/execution-start-policy-ui.test.tsx
# started: 2026-07-30T08:27:44+00:00

> collaboration-cockpit@0.1.0 test
> vitest run tests/execution-start-policy-ui.test.tsx


 RUN  v4.1.10 D:/cool-ai

 ❯ tests/execution-start-policy-ui.test.tsx (3 tests | 1 failed) 802ms
     × loads immutable history and keeps an errored CAS draft while enforcing standing warnings 226ms

⎯⎯⎯⎯⎯⎯⎯ Failed Tests 1 ⎯⎯⎯⎯⎯⎯⎯

 FAIL  tests/execution-start-policy-ui.test.tsx > T-27 append-only validation policy UI > loads immutable history and keeps an errored CAS draft while enforcing standing warnings
TestingLibraryElementError: Unable to find an element with the text: SHELL_EXECUTABLE_DENIED. This could be because the text is broken up by multiple elements. In this case, you can provide a function for your text matcher to make your matcher more flexible.

Ignored nodes: comments, script, style
[36m<body>[39m
  [36m<div>[39m
    [36m<section[39m
      [33maria-labelledby[39m=[32m"executions-title-project-policy-ui"[39m
      [33mclass[39m=[32m"stack"[39m
    [36m>[39m
      [36m<div[39m
        [33mclass[39m=[32m"panel-heading"[39m
      [36m>[39m
        [36m<div>[39m
          [36m<p[39m
            [33mclass[39m=[32m"eyebrow"[39m
          [36m>[39m
            [0m项目执行[0m
          [36m</p>[39m
          [36m<h3[39m
            [33mid[39m=[32m"executions-title-project-policy-ui"[39m
          [36m>[39m
            [0m运行详情[0m
          [36m</h3>[39m
        [36m</div>[39m
        [36m<button[39m
          [33mstyle[39m=[32m"min-height: var(--control-min);"[39m
          [33mtype[39m=[32m"button"[39m
        [36m>[39m
          [0m刷新执行[0m
        [36m</button>[39m
      [36m</div>[39m
      [36m<section[39m
        [33maria-labelledby[39m=[32m"execution-picker-project-policy-ui"[39m
        [33mclass[39m=[32m"stack"[39m
      [36m>[39m
        [36m<h4[39m
          [33mid[39m=[32m"execution-picker-project-policy-ui"[39m
        [36m>[39m
          [0m选择并执行[0m
        [36m</h4>[39m
        [36m<div[39m
          [33mclass[39m=[32m"stack"[39m
        [36m>[39m
          [36m<label>[39m
            [36m<input[39m
              [33mtype[39m=[32m"checkbox"[39m
            [36m/>[39m
            [0mTask A[0m
          [36m</label>[39m
          [36m<label>[39m
            [36m<input[39m
              [33mtype[39m=[32m"checkbox"[39m
            [36m/>[39m
            [0mTask B[0m
          [36m</label>[39m
          [36m<label>[39m
            [36m<input[39m
              [33mtype[39m=[32m"checkbox"[39m
            [36m/>[39m
            [0mTask C[0m
          [36m</label>[39m
        [36m</div>[39m
        [36m<button[39m
          [33mdisabled[39m=[32m""[39m
          [33mstyle[39m=[32m"min-height: var(--control-min);"[39m
          [33mtype[39m=[32m"button"[39m
        [36m>[39m
          [0m开始执行所选任务[0m
        [36m</button>[39m
      [36m</section>[39m
      [36m<section[39m
        [33maria-labelledby[39m=[32m"validation-policy-project-policy-ui"[39m
        [33mclass[39m=[32m"stack"[39m
      [36m>[39m
        [36m<div[39m
          [33mclass[39m=[32m"panel-heading"[39m
        [36m>[39m
          [36m<div>[39m
            [36m<p[39m
              [33mclass[39m=[32m"eyebrow"[39m
            [36m>[39m
              [0m持续批准（standing approval）[0m
            [36m</p>[39m
            [36m<h4[39m
              [33mid[39m=[32m"validation-policy-project-policy-ui"[39m
              [33mtabindex[39m=[32m"-1"[39m
            [36m>[39m
              [0m验证政策[0m
            [36m</h4>[39m
          [36m</div>[39m
          [36m<button[39m
            [33mstyle[39m=[32m"min-height: var(--control-min);"[39m
            [33mtype[39m=[32m"button"[39m
          [36m>[39m
            [0m刷新政策[0m
          [36m</button>[39m
        [36m</div>[39m
        [36m<p>[39m
          [36m<span>[39m
            [0m活动修订 #1[0m
          [36m</span>[39m
          [0m · classifier v1 · hash aaaaaaaa[0m
        [36m</p>[39m
        [36m<div[39m
          [33maria-label[39m=[32m"不可变验证政策历史"[39m
        [36m>[39m
          [36m<ol>[39m
            [36m<li>[39m
              [36m<span>[39m
                [0m不可变修订 #1[0m
              [36m</span>[39m
              [0m · 0 项 · hash aaaaaaaa[0m
            [36m</li>[39m
          [36m</ol>[39m
        [36m</div>[39m
        [36m<div[39m
          [33mclass[39m=[32m"stack"[39m
        [36m>[39m
          [36m<fieldset[39m
            [33mclass[39m=[32m"stack"[39m
          [36m>[39m
            [36m<legend>[39m
              [0m持续批准 #[0m
              [0m1[0m
            [36m</legend>[39m
            [36m<label>[39m
              [0m可执行文件[0m
              [36m<input[39m
                [33mvalue[39m=[32m"powershell"[39m
              [36m/>[39m
            [36m</label>[39m
            [36m<label>[39m
              [0m参数（每行一项）[0m
              [36m<textarea>[39m
                [0m-Commandnpm test[0m
              [36m</textarea>[39m
            [36m</label>[39m
            [36m<label>[39m
              [0m工作目录[0m
              [36m<input[39m
                [33mvalue[39m=[32m""[39m
              [36m/>[39m
            [36m</label>[39m
            [36m<label>[39m
              [36m<input[39m
                [33mtype[39m=[32m"checkbox"[39m
              [36m/>[39m
              [0m必需验证[0m
            [36m</label>[39m
            [36m<p>[39m
              [0mclassifier outcome：[0m
              [0mSHELL_EXECUTABLE_DENIED[0m
            [36m</p>[39m
            [36m<button[39m
              [33mstyle[39m=[32m"min-height: var(--control-min);"[39m
              [33mtype[39m=[32m"button"[39m
            [36m>[39m
              [0m删除持续批准 #[0m
              [0m1[0m
            [36m</button>[39m
          [36m</fieldset>[39m
          [36m<button[39m
            [33mstyle[39m=[32m"min-height: var(--control-min);"[39m
            [33mtype[39m=[32m"button"[39m
          [36m>[39m
            [0m添加持续批准[0m
          [36m</button>[39m
        [36m</div>[39m
        [36m<p>[39m
          [0m保存将创建新的不可变修订；exact tuple 包含 executable、ordered args、workdir 和 required。 当前草稿 [0m
          [0m1[0m
          [0m/50 项，[0m
          [0m87[0m
          [0m/65536 bytes。[0m
        [36m</p>[39m
        [36m<label>[39m
          [36m<input[39m
            [33mtype[39m=[32m"checkbox"[39m
          [36m/>[39m
          [0m此 guardrail 不是 hostile OS sandbox。持续批准的本地程序仍可能产生平台无法隔离的本机、网络、进程或服务副作用，并可在未来 attempt 重复执行。[0m
        [36m</label>[39m
        [36m<p[39m
          [33mrole[39m=[32m"alert"[39m
        [36m>[39m
          [0m机械分类拒绝：[0m
          [0mSHELL_EXECUTABLE_DENIED[0m
        [36m</p>[39m
        [36m<button[39m
          [33mdisabled[39m=[32m""[39m
          [33mstyle[39m=[32m"min-height: var(--control-min);"[39m
          [33mtype[39m=[32m"button"[39m
        [36m>[39m
          [0m保存验证政策[0m
        [36m</button>[39m
      [36m</section>[39m
      [36m<p[39m
        [33mclass[39m=[32m"state-message"[39m
      [36m>[39m
        [0m尚无执行。[0m
      [36m</p>[39m
    [36m</section>[39m
  [36m</div>[39m
[36m</body>[39m
 ❯ Object.getElementError node_modules/@testing-library/dom/dist/config.js:37:19
 ❯ node_modules/@testing-library/dom/dist/query-helpers.js:76:38
 ❯ node_modules/@testing-library/dom/dist/query-helpers.js:52:17
 ❯ node_modules/@testing-library/dom/dist/query-helpers.js:95:19
 ❯ tests/execution-start-policy-ui.test.tsx:172:19
    170|     await user.type(executable, "powershell");
    171|     await user.type(screen.getByRole("textbox", { name: "参数（每行一项）" }),…
    172|     expect(screen.getByText("SHELL_EXECUTABLE_DENIED")).toBeInTheDocum…
       |                   ^
    173|     expect(screen.getByRole("button", { name: "保存验证政策" })).toBeDisable…
    174|

⎯⎯⎯⎯⎯⎯⎯⎯⎯⎯⎯⎯⎯⎯⎯⎯⎯⎯⎯⎯⎯⎯⎯⎯[1/1]⎯


 Test Files  1 failed (1)
      Tests  1 failed | 2 passed (3)
   Start at  16:27:45
   Duration  3.07s (transform 98ms, setup 356ms, import 213ms, tests 802ms, environment 1.43s)

# exit: 1
