# hf-gate-run
# label: t27-green
# command: npm.cmd test -- tests/execution-start-policy-ui.test.tsx
# started: 2026-07-30T08:27:00+00:00

> collaboration-cockpit@0.1.0 test
> vitest run tests/execution-start-policy-ui.test.tsx


 RUN  v4.1.10 D:/cool-ai

 ❯ tests/execution-start-policy-ui.test.tsx (3 tests | 2 failed) 2369ms
     × loads immutable history and keeps an errored CAS draft while enforcing standing warnings 1011ms
     × saves expectedVersion, tuple fields, required and warningAccepted, then announces and focuses success 1006ms

⎯⎯⎯⎯⎯⎯⎯ Failed Tests 2 ⎯⎯⎯⎯⎯⎯⎯

 FAIL  tests/execution-start-policy-ui.test.tsx > T-27 append-only validation policy UI > loads immutable history and keeps an errored CAS draft while enforcing standing warnings
TestingLibraryElementError: Unable to find an element with the text: 活动修订 #1. This could be because the text is broken up by multiple elements. In this case, you can provide a function for your text matcher to make your matcher more flexible.

Ignored nodes: comments, script, style
[36m<body>[39m
  [36m<div>[39m
    [36m<section[39m
      [33maria-labelledby[39m=[32m"executions-title-project-policy-ui"[39m
      [33mclass[39m=[32m"stack"[39m
    [36m>[39m
      [36m<div[39m
        [33mclass[39m=[32m"panel-heading"[39m
      [36m>[39m
        [36m<div>[39m
          [36m<p[39m
            [33mclass[39m=[32m"eyebrow"[39m
          [36m>[39m
            [0m项目执行[0m
          [36m</p>[39m
          [36m<h3[39m
            [33mid[39m=[32m"executions-title-project-policy-ui"[39m
          [36m>[39m
            [0m运行详情[0m
          [36m</h3>[39m
        [36m</div>[39m
        [36m<button[39m
          [33mstyle[39m=[32m"min-height: var(--control-min);"[39m
          [33mtype[39m=[32m"button"[39m
        [36m>[39m
          [0m刷新执行[0m
        [36m</button>[39m
      [36m</div>[39m
      [36m<section[39m
        [33maria-labelledby[39m=[32m"execution-picker-project-policy-ui"[39m
        [33mclass[39m=[32m"stack"[39m
      [36m>[39m
        [36m<h4[39m
          [33mid[39m=[32m"execution-picker-project-policy-ui"[39m
        [36m>[39m
          [0m选择并执行[0m
        [36m</h4>[39m
        [36m<div[39m
          [33mclass[39m=[32m"stack"[39m
        [36m>[39m
          [36m<label>[39m
            [36m<input[39m
              [33mtype[39m=[32m"checkbox"[39m
            [36m/>[39m
            [0mTask A[0m
          [36m</label>[39m
          [36m<label>[39m
            [36m<input[39m
              [33mtype[39m=[32m"checkbox"[39m
            [36m/>[39m
            [0mTask B[0m
          [36m</label>[39m
          [36m<label>[39m
            [36m<input[39m
              [33mtype[39m=[32m"checkbox"[39m
            [36m/>[39m
            [0mTask C[0m
          [36m</label>[39m
        [36m</div>[39m
        [36m<button[39m
          [33mdisabled[39m=[32m""[39m
          [33mstyle[39m=[32m"min-height: var(--control-min);"[39m
          [33mtype[39m=[32m"button"[39m
        [36m>[39m
          [0m开始执行所选任务[0m
        [36m</button>[39m
      [36m</section>[39m
      [36m<section[39m
        [33maria-labelledby[39m=[32m"validation-policy-project-policy-ui"[39m
        [33mclass[39m=[32m"stack"[39m
      [36m>[39m
        [36m<div[39m
          [33mclass[39m=[32m"panel-heading"[39m
        [36m>[39m
          [36m<div>[39m
            [36m<p[39m
              [33mclass[39m=[32m"eyebrow"[39m
            [36m>[39m
              [0m持续批准（standing approval）[0m
            [36m</p>[39m
            [36m<h4[39m
              [33mid[39m=[32m"validation-policy-project-policy-ui"[39m
              [33mtabindex[39m=[32m"-1"[39m
            [36m>[39m
              [0m验证政策[0m
            [36m</h4>[39m
          [36m</div>[39m
          [36m<button[39m
            [33mstyle[39m=[32m"min-height: var(--control-min);"[39m
            [33mtype[39m=[32m"button"[39m
          [36m>[39m
            [0m刷新政策[0m
          [36m</button>[39m
        [36m</div>[39m
        [36m<p>[39m
          [0m活动修订 #[0m
          [0m1[0m
          [0m · classifier v[0m
          [0m1[0m
          [0m · hash [0m
          [0maaaaaaaa[0m
        [36m</p>[39m
        [36m<div[39m
          [33maria-label[39m=[32m"不可变验证政策历史"[39m
        [36m>[39m
          [36m<ol>[39m
            [36m<li>[39m
              [0m不可变修订 #[0m
              [0m1[0m
              [0m · [0m
              [0m0[0m
              [0m 项 · hash [0m
              [0maaaaaaaa[0m
            [36m</li>[39m
          [36m</ol>[39m
        [36m</div>[39m
        [36m<div[39m
          [33mclass[39m=[32m"stack"[39m
        [36m>[39m
          [36m<p>[39m
            [0m当前政策为空；自动合入需要单次批准。[0m
          [36m</p>[39m
          [36m<button[39m
            [33mstyle[39m=[32m"min-height: var(--control-min);"[39m
            [33mtype[39m=[32m"button"[39m
          [36m>[39m
            [0m添加持续批准[0m
          [36m</button>[39m
        [36m</div>[39m
        [36m<p>[39m
          [0m保存将创建新的不可变修订；exact tuple 包含 executable、ordered args、workdir 和 required。 当前草稿 [0m
          [0m0[0m
          [0m/50 项，[0m
          [0m2[0m
          [0m/65536 bytes。[0m
        [36m</p>[39m
        [36m<label>[39m
          [36m<input[39m
            [33mtype[39m=[32m"checkbox"[39m
          [36m/>[39m
          [0m此 guardrail 不是 hostile OS sandbox。持续批准的本地程序仍可能产生平台无法隔离的本机、网络、进程或服务副作用，并可在未来 attempt 重复执行。[0m
        [36m</label>[39m
        [36m<button[39m
          [33mdisabled[39m=[32m""[39m
          [33mstyle[39m=[32m"min-height: var(--control-min);"[39m
          [33mtype[39m=[32m"button"[39m
        [36m>[39m
          [0m保存验证政策[0m
        [36m</button>[39m
      [36m</section>[39m
      [36m<p[39m
        [33mclass[39m=[32m"state-message"[39m
      [36m>[39m
        [0m尚无执行。[0m
      [36m</p>[39m
    [36m</section>[39m
  [36m</div>[39m
[36m</body>[39m

Ignored nodes: comments, script, style
[36m<body>[39m
  [36m<div>[39m
    [36m<section[39m
      [33maria-labelledby[39m=[32m"executions-title-project-policy-ui"[39m
      [33mclass[39m=[32m"stack"[39m
    [36m>[39m
      [36m<div[39m
        [33mclass[39m=[32m"panel-heading"[39m
      [36m>[39m
        [36m<div>[39m
          [36m<p[39m
            [33mclass[39m=[32m"eyebrow"[39m
          [36m>[39m
            [0m项目执行[0m
          [36m</p>[39m
          [36m<h3[39m
            [33mid[39m=[32m"executions-title-project-policy-ui"[39m
          [36m>[39m
            [0m运行详情[0m
          [36m</h3>[39m
        [36m</div>[39m
        [36m<button[39m
          [33mstyle[39m=[32m"min-height: var(--control-min);"[39m
          [33mtype[39m=[32m"button"[39m
        [36m>[39m
          [0m刷新执行[0m
        [36m</button>[39m
      [36m</div>[39m
      [36m<section[39m
        [33maria-labelledby[39m=[32m"execution-picker-project-policy-ui"[39m
        [33mclass[39m=[32m"stack"[39m
      [36m>[39m
        [36m<h4[39m
          [33mid[39m=[32m"execution-picker-project-policy-ui"[39m
        [36m>[39m
          [0m选择并执行[0m
        [36m</h4>[39m
        [36m<div[39m
          [33mclass[39m=[32m"stack"[39m
        [36m>[39m
          [36m<label>[39m
            [36m<input[39m
              [33mtype[39m=[32m"checkbox"[39m
            [36m/>[39m
            [0mTask A[0m
          [36m</label>[39m
          [36m<label>[39m
            [36m<input[39m
              [33mtype[39m=[32m"checkbox"[39m
            [36m/>[39m
            [0mTask B[0m
          [36m</label>[39m
          [36m<label>[39m
            [36m<input[39m
              [33mtype[39m=[32m"checkbox"[39m
            [36m/>[39m
            [0mTask C[0m
          [36m</label>[39m
        [36m</div>[39m
        [36m<button[39m
          [33mdisabled[39m=[32m""[39m
          [33mstyle[39m=[32m"min-height: var(--control-min);"[39m
          [33mtype[39m=[32m"button"[39m
        [36m>[39m
          [0m开始执行所选任务[0m
        [36m</button>[39m
      [36m</section>[39m
      [36m<section[39m
        [33maria-labelledby[39m=[32m"validation-policy-project-policy-ui"[39m
        [33mclass[39m=[32m"stack"[39m
      [36m>[39m
        [36m<div[39m
          [33mclass[39m=[32m"panel-heading"[39m
        [36m>[39m
          [36m<div>[39m
            [36m<p[39m
              [33mclass[39m=[32m"eyebrow"[39m
            [36m>[39m
              [0m持续批准（standing approval）[0m
            [36m</p>[39m
            [36m<h4[39m
              [33mid[39m=[32m"validation-policy-project-policy-ui"[39m
              [33mtabindex[39m=[32m"-1"[39m
            [36m>[39m
              [0m验证政策[0m
            [36m</h4>[39m
          [36m</div>[39m
          [36m<button[39m
            [33mstyle[39m=[32m"min-height: var(--control-min);"[39m
            [33mtype[39m=[32m"button"[39m
          [36m>[39m
            [0m刷新政策[0m
          [36m</button>[39m
        [36m</div>[39m
        [36m<p>[39m
          [0m活动修订 #[0m
          [0m1[0m
          [0m · classifier v[0m
          [0m1[0m
          [0m · hash [0m
          [0maaaaaaaa[0m
        [36m</p>[39m
        [36m<div[39m
          [33maria-label[39m=[32m"不可变验证政策历史"[39m
        [36m>[39m
          [36m<ol>[39m
            [36m<li>[39m
              [0m不可变修订 #[0m
              [0m1[0m
              [0m · [0m
              [0m0[0m
              [0m 项 · hash [0m
              [0maaaaaaaa[0m
            [36m</li>[39m
          [36m</ol>[39m
        [36m</div>[39m
        [36m<div[39m
          [33mclass[39m=[32m"stack"[39m
        [36m>[39m
          [36m<p>[39m
            [0m当前政策为空；自动合入需要单次批准。[0m
          [36m</p>[39m
          [36m<button[39m
            [33mstyle[39m=[32m"min-height: var(--control-min);"[39m
            [33mtype[39m=[32m"button"[39m
          [36m>[39m
            [0m添加持续批准[0m
          [36m</button>[39m
        [36m</div>[39m
        [36m<p>[39m
          [0m保存将创建新的不可变修订；exact tuple 包含 executable、ordered args、workdir 和 required。 当前草稿 [0m
          [0m0[0m
          [0m/50 项，[0m
          [0m2[0m
          [0m/65536 bytes。[0m
        [36m</p>[39m
        [36m<label>[39m
          [36m<input[39m
            [33mtype[39m=[32m"checkbox"[39m
          [36m/>[39m
          [0m此 guardrail 不是 hostile OS sandbox。持续批准的本地程序仍可能产生平台无法隔离的本机、网络、进程或服务副作用，并可在未来 attempt 重复执行。[0m
        [36m</label>[39m
        [36m<button[39m
          [33mdisabled[39m=[32m""[39m
          [33mstyle[39m=[32m"min-height: var(--control-min);"[39m
          [33mtype[39m=[32m"button"[39m
        [36m>[39m
          [0m保存验证政策[0m
        [36m</button>[39m
      [36m</section>[39m
      [36m<p[39m
        [33mclass[39m=[32m"state-message"[39m
      [36m>[39m
        [0m尚无执行。[0m
      [36m</p>[39m
    [36m</section>[39m
  [36m</div>[39m
[36m</body>[39m
 ❯ waitForWrapper node_modules/@testing-library/dom/dist/wait-for.js:163:27
 ❯ node_modules/@testing-library/dom/dist/query-helpers.js:86:33
 ❯ tests/execution-start-policy-ui.test.tsx:166:25
    164|
    165|     render(createElement(ExecutionPanel, { projectId: PROJECT_ID }));
    166|     expect(await screen.findByText("活动修订 #1")).toBeInTheDocument();
       |                         ^
    167|     expect(screen.getByText("不可变修订 #1")).toBeInTheDocument();
    168|     await user.click(screen.getByRole("button", { name: "添加持续批准" }));

⎯⎯⎯⎯⎯⎯⎯⎯⎯⎯⎯⎯⎯⎯⎯⎯⎯⎯⎯⎯⎯⎯⎯⎯[1/2]⎯

 FAIL  tests/execution-start-policy-ui.test.tsx > T-27 append-only validation policy UI > saves expectedVersion, tuple fields, required and warningAccepted, then announces and focuses success
TestingLibraryElementError: Unable to find an element with the text: 活动修订 #1. This could be because the text is broken up by multiple elements. In this case, you can provide a function for your text matcher to make your matcher more flexible.

Ignored nodes: comments, script, style
[36m<body>[39m
  [36m<div>[39m
    [36m<section[39m
      [33maria-labelledby[39m=[32m"executions-title-project-policy-ui"[39m
      [33mclass[39m=[32m"stack"[39m
    [36m>[39m
      [36m<div[39m
        [33mclass[39m=[32m"panel-heading"[39m
      [36m>[39m
        [36m<div>[39m
          [36m<p[39m
            [33mclass[39m=[32m"eyebrow"[39m
          [36m>[39m
            [0m项目执行[0m
          [36m</p>[39m
          [36m<h3[39m
            [33mid[39m=[32m"executions-title-project-policy-ui"[39m
          [36m>[39m
            [0m运行详情[0m
          [36m</h3>[39m
        [36m</div>[39m
        [36m<button[39m
          [33mstyle[39m=[32m"min-height: var(--control-min);"[39m
          [33mtype[39m=[32m"button"[39m
        [36m>[39m
          [0m刷新执行[0m
        [36m</button>[39m
      [36m</div>[39m
      [36m<section[39m
        [33maria-labelledby[39m=[32m"execution-picker-project-policy-ui"[39m
        [33mclass[39m=[32m"stack"[39m
      [36m>[39m
        [36m<h4[39m
          [33mid[39m=[32m"execution-picker-project-policy-ui"[39m
        [36m>[39m
          [0m选择并执行[0m
        [36m</h4>[39m
        [36m<div[39m
          [33mclass[39m=[32m"stack"[39m
        [36m>[39m
          [36m<label>[39m
            [36m<input[39m
              [33mtype[39m=[32m"checkbox"[39m
            [36m/>[39m
            [0mTask A[0m
          [36m</label>[39m
          [36m<label>[39m
            [36m<input[39m
              [33mtype[39m=[32m"checkbox"[39m
            [36m/>[39m
            [0mTask B[0m
          [36m</label>[39m
          [36m<label>[39m
            [36m<input[39m
              [33mtype[39m=[32m"checkbox"[39m
            [36m/>[39m
            [0mTask C[0m
          [36m</label>[39m
        [36m</div>[39m
        [36m<button[39m
          [33mdisabled[39m=[32m""[39m
          [33mstyle[39m=[32m"min-height: var(--control-min);"[39m
          [33mtype[39m=[32m"button"[39m
        [36m>[39m
          [0m开始执行所选任务[0m
        [36m</button>[39m
      [36m</section>[39m
      [36m<section[39m
        [33maria-labelledby[39m=[32m"validation-policy-project-policy-ui"[39m
        [33mclass[39m=[32m"stack"[39m
      [36m>[39m
        [36m<div[39m
          [33mclass[39m=[32m"panel-heading"[39m
        [36m>[39m
          [36m<div>[39m
            [36m<p[39m
              [33mclass[39m=[32m"eyebrow"[39m
            [36m>[39m
              [0m持续批准（standing approval）[0m
            [36m</p>[39m
            [36m<h4[39m
              [33mid[39m=[32m"validation-policy-project-policy-ui"[39m
              [33mtabindex[39m=[32m"-1"[39m
            [36m>[39m
              [0m验证政策[0m
            [36m</h4>[39m
          [36m</div>[39m
          [36m<button[39m
            [33mstyle[39m=[32m"min-height: var(--control-min);"[39m
            [33mtype[39m=[32m"button"[39m
          [36m>[39m
            [0m刷新政策[0m
          [36m</button>[39m
        [36m</div>[39m
        [36m<p>[39m
          [0m活动修订 #[0m
          [0m1[0m
          [0m · classifier v[0m
          [0m1[0m
          [0m · hash [0m
          [0maaaaaaaa[0m
        [36m</p>[39m
        [36m<div[39m
          [33maria-label[39m=[32m"不可变验证政策历史"[39m
        [36m>[39m
          [36m<ol>[39m
            [36m<li>[39m
              [0m不可变修订 #[0m
              [0m1[0m
              [0m · [0m
              [0m0[0m
              [0m 项 · hash [0m
              [0maaaaaaaa[0m
            [36m</li>[39m
          [36m</ol>[39m
        [36m</div>[39m
        [36m<div[39m
          [33mclass[39m=[32m"stack"[39m
        [36m>[39m
          [36m<p>[39m
            [0m当前政策为空；自动合入需要单次批准。[0m
          [36m</p>[39m
          [36m<button[39m
            [33mstyle[39m=[32m"min-height: var(--control-min);"[39m
            [33mtype[39m=[32m"button"[39m
          [36m>[39m
            [0m添加持续批准[0m
          [36m</button>[39m
        [36m</div>[39m
        [36m<p>[39m
          [0m保存将创建新的不可变修订；exact tuple 包含 executable、ordered args、workdir 和 required。 当前草稿 [0m
          [0m0[0m
          [0m/50 项，[0m
          [0m2[0m
          [0m/65536 bytes。[0m
        [36m</p>[39m
        [36m<label>[39m
          [36m<input[39m
            [33mtype[39m=[32m"checkbox"[39m
          [36m/>[39m
          [0m此 guardrail 不是 hostile OS sandbox。持续批准的本地程序仍可能产生平台无法隔离的本机、网络、进程或服务副作用，并可在未来 attempt 重复执行。[0m
        [36m</label>[39m
        [36m<button[39m
          [33mdisabled[39m=[32m""[39m
          [33mstyle[39m=[32m"min-height: var(--control-min);"[39m
          [33mtype[39m=[32m"button"[39m
        [36m>[39m
          [0m保存验证政策[0m
        [36m</button>[39m
      [36m</section>[39m
      [36m<p[39m
        [33mclass[39m=[32m"state-message"[39m
      [36m>[39m
        [0m尚无执行。[0m
      [36m</p>[39m
    [36m</section>[39m
  [36m</div>[39m
[36m</body>[39m

Ignored nodes: comments, script, style
[36m<body>[39m
  [36m<div>[39m
    [36m<section[39m
      [33maria-labelledby[39m=[32m"executions-title-project-policy-ui"[39m
      [33mclass[39m=[32m"stack"[39m
    [36m>[39m
      [36m<div[39m
        [33mclass[39m=[32m"panel-heading"[39m
      [36m>[39m
        [36m<div>[39m
          [36m<p[39m
            [33mclass[39m=[32m"eyebrow"[39m
          [36m>[39m
            [0m项目执行[0m
          [36m</p>[39m
          [36m<h3[39m
            [33mid[39m=[32m"executions-title-project-policy-ui"[39m
          [36m>[39m
            [0m运行详情[0m
          [36m</h3>[39m
        [36m</div>[39m
        [36m<button[39m
          [33mstyle[39m=[32m"min-height: var(--control-min);"[39m
          [33mtype[39m=[32m"button"[39m
        [36m>[39m
          [0m刷新执行[0m
        [36m</button>[39m
      [36m</div>[39m
      [36m<section[39m
        [33maria-labelledby[39m=[32m"execution-picker-project-policy-ui"[39m
        [33mclass[39m=[32m"stack"[39m
      [36m>[39m
        [36m<h4[39m
          [33mid[39m=[32m"execution-picker-project-policy-ui"[39m
        [36m>[39m
          [0m选择并执行[0m
        [36m</h4>[39m
        [36m<div[39m
          [33mclass[39m=[32m"stack"[39m
        [36m>[39m
          [36m<label>[39m
            [36m<input[39m
              [33mtype[39m=[32m"checkbox"[39m
            [36m/>[39m
            [0mTask A[0m
          [36m</label>[39m
          [36m<label>[39m
            [36m<input[39m
              [33mtype[39m=[32m"checkbox"[39m
            [36m/>[39m
            [0mTask B[0m
          [36m</label>[39m
          [36m<label>[39m
            [36m<input[39m
              [33mtype[39m=[32m"checkbox"[39m
            [36m/>[39m
            [0mTask C[0m
          [36m</label>[39m
        [36m</div>[39m
        [36m<button[39m
          [33mdisabled[39m=[32m""[39m
          [33mstyle[39m=[32m"min-height: var(--control-min);"[39m
          [33mtype[39m=[32m"button"[39m
        [36m>[39m
          [0m开始执行所选任务[0m
        [36m</button>[39m
      [36m</section>[39m
      [36m<section[39m
        [33maria-labelledby[39m=[32m"validation-policy-project-policy-ui"[39m
        [33mclass[39m=[32m"stack"[39m
      [36m>[39m
        [36m<div[39m
          [33mclass[39m=[32m"panel-heading"[39m
        [36m>[39m
          [36m<div>[39m
            [36m<p[39m
              [33mclass[39m=[32m"eyebrow"[39m
            [36m>[39m
              [0m持续批准（standing approval）[0m
            [36m</p>[39m
            [36m<h4[39m
              [33mid[39m=[32m"validation-policy-project-policy-ui"[39m
              [33mtabindex[39m=[32m"-1"[39m
            [36m>[39m
              [0m验证政策[0m
            [36m</h4>[39m
          [36m</div>[39m
          [36m<button[39m
            [33mstyle[39m=[32m"min-height: var(--control-min);"[39m
            [33mtype[39m=[32m"button"[39m
          [36m>[39m
            [0m刷新政策[0m
          [36m</button>[39m
        [36m</div>[39m
        [36m<p>[39m
          [0m活动修订 #[0m
          [0m1[0m
          [0m · classifier v[0m
          [0m1[0m
          [0m · hash [0m
          [0maaaaaaaa[0m
        [36m</p>[39m
        [36m<div[39m
          [33maria-label[39m=[32m"不可变验证政策历史"[39m
        [36m>[39m
          [36m<ol>[39m
            [36m<li>[39m
              [0m不可变修订 #[0m
              [0m1[0m
              [0m · [0m
              [0m0[0m
              [0m 项 · hash [0m
              [0maaaaaaaa[0m
            [36m</li>[39m
          [36m</ol>[39m
        [36m</div>[39m
        [36m<div[39m
          [33mclass[39m=[32m"stack"[39m
        [36m>[39m
          [36m<p>[39m
            [0m当前政策为空；自动合入需要单次批准。[0m
          [36m</p>[39m
          [36m<button[39m
            [33mstyle[39m=[32m"min-height: var(--control-min);"[39m
            [33mtype[39m=[32m"button"[39m
          [36m>[39m
            [0m添加持续批准[0m
          [36m</button>[39m
        [36m</div>[39m
        [36m<p>[39m
          [0m保存将创建新的不可变修订；exact tuple 包含 executable、ordered args、workdir 和 required。 当前草稿 [0m
          [0m0[0m
          [0m/50 项，[0m
          [0m2[0m
          [0m/65536 bytes。[0m
        [36m</p>[39m
        [36m<label>[39m
          [36m<input[39m
            [33mtype[39m=[32m"checkbox"[39m
          [36m/>[39m
          [0m此 guardrail 不是 hostile OS sandbox。持续批准的本地程序仍可能产生平台无法隔离的本机、网络、进程或服务副作用，并可在未来 attempt 重复执行。[0m
        [36m</label>[39m
        [36m<button[39m
          [33mdisabled[39m=[32m""[39m
          [33mstyle[39m=[32m"min-height: var(--control-min);"[39m
          [33mtype[39m=[32m"button"[39m
        [36m>[39m
          [0m保存验证政策[0m
        [36m</button>[39m
      [36m</section>[39m
      [36m<p[39m
        [33mclass[39m=[32m"state-message"[39m
      [36m>[39m
        [0m尚无执行。[0m
      [36m</p>[39m
    [36m</section>[39m
  [36m</div>[39m
[36m</body>[39m
 ❯ waitForWrapper node_modules/@testing-library/dom/dist/wait-for.js:163:27
 ❯ node_modules/@testing-library/dom/dist/query-helpers.js:86:33
 ❯ tests/execution-start-policy-ui.test.tsx:202:18
    200|
    201|     render(createElement(ExecutionPanel, { projectId: PROJECT_ID }));
    202|     await screen.findByText("活动修订 #1");
       |                  ^
    203|     await user.click(screen.getByRole("button", { name: "添加持续批准" }));
    204|     await user.type(screen.getByRole("textbox", { name: "可执行文件" }), "n…

⎯⎯⎯⎯⎯⎯⎯⎯⎯⎯⎯⎯⎯⎯⎯⎯⎯⎯⎯⎯⎯⎯⎯⎯[2/2]⎯


 Test Files  1 failed (1)
      Tests  2 failed | 1 passed (3)
   Start at  16:27:01
   Duration  4.75s (transform 211ms, setup 405ms, import 280ms, tests 2.37s, environment 1.42s)

# exit: 1
