# hf-gate-run
# label: t27-red
# command: npm.cmd test -- tests/execution-start-policy-ui.test.tsx
# started: 2026-07-30T08:22:32+00:00

> collaboration-cockpit@0.1.0 test
> vitest run tests/execution-start-policy-ui.test.tsx


 RUN  v4.1.10 D:/cool-ai

 ❯ tests/execution-start-policy-ui.test.tsx (3 tests | 3 failed) 3285ms
     × starts at most two eligible tasks concurrently and keeps each result and retry independent 1272ms
     × loads immutable history and keeps an errored CAS draft while enforcing standing warnings 1006ms
     × saves expectedVersion, tuple fields, required and warningAccepted, then announces and focuses success 1005ms

⎯⎯⎯⎯⎯⎯⎯ Failed Tests 3 ⎯⎯⎯⎯⎯⎯⎯

 FAIL  tests/execution-start-policy-ui.test.tsx > T-27 execution start UI > starts at most two eligible tasks concurrently and keeps each result and retry independent
TestingLibraryElementError: Unable to find role="heading" and name "Task A"

Ignored nodes: comments, script, style
[36m<body>[39m
  [36m<div>[39m
    [36m<section[39m
      [33maria-labelledby[39m=[32m"executions-title-project-policy-ui"[39m
      [33mclass[39m=[32m"stack"[39m
    [36m>[39m
      [36m<div[39m
        [33mclass[39m=[32m"panel-heading"[39m
      [36m>[39m
        [36m<div>[39m
          [36m<p[39m
            [33mclass[39m=[32m"eyebrow"[39m
          [36m>[39m
            [0m项目执行[0m
          [36m</p>[39m
          [36m<h3[39m
            [33mid[39m=[32m"executions-title-project-policy-ui"[39m
          [36m>[39m
            [0m运行详情[0m
          [36m</h3>[39m
        [36m</div>[39m
        [36m<button[39m
          [33mstyle[39m=[32m"min-height: var(--control-min);"[39m
          [33mtype[39m=[32m"button"[39m
        [36m>[39m
          [0m刷新执行[0m
        [36m</button>[39m
      [36m</div>[39m
      [36m<section[39m
        [33maria-labelledby[39m=[32m"execution-picker-project-policy-ui"[39m
        [33mclass[39m=[32m"stack"[39m
      [36m>[39m
        [36m<h4[39m
          [33mid[39m=[32m"execution-picker-project-policy-ui"[39m
        [36m>[39m
          [0m选择并执行[0m
        [36m</h4>[39m
        [36m<div[39m
          [33mclass[39m=[32m"stack"[39m
        [36m>[39m
          [36m<label>[39m
            [36m<input[39m
              [33mtype[39m=[32m"checkbox"[39m
            [36m/>[39m
            [0mTask A[0m
          [36m</label>[39m
          [36m<label>[39m
            [36m<input[39m
              [33mtype[39m=[32m"checkbox"[39m
            [36m/>[39m
            [0mTask B[0m
          [36m</label>[39m
          [36m<label>[39m
            [36m<input[39m
              [33mdisabled[39m=[32m""[39m
              [33mtype[39m=[32m"checkbox"[39m
            [36m/>[39m
            [0mTask C[0m
          [36m</label>[39m
        [36m</div>[39m
        [36m<button[39m
          [33mstyle[39m=[32m"min-height: var(--control-min);"[39m
          [33mtype[39m=[32m"button"[39m
        [36m>[39m
          [0m开始执行所选任务[0m
        [36m</button>[39m
        [36m<div[39m
          [33maria-label[39m=[32m"启动结果"[39m
          [33mclass[39m=[32m"stack"[39m
        [36m>[39m
          [36m<div>[39m
            [36m<p[39m
              [33maria-live[39m=[32m"polite"[39m
            [36m>[39m
              [0mTask A[0m
              [0m 已启动[0m
            [36m</p>[39m
          [36m</div>[39m
          [36m<div>[39m
            [36m<p[39m
              [33mrole[39m=[32m"alert"[39m
            [36m>[39m
              [0mTask B：任务当前无法启动。[0m
            [36m</p>[39m
            [36m<button[39m
              [33mstyle[39m=[32m"min-height: var(--control-min);"[39m
              [33mtype[39m=[32m"button"[39m
            [36m>[39m
              [0m重试 [0m
              [0mTask B[0m
            [36m</button>[39m
          [36m</div>[39m
        [36m</div>[39m
      [36m</section>[39m
      [36m<p[39m
        [33mclass[39m=[32m"state-message"[39m
      [36m>[39m
        [0m尚无执行。[0m
      [36m</p>[39m
    [36m</section>[39m
  [36m</div>[39m
[36m</body>[39m

Ignored nodes: comments, script, style
[36m<body>[39m
  [36m<div>[39m
    [36m<section[39m
      [33maria-labelledby[39m=[32m"executions-title-project-policy-ui"[39m
      [33mclass[39m=[32m"stack"[39m
    [36m>[39m
      [36m<div[39m
        [33mclass[39m=[32m"panel-heading"[39m
      [36m>[39m
        [36m<div>[39m
          [36m<p[39m
            [33mclass[39m=[32m"eyebrow"[39m
          [36m>[39m
            [0m项目执行[0m
          [36m</p>[39m
          [36m<h3[39m
            [33mid[39m=[32m"executions-title-project-policy-ui"[39m
          [36m>[39m
            [0m运行详情[0m
          [36m</h3>[39m
        [36m</div>[39m
        [36m<button[39m
          [33mstyle[39m=[32m"min-height: var(--control-min);"[39m
          [33mtype[39m=[32m"button"[39m
        [36m>[39m
          [0m刷新执行[0m
        [36m</button>[39m
      [36m</div>[39m
      [36m<section[39m
        [33maria-labelledby[39m=[32m"execution-picker-project-policy-ui"[39m
        [33mclass[39m=[32m"stack"[39m
      [36m>[39m
        [36m<h4[39m
          [33mid[39m=[32m"execution-picker-project-policy-ui"[39m
        [36m>[39m
          [0m选择并执行[0m
        [36m</h4>[39m
        [36m<div[39m
          [33mclass[39m=[32m"stack"[39m
        [36m>[39m
          [36m<label>[39m
            [36m<input[39m
              [33mtype[39m=[32m"checkbox"[39m
            [36m/>[39m
            [0mTask A[0m
          [36m</label>[39m
          [36m<label>[39m
            [36m<input[39m
              [33mtype[39m=[32m"checkbox"[39m
            [36m/>[39m
            [0mTask B[0m
          [36m</label>[39m
          [36m<label>[39m
            [36m<input[39m
              [33mdisabled[39m=[32m""[39m
              [33mtype[39m=[32m"checkbox"[39m
            [36m/>[39m
            [0mTask C[0m
          [36m</label>[39m
        [36m</div>[39m
        [36m<button[39m
          [33mstyle[39m=[32m"min-height: var(--control-min);"[39m
          [33mtype[39m=[32m"button"[39m
        [36m>[39m
          [0m开始执行所选任务[0m
        [36m</button>[39m
        [36m<div[39m
          [33maria-label[39m=[32m"启动结果"[39m
          [33mclass[39m=[32m"stack"[39m
        [36m>[39m
          [36m<div>[39m
            [36m<p[39m
              [33maria-live[39m=[32m"polite"[39m
            [36m>[39m
              [0mTask A[0m
              [0m 已启动[0m
            [36m</p>[39m
          [36m</div>[39m
          [36m<div>[39m
            [36m<p[39m
              [33mrole[39m=[32m"alert"[39m
            [36m>[39m
              [0mTask B：任务当前无法启动。[0m
            [36m</p>[39m
            [36m<button[39m
              [33mstyle[39m=[32m"min-height: var(--control-min);"[39m
              [33mtype[39m=[32m"button"[39m
            [36m>[39m
              [0m重试 [0m
              [0mTask B[0m
            [36m</button>[39m
          [36m</div>[39m
        [36m</div>[39m
      [36m</section>[39m
      [36m<p[39m
        [33mclass[39m=[32m"state-message"[39m
      [36m>[39m
        [0m尚无执行。[0m
      [36m</p>[39m
    [36m</section>[39m
  [36m</div>[39m
[36m</body>[39m
 ❯ waitForWrapper node_modules/@testing-library/dom/dist/wait-for.js:163:27
 ❯ node_modules/@testing-library/dom/dist/query-helpers.js:86:33
 ❯ tests/execution-start-policy-ui.test.tsx:142:44
    140|     expect(await screen.findByText("Task A 已启动")).toBeInTheDocument();
    141|     expect(await screen.findByRole("alert")).toHaveTextContent("Task B…
    142|     const successfulHeading = await screen.findByRole("heading", { nam…
       |                                            ^
    143|     expect(successfulHeading).toHaveFocus();
    144|

⎯⎯⎯⎯⎯⎯⎯⎯⎯⎯⎯⎯⎯⎯⎯⎯⎯⎯⎯⎯⎯⎯⎯⎯[1/3]⎯

 FAIL  tests/execution-start-policy-ui.test.tsx > T-27 append-only validation policy UI > loads immutable history and keeps an errored CAS draft while enforcing standing warnings
TestingLibraryElementError: Unable to find an element with the text: 活动修订 #1. This could be because the text is broken up by multiple elements. In this case, you can provide a function for your text matcher to make your matcher more flexible.

Ignored nodes: comments, script, style
[36m<body>[39m
  [36m<div>[39m
    [36m<section[39m
      [33maria-labelledby[39m=[32m"executions-title-project-policy-ui"[39m
      [33mclass[39m=[32m"stack"[39m
    [36m>[39m
      [36m<div[39m
        [33mclass[39m=[32m"panel-heading"[39m
      [36m>[39m
        [36m<div>[39m
          [36m<p[39m
            [33mclass[39m=[32m"eyebrow"[39m
          [36m>[39m
            [0m项目执行[0m
          [36m</p>[39m
          [36m<h3[39m
            [33mid[39m=[32m"executions-title-project-policy-ui"[39m
          [36m>[39m
            [0m运行详情[0m
          [36m</h3>[39m
        [36m</div>[39m
        [36m<button[39m
          [33mstyle[39m=[32m"min-height: var(--control-min);"[39m
          [33mtype[39m=[32m"button"[39m
        [36m>[39m
          [0m刷新执行[0m
        [36m</button>[39m
      [36m</div>[39m
      [36m<section[39m
        [33maria-labelledby[39m=[32m"execution-picker-project-policy-ui"[39m
        [33mclass[39m=[32m"stack"[39m
      [36m>[39m
        [36m<h4[39m
          [33mid[39m=[32m"execution-picker-project-policy-ui"[39m
        [36m>[39m
          [0m选择并执行[0m
        [36m</h4>[39m
        [36m<div[39m
          [33mclass[39m=[32m"stack"[39m
        [36m>[39m
          [36m<label>[39m
            [36m<input[39m
              [33mtype[39m=[32m"checkbox"[39m
            [36m/>[39m
            [0mTask A[0m
          [36m</label>[39m
          [36m<label>[39m
            [36m<input[39m
              [33mtype[39m=[32m"checkbox"[39m
            [36m/>[39m
            [0mTask B[0m
          [36m</label>[39m
          [36m<label>[39m
            [36m<input[39m
              [33mtype[39m=[32m"checkbox"[39m
            [36m/>[39m
            [0mTask C[0m
          [36m</label>[39m
        [36m</div>[39m
        [36m<button[39m
          [33mdisabled[39m=[32m""[39m
          [33mstyle[39m=[32m"min-height: var(--control-min);"[39m
          [33mtype[39m=[32m"button"[39m
        [36m>[39m
          [0m开始执行所选任务[0m
        [36m</button>[39m
      [36m</section>[39m
      [36m<p[39m
        [33mclass[39m=[32m"state-message"[39m
      [36m>[39m
        [0m尚无执行。[0m
      [36m</p>[39m
    [36m</section>[39m
  [36m</div>[39m
[36m</body>[39m

Ignored nodes: comments, script, style
[36m<body>[39m
  [36m<div>[39m
    [36m<section[39m
      [33maria-labelledby[39m=[32m"executions-title-project-policy-ui"[39m
      [33mclass[39m=[32m"stack"[39m
    [36m>[39m
      [36m<div[39m
        [33mclass[39m=[32m"panel-heading"[39m
      [36m>[39m
        [36m<div>[39m
          [36m<p[39m
            [33mclass[39m=[32m"eyebrow"[39m
          [36m>[39m
            [0m项目执行[0m
          [36m</p>[39m
          [36m<h3[39m
            [33mid[39m=[32m"executions-title-project-policy-ui"[39m
          [36m>[39m
            [0m运行详情[0m
          [36m</h3>[39m
        [36m</div>[39m
        [36m<button[39m
          [33mstyle[39m=[32m"min-height: var(--control-min);"[39m
          [33mtype[39m=[32m"button"[39m
        [36m>[39m
          [0m刷新执行[0m
        [36m</button>[39m
      [36m</div>[39m
      [36m<section[39m
        [33maria-labelledby[39m=[32m"execution-picker-project-policy-ui"[39m
        [33mclass[39m=[32m"stack"[39m
      [36m>[39m
        [36m<h4[39m
          [33mid[39m=[32m"execution-picker-project-policy-ui"[39m
        [36m>[39m
          [0m选择并执行[0m
        [36m</h4>[39m
        [36m<div[39m
          [33mclass[39m=[32m"stack"[39m
        [36m>[39m
          [36m<label>[39m
            [36m<input[39m
              [33mtype[39m=[32m"checkbox"[39m
            [36m/>[39m
            [0mTask A[0m
          [36m</label>[39m
          [36m<label>[39m
            [36m<input[39m
              [33mtype[39m=[32m"checkbox"[39m
            [36m/>[39m
            [0mTask B[0m
          [36m</label>[39m
          [36m<label>[39m
            [36m<input[39m
              [33mtype[39m=[32m"checkbox"[39m
            [36m/>[39m
            [0mTask C[0m
          [36m</label>[39m
        [36m</div>[39m
        [36m<button[39m
          [33mdisabled[39m=[32m""[39m
          [33mstyle[39m=[32m"min-height: var(--control-min);"[39m
          [33mtype[39m=[32m"button"[39m
        [36m>[39m
          [0m开始执行所选任务[0m
        [36m</button>[39m
      [36m</section>[39m
      [36m<p[39m
        [33mclass[39m=[32m"state-message"[39m
      [36m>[39m
        [0m尚无执行。[0m
      [36m</p>[39m
    [36m</section>[39m
  [36m</div>[39m
[36m</body>[39m
 ❯ waitForWrapper node_modules/@testing-library/dom/dist/wait-for.js:163:27
 ❯ node_modules/@testing-library/dom/dist/query-helpers.js:86:33
 ❯ tests/execution-start-policy-ui.test.tsx:166:25
    164|
    165|     render(createElement(ExecutionPanel, { projectId: PROJECT_ID }));
    166|     expect(await screen.findByText("活动修订 #1")).toBeInTheDocument();
       |                         ^
    167|     expect(screen.getByText("不可变修订 #1")).toBeInTheDocument();
    168|     await user.click(screen.getByRole("button", { name: "添加持续批准" }));

⎯⎯⎯⎯⎯⎯⎯⎯⎯⎯⎯⎯⎯⎯⎯⎯⎯⎯⎯⎯⎯⎯⎯⎯[2/3]⎯

 FAIL  tests/execution-start-policy-ui.test.tsx > T-27 append-only validation policy UI > saves expectedVersion, tuple fields, required and warningAccepted, then announces and focuses success
TestingLibraryElementError: Unable to find an element with the text: 活动修订 #1. This could be because the text is broken up by multiple elements. In this case, you can provide a function for your text matcher to make your matcher more flexible.

Ignored nodes: comments, script, style
[36m<body>[39m
  [36m<div>[39m
    [36m<section[39m
      [33maria-labelledby[39m=[32m"executions-title-project-policy-ui"[39m
      [33mclass[39m=[32m"stack"[39m
    [36m>[39m
      [36m<div[39m
        [33mclass[39m=[32m"panel-heading"[39m
      [36m>[39m
        [36m<div>[39m
          [36m<p[39m
            [33mclass[39m=[32m"eyebrow"[39m
          [36m>[39m
            [0m项目执行[0m
          [36m</p>[39m
          [36m<h3[39m
            [33mid[39m=[32m"executions-title-project-policy-ui"[39m
          [36m>[39m
            [0m运行详情[0m
          [36m</h3>[39m
        [36m</div>[39m
        [36m<button[39m
          [33mstyle[39m=[32m"min-height: var(--control-min);"[39m
          [33mtype[39m=[32m"button"[39m
        [36m>[39m
          [0m刷新执行[0m
        [36m</button>[39m
      [36m</div>[39m
      [36m<section[39m
        [33maria-labelledby[39m=[32m"execution-picker-project-policy-ui"[39m
        [33mclass[39m=[32m"stack"[39m
      [36m>[39m
        [36m<h4[39m
          [33mid[39m=[32m"execution-picker-project-policy-ui"[39m
        [36m>[39m
          [0m选择并执行[0m
        [36m</h4>[39m
        [36m<div[39m
          [33mclass[39m=[32m"stack"[39m
        [36m>[39m
          [36m<label>[39m
            [36m<input[39m
              [33mtype[39m=[32m"checkbox"[39m
            [36m/>[39m
            [0mTask A[0m
          [36m</label>[39m
          [36m<label>[39m
            [36m<input[39m
              [33mtype[39m=[32m"checkbox"[39m
            [36m/>[39m
            [0mTask B[0m
          [36m</label>[39m
          [36m<label>[39m
            [36m<input[39m
              [33mtype[39m=[32m"checkbox"[39m
            [36m/>[39m
            [0mTask C[0m
          [36m</label>[39m
        [36m</div>[39m
        [36m<button[39m
          [33mdisabled[39m=[32m""[39m
          [33mstyle[39m=[32m"min-height: var(--control-min);"[39m
          [33mtype[39m=[32m"button"[39m
        [36m>[39m
          [0m开始执行所选任务[0m
        [36m</button>[39m
      [36m</section>[39m
      [36m<p[39m
        [33mclass[39m=[32m"state-message"[39m
      [36m>[39m
        [0m尚无执行。[0m
      [36m</p>[39m
    [36m</section>[39m
  [36m</div>[39m
[36m</body>[39m

Ignored nodes: comments, script, style
[36m<body>[39m
  [36m<div>[39m
    [36m<section[39m
      [33maria-labelledby[39m=[32m"executions-title-project-policy-ui"[39m
      [33mclass[39m=[32m"stack"[39m
    [36m>[39m
      [36m<div[39m
        [33mclass[39m=[32m"panel-heading"[39m
      [36m>[39m
        [36m<div>[39m
          [36m<p[39m
            [33mclass[39m=[32m"eyebrow"[39m
          [36m>[39m
            [0m项目执行[0m
          [36m</p>[39m
          [36m<h3[39m
            [33mid[39m=[32m"executions-title-project-policy-ui"[39m
          [36m>[39m
            [0m运行详情[0m
          [36m</h3>[39m
        [36m</div>[39m
        [36m<button[39m
          [33mstyle[39m=[32m"min-height: var(--control-min);"[39m
          [33mtype[39m=[32m"button"[39m
        [36m>[39m
          [0m刷新执行[0m
        [36m</button>[39m
      [36m</div>[39m
      [36m<section[39m
        [33maria-labelledby[39m=[32m"execution-picker-project-policy-ui"[39m
        [33mclass[39m=[32m"stack"[39m
      [36m>[39m
        [36m<h4[39m
          [33mid[39m=[32m"execution-picker-project-policy-ui"[39m
        [36m>[39m
          [0m选择并执行[0m
        [36m</h4>[39m
        [36m<div[39m
          [33mclass[39m=[32m"stack"[39m
        [36m>[39m
          [36m<label>[39m
            [36m<input[39m
              [33mtype[39m=[32m"checkbox"[39m
            [36m/>[39m
            [0mTask A[0m
          [36m</label>[39m
          [36m<label>[39m
            [36m<input[39m
              [33mtype[39m=[32m"checkbox"[39m
            [36m/>[39m
            [0mTask B[0m
          [36m</label>[39m
          [36m<label>[39m
            [36m<input[39m
              [33mtype[39m=[32m"checkbox"[39m
            [36m/>[39m
            [0mTask C[0m
          [36m</label>[39m
        [36m</div>[39m
        [36m<button[39m
          [33mdisabled[39m=[32m""[39m
          [33mstyle[39m=[32m"min-height: var(--control-min);"[39m
          [33mtype[39m=[32m"button"[39m
        [36m>[39m
          [0m开始执行所选任务[0m
        [36m</button>[39m
      [36m</section>[39m
      [36m<p[39m
        [33mclass[39m=[32m"state-message"[39m
      [36m>[39m
        [0m尚无执行。[0m
      [36m</p>[39m
    [36m</section>[39m
  [36m</div>[39m
[36m</body>[39m
 ❯ waitForWrapper node_modules/@testing-library/dom/dist/wait-for.js:163:27
 ❯ node_modules/@testing-library/dom/dist/query-helpers.js:86:33
 ❯ tests/execution-start-policy-ui.test.tsx:202:18
    200|
    201|     render(createElement(ExecutionPanel, { projectId: PROJECT_ID }));
    202|     await screen.findByText("活动修订 #1");
       |                  ^
    203|     await user.click(screen.getByRole("button", { name: "添加持续批准" }));
    204|     await user.type(screen.getByRole("textbox", { name: "可执行文件" }), "n…

⎯⎯⎯⎯⎯⎯⎯⎯⎯⎯⎯⎯⎯⎯⎯⎯⎯⎯⎯⎯⎯⎯⎯⎯[3/3]⎯


 Test Files  1 failed (1)
      Tests  3 failed (3)
   Start at  16:22:33
   Duration  5.52s (transform 79ms, setup 344ms, import 191ms, tests 3.29s, environment 1.43s)

# exit: 1
