# hf-gate-run
# label: t27-regressions
# command: npm.cmd test -- tests/execution-slice.test.tsx tests/execution-eligibility.test.ts tests/validation-policy.test.ts tests/command-policy.test.ts
# started: 2026-07-30T08:29:36+00:00

> collaboration-cockpit@0.1.0 test
> vitest run tests/execution-slice.test.tsx tests/execution-eligibility.test.ts tests/validation-policy.test.ts tests/command-policy.test.ts


 RUN  v4.1.10 D:/cool-ai

(node:15684) ExperimentalWarning: SQLite is an experimental feature and might change at any time
(Use `node --trace-warnings ...` to show where the warning was created)
(node:10312) ExperimentalWarning: SQLite is an experimental feature and might change at any time
(Use `node --trace-warnings ...` to show where the warning was created)
(node:11628) ExperimentalWarning: SQLite is an experimental feature and might change at any time
(Use `node --trace-warnings ...` to show where the warning was created)
 ❯ tests/execution-slice.test.tsx (2 tests | 1 failed) 1288ms
     × renders route-backed loading, empty, error recovery, queued preparation, and refresh rehydration 377ms
 ❯ tests/execution-eligibility.test.ts (8 tests | 1 failed) 6628ms
     × starts two selections concurrently with independent operation ids and retries only the failed operation 1822ms

⎯⎯⎯⎯⎯⎯⎯ Failed Tests 2 ⎯⎯⎯⎯⎯⎯⎯

 FAIL  tests/execution-eligibility.test.ts > execution selection UI > starts two selections concurrently with independent operation ids and retries only the failed operation
TestingLibraryElementError: Found multiple elements with the role "alert"

Here are the matching elements:

Ignored nodes: comments, script, style
[36m<p[39m
  [33mrole[39m=[32m"alert"[39m
[36m>[39m
  [0mTask B：任务当前无法启动。[0m
[36m</p>[39m

Ignored nodes: comments, script, style
[36m<p[39m
  [33mrole[39m=[32m"alert"[39m
[36m>[39m
  [0m无法加载验证政策。[0m
[36m</p>[39m

(If this is intentional, then use the `*AllBy*` variant of the query (like `queryAllByText`, `getAllByText`, or `findAllByText`)).

Ignored nodes: comments, script, style
[36m<body>[39m
  [36m<div>[39m
    [36m<section[39m
      [33maria-labelledby[39m=[32m"executions-title-eligibility-project"[39m
      [33mclass[39m=[32m"stack"[39m
    [36m>[39m
      [36m<div[39m
        [33mclass[39m=[32m"panel-heading"[39m
      [36m>[39m
        [36m<div>[39m
          [36m<p[39m
            [33mclass[39m=[32m"eyebrow"[39m
          [36m>[39m
            [0m项目执行[0m
          [36m</p>[39m
          [36m<h3[39m
            [33mid[39m=[32m"executions-title-eligibility-project"[39m
          [36m>[39m
            [0m运行详情[0m
          [36m</h3>[39m
        [36m</div>[39m
        [36m<button[39m
          [33mstyle[39m=[32m"min-height: var(--control-min);"[39m
          [33mtype[39m=[32m"button"[39m
        [36m>[39m
          [0m刷新执行[0m
        [36m</button>[39m
      [36m</div>[39m
      [36m<section[39m
        [33maria-labelledby[39m=[32m"execution-picker-eligibility-project"[39m
        [33mclass[39m=[32m"stack"[39m
      [36m>[39m
        [36m<h4[39m
          [33mid[39m=[32m"execution-picker-eligibility-project"[39m
        [36m>[39m
          [0m选择并执行[0m
        [36m</h4>[39m
        [36m<div[39m
          [33mclass[39m=[32m"stack"[39m
        [36m>[39m
          [36m<label>[39m
            [36m<input[39m
              [33mtype[39m=[32m"checkbox"[39m
            [36m/>[39m
            [0mTask A[0m
          [36m</label>[39m
          [36m<label>[39m
            [36m<input[39m
              [33mtype[39m=[32m"checkbox"[39m
            [36m/>[39m
            [0mTask B[0m
          [36m</label>[39m
          [36m<label>[39m
            [36m<input[39m
              [33mdisabled[39m=[32m""[39m
              [33mtype[39m=[32m"checkbox"[39m
            [36m/>[39m
            [0mTask C[0m
          [36m</label>[39m
        [36m</div>[39m
        [36m<button[39m
          [33mstyle[39m=[32m"min-height: var(--control-min);"[39m
          [33mtype[39m=[32m"button"[39m
        [36m>[39m
          [0m开始执行所选任务[0m
        [36m</button>[39m
        [36m<div[39m
          [33maria-label[39m=[32m"启动结果"[39m
          [33mclass[39m=[32m"stack"[39m
        [36m>[39m
          [36m<div>[39m
            [36m<p[39m
              [33maria-live[39m=[32m"polite"[39m
            [36m>[39m
              [0mTask A[0m
              [0m 已启动[0m
            [36m</p>[39m
          [36m</div>[39m
          [36m<div>[39m
            [36m<p[39m
              [33mrole[39m=[32m"alert"[39m
            [36m>[39m
              [0mTask B：任务当前无法启动。[0m
            [36m</p>[39m
            [36m<button[39m
              [33mstyle[39m=[32m"min-height: var(--control-min);"[39m
              [33mtype[39m=[32m"button"[39m
            [36m>[39m
              [0m重试 [0m
              [0mTask B[0m
            [36m</button>[39m
          [36m</div>[39m
        [36m</div>[39m
      [36m</section>[39m
      [36m<section[39m
        [33maria-labelledby[39m=[32m"validation-policy-eligibility-project"[39m
        [33mclass[39m=[32m"stack"[39m
      [36m>[39m
        [36m<div[39m
          [33mclass[39m=[32m"panel-heading"[39m
        [36m>[39m
          [36m<div>[39m
            [36m<p[39m
              [33mclass[39m=[32m"eyebrow"[39m
            [36m>[39m
              [0m持续批准（standing approval）[0m
            [36m</p>[39m
            [36m<h4[39m
              [33mid[39m=[32m"validation-policy-eligibility-project"[39m
              [33mtabindex[39m=[32m"-1"[39m
            [36m>[39m
              [0m验证政策[0m
            [36m</h4>[39m
          [36m</div>[39m
          [36m<button[39m
            [33mstyle[39m=[32m"min-height: var(--control-min);"[39m
            [33mtype[39m=[32m"button"[39m
          [36m>[39m
            [0m刷新政策[0m
          [36m</button>[39m
        [36m</div>[39m
        [36m<div>[39m
          [36m<p[39m
            [33mrole[39m=[32m"alert"[39m
          [36m>[39m
            [0m无法加载验证政策。[0m
          [36m</p>[39m
          [36m<button[39m
            [33mstyle[39m=[32m"min-height: var(--control-min);"[39m
            [33mtype[39m=[32m"button"[39m
          [36m>[39m
            [0m重试加载政策[0m
          [36m</button>[39m
        [36m</div>[39m
      [36m</section>[39m
      [36m<p[39m
        [33mclass[39m=[32m"state-message"[39m
      [36m>[39m
        [0m尚无执行。[0m
      [36m</p>[39m
    [36m</section>[39m
  [36m</div>[39m
[36m</body>[39m

Ignored nodes: comments, script, style
[36m<body>[39m
  [36m<div>[39m
    [36m<section[39m
      [33maria-labelledby[39m=[32m"executions-title-eligibility-project"[39m
      [33mclass[39m=[32m"stack"[39m
    [36m>[39m
      [36m<div[39m
        [33mclass[39m=[32m"panel-heading"[39m
      [36m>[39m
        [36m<div>[39m
          [36m<p[39m
            [33mclass[39m=[32m"eyebrow"[39m
          [36m>[39m
            [0m项目执行[0m
          [36m</p>[39m
          [36m<h3[39m
            [33mid[39m=[32m"executions-title-eligibility-project"[39m
          [36m>[39m
            [0m运行详情[0m
          [36m</h3>[39m
        [36m</div>[39m
        [36m<button[39m
          [33mstyle[39m=[32m"min-height: var(--control-min);"[39m
          [33mtype[39m=[32m"button"[39m
        [36m>[39m
          [0m刷新执行[0m
        [36m</button>[39m
      [36m</div>[39m
      [36m<section[39m
        [33maria-labelledby[39m=[32m"execution-picker-eligibility-project"[39m
        [33mclass[39m=[32m"stack"[39m
      [36m>[39m
        [36m<h4[39m
          [33mid[39m=[32m"execution-picker-eligibility-project"[39m
        [36m>[39m
          [0m选择并执行[0m
        [36m</h4>[39m
        [36m<div[39m
          [33mclass[39m=[32m"stack"[39m
        [36m>[39m
          [36m<label>[39m
            [36m<input[39m
              [33mtype[39m=[32m"checkbox"[39m
            [36m/>[39m
            [0mTask A[0m
          [36m</label>[39m
          [36m<label>[39m
            [36m<input[39m
              [33mtype[39m=[32m"checkbox"[39m
            [36m/>[39m
            [0mTask B[0m
          [36m</label>[39m
          [36m<label>[39m
            [36m<input[39m
              [33mdisabled[39m=[32m""[39m
              [33mtype[39m=[32m"checkbox"[39m
            [36m/>[39m
            [0mTask C[0m
          [36m</label>[39m
        [36m</div>[39m
        [36m<button[39m
          [33mstyle[39m=[32m"min-height: var(--control-min);"[39m
          [33mtype[39m=[32m"button"[39m
        [36m>[39m
          [0m开始执行所选任务[0m
        [36m</button>[39m
        [36m<div[39m
          [33maria-label[39m=[32m"启动结果"[39m
          [33mclass[39m=[32m"stack"[39m
        [36m>[39m
          [36m<div>[39m
            [36m<p[39m
              [33maria-live[39m=[32m"polite"[39m
            [36m>[39m
              [0mTask A[0m
              [0m 已启动[0m
            [36m</p>[39m
          [36m</div>[39m
          [36m<div>[39m
            [36m<p[39m
              [33mrole[39m=[32m"alert"[39m
            [36m>[39m
              [0mTask B：任务当前无法启动。[0m
            [36m</p>[39m
            [36m<button[39m
              [33mstyle[39m=[32m"min-height: var(--control-min);"[39m
              [33mtype[39m=[32m"button"[39m
            [36m>[39m
              [0m重试 [0m
              [0mTask B[0m
            [36m</button>[39m
          [36m</div>[39m
        [36m</div>[39m
      [36m</section>[39m
      [36m<section[39m
        [33maria-labelledby[39m=[32m"validation-policy-eligibility-project"[39m
        [33mclass[39m=[32m"stack"[39m
      [36m>[39m
        [36m<div[39m
          [33mclass[39m=[32m"panel-heading"[39m
        [36m>[39m
          [36m<div>[39m
            [36m<p[39m
              [33mclass[39m=[32m"eyebrow"[39m
            [36m>[39m
              [0m持续批准（standing approval）[0m
            [36m</p>[39m
            [36m<h4[39m
              [33mid[39m=[32m"validation-policy-eligibility-project"[39m
              [33mtabindex[39m=[32m"-1"[39m
            [36m>[39m
              [0m验证政策[0m
            [36m</h4>[39m
          [36m</div>[39m
          [36m<button[39m
            [33mstyle[39m=[32m"min-height: var(--control-min);"[39m
            [33mtype[39m=[32m"button"[39m
          [36m>[39m
            [0m刷新政策[0m
          [36m</button>[39m
        [36m</div>[39m
        [36m<div>[39m
          [36m<p[39m
            [33mrole[39m=[32m"alert"[39m
          [36m>[39m
            [0m无法加载验证政策。[0m
          [36m</p>[39m
          [36m<button[39m
            [33mstyle[39m=[32m"min-height: var(--control-min);"[39m
            [33mtype[39m=[32m"button"[39m
          [36m>[39m
            [0m重试加载政策[0m
          [36m</button>[39m
        [36m</div>[39m
      [36m</section>[39m
      [36m<p[39m
        [33mclass[39m=[32m"state-message"[39m
      [36m>[39m
        [0m尚无执行。[0m
      [36m</p>[39m
    [36m</section>[39m
  [36m</div>[39m
[36m</body>[39m
 ❯ waitForWrapper node_modules/@testing-library/dom/dist/wait-for.js:163:27
 ❯ node_modules/@testing-library/dom/dist/query-helpers.js:86:33
 ❯ tests/execution-eligibility.test.ts:359:25
    357|     pending.splice(0).forEach((release) => release());
    358|     expect(await screen.findByText("Task A 已启动")).toBeInTheDocument();
    359|     expect(await screen.findByRole("alert")).toHaveTextContent("Task B…
       |                         ^
    360|     await user.click(screen.getByRole("button", { name: "重试 Task B" })…
    361|     await waitFor(() => expect(postBodies).toHaveLength(3));

⎯⎯⎯⎯⎯⎯⎯⎯⎯⎯⎯⎯⎯⎯⎯⎯⎯⎯⎯⎯⎯⎯⎯⎯[1/2]⎯

 FAIL  tests/execution-slice.test.tsx > execution T-2 vertical slice > renders route-backed loading, empty, error recovery, queued preparation, and refresh rehydration
Error: Unexpected request: /api/projects/project-execution-slice/validation-policy
 ❯ tests/execution-slice.test.tsx:247:11
    245|     const url = new URL(String(input), "http://localhost");
    246|     if (url.pathname === `/api/projects/${PROJECT_ID}/executions`) ret…
    247|     throw new Error(`Unexpected request: ${url.pathname}`);
       |           ^
    248|   });
    249|   vi.stubGlobal("fetch", fetchMock);
 ❯ components/execution/validation-policy-panel.tsx:121:7
 ❯ Object.react_stack_bottom_frame node_modules/react-dom/cjs/react-dom-client.development.js:25989:20
 ❯ runWithFiberInDEV node_modules/react-dom/cjs/react-dom-client.development.js:874:13
 ❯ commitHookEffectListMount node_modules/react-dom/cjs/react-dom-client.development.js:13249:29
 ❯ commitHookPassiveMountEffects node_modules/react-dom/cjs/react-dom-client.development.js:13336:11
 ❯ commitPassiveMountOnFiber node_modules/react-dom/cjs/react-dom-client.development.js:15484:13
 ❯ recursivelyTraversePassiveMountEffects node_modules/react-dom/cjs/react-dom-client.development.js:15439:11
 ❯ commitPassiveMountOnFiber node_modules/react-dom/cjs/react-dom-client.development.js:15718:11

⎯⎯⎯⎯⎯⎯⎯⎯⎯⎯⎯⎯⎯⎯⎯⎯⎯⎯⎯⎯⎯⎯⎯⎯[2/2]⎯


 Test Files  2 failed | 2 passed (4)
      Tests  2 failed | 36 passed (38)
   Start at  16:29:37
   Duration  10.35s (transform 840ms, setup 2.21s, import 1.06s, tests 10.23s, environment 9.14s)

# exit: 1
