# hf-gate-run
# label: t27-green
# command: npm.cmd test -- tests/execution-start-policy-ui.test.tsx
# started: 2026-07-30T08:28:51+00:00

> collaboration-cockpit@0.1.0 test
> vitest run tests/execution-start-policy-ui.test.tsx


 RUN  v4.1.10 D:/cool-ai

 ❯ tests/execution-start-policy-ui.test.tsx (3 tests | 1 failed) 806ms
     × loads immutable history and keeps an errored CAS draft while enforcing standing warnings 278ms

⎯⎯⎯⎯⎯⎯⎯ Failed Tests 1 ⎯⎯⎯⎯⎯⎯⎯

 FAIL  tests/execution-start-policy-ui.test.tsx > T-27 append-only validation policy UI > loads immutable history and keeps an errored CAS draft while enforcing standing warnings
TestingLibraryElementError: Found multiple elements with the text: /unknown_non_path/

Here are the matching elements:

Ignored nodes: comments, script, style
[36m<p>[39m
  [0mclassifier outcome：[0m
  [36m<span>[39m
    [0munknown_non_path[0m
  [36m</span>[39m
  [0m（unknown_non_path 允许在接受警示后保存）[0m
[36m</p>[39m

Ignored nodes: comments, script, style
[36m<span>[39m
  [0munknown_non_path[0m
[36m</span>[39m

(If this is intentional, then use the `*AllBy*` variant of the query (like `queryAllByText`, `getAllByText`, or `findAllByText`)).

Ignored nodes: comments, script, style
[36m<body>[39m
  [36m<div>[39m
    [36m<section[39m
      [33maria-labelledby[39m=[32m"executions-title-project-policy-ui"[39m
      [33mclass[39m=[32m"stack"[39m
    [36m>[39m
      [36m<div[39m
        [33mclass[39m=[32m"panel-heading"[39m
      [36m>[39m
        [36m<div>[39m
          [36m<p[39m
            [33mclass[39m=[32m"eyebrow"[39m
          [36m>[39m
            [0m项目执行[0m
          [36m</p>[39m
          [36m<h3[39m
            [33mid[39m=[32m"executions-title-project-policy-ui"[39m
          [36m>[39m
            [0m运行详情[0m
          [36m</h3>[39m
        [36m</div>[39m
        [36m<button[39m
          [33mstyle[39m=[32m"min-height: var(--control-min);"[39m
          [33mtype[39m=[32m"button"[39m
        [36m>[39m
          [0m刷新执行[0m
        [36m</button>[39m
      [36m</div>[39m
      [36m<section[39m
        [33maria-labelledby[39m=[32m"execution-picker-project-policy-ui"[39m
        [33mclass[39m=[32m"stack"[39m
      [36m>[39m
        [36m<h4[39m
          [33mid[39m=[32m"execution-picker-project-policy-ui"[39m
        [36m>[39m
          [0m选择并执行[0m
        [36m</h4>[39m
        [36m<div[39m
          [33mclass[39m=[32m"stack"[39m
        [36m>[39m
          [36m<label>[39m
            [36m<input[39m
              [33mtype[39m=[32m"checkbox"[39m
            [36m/>[39m
            [0mTask A[0m
          [36m</label>[39m
          [36m<label>[39m
            [36m<input[39m
              [33mtype[39m=[32m"checkbox"[39m
            [36m/>[39m
            [0mTask B[0m
          [36m</label>[39m
          [36m<label>[39m
            [36m<input[39m
              [33mtype[39m=[32m"checkbox"[39m
            [36m/>[39m
            [0mTask C[0m
          [36m</label>[39m
        [36m</div>[39m
        [36m<button[39m
          [33mdisabled[39m=[32m""[39m
          [33mstyle[39m=[32m"min-height: var(--control-min);"[39m
          [33mtype[39m=[32m"button"[39m
        [36m>[39m
          [0m开始执行所选任务[0m
        [36m</button>[39m
      [36m</section>[39m
      [36m<section[39m
        [33maria-labelledby[39m=[32m"validation-policy-project-policy-ui"[39m
        [33mclass[39m=[32m"stack"[39m
      [36m>[39m
        [36m<div[39m
          [33mclass[39m=[32m"panel-heading"[39m
        [36m>[39m
          [36m<div>[39m
            [36m<p[39m
              [33mclass[39m=[32m"eyebrow"[39m
            [36m>[39m
              [0m持续批准（standing approval）[0m
            [36m</p>[39m
            [36m<h4[39m
              [33mid[39m=[32m"validation-policy-project-policy-ui"[39m
              [33mtabindex[39m=[32m"-1"[39m
            [36m>[39m
              [0m验证政策[0m
            [36m</h4>[39m
          [36m</div>[39m
          [36m<button[39m
            [33mstyle[39m=[32m"min-height: var(--control-min);"[39m
            [33mtype[39m=[32m"button"[39m
          [36m>[39m
            [0m刷新政策[0m
          [36m</button>[39m
        [36m</div>[39m
        [36m<p>[39m
          [36m<span>[39m
            [0m活动修订 #1[0m
          [36m</span>[39m
          [0m · classifier v1 · hash aaaaaaaa[0m
        [36m</p>[39m
        [36m<div[39m
          [33maria-label[39m=[32m"不可变验证政策历史"[39m
        [36m>[39m
          [36m<ol>[39m
            [36m<li>[39m
              [36m<span>[39m
                [0m不可变修订 #1[0m
              [36m</span>[39m
              [0m · 0 项 · hash aaaaaaaa[0m
            [36m</li>[39m
          [36m</ol>[39m
        [36m</div>[39m
        [36m<div[39m
          [33mclass[39m=[32m"stack"[39m
        [36m>[39m
          [36m<fieldset[39m
            [33mclass[39m=[32m"stack"[39m
          [36m>[39m
            [36m<legend>[39m
              [0m持续批准 #[0m
              [0m1[0m
            [36m</legend>[39m
            [36m<label>[39m
              [0m可执行文件[0m
              [36m<input[39m
                [33mvalue[39m=[32m"curl"[39m
              [36m/>[39m
            [36m</label>[39m
            [36m<label>[39m
              [0m参数（每行一项）[0m
              [36m<textarea>[39m
                [0m-Commandnpm test[0m
              [36m</textarea>[39m
            [36m</label>[39m
            [36m<label>[39m
              [0m工作目录[0m
              [36m<input[39m
                [33mvalue[39m=[32m"."[39m
              [36m/>[39m
            [36m</label>[39m
            [36m<label>[39m
              [36m<input[39m
                [33mtype[39m=[32m"checkbox"[39m
              [36m/>[39m
              [0m必需验证[0m
            [36m</label>[39m
            [36m<p>[39m
              [0mclassifier outcome：[0m
              [36m<span>[39m
                [0munknown_non_path[0m
              [36m</span>[39m
              [0m（unknown_non_path 允许在接受警示后保存）[0m
            [36m</p>[39m
            [36m<button[39m
              [33mstyle[39m=[32m"min-height: var(--control-min);"[39m
              [33mtype[39m=[32m"button"[39m
            [36m>[39m
              [0m删除持续批准 #[0m
              [0m1[0m
            [36m</button>[39m
          [36m</fieldset>[39m
          [36m<button[39m
            [33mstyle[39m=[32m"min-height: var(--control-min);"[39m
            [33mtype[39m=[32m"button"[39m
          [36m>[39m
            [0m添加持续批准[0m
          [36m</button>[39m
        [36m</div>[39m
        [36m<p>[39m
          [0m保存将创建新的不可变修订；exact tuple 包含 executable、ordered args、workdir 和 required。 当前草稿 [0m
          [0m1[0m
          [0m/50 项，[0m
          [0m82[0m
          [0m/65536 bytes。[0m
        [36m</p>[39m
        [36m<label>[39m
          [36m<input[39m
            [33mtype[39m=[32m"checkbox"[39m
          [36m/>[39m
          [0m此 guardrail 不是 hostile OS sandbox。持续批准的本地程序仍可能产生平台无法隔离的本机、网络、进程或服务副作用，并可在未来 attempt 重复执行。[0m
        [36m</label>[39m
        [36m<button[39m
          [33mdisabled[39m=[32m""[39m
          [33mstyle[39m=[32m"min-height: var(--control-min);"[39m
          [33mtype[39m=[32m"button"[39m
        [36m>[39m
          [0m保存验证政策[0m
        [36m</button>[39m
      [36m</section>[39m
      [36m<p[39m
        [33mclass[39m=[32m"state-message"[39m
      [36m>[39m
        [0m尚无执行。[0m
      [36m</p>[39m
    [36m</section>[39m
  [36m</div>[39m
[36m</body>[39m
 ❯ Object.getElementError node_modules/@testing-library/dom/dist/config.js:37:19
 ❯ getElementError node_modules/@testing-library/dom/dist/query-helpers.js:20:35
 ❯ getMultipleElementsFoundError node_modules/@testing-library/dom/dist/query-helpers.js:23:10
 ❯ node_modules/@testing-library/dom/dist/query-helpers.js:55:13
 ❯ node_modules/@testing-library/dom/dist/query-helpers.js:95:19
 ❯ tests/execution-start-policy-ui.test.tsx:177:19
    175|     await user.clear(executable);
    176|     await user.type(executable, "curl");
    177|     expect(screen.getByText(/unknown_non_path/)).toBeInTheDocument();
       |                   ^
    178|     const warning = screen.getByRole("checkbox", { name: /hostile OS s…
    179|     expect(warning).not.toBeChecked();

⎯⎯⎯⎯⎯⎯⎯⎯⎯⎯⎯⎯⎯⎯⎯⎯⎯⎯⎯⎯⎯⎯⎯⎯[1/1]⎯


 Test Files  1 failed (1)
      Tests  1 failed | 2 passed (3)
   Start at  16:28:52
   Duration  3.07s (transform 100ms, setup 340ms, import 214ms, tests 806ms, environment 1.44s)

# exit: 1
