# hf-gate-run
# label: t28-red
# command: npm.cmd test -- tests/execution-cards-ui.test.tsx
# started: 2026-07-30T13:58:07+00:00

> collaboration-cockpit@0.1.0 test
> vitest run tests/execution-cards-ui.test.tsx


 RUN  v4.1.10 D:/cool-ai

 ❯ tests/execution-cards-ui.test.tsx (4 tests | 3 failed) 2286ms
     × renders at most two independent cards with action, progress, blocker, controls, and token-backed accessibility 244ms
     × advances two runnable cards independently with one request per card and two globally 1010ms
     × reuses a failed logical operation on retry, creates a fresh next step, and isolates another card 1008ms

⎯⎯⎯⎯⎯⎯⎯ Failed Tests 3 ⎯⎯⎯⎯⎯⎯⎯

 FAIL  tests/execution-cards-ui.test.tsx > T-28 desktop ExecutionCards > renders at most two independent cards with action, progress, blocker, controls, and token-backed accessibility
Error: expect(element).not.toBeInTheDocument()

expected document not to contain element, found <h3
  id="execution-execution-c-title"
  tabindex="-1"
>
  Task C
</h3> instead
 ❯ tests/execution-cards-ui.test.tsx:112:67
    110|     const cards = await screen.findAllByRole("region", { name: /Task […
    111|     expect(cards).toHaveLength(2);
    112|     expect(screen.queryByRole("heading", { name: "Task C" })).not.toBe…
       |                                                                   ^
    113|     const card = cards[0]!;
    114|     expect(within(card).getByText("Alpha")).toBeInTheDocument();

⎯⎯⎯⎯⎯⎯⎯⎯⎯⎯⎯⎯⎯⎯⎯⎯⎯⎯⎯⎯⎯⎯⎯⎯[1/3]⎯

 FAIL  tests/execution-cards-ui.test.tsx > T-28 desktop ExecutionCards > advances two runnable cards independently with one request per card and two globally
AssertionError: expected [] to have a length of 2 but got +0

Ignored nodes: comments, script, style
[36m<html>[39m
  [36m<head />[39m
  [36m<body>[39m
    [36m<div>[39m
      [36m<section[39m
        [33maria-labelledby[39m=[32m"executions-title-project-execution-cards"[39m
        [33mclass[39m=[32m"stack"[39m
      [36m>[39m
        [36m<div[39m
          [33mclass[39m=[32m"panel-heading"[39m
        [36m>[39m
          [36m<div>[39m
            [36m<p[39m
              [33mclass[39m=[32m"eyebrow"[39m
            [36m>[39m
              [0m项目执行[0m
            [36m</p>[39m
            [36m<h3[39m
              [33mid[39m=[32m"executions-title-project-execution-cards"[39m
            [36m>[39m
              [0m运行详情[0m
            [36m</h3>[39m
          [36m</div>[39m
          [36m<button[39m
            [33mstyle[39m=[32m"min-height: var(--control-min);"[39m
            [33mtype[39m=[32m"button"[39m
          [36m>[39m
            [0m刷新执行[0m
          [36m</button>[39m
        [36m</div>[39m
        [36m<section[39m
          [33maria-labelledby[39m=[32m"execution-picker-project-execution-cards"[39m
          [33mclass[39m=[32m"stack"[39m
        [36m>[39m
          [36m<h4[39m
            [33mid[39m=[32m"execution-picker-project-execution-cards"[39m
          [36m>[39m
            [0m选择并执行[0m
          [36m</h4>[39m
          [36m<p>[39m
            [0m没有符合条件的进行中任务。[0m
          [36m</p>[39m
        [36m</section>[39m
        [36m<button[39m
          [33maria-expanded[39m=[32m"false"[39m
          [33mstyle[39m=[32m"min-height: var(--control-min);"[39m
          [33mtype[39m=[32m"button"[39m
        [36m>[39m
          [0m管理验证政策[0m
        [36m</button>[39m
        [36m<div[39m
          [33mclass[39m=[32m"run-details"[39m
        [36m>[39m
          [36m<section[39m
            [33maria-labelledby[39m=[32m"execution-execution-a-title"[39m
            [33mclass[39m=[32m"run-detail execution-card"[39m
            [33mdata-accent[39m=[32m"sage"[39m
          [36m>[39m
            [36m<div[39m
              [33mclass[39m=[32m"panel-heading"[39m
            [36m>[39m
              [36m<div>[39m
                [36m<p[39m
                  [33mclass[39m=[32m"eyebrow"[39m
                [36m>[39m
                  [0mA[0m
                  [0m · [0m
                  [0mAlpha[0m
                [36m</p>[39m
                [36m<h3[39m
                  [33mid[39m=[32m"execution-execution-a-title"[39m
                  [33mtabindex[39m=[32m"-1"[39m
                [36m>[39m
                  [0mTask A[0m
                [36m</h3>[39m
              [36m</div>[39m
              [36m<span[39m
                [33mclass[39m=[32m"status-label status-running"[39m
              [36m>[39m
                [0m运行中[0m
              [36m</span>[39m
            [36m</div>[39m
            [36m<p[39m
              [33mrole[39m=[32m"status"[39m
            [36m>[39m
              [0m当前没有进行中的动作[0m
            [36m</p>[39m
            [36m<p[39m
              [33mclass[39m=[32m"muted"[39m
            [36m>[39m
              [0m回合 [0m
              [0m4[0m
              [0m/[0m
              [0m20[0m
              [0m · [0m
              [0m工具 [0m
              [0m7[0m
              [0m/[0m
              [0m40[0m
              [0m · [0m
              [0mToken [0m
              [0m900[0m
              [0m/[0m
              [0m2000[0m
            [36m</p>[39m
          [36m</section>[39m
          [36m<section[39m
            [33maria-labelledby[39m=[32m"execution-execution-b-title"[39m
            [33mclass[39m=[32m"run-detail execution-card"[39m
            [33mdata-accent[39m=[32m"clay"[39m
          [36m>[39m
            [36m<div[39m
              [33mclass[39m=[32m"panel-heading"[39m
            [36m>[39m
              [36m<div>[39m
                [36m<p[39m
                  [33mclass[39m=[32m"eyebrow"[39m
                [36m>[39m
                  [0mB[0m
                  [0m · [0m
                  [0mBeta[0m
                [36m</p>[39m
                [36m<h3[39m
                  [33mid[39m=[32m"execution-execution-b-title"[39m
                  [33mtabindex[39m=[32m"-1"[39m
                [36m>[39m
                  [0mTask B[0m
                [36m</h3>[39m
              [36m</div>[39m
              [36m<span[39m
                [33mclass[39m=[32m"status-label status-running"[39m
              [36m>[39m
                [0m运行中[0m
              [36m</span>[39m
            [36m</div>[39m
            [36m<p[39m
              [33mrole[39m=[32m"status"[39m
            [36m>[39m
              [0m当前没有进行中的动作[0m
            [36m</p>[39m
            [36m<p[39m
              [33mclass[39m=[32m"muted"[39m
            [36m>[39m
              [0m回合 [0m
              [0m4[0m
              [0m/[0m
              [0m20[0m
              [0m · [0m
              [0m工具 [0m
              [0m7[0m
              [0m/[0m
              [0m40[0m
              [0m · [0m
              [0mToken [0m
              [0m900[0m
              [0m/[0m
              [0m2000[0m
            [36m</p>[39m
          [36m</section>[39m
          [36m<section[39m
            [33maria-labelledby[39m=[32m"execution-execution-c-title"[39m
            [33mclass[39m=[32m"run-detail execution-card"[39m
            [33mdata-accent[39m=[32m"sage"[39m
          [36m>[39m
            [36m<div[39m
              [33mclass[39m=[32m"panel-heading"[39m
            [36m>[39m
              [36m<div>[39m
                [36m<p[39m
                  [33mclass[39m=[32m"eyebrow"[39m
                [36m>[39m
                  [0mA[0m
                  [0m · [0m
                  [0mAlpha[0m
                [36m</p>[39m
                [36m<h3[39m
                  [33mid[39m=[32m"execution-execution-c-title"[39m
                  [33mtabindex[39m=[32m"-1"[39m
                [36m>[39m
                  [0mTask C[0m
                [36m</h3>[39m
              [36m</div>[39m
              [36m<span[39m
                [33mclass[39m=[32m"status-label status-running"[39m
              [36m>[39m
                [0m运行中[0m
              [36m</span>[39m
            [36m</div>[39m
            [36m<p[39m
              [33mrole[39m=[32m"status"[39m
            [36m>[39m
              [0m当前没有进行中的动作[0m
            [36m</p>[39m
            [36m<p[39m
              [33mclass[39m=[32m"muted"[39m
            [36m>[39m
              [0m回合 [0m
              [0m4[0m
              [0m/[0m
              [0m20[0m
              [0m · [0m
              [0m工具 [0m
              [0m7[0m
              [0m/[0m
              [0m40[0m
              [0m · [0m
              [0mToken [0m
              [0m900[0m
              [0m/[0m
              [0m2000[0m
            [36m</p>[39m
          [36m</section>[39m
        [36m</div>[39m
      [36m</section>[39m
    [36m</div>[39m
  [36m</body>[39m
[36m</html>[39m

- Expected
+ Received

- 2
+ 0

 ❯ tests/execution-cards-ui.test.tsx:152:41
    150|
    151|     render(createElement(ExecutionPanel, { projectId: PROJECT_ID }));
    152|     await waitFor(() => expect(pending).toHaveLength(2));
       |                                         ^
    153|     expect(new Set(pending.map(({ id }) => id))).toEqual(new Set(["exe…
    154|     expect(maxInFlight).toBe(2);
 ❯ runWithExpensiveErrorDiagnosticsDisabled node_modules/@testing-library/dom/dist/config.js:47:12
 ❯ checkCallback node_modules/@testing-library/dom/dist/wait-for.js:124:77
 ❯ Timeout.checkRealTimersCallback node_modules/@testing-library/dom/dist/wait-for.js:118:16

⎯⎯⎯⎯⎯⎯⎯⎯⎯⎯⎯⎯⎯⎯⎯⎯⎯⎯⎯⎯⎯⎯⎯⎯[2/3]⎯

 FAIL  tests/execution-cards-ui.test.tsx > T-28 desktop ExecutionCards > reuses a failed logical operation on retry, creates a fresh next step, and isolates another card
TestingLibraryElementError: Unable to find role="button" and name "重试推进 Task A"

Ignored nodes: comments, script, style
[36m<body>[39m
  [36m<div>[39m
    [36m<section[39m
      [33maria-labelledby[39m=[32m"executions-title-project-execution-cards"[39m
      [33mclass[39m=[32m"stack"[39m
    [36m>[39m
      [36m<div[39m
        [33mclass[39m=[32m"panel-heading"[39m
      [36m>[39m
        [36m<div>[39m
          [36m<p[39m
            [33mclass[39m=[32m"eyebrow"[39m
          [36m>[39m
            [0m项目执行[0m
          [36m</p>[39m
          [36m<h3[39m
            [33mid[39m=[32m"executions-title-project-execution-cards"[39m
          [36m>[39m
            [0m运行详情[0m
          [36m</h3>[39m
        [36m</div>[39m
        [36m<button[39m
          [33mstyle[39m=[32m"min-height: var(--control-min);"[39m
          [33mtype[39m=[32m"button"[39m
        [36m>[39m
          [0m刷新执行[0m
        [36m</button>[39m
      [36m</div>[39m
      [36m<section[39m
        [33maria-labelledby[39m=[32m"execution-picker-project-execution-cards"[39m
        [33mclass[39m=[32m"stack"[39m
      [36m>[39m
        [36m<h4[39m
          [33mid[39m=[32m"execution-picker-project-execution-cards"[39m
        [36m>[39m
          [0m选择并执行[0m
        [36m</h4>[39m
        [36m<p>[39m
          [0m没有符合条件的进行中任务。[0m
        [36m</p>[39m
      [36m</section>[39m
      [36m<button[39m
        [33maria-expanded[39m=[32m"false"[39m
        [33mstyle[39m=[32m"min-height: var(--control-min);"[39m
        [33mtype[39m=[32m"button"[39m
      [36m>[39m
        [0m管理验证政策[0m
      [36m</button>[39m
      [36m<div[39m
        [33mclass[39m=[32m"run-details"[39m
      [36m>[39m
        [36m<section[39m
          [33maria-labelledby[39m=[32m"execution-execution-a-title"[39m
          [33mclass[39m=[32m"run-detail execution-card"[39m
          [33mdata-accent[39m=[32m"sage"[39m
        [36m>[39m
          [36m<div[39m
            [33mclass[39m=[32m"panel-heading"[39m
          [36m>[39m
            [36m<div>[39m
              [36m<p[39m
                [33mclass[39m=[32m"eyebrow"[39m
              [36m>[39m
                [0mA[0m
                [0m · [0m
                [0mAlpha[0m
              [36m</p>[39m
              [36m<h3[39m
                [33mid[39m=[32m"execution-execution-a-title"[39m
                [33mtabindex[39m=[32m"-1"[39m
              [36m>[39m
                [0mTask A[0m
              [36m</h3>[39m
            [36m</div>[39m
            [36m<span[39m
              [33mclass[39m=[32m"status-label status-running"[39m
            [36m>[39m
              [0m运行中[0m
            [36m</span>[39m
          [36m</div>[39m
          [36m<p[39m
            [33mrole[39m=[32m"status"[39m
          [36m>[39m
            [0m当前没有进行中的动作[0m
          [36m</p>[39m
          [36m<p[39m
            [33mclass[39m=[32m"muted"[39m
          [36m>[39m
            [0m回合 [0m
            [0m4[0m
            [0m/[0m
            [0m20[0m
            [0m · [0m
            [0m工具 [0m
            [0m7[0m
            [0m/[0m
            [0m40[0m
            [0m · [0m
            [0mToken [0m
            [0m900[0m
            [0m/[0m
            [0m2000[0m
          [36m</p>[39m
        [36m</section>[39m
        [36m<section[39m
          [33maria-labelledby[39m=[32m"execution-execution-b-title"[39m
          [33mclass[39m=[32m"run-detail execution-card"[39m
          [33mdata-accent[39m=[32m"clay"[39m
        [36m>[39m
          [36m<div[39m
            [33mclass[39m=[32m"panel-heading"[39m
          [36m>[39m
            [36m<div>[39m
              [36m<p[39m
                [33mclass[39m=[32m"eyebrow"[39m
              [36m>[39m
                [0mB[0m
                [0m · [0m
                [0mBeta[0m
              [36m</p>[39m
              [36m<h3[39m
                [33mid[39m=[32m"execution-execution-b-title"[39m
                [33mtabindex[39m=[32m"-1"[39m
              [36m>[39m
                [0mTask B[0m
              [36m</h3>[39m
            [36m</div>[39m
            [36m<span[39m
              [33mclass[39m=[32m"status-label status-waiting_approval"[39m
            [36m>[39m
              [0m等待审批[0m
            [36m</span>[39m
          [36m</div>[39m
          [36m<p[39m
            [33mrole[39m=[32m"status"[39m
          [36m>[39m
            [0m当前没有进行中的动作[0m
          [36m</p>[39m
          [36m<p[39m
            [33mclass[39m=[32m"muted"[39m
          [36m>[39m
            [0m回合 [0m
            [0m4[0m
            [0m/[0m
            [0m20[0m
            [0m · [0m
            [0m工具 [0m
            [0m7[0m
            [0m/[0m
            [0m40[0m
            [0m · [0m
            [0mToken [0m
            [0m900[0m
            [0m/[0m
            [0m2000[0m
          [36m</p>[39m
        [36m</section>[39m
      [36m</div>[39m
    [36m</section>[39m
  [36m</div>[39m
[36m</body>[39m

Ignored nodes: comments, script, style
[36m<body>[39m
  [36m<div>[39m
    [36m<section[39m
      [33maria-labelledby[39m=[32m"executions-title-project-execution-cards"[39m
      [33mclass[39m=[32m"stack"[39m
    [36m>[39m
      [36m<div[39m
        [33mclass[39m=[32m"panel-heading"[39m
      [36m>[39m
        [36m<div>[39m
          [36m<p[39m
            [33mclass[39m=[32m"eyebrow"[39m
          [36m>[39m
            [0m项目执行[0m
          [36m</p>[39m
          [36m<h3[39m
            [33mid[39m=[32m"executions-title-project-execution-cards"[39m
          [36m>[39m
            [0m运行详情[0m
          [36m</h3>[39m
        [36m</div>[39m
        [36m<button[39m
          [33mstyle[39m=[32m"min-height: var(--control-min);"[39m
          [33mtype[39m=[32m"button"[39m
        [36m>[39m
          [0m刷新执行[0m
        [36m</button>[39m
      [36m</div>[39m
      [36m<section[39m
        [33maria-labelledby[39m=[32m"execution-picker-project-execution-cards"[39m
        [33mclass[39m=[32m"stack"[39m
      [36m>[39m
        [36m<h4[39m
          [33mid[39m=[32m"execution-picker-project-execution-cards"[39m
        [36m>[39m
          [0m选择并执行[0m
        [36m</h4>[39m
        [36m<p>[39m
          [0m没有符合条件的进行中任务。[0m
        [36m</p>[39m
      [36m</section>[39m
      [36m<button[39m
        [33maria-expanded[39m=[32m"false"[39m
        [33mstyle[39m=[32m"min-height: var(--control-min);"[39m
        [33mtype[39m=[32m"button"[39m
      [36m>[39m
        [0m管理验证政策[0m
      [36m</button>[39m
      [36m<div[39m
        [33mclass[39m=[32m"run-details"[39m
      [36m>[39m
        [36m<section[39m
          [33maria-labelledby[39m=[32m"execution-execution-a-title"[39m
          [33mclass[39m=[32m"run-detail execution-card"[39m
          [33mdata-accent[39m=[32m"sage"[39m
        [36m>[39m
          [36m<div[39m
            [33mclass[39m=[32m"panel-heading"[39m
          [36m>[39m
            [36m<div>[39m
              [36m<p[39m
                [33mclass[39m=[32m"eyebrow"[39m
              [36m>[39m
                [0mA[0m
                [0m · [0m
                [0mAlpha[0m
              [36m</p>[39m
              [36m<h3[39m
                [33mid[39m=[32m"execution-execution-a-title"[39m
                [33mtabindex[39m=[32m"-1"[39m
              [36m>[39m
                [0mTask A[0m
              [36m</h3>[39m
            [36m</div>[39m
            [36m<span[39m
              [33mclass[39m=[32m"status-label status-running"[39m
            [36m>[39m
              [0m运行中[0m
            [36m</span>[39m
          [36m</div>[39m
          [36m<p[39m
            [33mrole[39m=[32m"status"[39m
          [36m>[39m
            [0m当前没有进行中的动作[0m
          [36m</p>[39m
          [36m<p[39m
            [33mclass[39m=[32m"muted"[39m
          [36m>[39m
            [0m回合 [0m
            [0m4[0m
            [0m/[0m
            [0m20[0m
            [0m · [0m
            [0m工具 [0m
            [0m7[0m
            [0m/[0m
            [0m40[0m
            [0m · [0m
            [0mToken [0m
            [0m900[0m
            [0m/[0m
            [0m2000[0m
          [36m</p>[39m
        [36m</section>[39m
        [36m<section[39m
          [33maria-labelledby[39m=[32m"execution-execution-b-title"[39m
          [33mclass[39m=[32m"run-detail execution-card"[39m
          [33mdata-accent[39m=[32m"clay"[39m
        [36m>[39m
          [36m<div[39m
            [33mclass[39m=[32m"panel-heading"[39m
          [36m>[39m
            [36m<div>[39m
              [36m<p[39m
                [33mclass[39m=[32m"eyebrow"[39m
              [36m>[39m
                [0mB[0m
                [0m · [0m
                [0mBeta[0m
              [36m</p>[39m
              [36m<h3[39m
                [33mid[39m=[32m"execution-execution-b-title"[39m
                [33mtabindex[39m=[32m"-1"[39m
              [36m>[39m
                [0mTask B[0m
              [36m</h3>[39m
            [36m</div>[39m
            [36m<span[39m
              [33mclass[39m=[32m"status-label status-waiting_approval"[39m
            [36m>[39m
              [0m等待审批[0m
            [36m</span>[39m
          [36m</div>[39m
          [36m<p[39m
            [33mrole[39m=[32m"status"[39m
          [36m>[39m
            [0m当前没有进行中的动作[0m
          [36m</p>[39m
          [36m<p[39m
            [33mclass[39m=[32m"muted"[39m
          [36m>[39m
            [0m回合 [0m
            [0m4[0m
            [0m/[0m
            [0m20[0m
            [0m · [0m
            [0m工具 [0m
            [0m7[0m
            [0m/[0m
            [0m40[0m
            [0m · [0m
            [0mToken [0m
            [0m900[0m
            [0m/[0m
            [0m2000[0m
          [36m</p>[39m
        [36m</section>[39m
      [36m</div>[39m
    [36m</section>[39m
  [36m</div>[39m
[36m</body>[39m
 ❯ waitForWrapper node_modules/@testing-library/dom/dist/wait-for.js:163:27
 ❯ node_modules/@testing-library/dom/dist/query-helpers.js:86:33
 ❯ tests/execution-cards-ui.test.tsx:183:32
    181|
    182|     render(createElement(ExecutionPanel, { projectId: PROJECT_ID }));
    183|     const retry = await screen.findByRole("button", { name: "重试推进 Task…
       |                                ^
    184|     expect(screen.getByRole("heading", { name: "Task B" })).toBeInTheD…
    185|     await user.click(retry);

⎯⎯⎯⎯⎯⎯⎯⎯⎯⎯⎯⎯⎯⎯⎯⎯⎯⎯⎯⎯⎯⎯⎯⎯[3/3]⎯


 Test Files  1 failed (1)
      Tests  3 failed | 1 passed (4)
   Start at  21:58:08
   Duration  5.57s (transform 129ms, setup 515ms, import 302ms, tests 2.29s, environment 2.12s)

# exit: 1
