# hf-gate-run
# label: t28-green
# command: npm.cmd test -- tests/execution-cards-ui.test.tsx
# started: 2026-07-30T14:01:18+00:00

> collaboration-cockpit@0.1.0 test
> vitest run tests/execution-cards-ui.test.tsx


 RUN  v4.1.10 D:/cool-ai

 ❯ tests/execution-cards-ui.test.tsx (4 tests | 1 failed) 498ms
     × renders at most two independent cards with action, progress, blocker, controls, and token-backed accessibility 280ms

⎯⎯⎯⎯⎯⎯⎯ Failed Tests 1 ⎯⎯⎯⎯⎯⎯⎯

 FAIL  tests/execution-cards-ui.test.tsx > T-28 desktop ExecutionCards > renders at most two independent cards with action, progress, blocker, controls, and token-backed accessibility
Error: expect(element).toHaveAttribute("aria-valuenow", "4") // element.getAttribute("aria-valuenow") === "4"

Expected the element to have attribute:
  aria-valuenow="4"
Received:
  null
 ❯ tests/execution-cards-ui.test.tsx:118:71
    116|     expect(within(card).getByText("正在运行命令")).toBeInTheDocument();
    117|     expect(within(card).getByText(/PROVIDER_TIMEOUT/)).toBeInTheDocume…
    118|     expect(within(card).getByRole("progressbar", { name: "业务回合进度" })).…
       |                                                                       ^
    119|     expect(within(card).getByRole("progressbar", { name: "工具调用进度" })).…
    120|     expect(within(card).getByRole("progressbar", { name: "Token 进度" })…

⎯⎯⎯⎯⎯⎯⎯⎯⎯⎯⎯⎯⎯⎯⎯⎯⎯⎯⎯⎯⎯⎯⎯⎯[1/1]⎯


 Test Files  1 failed (1)
      Tests  1 failed | 3 passed (4)
   Start at  22:01:19
   Duration  3.98s (transform 149ms, setup 498ms, import 474ms, tests 498ms, environment 2.17s)

# exit: 1
