# hf-gate-run
# label: t29-green
# command: cmd /c npm test -- tests/execution-review-ui.test.tsx
# started: 2026-07-30T14:14:19+00:00

> collaboration-cockpit@0.1.0 test
> vitest run tests/execution-review-ui.test.tsx


 RUN  v4.1.10 D:/cool-ai

 ❯ tests/execution-review-ui.test.tsx (7 tests | 4 failed) 3839ms
     × uses an arrow-key tablist and independently paginates timeline summaries 265ms
     × lazy-loads validation stdout one chunk at a time, shows metadata, and preserves read data on error 1123ms
     × never presents auto merge for stale review state and keeps staged-hash approval separate 1055ms
     × never presents auto merge for conflicted review state and keeps staged-hash approval separate 1046ms

⎯⎯⎯⎯⎯⎯⎯ Failed Tests 4 ⎯⎯⎯⎯⎯⎯⎯

 FAIL  tests/execution-review-ui.test.tsx > T-29 execution review UI > uses an arrow-key tablist and independently paginates timeline summaries
TestingLibraryElementError: Unable to find an accessible element with the role "log" and name "执行时间线"

Here are the accessible roles:

  paragraph:

  Name "":
  [36m<p[39m
    [33mclass[39m=[32m"eyebrow"[39m
  [36m/>[39m

  Name "":
  [36m<p />[39m

  --------------------------------------------------
  heading:

  Name "Task A":
  [36m<h3[39m
    [33mid[39m=[32m"execution-execution-a-title"[39m
    [33mtabindex[39m=[32m"-1"[39m
  [36m/>[39m

  --------------------------------------------------status:

  Name "":
  [36m<p[39m
    [33mrole[39m=[32m"status"[39m
  [36m/>[39m

  --------------------------------------------------progressbar:

  Name "业务回合进度":
  [36m<progress[39m
    [33maria-label[39m=[32m"业务回合进度"[39m
    [33maria-valuemax[39m=[32m"20"[39m
    [33maria-valuemin[39m=[32m"0"[39m
    [33maria-valuenow[39m=[32m"4"[39m
    [33mmax[39m=[32m"20"[39m
    [33mvalue[39m=[32m"4"[39m
  [36m/>[39m

  Name "工具调用进度":
  [36m<progress[39m
    [33maria-label[39m=[32m"工具调用进度"[39m
    [33maria-valuemax[39m=[32m"40"[39m
    [33maria-valuemin[39m=[32m"0"[39m
    [33maria-valuenow[39m=[32m"7"[39m
    [33mmax[39m=[32m"40"[39m
    [33mvalue[39m=[32m"7"[39m
  [36m/>[39m

  Name "Token 进度":
  [36m<progress[39m
    [33maria-label[39m=[32m"Token 进度"[39m
    [33maria-valuemax[39m=[32m"2000"[39m
    [33maria-valuemin[39m=[32m"0"[39m
    [33maria-valuenow[39m=[32m"900"[39m
    [33mmax[39m=[32m"2000"[39m
    [33mvalue[39m=[32m"900"[39m
  [36m/>[39m

  --------------------------------------------------tablist:

  Name "执行审阅":
  [36m<div[39m
    [33maria-label[39m=[32m"执行审阅"[39m
    [33mclass[39m=[32m"execution-review-tabs"[39m
    [33mrole[39m=[32m"tablist"[39m
  [36m/>[39m

  --------------------------------------------------
  tab:

  Name "时间线":
  [36m<button[39m
    [33maria-controls[39m=[32m"execution-execution-a-timeline"[39m
    [33maria-selected[39m=[32m"true"[39m
    [33mid[39m=[32m"execution-execution-a-timeline-tab"[39m
    [33mrole[39m=[32m"tab"[39m
    [33mtabindex[39m=[32m"0"[39m
    [33mtype[39m=[32m"button"[39m
  [36m/>[39m

  Name "验证":
  [36m<button[39m
    [33maria-controls[39m=[32m"execution-execution-a-validation"[39m
    [33maria-selected[39m=[32m"false"[39m
    [33mid[39m=[32m"execution-execution-a-validation-tab"[39m
    [33mrole[39m=[32m"tab"[39m
    [33mtabindex[39m=[32m"-1"[39m
    [33mtype[39m=[32m"button"[39m
  [36m/>[39m

  Name "变更":
  [36m<button[39m
    [33maria-controls[39m=[32m"execution-execution-a-changes"[39m
    [33maria-selected[39m=[32m"false"[39m
    [33mid[39m=[32m"execution-execution-a-changes-tab"[39m
    [33mrole[39m=[32m"tab"[39m
    [33mtabindex[39m=[32m"-1"[39m
    [33mtype[39m=[32m"button"[39m
  [36m/>[39m

  --------------------------------------------------
  tabpanel:

  Name "时间线":
  [36m<section[39m
    [33maria-labelledby[39m=[32m"execution-execution-a-timeline-tab"[39m
    [33mid[39m=[32m"execution-execution-a-timeline"[39m
    [33mrole[39m=[32m"tabpanel"[39m
  [36m/>[39m

  --------------------------------------------------
  heading:

  Name "时间线（101）":
  [36m<h4[39m
    [33mtabindex[39m=[32m"-1"[39m
  [36m/>[39m

  --------------------------------------------------button:

  Name "停止 Task A":
  [36m<button[39m
    [33mstyle[39m=[32m"min-height: var(--control-min);"[39m
    [33mtype[39m=[32m"button"[39m
  [36m/>[39m

  Name "刷新 Task A":
  [36m<button[39m
    [33mstyle[39m=[32m"min-height: var(--control-min);"[39m
    [33mtype[39m=[32m"button"[39m
  [36m/>[39m

  --------------------------------------------------

Ignored nodes: comments, script, style
[36m<section[39m
  [33maria-labelledby[39m=[32m"execution-execution-a-title"[39m
  [33mclass[39m=[32m"run-detail execution-card"[39m
  [33mdata-accent[39m=[32m"sage"[39m
  [33mrole[39m=[32m"region"[39m
[36m>[39m
  [36m<div[39m
    [33mclass[39m=[32m"panel-heading"[39m
  [36m>[39m
    [36m<div>[39m
      [36m<p[39m
        [33mclass[39m=[32m"eyebrow"[39m
      [36m>[39m
        [0mA[0m
      [36m</p>[39m
      [36m<p>[39m
        [0mAlpha[0m
      [36m</p>[39m
      [36m<h3[39m
        [33mid[39m=[32m"execution-execution-a-title"[39m
        [33mtabindex[39m=[32m"-1"[39m
      [36m>[39m
        [0mTask A[0m
      [36m</h3>[39m
    [36m</div>[39m
    [36m<span[39m
      [33mclass[39m=[32m"status-label status-staged"[39m
    [36m>[39m
      [0m变更待审阅[0m
    [36m</span>[39m
  [36m</div>[39m
  [36m<p[39m
    [33mrole[39m=[32m"status"[39m
  [36m>[39m
    [0m当前没有进行中的动作[0m
  [36m</p>[39m
  [36m<div[39m
    [33mclass[39m=[32m"execution-progress-list"[39m
  [36m>[39m
    [36m<div[39m
      [33mclass[39m=[32m"execution-progress"[39m
    [36m>[39m
      [36m<span>[39m
        [0m业务回合[0m
        [0m [0m
        [0m4[0m
        [0m/[0m
        [0m20[0m
      [36m</span>[39m
      [36m<progress[39m
        [33maria-label[39m=[32m"业务回合进度"[39m
        [33maria-valuemax[39m=[32m"20"[39m
        [33maria-valuemin[39m=[32m"0"[39m
        [33maria-valuenow[39m=[32m"4"[39m
        [33mmax[39m=[32m"20"[39m
        [33mvalue[39m=[32m"4"[39m
      [36m/>[39m
    [36m</div>[39m
    [36m<div[39m
      [33mclass[39m=[32m"execution-progress"[39m
    [36m>[39m
      [36m<span>[39m
        [0m工具调用[0m
        [0m [0m
        [0m7[0m
        [0m/[0m
        [0m40[0m
      [36m</span>[39m
      [36m<progress[39m
        [33maria-label[39m=[32m"工具调用进度"[39m
        [33maria-valuemax[39m=[32m"40"[39m
        [33maria-valuemin[39m=[32m"0"[39m
        [33maria-valuenow[39m=[32m"7"[39m
        [33mmax[39m=[32m"40"[39m
        [33mvalue[39m=[32m"7"[39m
      [36m/>[39m
    [36m</div>[39m
    [36m<div[39m
      [33mclass[39m=[32m"execution-progress"[39m
    [36m>[39m
      [36m<span>[39m
        [0mToken [0m
        [0m [0m
        [0m900[0m
        [0m/[0m
        [0m2000[0m
      [36m</span>[39m
      [36m<progress[39m
        [33maria-label[39m=[32m"Token 进度"[39m
        [33maria-valuemax[39m=[32m"2000"[39m
        [33maria-valuemin[39m=[32m"0"[39m
        [33maria-valuenow[39m=[32m"900"[39m
        [33mmax[39m=[32m"2000"[39m
        [33mvalue[39m=[32m"900"[39m
      [36m/>[39m
    [36m</div>[39m
  [36m</div>[39m
  [36m<div[39m
    [33mclass[39m=[32m"execution-review stack"[39m
  [36m>[39m
    [36m<div[39m
      [33maria-label[39m=[32m"执行审阅"[39m
      [33mclass[39m=[32m"execution-review-tabs"[39m
      [33mrole[39m=[32m"tablist"[39m
    [36m>[39m
      [36m<button[39m
        [33maria-controls[39m=[32m"execution-execution-a-timeline"[39m
        [33maria-selected[39m=[32m"true"[39m
        [33mid[39m=[32m"execution-execution-a-timeline-tab"[39m
        [33mrole[39m=[32m"tab"[39m
        [33mtabindex[39m=[32m"0"[39m
        [33mtype[39m=[32m"button"[39m
      [36m>[39m
        [0m时间线[0m
      [36m</button>[39m
      [36m<button[39m
        [33maria-controls[39m=[32m"execution-execution-a-validation"[39m
        [33maria-selected[39m=[32m"false"[39m
        [33mid[39m=[32m"execution-execution-a-validation-tab"[39m
        [33mrole[39m=[32m"tab"[39m
        [33mtabindex[39m=[32m"-1"[39m
        [33mtype[39m=[32m"button"[39m
      [36m>[39m
        [0m验证[0m
      [36m</button>[39m
      [36m<button[39m
        [33maria-controls[39m=[32m"execution-execution-a-changes"[39m
        [33maria-selected[39m=[32m"false"[39m
        [33mid[39m=[32m"execution-execution-a-changes-tab"[39m
        [33mrole[39m=[32m"tab"[39m
        [33mtabindex[39m=[32m"-1"[39m
        [33mtype[39m=[32m"button"[39m
      [36m>[39m
        [0m变更[0m
      [36m</button>[39m
    [36m</div>[39m
    [36m<section[39m
      [33maria-labelledby[39m=[32m"execution-execution-a-timeline-tab"[39m
      [33mid[39m=[32m"execution-execution-a-timeline"[39m
      [33mrole[39m=[32m"tabpanel"[39m
    [36m>[39m
      [36m<h4[39m
        [33mtabindex[39m=[32m"-1"[39m
      [36m>[39m
        [0m时间线（[0m
        [0m101[0m
        [0m）[0m
      [36m</h4>[39m
    [36m</section>[39m
  [36m</div>[39m
  [36m<div[39m
    [33mclass[39m=[32m"execution-card-controls"[39m
  [36m>[39m
    [36m<button[39m
      [33mstyle[39m=[32m"min-height: var(--control-min);"[39m
      [33mtype[39m=[32m"button"[39m
    [36m>[39m
      [0m停止[0m
      [0m [0m
      [0mTask A[0m
    [36m</button>[39m
    [36m<button[39m
      [33mstyle[39m=[32m"min-height: var(--control-min);"[39m
      [33mtype[39m=[32m"button"[39m
    [36m>[39m
      [0m刷新 [0m
      [0mTask A[0m
    [36m</button>[39m
  [36m</div>[39m
[36m</section>[39m
 ❯ Object.getElementError node_modules/@testing-library/dom/dist/config.js:37:19
 ❯ node_modules/@testing-library/dom/dist/query-helpers.js:76:38
 ❯ node_modules/@testing-library/dom/dist/query-helpers.js:52:17
 ❯ node_modules/@testing-library/dom/dist/query-helpers.js:95:19
 ❯ tests/execution-review-ui.test.tsx:185:25
    183|     expect(tabs.map((tab) => tab.textContent)).toEqual(["时间线", "验证", "…
    184|     expect(tabs[0]).toHaveAttribute("aria-selected", "true");
    185|     expect(within(card).getByRole("log", { name: "执行时间线" })).toHaveTex…
       |                         ^
    186|
    187|     tabs[0]!.focus();

⎯⎯⎯⎯⎯⎯⎯⎯⎯⎯⎯⎯⎯⎯⎯⎯⎯⎯⎯⎯⎯⎯⎯⎯[1/4]⎯

 FAIL  tests/execution-review-ui.test.tsx > T-29 execution review UI > lazy-loads validation stdout one chunk at a time, shows metadata, and preserves read data on error
TestingLibraryElementError: Found multiple elements with the role "alert"

Here are the matching elements:

Ignored nodes: comments, script, style
[36m<p[39m
  [33mclass[39m=[32m"error-text"[39m
  [33mrole[39m=[32m"alert"[39m
[36m>[39m
  [0m无法加载审批，请重试。[0m
[36m</p>[39m

Ignored nodes: comments, script, style
[36m<p[39m
  [33mclass[39m=[32m"error-text"[39m
  [33mrole[39m=[32m"alert"[39m
[36m>[39m
  [0m服务暂时不可用，请稍后重试。[0m
[36m</p>[39m

Ignored nodes: comments, script, style
[36m<p[39m
  [33mclass[39m=[32m"error-text"[39m
  [33mrole[39m=[32m"alert"[39m
[36m>[39m
  [0m无法加载产物，请重试。[0m
[36m</p>[39m

(If this is intentional, then use the `*AllBy*` variant of the query (like `queryAllByText`, `getAllByText`, or `findAllByText`)).

Ignored nodes: comments, script, style
[36m<section[39m
  [33maria-labelledby[39m=[32m"execution-execution-a-title"[39m
  [33mclass[39m=[32m"run-detail execution-card"[39m
  [33mdata-accent[39m=[32m"sage"[39m
  [33mrole[39m=[32m"region"[39m
[36m>[39m
  [36m<div[39m
    [33mclass[39m=[32m"panel-heading"[39m
  [36m>[39m
    [36m<div>[39m
      [36m<p[39m
        [33mclass[39m=[32m"eyebrow"[39m
      [36m>[39m
        [0mA[0m
      [36m</p>[39m
      [36m<p>[39m
        [0mAlpha[0m
      [36m</p>[39m
      [36m<h3[39m
        [33mid[39m=[32m"execution-execution-a-title"[39m
        [33mtabindex[39m=[32m"-1"[39m
      [36m>[39m
        [0mTask A[0m
      [36m</h3>[39m
    [36m</div>[39m
    [36m<span[39m
      [33mclass[39m=[32m"status-label status-staged"[39m
    [36m>[39m
      [0m变更待审阅[0m
    [36m</span>[39m
  [36m</div>[39m
  [36m<p[39m
    [33mrole[39m=[32m"status"[39m
  [36m>[39m
    [0m当前没有进行中的动作[0m
  [36m</p>[39m
  [36m<div[39m
    [33mclass[39m=[32m"execution-progress-list"[39m
  [36m>[39m
    [36m<div[39m
      [33mclass[39m=[32m"execution-progress"[39m
    [36m>[39m
      [36m<span>[39m
        [0m业务回合[0m
        [0m [0m
        [0m4[0m
        [0m/[0m
        [0m20[0m
      [36m</span>[39m
      [36m<progress[39m
        [33maria-label[39m=[32m"业务回合进度"[39m
        [33maria-valuemax[39m=[32m"20"[39m
        [33maria-valuemin[39m=[32m"0"[39m
        [33maria-valuenow[39m=[32m"4"[39m
        [33mmax[39m=[32m"20"[39m
        [33mvalue[39m=[32m"4"[39m
      [36m/>[39m
    [36m</div>[39m
    [36m<div[39m
      [33mclass[39m=[32m"execution-progress"[39m
    [36m>[39m
      [36m<span>[39m
        [0m工具调用[0m
        [0m [0m
        [0m7[0m
        [0m/[0m
        [0m40[0m
      [36m</span>[39m
      [36m<progress[39m
        [33maria-label[39m=[32m"工具调用进度"[39m
        [33maria-valuemax[39m=[32m"40"[39m
        [33maria-valuemin[39m=[32m"0"[39m
        [33maria-valuenow[39m=[32m"7"[39m
        [33mmax[39m=[32m"40"[39m
        [33mvalue[39m=[32m"7"[39m
      [36m/>[39m
    [36m</div>[39m
    [36m<div[39m
      [33mclass[39m=[32m"execution-progress"[39m
    [36m>[39m
      [36m<span>[39m
        [0mToken [0m
        [0m [0m
        [0m900[0m
        [0m/[0m
        [0m2000[0m
      [36m</span>[39m
      [36m<progress[39m
        [33maria-label[39m=[32m"Token 进度"[39m
        [33maria-valuemax[39m=[32m"2000"[39m
        [33maria-valuemin[39m=[32m"0"[39m
        [33maria-valuenow[39m=[32m"900"[39m
        [33mmax[39m=[32m"2000"[39m
        [33mvalue[39m=[32m"900"[39m
      [36m/>[39m
    [36m</div>[39m
  [36m</div>[39m
  [36m<div[39m
    [33mclass[39m=[32m"execution-review stack"[39m
  [36m>[39m
    [36m<p[39m
      [33mclass[39m=[32m"error-text"[39m
      [33mrole[39m=[32m"alert"[39m
    [36m>[39m
      [0m无法加载审批，请重试。[0m
    [36m</p>[39m
    [36m<div[39m
      [33maria-label[39m=[32m"执行审阅"[39m
      [33mclass[39m=[32m"execution-review-tabs"[39m
      [33mrole[39m=[32m"tablist"[39m
    [36m>[39m
      [36m<button[39m
        [33maria-controls[39m=[32m"execution-execution-a-timeline"[39m
        [33maria-selected[39m=[32m"false"[39m
        [33mid[39m=[32m"execution-execution-a-timeline-tab"[39m
        [33mrole[39m=[32m"tab"[39m
        [33mtabindex[39m=[32m"-1"[39m
        [33mtype[39m=[32m"button"[39m
      [36m>[39m
        [0m时间线[0m
      [36m</button>[39m
      [36m<button[39m
        [33maria-controls[39m=[32m"execution-execution-a-validation"[39m
        [33maria-selected[39m=[32m"true"[39m
        [33mid[39m=[32m"execution-execution-a-validation-tab"[39m
        [33mrole[39m=[32m"tab"[39m
        [33mtabindex[39m=[32m"0"[39m
        [33mtype[39m=[32m"button"[39m
      [36m>[39m
        [0m验证[0m
      [36m</button>[39m
      [36m<button[39m
        [33maria-controls[39m=[32m"execution-execution-a-changes"[39m
        [33maria-selected[39m=[32m"false"[39m
        [33mid[39m=[32m"execution-execution-a-changes-tab"[39m
        [33mrole[39m=[32m"tab"[39m
        [33mtabindex[39m=[32m"-1"[39m
        [33mtype[39m=[32m"button"[39m
      [36m>[39m
        [0m变更[0m
      [36m</button>[39m
    [36m</div>[39m
    [36m<section[39m
      [33maria-labelledby[39m=[32m"execution-execution-a-validation-tab"[39m
      [33mid[39m=[32m"execution-execution-a-validation"[39m
      [33mrole[39m=[32m"tabpanel"[39m
    [36m>[39m
      [36m<h4[39m
        [33mtabindex[39m=[32m"-1"[39m
      [36m>[39m
        [0m验证与产物[0m
      [36m</h4>[39m
      [36m<section[39m
        [33mclass[39m=[32m"execution-review-item stack"[39m
      [36m>[39m
        [36m<h5>[39m
          [0mrequired-test[0m
        [36m</h5>[39m
        [36m<p>[39m
          [0m必需[0m
          [0m · [0m
          [0m新鲜[0m
          [0m · [0m
          [0m通过[0m
        [36m</p>[39m
        [36m<p>[39m
          [0m由持续政策放行（standing approval） · 修订 #[0m
          [0m1[0m
        [36m</p>[39m
        [36m<section[39m
          [33maria-label[39m=[32m"stdout 输出"[39m
          [33mclass[39m=[32m"execution-output stack"[39m
        [36m>[39m
          [36m<p>[39m
            [0mstdout[0m
            [0m · [0m
            [0m1048576[0m
            [0m bytes · hash [0m
            [0maaaaaaaaaaaa[0m
            [0m · 已截断[0m
          [36m</p>[39m
          [36m<pre[39m
            [33mclass[39m=[32m"execution-review-code"[39m
          [36m>[39m
            [0mfirst retained output[0m
          [36m</pre>[39m
          [36m<small>[39m
            [0mchunk [0m
            [0m1[0m
            [0m/17 · offset [0m
            [0m0[0m
            [0m · [0m
            [0m65536[0m
            [0m bytes[0m
            [0m [0m
            [0m· hash [0m
            [0maaaaaaaaaaaa[0m
          [36m</small>[39m
          [36m<p[39m
            [33mclass[39m=[32m"error-text"[39m
            [33mrole[39m=[32m"alert"[39m
          [36m>[39m
            [0m服务暂时不可用，请稍后重试。[0m
          [36m</p>[39m
          [36m<button[39m
            [33mtype[39m=[32m"button"[39m
          [36m>[39m
            [0m加载更多 stdout[0m
          [36m</button>[39m
        [36m</section>[39m
        [36m<p>[39m
          [0mstderr[0m
          [0m 为空 · 0 bytes · hash [0m
          [0maaaaaaaaaaaa[0m
        [36m</p>[39m
      [36m</section>[39m
      [36m<h5>[39m
        [0m产物（[0m
        [0m1[0m
        [0m）[0m
      [36m</h5>[39m
      [36m<div>[39m
        [36m<p[39m
          [33mclass[39m=[32m"error-text"[39m
          [33mrole[39m=[32m"alert"[39m
        [36m>[39m
          [0m无法加载产物，请重试。[0m
        [36m</p>[39m
        [36m<button[39m
          [33mtype[39m=[32m"button"[39m
        [36m>[39m
          [0m重试加载[0m
          [0m产物[0m
        [36m</button>[39m
      [36m</div>[39m
    [36m</section>[39m
  [36m</div>[39m
  [36m<div[39m
    [33mclass[39m=[32m"execution-card-controls"[39m
  [36m>[39m
    [36m<button[39m
      [33mstyle[39m=[32m"min-height: var(--control-min);"[39m
      [33mtype[39m=[32m"button"[39m
    [36m>[39m
      [0m停止[0m
      [0m [0m
      [0mTask A[0m
    [36m</button>[39m
    [36m<button[39m
      [33mstyle[39m=[32m"min-height: var(--control-min);"[39m
      [33mtype[39m=[32m"button"[39m
    [36m>[39m
      [0m刷新 [0m
      [0mTask A[0m
    [36m</button>[39m
  [36m</div>[39m
[36m</section>[39m

Ignored nodes: comments, script, style
[36m<section[39m
  [33maria-labelledby[39m=[32m"execution-execution-a-title"[39m
  [33mclass[39m=[32m"run-detail execution-card"[39m
  [33mdata-accent[39m=[32m"sage"[39m
  [33mrole[39m=[32m"region"[39m
[36m>[39m
  [36m<div[39m
    [33mclass[39m=[32m"panel-heading"[39m
  [36m>[39m
    [36m<div>[39m
      [36m<p[39m
        [33mclass[39m=[32m"eyebrow"[39m
      [36m>[39m
        [0mA[0m
      [36m</p>[39m
      [36m<p>[39m
        [0mAlpha[0m
      [36m</p>[39m
      [36m<h3[39m
        [33mid[39m=[32m"execution-execution-a-title"[39m
        [33mtabindex[39m=[32m"-1"[39m
      [36m>[39m
        [0mTask A[0m
      [36m</h3>[39m
    [36m</div>[39m
    [36m<span[39m
      [33mclass[39m=[32m"status-label status-staged"[39m
    [36m>[39m
      [0m变更待审阅[0m
    [36m</span>[39m
  [36m</div>[39m
  [36m<p[39m
    [33mrole[39m=[32m"status"[39m
  [36m>[39m
    [0m当前没有进行中的动作[0m
  [36m</p>[39m
  [36m<div[39m
    [33mclass[39m=[32m"execution-progress-list"[39m
  [36m>[39m
    [36m<div[39m
      [33mclass[39m=[32m"execution-progress"[39m
    [36m>[39m
      [36m<span>[39m
        [0m业务回合[0m
        [0m [0m
        [0m4[0m
        [0m/[0m
        [0m20[0m
      [36m</span>[39m
      [36m<progress[39m
        [33maria-label[39m=[32m"业务回合进度"[39m
        [33maria-valuemax[39m=[32m"20"[39m
        [33maria-valuemin[39m=[32m"0"[39m
        [33maria-valuenow[39m=[32m"4"[39m
        [33mmax[39m=[32m"20"[39m
        [33mvalue[39m=[32m"4"[39m
      [36m/>[39m
    [36m</div>[39m
    [36m<div[39m
      [33mclass[39m=[32m"execution-progress"[39m
    [36m>[39m
      [36m<span>[39m
        [0m工具调用[0m
        [0m [0m
        [0m7[0m
        [0m/[0m
        [0m40[0m
      [36m</span>[39m
      [36m<progress[39m
        [33maria-label[39m=[32m"工具调用进度"[39m
        [33maria-valuemax[39m=[32m"40"[39m
        [33maria-valuemin[39m=[32m"0"[39m
        [33maria-valuenow[39m=[32m"7"[39m
        [33mmax[39m=[32m"40"[39m
        [33mvalue[39m=[32m"7"[39m
      [36m/>[39m
    [36m</div>[39m
    [36m<div[39m
      [33mclass[39m=[32m"execution-progress"[39m
    [36m>[39m
      [36m<span>[39m
        [0mToken [0m
        [0m [0m
        [0m900[0m
        [0m/[0m
        [0m2000[0m
      [36m</span>[39m
      [36m<progress[39m
        [33maria-label[39m=[32m"Token 进度"[39m
        [33maria-valuemax[39m=[32m"2000"[39m
        [33maria-valuemin[39m=[32m"0"[39m
        [33maria-valuenow[39m=[32m"900"[39m
        [33mmax[39m=[32m"2000"[39m
        [33mvalue[39m=[32m"900"[39m
      [36m/>[39m
    [36m</div>[39m
  [36m</div>[39m
  [36m<div[39m
    [33mclass[39m=[32m"execution-review stack"[39m
  [36m>[39m
    [36m<p[39m
      [33mclass[39m=[32m"error-text"[39m
      [33mrole[39m=[32m"alert"[39m
    [36m>[39m
      [0m无法加载审批，请重试。[0m
    [36m</p>[39m
    [36m<div[39m
      [33maria-label[39m=[32m"执行审阅"[39m
      [33mclass[39m=[32m"execution-review-tabs"[39m
      [33mrole[39m=[32m"tablist"[39m
    [36m>[39m
      [36m<button[39m
        [33maria-controls[39m=[32m"execution-execution-a-timeline"[39m
        [33maria-selected[39m=[32m"false"[39m
        [33mid[39m=[32m"execution-execution-a-timeline-tab"[39m
        [33mrole[39m=[32m"tab"[39m
        [33mtabindex[39m=[32m"-1"[39m
        [33mtype[39m=[32m"button"[39m
      [36m>[39m
        [0m时间线[0m
      [36m</button>[39m
      [36m<button[39m
        [33maria-controls[39m=[32m"execution-execution-a-validation"[39m
        [33maria-selected[39m=[32m"true"[39m
        [33mid[39m=[32m"execution-execution-a-validation-tab"[39m
        [33mrole[39m=[32m"tab"[39m
        [33mtabindex[39m=[32m"0"[39m
        [33mtype[39m=[32m"button"[39m
      [36m>[39m
        [0m验证[0m
      [36m</button>[39m
      [36m<button[39m
        [33maria-controls[39m=[32m"execution-execution-a-changes"[39m
        [33maria-selected[39m=[32m"false"[39m
        [33mid[39m=[32m"execution-execution-a-changes-tab"[39m
        [33mrole[39m=[32m"tab"[39m
        [33mtabindex[39m=[32m"-1"[39m
        [33mtype[39m=[32m"button"[39m
      [36m>[39m
        [0m变更[0m
      [36m</button>[39m
    [36m</div>[39m
    [36m<section[39m
      [33maria-labelledby[39m=[32m"execution-execution-a-validation-tab"[39m
      [33mid[39m=[32m"execution-execution-a-validation"[39m
      [33mrole[39m=[32m"tabpanel"[39m
    [36m>[39m
      [36m<h4[39m
        [33mtabindex[39m=[32m"-1"[39m
      [36m>[39m
        [0m验证与产物[0m
      [36m</h4>[39m
      [36m<section[39m
        [33mclass[39m=[32m"execution-review-item stack"[39m
      [36m>[39m
        [36m<h5>[39m
          [0mrequired-test[0m
        [36m</h5>[39m
        [36m<p>[39m
          [0m必需[0m
          [0m · [0m
          [0m新鲜[0m
          [0m · [0m
          [0m通过[0m
        [36m</p>[39m
        [36m<p>[39m
          [0m由持续政策放行（standing approval） · 修订 #[0m
          [0m1[0m
        [36m</p>[39m
        [36m<section[39m
          [33maria-label[39m=[32m"stdout 输出"[39m
          [33mclass[39m=[32m"execution-output stack"[39m
        [36m>[39m
          [36m<p>[39m
            [0mstdout[0m
            [0m · [0m
            [0m1048576[0m
            [0m bytes · hash [0m
            [0maaaaaaaaaaaa[0m
            [0m · 已截断[0m
          [36m</p>[39m
          [36m<pre[39m
            [33mclass[39m=[32m"execution-review-code"[39m
          [36m>[39m
            [0mfirst retained output[0m
          [36m</pre>[39m
          [36m<small>[39m
            [0mchunk [0m
            [0m1[0m
            [0m/17 · offset [0m
            [0m0[0m
            [0m · [0m
            [0m65536[0m
            [0m bytes[0m
            [0m [0m
            [0m· hash [0m
            [0maaaaaaaaaaaa[0m
          [36m</small>[39m
          [36m<p[39m
            [33mclass[39m=[32m"error-text"[39m
            [33mrole[39m=[32m"alert"[39m
          [36m>[39m
            [0m服务暂时不可用，请稍后重试。[0m
          [36m</p>[39m
          [36m<button[39m
            [33mtype[39m=[32m"button"[39m
          [36m>[39m
            [0m加载更多 stdout[0m
          [36m</button>[39m
        [36m</section>[39m
        [36m<p>[39m
          [0mstderr[0m
          [0m 为空 · 0 bytes · hash [0m
          [0maaaaaaaaaaaa[0m
        [36m</p>[39m
      [36m</section>[39m
      [36m<h5>[39m
        [0m产物（[0m
        [0m1[0m
        [0m）[0m
      [36m</h5>[39m
      [36m<div>[39m
        [36m<p[39m
          [33mclass[39m=[32m"error-text"[39m
          [33mrole[39m=[32m"alert"[39m
        [36m>[39m
          [0m无法加载产物，请重试。[0m
        [36m</p>[39m
        [36m<button[39m
          [33mtype[39m=[32m"button"[39m
        [36m>[39m
          [0m重试加载[0m
          [0m产物[0m
        [36m</button>[39m
      [36m</div>[39m
    [36m</section>[39m
  [36m</div>[39m
  [36m<div[39m
    [33mclass[39m=[32m"execution-card-controls"[39m
  [36m>[39m
    [36m<button[39m
      [33mstyle[39m=[32m"min-height: var(--control-min);"[39m
      [33mtype[39m=[32m"button"[39m
    [36m>[39m
      [0m停止[0m
      [0m [0m
      [0mTask A[0m
    [36m</button>[39m
    [36m<button[39m
      [33mstyle[39m=[32m"min-height: var(--control-min);"[39m
      [33mtype[39m=[32m"button"[39m
    [36m>[39m
      [0m刷新 [0m
      [0mTask A[0m
    [36m</button>[39m
  [36m</div>[39m
[36m</section>[39m
 ❯ waitForWrapper node_modules/@testing-library/dom/dist/wait-for.js:163:27
 ❯ node_modules/@testing-library/dom/dist/query-helpers.js:86:33
 ❯ tests/execution-review-ui.test.tsx:253:31
    251|     expect(await within(card).findByText("first retained output")).toB…
    252|     await user.click(within(card).getByRole("button", { name: "加载更多 st…
    253|     expect(await within(card).findByRole("alert")).toHaveTextContent("…
       |                               ^
    254|     expect(within(card).getByText("first retained output")).toBeInTheD…
    255|     expect(within(card).getByText(new RegExp(HASH.slice(0, 12)))).toBe…

⎯⎯⎯⎯⎯⎯⎯⎯⎯⎯⎯⎯⎯⎯⎯⎯⎯⎯⎯⎯⎯⎯⎯⎯[2/4]⎯

 FAIL  tests/execution-review-ui.test.tsx > T-29 execution review UI > never presents auto merge for stale review state and keeps staged-hash approval separate
TestingLibraryElementError: Found multiple elements with the text: /bbbbbbbbbbbb/

Here are the matching elements:

Ignored nodes: comments, script, style
[36m<p>[39m
  [0mstaged hash：[0m
  [0mbbbbbbbbbbbb[0m
[36m</p>[39m

Ignored nodes: comments, script, style
[36m<button[39m
  [33mdisabled[39m=[32m""[39m
  [33mtype[39m=[32m"button"[39m
[36m>[39m
  [0m批准当前 staged hash [0m
  [0mbbbbbbbbbbbb[0m
[36m</button>[39m

(If this is intentional, then use the `*AllBy*` variant of the query (like `queryAllByText`, `getAllByText`, or `findAllByText`)).

Ignored nodes: comments, script, style
[36m<section[39m
  [33maria-labelledby[39m=[32m"execution-execution-a-title"[39m
  [33mclass[39m=[32m"run-detail execution-card"[39m
  [33mdata-accent[39m=[32m"sage"[39m
  [33mrole[39m=[32m"region"[39m
[36m>[39m
  [36m<div[39m
    [33mclass[39m=[32m"panel-heading"[39m
  [36m>[39m
    [36m<div>[39m
      [36m<p[39m
        [33mclass[39m=[32m"eyebrow"[39m
      [36m>[39m
        [0mA[0m
      [36m</p>[39m
      [36m<p>[39m
        [0mAlpha[0m
      [36m</p>[39m
      [36m<h3[39m
        [33mid[39m=[32m"execution-execution-a-title"[39m
        [33mtabindex[39m=[32m"-1"[39m
      [36m>[39m
        [0mTask A[0m
      [36m</h3>[39m
    [36m</div>[39m
    [36m<span[39m
      [33mclass[39m=[32m"status-label status-stale"[39m
    [36m>[39m
      [0m上下文已过期[0m
    [36m</span>[39m
  [36m</div>[39m
  [36m<p[39m
    [33mrole[39m=[32m"status"[39m
  [36m>[39m
    [0m当前没有进行中的动作[0m
  [36m</p>[39m
  [36m<p[39m
    [33mclass[39m=[32m"error-text"[39m
  [36m>[39m
    [0m阻断原因：[0m
    [0mSTAGED_CONTEXT_STALE[0m
  [36m</p>[39m
  [36m<div[39m
    [33mclass[39m=[32m"execution-progress-list"[39m
  [36m>[39m
    [36m<div[39m
      [33mclass[39m=[32m"execution-progress"[39m
    [36m>[39m
      [36m<span>[39m
        [0m业务回合[0m
        [0m [0m
        [0m4[0m
        [0m/[0m
        [0m20[0m
      [36m</span>[39m
      [36m<progress[39m
        [33maria-label[39m=[32m"业务回合进度"[39m
        [33maria-valuemax[39m=[32m"20"[39m
        [33maria-valuemin[39m=[32m"0"[39m
        [33maria-valuenow[39m=[32m"4"[39m
        [33mmax[39m=[32m"20"[39m
        [33mvalue[39m=[32m"4"[39m
      [36m/>[39m
    [36m</div>[39m
    [36m<div[39m
      [33mclass[39m=[32m"execution-progress"[39m
    [36m>[39m
      [36m<span>[39m
        [0m工具调用[0m
        [0m [0m
        [0m7[0m
        [0m/[0m
        [0m40[0m
      [36m</span>[39m
      [36m<progress[39m
        [33maria-label[39m=[32m"工具调用进度"[39m
        [33maria-valuemax[39m=[32m"40"[39m
        [33maria-valuemin[39m=[32m"0"[39m
        [33maria-valuenow[39m=[32m"7"[39m
        [33mmax[39m=[32m"40"[39m
        [33mvalue[39m=[32m"7"[39m
      [36m/>[39m
    [36m</div>[39m
    [36m<div[39m
      [33mclass[39m=[32m"execution-progress"[39m
    [36m>[39m
      [36m<span>[39m
        [0mToken [0m
        [0m [0m
        [0m900[0m
        [0m/[0m
        [0m2000[0m
      [36m</span>[39m
      [36m<progress[39m
        [33maria-label[39m=[32m"Token 进度"[39m
        [33maria-valuemax[39m=[32m"2000"[39m
        [33maria-valuemin[39m=[32m"0"[39m
        [33maria-valuenow[39m=[32m"900"[39m
        [33mmax[39m=[32m"2000"[39m
        [33mvalue[39m=[32m"900"[39m
      [36m/>[39m
    [36m</div>[39m
  [36m</div>[39m
  [36m<div[39m
    [33mclass[39m=[32m"execution-review stack"[39m
  [36m>[39m
    [36m<p[39m
      [33mclass[39m=[32m"error-text"[39m
      [33mrole[39m=[32m"alert"[39m
    [36m>[39m
      [0m无法加载审批，请重试。[0m
    [36m</p>[39m
    [36m<div[39m
      [33maria-label[39m=[32m"执行审阅"[39m
      [33mclass[39m=[32m"execution-review-tabs"[39m
      [33mrole[39m=[32m"tablist"[39m
    [36m>[39m
      [36m<button[39m
        [33maria-controls[39m=[32m"execution-execution-a-timeline"[39m
        [33maria-selected[39m=[32m"false"[39m
        [33mid[39m=[32m"execution-execution-a-timeline-tab"[39m
        [33mrole[39m=[32m"tab"[39m
        [33mtabindex[39m=[32m"-1"[39m
        [33mtype[39m=[32m"button"[39m
      [36m>[39m
        [0m时间线[0m
      [36m</button>[39m
      [36m<button[39m
        [33maria-controls[39m=[32m"execution-execution-a-validation"[39m
        [33maria-selected[39m=[32m"false"[39m
        [33mid[39m=[32m"execution-execution-a-validation-tab"[39m
        [33mrole[39m=[32m"tab"[39m
        [33mtabindex[39m=[32m"-1"[39m
        [33mtype[39m=[32m"button"[39m
      [36m>[39m
        [0m验证[0m
      [36m</button>[39m
      [36m<button[39m
        [33maria-controls[39m=[32m"execution-execution-a-changes"[39m
        [33maria-selected[39m=[32m"true"[39m
        [33mid[39m=[32m"execution-execution-a-changes-tab"[39m
        [33mrole[39m=[32m"tab"[39m
        [33mtabindex[39m=[32m"0"[39m
        [33mtype[39m=[32m"button"[39m
      [36m>[39m
        [0m变更[0m
      [36m</button>[39m
    [36m</div>[39m
    [36m<section[39m
      [33maria-labelledby[39m=[32m"execution-execution-a-changes-tab"[39m
      [33mid[39m=[32m"execution-execution-a-changes"[39m
      [33mrole[39m=[32m"tabpanel"[39m
    [36m>[39m
      [36m<h4[39m
        [33mtabindex[39m=[32m"-1"[39m
      [36m>[39m
        [0m变更审阅[0m
      [36m</h4>[39m
      [36m<div[39m
        [33mclass[39m=[32m"execution-staged-summary stack"[39m
      [36m>[39m
        [36m<p>[39m
          [0m观察到 [0m
          [0m101[0m
          [0m 个路径 · [0m
          [0m4096[0m
          [0m bytes[0m
        [36m</p>[39m
        [36m<p>[39m
          [0m可合入边界 [0m
          [0m2[0m
          [0m 个文件 · [0m
          [0m512[0m
          [0m bytes[0m
        [36m</p>[39m
        [36m<p>[39m
          [0mstaged hash：[0m
          [0mbbbbbbbbbbbb[0m
        [36m</p>[39m
        [36m<p>[39m
          [0m必需验证：[0m
          [0m没有必需验证政策[0m
        [36m</p>[39m
        [36m<p>[39m
          [0m政策 hash：[0m
          [0maaaaaaaaaaaa[0m
          [0m · 修订 #[0m
          [0m1[0m
        [36m</p>[39m
        [36m<p>[39m
          [0m风险与边界：[0m
          [0m需要 owner 对当前 staged hash 单次批准[0m
        [36m</p>[39m
      [36m</div>[39m
      [36m<div[39m
        [33mclass[39m=[32m"execution-review-actions"[39m
      [36m>[39m
        [36m<button[39m
          [33mdisabled[39m=[32m""[39m
          [33mtype[39m=[32m"button"[39m
        [36m>[39m
          [0m批准当前 staged hash [0m
          [0mbbbbbbbbbbbb[0m
        [36m</button>[39m
      [36m</div>[39m
      [36m<h5>[39m
        [0m观察（[0m
        [0m101[0m
        [0m）[0m
      [36m</h5>[39m
      [36m<p>[39m
        [0m没有 staged 观察。[0m
      [36m</p>[39m
      [36m<ol[39m
        [33mclass[39m=[32m"execution-review-list"[39m
      [36m/>[39m
      [36m<h5>[39m
        [0m阻断（[0m
        [0m0[0m
        [0m）[0m
      [36m</h5>[39m
      [36m<p>[39m
        [0m没有 staged 阻断。[0m
      [36m</p>[39m
      [36m<ol[39m
        [33mclass[39m=[32m"execution-review-list"[39m
      [36m/>[39m
    [36m</section>[39m
  [36m</div>[39m
  [36m<div[39m
    [33mclass[39m=[32m"execution-card-controls"[39m
  [36m>[39m
    [36m<button[39m
      [33mstyle[39m=[32m"min-height: var(--control-min);"[39m
      [33mtype[39m=[32m"button"[39m
    [36m>[39m
      [0m重试[0m
      [0m [0m
      [0mTask A[0m
    [36m</button>[39m
    [36m<button[39m
      [33mstyle[39m=[32m"min-height: var(--control-min);"[39m
      [33mtype[39m=[32m"button"[39m
    [36m>[39m
      [0m停止[0m
      [0m [0m
      [0mTask A[0m
    [36m</button>[39m
    [36m<button[39m
      [33mstyle[39m=[32m"min-height: var(--control-min);"[39m
      [33mtype[39m=[32m"button"[39m
    [36m>[39m
      [0m刷新 [0m
      [0mTask A[0m
    [36m</button>[39m
  [36m</div>[39m
[36m</section>[39m

Ignored nodes: comments, script, style
[36m<section[39m
  [33maria-labelledby[39m=[32m"execution-execution-a-title"[39m
  [33mclass[39m=[32m"run-detail execution-card"[39m
  [33mdata-accent[39m=[32m"sage"[39m
  [33mrole[39m=[32m"region"[39m
[36m>[39m
  [36m<div[39m
    [33mclass[39m=[32m"panel-heading"[39m
  [36m>[39m
    [36m<div>[39m
      [36m<p[39m
        [33mclass[39m=[32m"eyebrow"[39m
      [36m>[39m
        [0mA[0m
      [36m</p>[39m
      [36m<p>[39m
        [0mAlpha[0m
      [36m</p>[39m
      [36m<h3[39m
        [33mid[39m=[32m"execution-execution-a-title"[39m
        [33mtabindex[39m=[32m"-1"[39m
      [36m>[39m
        [0mTask A[0m
      [36m</h3>[39m
    [36m</div>[39m
    [36m<span[39m
      [33mclass[39m=[32m"status-label status-stale"[39m
    [36m>[39m
      [0m上下文已过期[0m
    [36m</span>[39m
  [36m</div>[39m
  [36m<p[39m
    [33mrole[39m=[32m"status"[39m
  [36m>[39m
    [0m当前没有进行中的动作[0m
  [36m</p>[39m
  [36m<p[39m
    [33mclass[39m=[32m"error-text"[39m
  [36m>[39m
    [0m阻断原因：[0m
    [0mSTAGED_CONTEXT_STALE[0m
  [36m</p>[39m
  [36m<div[39m
    [33mclass[39m=[32m"execution-progress-list"[39m
  [36m>[39m
    [36m<div[39m
      [33mclass[39m=[32m"execution-progress"[39m
    [36m>[39m
      [36m<span>[39m
        [0m业务回合[0m
        [0m [0m
        [0m4[0m
        [0m/[0m
        [0m20[0m
      [36m</span>[39m
      [36m<progress[39m
        [33maria-label[39m=[32m"业务回合进度"[39m
        [33maria-valuemax[39m=[32m"20"[39m
        [33maria-valuemin[39m=[32m"0"[39m
        [33maria-valuenow[39m=[32m"4"[39m
        [33mmax[39m=[32m"20"[39m
        [33mvalue[39m=[32m"4"[39m
      [36m/>[39m
    [36m</div>[39m
    [36m<div[39m
      [33mclass[39m=[32m"execution-progress"[39m
    [36m>[39m
      [36m<span>[39m
        [0m工具调用[0m
        [0m [0m
        [0m7[0m
        [0m/[0m
        [0m40[0m
      [36m</span>[39m
      [36m<progress[39m
        [33maria-label[39m=[32m"工具调用进度"[39m
        [33maria-valuemax[39m=[32m"40"[39m
        [33maria-valuemin[39m=[32m"0"[39m
        [33maria-valuenow[39m=[32m"7"[39m
        [33mmax[39m=[32m"40"[39m
        [33mvalue[39m=[32m"7"[39m
      [36m/>[39m
    [36m</div>[39m
    [36m<div[39m
      [33mclass[39m=[32m"execution-progress"[39m
    [36m>[39m
      [36m<span>[39m
        [0mToken [0m
        [0m [0m
        [0m900[0m
        [0m/[0m
        [0m2000[0m
      [36m</span>[39m
      [36m<progress[39m
        [33maria-label[39m=[32m"Token 进度"[39m
        [33maria-valuemax[39m=[32m"2000"[39m
        [33maria-valuemin[39m=[32m"0"[39m
        [33maria-valuenow[39m=[32m"900"[39m
        [33mmax[39m=[32m"2000"[39m
        [33mvalue[39m=[32m"900"[39m
      [36m/>[39m
    [36m</div>[39m
  [36m</div>[39m
  [36m<div[39m
    [33mclass[39m=[32m"execution-review stack"[39m
  [36m>[39m
    [36m<p[39m
      [33mclass[39m=[32m"error-text"[39m
      [33mrole[39m=[32m"alert"[39m
    [36m>[39m
      [0m无法加载审批，请重试。[0m
    [36m</p>[39m
    [36m<div[39m
      [33maria-label[39m=[32m"执行审阅"[39m
      [33mclass[39m=[32m"execution-review-tabs"[39m
      [33mrole[39m=[32m"tablist"[39m
    [36m>[39m
      [36m<button[39m
        [33maria-controls[39m=[32m"execution-execution-a-timeline"[39m
        [33maria-selected[39m=[32m"false"[39m
        [33mid[39m=[32m"execution-execution-a-timeline-tab"[39m
        [33mrole[39m=[32m"tab"[39m
        [33mtabindex[39m=[32m"-1"[39m
        [33mtype[39m=[32m"button"[39m
      [36m>[39m
        [0m时间线[0m
      [36m</button>[39m
      [36m<button[39m
        [33maria-controls[39m=[32m"execution-execution-a-validation"[39m
        [33maria-selected[39m=[32m"false"[39m
        [33mid[39m=[32m"execution-execution-a-validation-tab"[39m
        [33mrole[39m=[32m"tab"[39m
        [33mtabindex[39m=[32m"-1"[39m
        [33mtype[39m=[32m"button"[39m
      [36m>[39m
        [0m验证[0m
      [36m</button>[39m
      [36m<button[39m
        [33maria-controls[39m=[32m"execution-execution-a-changes"[39m
        [33maria-selected[39m=[32m"true"[39m
        [33mid[39m=[32m"execution-execution-a-changes-tab"[39m
        [33mrole[39m=[32m"tab"[39m
        [33mtabindex[39m=[32m"0"[39m
        [33mtype[39m=[32m"button"[39m
      [36m>[39m
        [0m变更[0m
      [36m</button>[39m
    [36m</div>[39m
    [36m<section[39m
      [33maria-labelledby[39m=[32m"execution-execution-a-changes-tab"[39m
      [33mid[39m=[32m"execution-execution-a-changes"[39m
      [33mrole[39m=[32m"tabpanel"[39m
    [36m>[39m
      [36m<h4[39m
        [33mtabindex[39m=[32m"-1"[39m
      [36m>[39m
        [0m变更审阅[0m
      [36m</h4>[39m
      [36m<div[39m
        [33mclass[39m=[32m"execution-staged-summary stack"[39m
      [36m>[39m
        [36m<p>[39m
          [0m观察到 [0m
          [0m101[0m
          [0m 个路径 · [0m
          [0m4096[0m
          [0m bytes[0m
        [36m</p>[39m
        [36m<p>[39m
          [0m可合入边界 [0m
          [0m2[0m
          [0m 个文件 · [0m
          [0m512[0m
          [0m bytes[0m
        [36m</p>[39m
        [36m<p>[39m
          [0mstaged hash：[0m
          [0mbbbbbbbbbbbb[0m
        [36m</p>[39m
        [36m<p>[39m
          [0m必需验证：[0m
          [0m没有必需验证政策[0m
        [36m</p>[39m
        [36m<p>[39m
          [0m政策 hash：[0m
          [0maaaaaaaaaaaa[0m
          [0m · 修订 #[0m
          [0m1[0m
        [36m</p>[39m
        [36m<p>[39m
          [0m风险与边界：[0m
          [0m需要 owner 对当前 staged hash 单次批准[0m
        [36m</p>[39m
      [36m</div>[39m
      [36m<div[39m
        [33mclass[39m=[32m"execution-review-actions"[39m
      [36m>[39m
        [36m<button[39m
          [33mdisabled[39m=[32m""[39m
          [33mtype[39m=[32m"button"[39m
        [36m>[39m
          [0m批准当前 staged hash [0m
          [0mbbbbbbbbbbbb[0m
        [36m</button>[39m
      [36m</div>[39m
      [36m<h5>[39m
        [0m观察（[0m
        [0m101[0m
        [0m）[0m
      [36m</h5>[39m
      [36m<p>[39m
        [0m没有 staged 观察。[0m
      [36m</p>[39m
      [36m<ol[39m
        [33mclass[39m=[32m"execution-review-list"[39m
      [36m/>[39m
      [36m<h5>[39m
        [0m阻断（[0m
        [0m0[0m
        [0m）[0m
      [36m</h5>[39m
      [36m<p>[39m
        [0m没有 staged 阻断。[0m
      [36m</p>[39m
      [36m<ol[39m
        [33mclass[39m=[32m"execution-review-list"[39m
      [36m/>[39m
    [36m</section>[39m
  [36m</div>[39m
  [36m<div[39m
    [33mclass[39m=[32m"execution-card-controls"[39m
  [36m>[39m
    [36m<button[39m
      [33mstyle[39m=[32m"min-height: var(--control-min);"[39m
      [33mtype[39m=[32m"button"[39m
    [36m>[39m
      [0m重试[0m
      [0m [0m
      [0mTask A[0m
    [36m</button>[39m
    [36m<button[39m
      [33mstyle[39m=[32m"min-height: var(--control-min);"[39m
      [33mtype[39m=[32m"button"[39m
    [36m>[39m
      [0m停止[0m
      [0m [0m
      [0mTask A[0m
    [36m</button>[39m
    [36m<button[39m
      [33mstyle[39m=[32m"min-height: var(--control-min);"[39m
      [33mtype[39m=[32m"button"[39m
    [36m>[39m
      [0m刷新 [0m
      [0mTask A[0m
    [36m</button>[39m
  [36m</div>[39m
[36m</section>[39m
 ❯ waitForWrapper node_modules/@testing-library/dom/dist/wait-for.js:163:27
 ❯ node_modules/@testing-library/dom/dist/query-helpers.js:86:33
 ❯ tests/execution-review-ui.test.tsx:454:26
    452|       const card = await screen.findByRole("region", { name: "Task A" …
    453|       await userEvent.click(await within(card).findByRole("tab", { nam…
    454|       await within(card).findByText(new RegExp(STAGED_HASH.slice(0, 12…
       |                          ^
    455|       expect(within(card).queryByRole("button", { name: /自动合入/ })).not…
    456|       if (state === "blocked") {

⎯⎯⎯⎯⎯⎯⎯⎯⎯⎯⎯⎯⎯⎯⎯⎯⎯⎯⎯⎯⎯⎯⎯⎯[3/4]⎯

 FAIL  tests/execution-review-ui.test.tsx > T-29 execution review UI > never presents auto merge for conflicted review state and keeps staged-hash approval separate
TestingLibraryElementError: Found multiple elements with the text: /bbbbbbbbbbbb/

Here are the matching elements:

Ignored nodes: comments, script, style
[36m<p>[39m
  [0mstaged hash：[0m
  [0mbbbbbbbbbbbb[0m
[36m</p>[39m

Ignored nodes: comments, script, style
[36m<button[39m
  [33mdisabled[39m=[32m""[39m
  [33mtype[39m=[32m"button"[39m
[36m>[39m
  [0m批准当前 staged hash [0m
  [0mbbbbbbbbbbbb[0m
[36m</button>[39m

(If this is intentional, then use the `*AllBy*` variant of the query (like `queryAllByText`, `getAllByText`, or `findAllByText`)).

Ignored nodes: comments, script, style
[36m<section[39m
  [33maria-labelledby[39m=[32m"execution-execution-a-title"[39m
  [33mclass[39m=[32m"run-detail execution-card"[39m
  [33mdata-accent[39m=[32m"sage"[39m
  [33mrole[39m=[32m"region"[39m
[36m>[39m
  [36m<div[39m
    [33mclass[39m=[32m"panel-heading"[39m
  [36m>[39m
    [36m<div>[39m
      [36m<p[39m
        [33mclass[39m=[32m"eyebrow"[39m
      [36m>[39m
        [0mA[0m
      [36m</p>[39m
      [36m<p>[39m
        [0mAlpha[0m
      [36m</p>[39m
      [36m<h3[39m
        [33mid[39m=[32m"execution-execution-a-title"[39m
        [33mtabindex[39m=[32m"-1"[39m
      [36m>[39m
        [0mTask A[0m
      [36m</h3>[39m
    [36m</div>[39m
    [36m<span[39m
      [33mclass[39m=[32m"status-label status-conflicted"[39m
    [36m>[39m
      [0m存在冲突[0m
    [36m</span>[39m
  [36m</div>[39m
  [36m<p[39m
    [33mrole[39m=[32m"status"[39m
  [36m>[39m
    [0m当前没有进行中的动作[0m
  [36m</p>[39m
  [36m<div[39m
    [33mclass[39m=[32m"execution-progress-list"[39m
  [36m>[39m
    [36m<div[39m
      [33mclass[39m=[32m"execution-progress"[39m
    [36m>[39m
      [36m<span>[39m
        [0m业务回合[0m
        [0m [0m
        [0m4[0m
        [0m/[0m
        [0m20[0m
      [36m</span>[39m
      [36m<progress[39m
        [33maria-label[39m=[32m"业务回合进度"[39m
        [33maria-valuemax[39m=[32m"20"[39m
        [33maria-valuemin[39m=[32m"0"[39m
        [33maria-valuenow[39m=[32m"4"[39m
        [33mmax[39m=[32m"20"[39m
        [33mvalue[39m=[32m"4"[39m
      [36m/>[39m
    [36m</div>[39m
    [36m<div[39m
      [33mclass[39m=[32m"execution-progress"[39m
    [36m>[39m
      [36m<span>[39m
        [0m工具调用[0m
        [0m [0m
        [0m7[0m
        [0m/[0m
        [0m40[0m
      [36m</span>[39m
      [36m<progress[39m
        [33maria-label[39m=[32m"工具调用进度"[39m
        [33maria-valuemax[39m=[32m"40"[39m
        [33maria-valuemin[39m=[32m"0"[39m
        [33maria-valuenow[39m=[32m"7"[39m
        [33mmax[39m=[32m"40"[39m
        [33mvalue[39m=[32m"7"[39m
      [36m/>[39m
    [36m</div>[39m
    [36m<div[39m
      [33mclass[39m=[32m"execution-progress"[39m
    [36m>[39m
      [36m<span>[39m
        [0mToken [0m
        [0m [0m
        [0m900[0m
        [0m/[0m
        [0m2000[0m
      [36m</span>[39m
      [36m<progress[39m
        [33maria-label[39m=[32m"Token 进度"[39m
        [33maria-valuemax[39m=[32m"2000"[39m
        [33maria-valuemin[39m=[32m"0"[39m
        [33maria-valuenow[39m=[32m"900"[39m
        [33mmax[39m=[32m"2000"[39m
        [33mvalue[39m=[32m"900"[39m
      [36m/>[39m
    [36m</div>[39m
  [36m</div>[39m
  [36m<div[39m
    [33mclass[39m=[32m"execution-review stack"[39m
  [36m>[39m
    [36m<p[39m
      [33mclass[39m=[32m"error-text"[39m
      [33mrole[39m=[32m"alert"[39m
    [36m>[39m
      [0m无法加载审批，请重试。[0m
    [36m</p>[39m
    [36m<div[39m
      [33maria-label[39m=[32m"执行审阅"[39m
      [33mclass[39m=[32m"execution-review-tabs"[39m
      [33mrole[39m=[32m"tablist"[39m
    [36m>[39m
      [36m<button[39m
        [33maria-controls[39m=[32m"execution-execution-a-timeline"[39m
        [33maria-selected[39m=[32m"false"[39m
        [33mid[39m=[32m"execution-execution-a-timeline-tab"[39m
        [33mrole[39m=[32m"tab"[39m
        [33mtabindex[39m=[32m"-1"[39m
        [33mtype[39m=[32m"button"[39m
      [36m>[39m
        [0m时间线[0m
      [36m</button>[39m
      [36m<button[39m
        [33maria-controls[39m=[32m"execution-execution-a-validation"[39m
        [33maria-selected[39m=[32m"false"[39m
        [33mid[39m=[32m"execution-execution-a-validation-tab"[39m
        [33mrole[39m=[32m"tab"[39m
        [33mtabindex[39m=[32m"-1"[39m
        [33mtype[39m=[32m"button"[39m
      [36m>[39m
        [0m验证[0m
      [36m</button>[39m
      [36m<button[39m
        [33maria-controls[39m=[32m"execution-execution-a-changes"[39m
        [33maria-selected[39m=[32m"true"[39m
        [33mid[39m=[32m"execution-execution-a-changes-tab"[39m
        [33mrole[39m=[32m"tab"[39m
        [33mtabindex[39m=[32m"0"[39m
        [33mtype[39m=[32m"button"[39m
      [36m>[39m
        [0m变更[0m
      [36m</button>[39m
    [36m</div>[39m
    [36m<section[39m
      [33maria-labelledby[39m=[32m"execution-execution-a-changes-tab"[39m
      [33mid[39m=[32m"execution-execution-a-changes"[39m
      [33mrole[39m=[32m"tabpanel"[39m
    [36m>[39m
      [36m<h4[39m
        [33mtabindex[39m=[32m"-1"[39m
      [36m>[39m
        [0m变更审阅[0m
      [36m</h4>[39m
      [36m<div[39m
        [33mclass[39m=[32m"execution-staged-summary stack"[39m
      [36m>[39m
        [36m<p>[39m
          [0m观察到 [0m
          [0m101[0m
          [0m 个路径 · [0m
          [0m4096[0m
          [0m bytes[0m
        [36m</p>[39m
        [36m<p>[39m
          [0m可合入边界 [0m
          [0m2[0m
          [0m 个文件 · [0m
          [0m512[0m
          [0m bytes[0m
        [36m</p>[39m
        [36m<p>[39m
          [0mstaged hash：[0m
          [0mbbbbbbbbbbbb[0m
        [36m</p>[39m
        [36m<p>[39m
          [0m必需验证：[0m
          [0m没有必需验证政策[0m
        [36m</p>[39m
        [36m<p>[39m
          [0m政策 hash：[0m
          [0maaaaaaaaaaaa[0m
          [0m · 修订 #[0m
          [0m1[0m
        [36m</p>[39m
        [36m<p>[39m
          [0m风险与边界：[0m
          [0m需要 owner 对当前 staged hash 单次批准[0m
        [36m</p>[39m
      [36m</div>[39m
      [36m<div[39m
        [33mclass[39m=[32m"execution-review-actions"[39m
      [36m>[39m
        [36m<button[39m
          [33mdisabled[39m=[32m""[39m
          [33mtype[39m=[32m"button"[39m
        [36m>[39m
          [0m批准当前 staged hash [0m
          [0mbbbbbbbbbbbb[0m
        [36m</button>[39m
      [36m</div>[39m
      [36m<h5>[39m
        [0m观察（[0m
        [0m101[0m
        [0m）[0m
      [36m</h5>[39m
      [36m<p>[39m
        [0m没有 staged 观察。[0m
      [36m</p>[39m
      [36m<ol[39m
        [33mclass[39m=[32m"execution-review-list"[39m
      [36m/>[39m
      [36m<h5>[39m
        [0m阻断（[0m
        [0m0[0m
        [0m）[0m
      [36m</h5>[39m
      [36m<p>[39m
        [0m没有 staged 阻断。[0m
      [36m</p>[39m
      [36m<ol[39m
        [33mclass[39m=[32m"execution-review-list"[39m
      [36m/>[39m
    [36m</section>[39m
  [36m</div>[39m
  [36m<div[39m
    [33mclass[39m=[32m"execution-card-controls"[39m
  [36m>[39m
    [36m<button[39m
      [33mstyle[39m=[32m"min-height: var(--control-min);"[39m
      [33mtype[39m=[32m"button"[39m
    [36m>[39m
      [0m重试[0m
      [0m [0m
      [0mTask A[0m
    [36m</button>[39m
    [36m<button[39m
      [33mstyle[39m=[32m"min-height: var(--control-min);"[39m
      [33mtype[39m=[32m"button"[39m
    [36m>[39m
      [0m停止[0m
      [0m [0m
      [0mTask A[0m
    [36m</button>[39m
    [36m<button[39m
      [33mstyle[39m=[32m"min-height: var(--control-min);"[39m
      [33mtype[39m=[32m"button"[39m
    [36m>[39m
      [0m刷新 [0m
      [0mTask A[0m
    [36m</button>[39m
  [36m</div>[39m
[36m</section>[39m

Ignored nodes: comments, script, style
[36m<section[39m
  [33maria-labelledby[39m=[32m"execution-execution-a-title"[39m
  [33mclass[39m=[32m"run-detail execution-card"[39m
  [33mdata-accent[39m=[32m"sage"[39m
  [33mrole[39m=[32m"region"[39m
[36m>[39m
  [36m<div[39m
    [33mclass[39m=[32m"panel-heading"[39m
  [36m>[39m
    [36m<div>[39m
      [36m<p[39m
        [33mclass[39m=[32m"eyebrow"[39m
      [36m>[39m
        [0mA[0m
      [36m</p>[39m
      [36m<p>[39m
        [0mAlpha[0m
      [36m</p>[39m
      [36m<h3[39m
        [33mid[39m=[32m"execution-execution-a-title"[39m
        [33mtabindex[39m=[32m"-1"[39m
      [36m>[39m
        [0mTask A[0m
      [36m</h3>[39m
    [36m</div>[39m
    [36m<span[39m
      [33mclass[39m=[32m"status-label status-conflicted"[39m
    [36m>[39m
      [0m存在冲突[0m
    [36m</span>[39m
  [36m</div>[39m
  [36m<p[39m
    [33mrole[39m=[32m"status"[39m
  [36m>[39m
    [0m当前没有进行中的动作[0m
  [36m</p>[39m
  [36m<div[39m
    [33mclass[39m=[32m"execution-progress-list"[39m
  [36m>[39m
    [36m<div[39m
      [33mclass[39m=[32m"execution-progress"[39m
    [36m>[39m
      [36m<span>[39m
        [0m业务回合[0m
        [0m [0m
        [0m4[0m
        [0m/[0m
        [0m20[0m
      [36m</span>[39m
      [36m<progress[39m
        [33maria-label[39m=[32m"业务回合进度"[39m
        [33maria-valuemax[39m=[32m"20"[39m
        [33maria-valuemin[39m=[32m"0"[39m
        [33maria-valuenow[39m=[32m"4"[39m
        [33mmax[39m=[32m"20"[39m
        [33mvalue[39m=[32m"4"[39m
      [36m/>[39m
    [36m</div>[39m
    [36m<div[39m
      [33mclass[39m=[32m"execution-progress"[39m
    [36m>[39m
      [36m<span>[39m
        [0m工具调用[0m
        [0m [0m
        [0m7[0m
        [0m/[0m
        [0m40[0m
      [36m</span>[39m
      [36m<progress[39m
        [33maria-label[39m=[32m"工具调用进度"[39m
        [33maria-valuemax[39m=[32m"40"[39m
        [33maria-valuemin[39m=[32m"0"[39m
        [33maria-valuenow[39m=[32m"7"[39m
        [33mmax[39m=[32m"40"[39m
        [33mvalue[39m=[32m"7"[39m
      [36m/>[39m
    [36m</div>[39m
    [36m<div[39m
      [33mclass[39m=[32m"execution-progress"[39m
    [36m>[39m
      [36m<span>[39m
        [0mToken [0m
        [0m [0m
        [0m900[0m
        [0m/[0m
        [0m2000[0m
      [36m</span>[39m
      [36m<progress[39m
        [33maria-label[39m=[32m"Token 进度"[39m
        [33maria-valuemax[39m=[32m"2000"[39m
        [33maria-valuemin[39m=[32m"0"[39m
        [33maria-valuenow[39m=[32m"900"[39m
        [33mmax[39m=[32m"2000"[39m
        [33mvalue[39m=[32m"900"[39m
      [36m/>[39m
    [36m</div>[39m
  [36m</div>[39m
  [36m<div[39m
    [33mclass[39m=[32m"execution-review stack"[39m
  [36m>[39m
    [36m<p[39m
      [33mclass[39m=[32m"error-text"[39m
      [33mrole[39m=[32m"alert"[39m
    [36m>[39m
      [0m无法加载审批，请重试。[0m
    [36m</p>[39m
    [36m<div[39m
      [33maria-label[39m=[32m"执行审阅"[39m
      [33mclass[39m=[32m"execution-review-tabs"[39m
      [33mrole[39m=[32m"tablist"[39m
    [36m>[39m
      [36m<button[39m
        [33maria-controls[39m=[32m"execution-execution-a-timeline"[39m
        [33maria-selected[39m=[32m"false"[39m
        [33mid[39m=[32m"execution-execution-a-timeline-tab"[39m
        [33mrole[39m=[32m"tab"[39m
        [33mtabindex[39m=[32m"-1"[39m
        [33mtype[39m=[32m"button"[39m
      [36m>[39m
        [0m时间线[0m
      [36m</button>[39m
      [36m<button[39m
        [33maria-controls[39m=[32m"execution-execution-a-validation"[39m
        [33maria-selected[39m=[32m"false"[39m
        [33mid[39m=[32m"execution-execution-a-validation-tab"[39m
        [33mrole[39m=[32m"tab"[39m
        [33mtabindex[39m=[32m"-1"[39m
        [33mtype[39m=[32m"button"[39m
      [36m>[39m
        [0m验证[0m
      [36m</button>[39m
      [36m<button[39m
        [33maria-controls[39m=[32m"execution-execution-a-changes"[39m
        [33maria-selected[39m=[32m"true"[39m
        [33mid[39m=[32m"execution-execution-a-changes-tab"[39m
        [33mrole[39m=[32m"tab"[39m
        [33mtabindex[39m=[32m"0"[39m
        [33mtype[39m=[32m"button"[39m
      [36m>[39m
        [0m变更[0m
      [36m</button>[39m
    [36m</div>[39m
    [36m<section[39m
      [33maria-labelledby[39m=[32m"execution-execution-a-changes-tab"[39m
      [33mid[39m=[32m"execution-execution-a-changes"[39m
      [33mrole[39m=[32m"tabpanel"[39m
    [36m>[39m
      [36m<h4[39m
        [33mtabindex[39m=[32m"-1"[39m
      [36m>[39m
        [0m变更审阅[0m
      [36m</h4>[39m
      [36m<div[39m
        [33mclass[39m=[32m"execution-staged-summary stack"[39m
      [36m>[39m
        [36m<p>[39m
          [0m观察到 [0m
          [0m101[0m
          [0m 个路径 · [0m
          [0m4096[0m
          [0m bytes[0m
        [36m</p>[39m
        [36m<p>[39m
          [0m可合入边界 [0m
          [0m2[0m
          [0m 个文件 · [0m
          [0m512[0m
          [0m bytes[0m
        [36m</p>[39m
        [36m<p>[39m
          [0mstaged hash：[0m
          [0mbbbbbbbbbbbb[0m
        [36m</p>[39m
        [36m<p>[39m
          [0m必需验证：[0m
          [0m没有必需验证政策[0m
        [36m</p>[39m
        [36m<p>[39m
          [0m政策 hash：[0m
          [0maaaaaaaaaaaa[0m
          [0m · 修订 #[0m
          [0m1[0m
        [36m</p>[39m
        [36m<p>[39m
          [0m风险与边界：[0m
          [0m需要 owner 对当前 staged hash 单次批准[0m
        [36m</p>[39m
      [36m</div>[39m
      [36m<div[39m
        [33mclass[39m=[32m"execution-review-actions"[39m
      [36m>[39m
        [36m<button[39m
          [33mdisabled[39m=[32m""[39m
          [33mtype[39m=[32m"button"[39m
        [36m>[39m
          [0m批准当前 staged hash [0m
          [0mbbbbbbbbbbbb[0m
        [36m</button>[39m
      [36m</div>[39m
      [36m<h5>[39m
        [0m观察（[0m
        [0m101[0m
        [0m）[0m
      [36m</h5>[39m
      [36m<p>[39m
        [0m没有 staged 观察。[0m
      [36m</p>[39m
      [36m<ol[39m
        [33mclass[39m=[32m"execution-review-list"[39m
      [36m/>[39m
      [36m<h5>[39m
        [0m阻断（[0m
        [0m0[0m
        [0m）[0m
      [36m</h5>[39m
      [36m<p>[39m
        [0m没有 staged 阻断。[0m
      [36m</p>[39m
      [36m<ol[39m
        [33mclass[39m=[32m"execution-review-list"[39m
      [36m/>[39m
    [36m</section>[39m
  [36m</div>[39m
  [36m<div[39m
    [33mclass[39m=[32m"execution-card-controls"[39m
  [36m>[39m
    [36m<button[39m
      [33mstyle[39m=[32m"min-height: var(--control-min);"[39m
      [33mtype[39m=[32m"button"[39m
    [36m>[39m
      [0m重试[0m
      [0m [0m
      [0mTask A[0m
    [36m</button>[39m
    [36m<button[39m
      [33mstyle[39m=[32m"min-height: var(--control-min);"[39m
      [33mtype[39m=[32m"button"[39m
    [36m>[39m
      [0m停止[0m
      [0m [0m
      [0mTask A[0m
    [36m</button>[39m
    [36m<button[39m
      [33mstyle[39m=[32m"min-height: var(--control-min);"[39m
      [33mtype[39m=[32m"button"[39m
    [36m>[39m
      [0m刷新 [0m
      [0mTask A[0m
    [36m</button>[39m
  [36m</div>[39m
[36m</section>[39m
 ❯ waitForWrapper node_modules/@testing-library/dom/dist/wait-for.js:163:27
 ❯ node_modules/@testing-library/dom/dist/query-helpers.js:86:33
 ❯ tests/execution-review-ui.test.tsx:454:26
    452|       const card = await screen.findByRole("region", { name: "Task A" …
    453|       await userEvent.click(await within(card).findByRole("tab", { nam…
    454|       await within(card).findByText(new RegExp(STAGED_HASH.slice(0, 12…
       |                          ^
    455|       expect(within(card).queryByRole("button", { name: /自动合入/ })).not…
    456|       if (state === "blocked") {

⎯⎯⎯⎯⎯⎯⎯⎯⎯⎯⎯⎯⎯⎯⎯⎯⎯⎯⎯⎯⎯⎯⎯⎯[4/4]⎯


 Test Files  1 failed (1)
      Tests  4 failed | 3 passed (7)
   Start at  22:14:20
   Duration  7.05s (transform 174ms, setup 452ms, import 485ms, tests 3.84s, environment 1.96s)

# exit: 1
