# hf-gate-run
# label: t29-regressions
# command: cmd /c npm test
# started: 2026-07-30T14:16:25+00:00

> collaboration-cockpit@0.1.0 test
> vitest run


 RUN  v4.1.10 D:/cool-ai

(node:9824) ExperimentalWarning: SQLite is an experimental feature and might change at any time
(Use `node --trace-warnings ...` to show where the warning was created)
(node:3940) ExperimentalWarning: SQLite is an experimental feature and might change at any time
(Use `node --trace-warnings ...` to show where the warning was created)
(node:16364) ExperimentalWarning: SQLite is an experimental feature and might change at any time
(Use `node --trace-warnings ...` to show where the warning was created)
(node:15896) ExperimentalWarning: SQLite is an experimental feature and might change at any time
(Use `node --trace-warnings ...` to show where the warning was created)
(node:15900) ExperimentalWarning: SQLite is an experimental feature and might change at any time
(Use `node --trace-warnings ...` to show where the warning was created)
(node:12176) ExperimentalWarning: SQLite is an experimental feature and might change at any time
(Use `node --trace-warnings ...` to show where the warning was created)
 ❯ tests/owner-handoff-plan-races.test.ts (8 tests | 1 failed) 12749ms
     × consumes exactly the 30 acquired owner message IDs and leaves excluded and post-acquire messages pending 5639ms
(node:12108) ExperimentalWarning: SQLite is an experimental feature and might change at any time
(Use `node --trace-warnings ...` to show where the warning was created)
(node:9820) ExperimentalWarning: SQLite is an experimental feature and might change at any time
(Use `node --trace-warnings ...` to show where the warning was created)
(node:13840) ExperimentalWarning: SQLite is an experimental feature and might change at any time
(Use `node --trace-warnings ...` to show where the warning was created)
(node:5968) ExperimentalWarning: SQLite is an experimental feature and might change at any time
(Use `node --trace-warnings ...` to show where the warning was created)
(node:11388) ExperimentalWarning: SQLite is an experimental feature and might change at any time
(Use `node --trace-warnings ...` to show where the warning was created)
(node:10312) ExperimentalWarning: SQLite is an experimental feature and might change at any time
(Use `node --trace-warnings ...` to show where the warning was created)
(node:17404) ExperimentalWarning: SQLite is an experimental feature and might change at any time
(Use `node --trace-warnings ...` to show where the warning was created)
(node:7240) ExperimentalWarning: SQLite is an experimental feature and might change at any time
(Use `node --trace-warnings ...` to show where the warning was created)
(node:11324) ExperimentalWarning: SQLite is an experimental feature and might change at any time
(Use `node --trace-warnings ...` to show where the warning was created)
(node:6120) ExperimentalWarning: SQLite is an experimental feature and might change at any time
(Use `node --trace-warnings ...` to show where the warning was created)
(node:16596) ExperimentalWarning: SQLite is an experimental feature and might change at any time
(Use `node --trace-warnings ...` to show where the warning was created)
(node:14184) ExperimentalWarning: SQLite is an experimental feature and might change at any time
(Use `node --trace-warnings ...` to show where the warning was created)
(node:9516) ExperimentalWarning: SQLite is an experimental feature and might change at any time
(Use `node --trace-warnings ...` to show where the warning was created)
(node:9484) ExperimentalWarning: SQLite is an experimental feature and might change at any time
(Use `node --trace-warnings ...` to show where the warning was created)
(node:15732) ExperimentalWarning: SQLite is an experimental feature and might change at any time
(Use `node --trace-warnings ...` to show where the warning was created)
(node:10380) ExperimentalWarning: SQLite is an experimental feature and might change at any time
(Use `node --trace-warnings ...` to show where the warning was created)
(node:8468) ExperimentalWarning: SQLite is an experimental feature and might change at any time
(Use `node --trace-warnings ...` to show where the warning was created)
(node:6740) ExperimentalWarning: SQLite is an experimental feature and might change at any time
(Use `node --trace-warnings ...` to show where the warning was created)
(node:9992) ExperimentalWarning: SQLite is an experimental feature and might change at any time
(Use `node --trace-warnings ...` to show where the warning was created)
(node:7620) ExperimentalWarning: SQLite is an experimental feature and might change at any time
(Use `node --trace-warnings ...` to show where the warning was created)
(node:12260) ExperimentalWarning: SQLite is an experimental feature and might change at any time
(Use `node --trace-warnings ...` to show where the warning was created)
(node:9480) ExperimentalWarning: SQLite is an experimental feature and might change at any time
(Use `node --trace-warnings ...` to show where the warning was created)
(node:15236) ExperimentalWarning: SQLite is an experimental feature and might change at any time
(Use `node --trace-warnings ...` to show where the warning was created)
(node:8368) ExperimentalWarning: SQLite is an experimental feature and might change at any time
(Use `node --trace-warnings ...` to show where the warning was created)
(node:17308) ExperimentalWarning: SQLite is an experimental feature and might change at any time
(Use `node --trace-warnings ...` to show where the warning was created)
(node:16760) ExperimentalWarning: SQLite is an experimental feature and might change at any time
(Use `node --trace-warnings ...` to show where the warning was created)
(node:16036) ExperimentalWarning: SQLite is an experimental feature and might change at any time
(Use `node --trace-warnings ...` to show where the warning was created)
(node:13232) ExperimentalWarning: SQLite is an experimental feature and might change at any time
(Use `node --trace-warnings ...` to show where the warning was created)
(node:10616) ExperimentalWarning: SQLite is an experimental feature and might change at any time
(Use `node --trace-warnings ...` to show where the warning was created)
(node:3344) ExperimentalWarning: SQLite is an experimental feature and might change at any time
(Use `node --trace-warnings ...` to show where the warning was created)
(node:15704) ExperimentalWarning: SQLite is an experimental feature and might change at any time
(Use `node --trace-warnings ...` to show where the warning was created)
(node:12620) ExperimentalWarning: SQLite is an experimental feature and might change at any time
(Use `node --trace-warnings ...` to show where the warning was created)
(node:10956) ExperimentalWarning: SQLite is an experimental feature and might change at any time
(Use `node --trace-warnings ...` to show where the warning was created)
(node:10924) ExperimentalWarning: SQLite is an experimental feature and might change at any time
(Use `node --trace-warnings ...` to show where the warning was created)
(node:16276) ExperimentalWarning: SQLite is an experimental feature and might change at any time
(Use `node --trace-warnings ...` to show where the warning was created)
(node:12164) ExperimentalWarning: SQLite is an experimental feature and might change at any time
(Use `node --trace-warnings ...` to show where the warning was created)
(node:14972) ExperimentalWarning: SQLite is an experimental feature and might change at any time
(Use `node --trace-warnings ...` to show where the warning was created)
(node:16216) ExperimentalWarning: SQLite is an experimental feature and might change at any time
(Use `node --trace-warnings ...` to show where the warning was created)
(node:3672) ExperimentalWarning: SQLite is an experimental feature and might change at any time
(Use `node --trace-warnings ...` to show where the warning was created)
(node:2944) ExperimentalWarning: SQLite is an experimental feature and might change at any time
(Use `node --trace-warnings ...` to show where the warning was created)
(node:12140) ExperimentalWarning: SQLite is an experimental feature and might change at any time
(Use `node --trace-warnings ...` to show where the warning was created)
(node:16964) ExperimentalWarning: SQLite is an experimental feature and might change at any time
(Use `node --trace-warnings ...` to show where the warning was created)
(node:6000) ExperimentalWarning: SQLite is an experimental feature and might change at any time
(Use `node --trace-warnings ...` to show where the warning was created)
(node:13836) ExperimentalWarning: SQLite is an experimental feature and might change at any time
(Use `node --trace-warnings ...` to show where the warning was created)
(node:1996) ExperimentalWarning: SQLite is an experimental feature and might change at any time
(Use `node --trace-warnings ...` to show where the warning was created)
(node:8412) ExperimentalWarning: SQLite is an experimental feature and might change at any time
(Use `node --trace-warnings ...` to show where the warning was created)
(node:3428) ExperimentalWarning: SQLite is an experimental feature and might change at any time
(Use `node --trace-warnings ...` to show where the warning was created)
(node:10584) ExperimentalWarning: SQLite is an experimental feature and might change at any time
(Use `node --trace-warnings ...` to show where the warning was created)
(node:12760) ExperimentalWarning: SQLite is an experimental feature and might change at any time
(Use `node --trace-warnings ...` to show where the warning was created)
(node:13360) ExperimentalWarning: SQLite is an experimental feature and might change at any time
(Use `node --trace-warnings ...` to show where the warning was created)
(node:11852) ExperimentalWarning: SQLite is an experimental feature and might change at any time
(Use `node --trace-warnings ...` to show where the warning was created)
(node:3884) ExperimentalWarning: SQLite is an experimental feature and might change at any time
(Use `node --trace-warnings ...` to show where the warning was created)
(node:10412) ExperimentalWarning: SQLite is an experimental feature and might change at any time
(Use `node --trace-warnings ...` to show where the warning was created)
(node:9568) ExperimentalWarning: SQLite is an experimental feature and might change at any time
(Use `node --trace-warnings ...` to show where the warning was created)
(node:12480) ExperimentalWarning: SQLite is an experimental feature and might change at any time
(Use `node --trace-warnings ...` to show where the warning was created)
(node:4940) ExperimentalWarning: SQLite is an experimental feature and might change at any time
(Use `node --trace-warnings ...` to show where the warning was created)
(node:13536) ExperimentalWarning: SQLite is an experimental feature and might change at any time
(Use `node --trace-warnings ...` to show where the warning was created)
(node:8848) ExperimentalWarning: SQLite is an experimental feature and might change at any time
(Use `node --trace-warnings ...` to show where the warning was created)
(node:10188) ExperimentalWarning: SQLite is an experimental feature and might change at any time
(Use `node --trace-warnings ...` to show where the warning was created)
(node:12188) ExperimentalWarning: SQLite is an experimental feature and might change at any time
(Use `node --trace-warnings ...` to show where the warning was created)
(node:9652) ExperimentalWarning: SQLite is an experimental feature and might change at any time
(Use `node --trace-warnings ...` to show where the warning was created)
(node:13588) ExperimentalWarning: SQLite is an experimental feature and might change at any time
(Use `node --trace-warnings ...` to show where the warning was created)
(node:15992) ExperimentalWarning: SQLite is an experimental feature and might change at any time
(Use `node --trace-warnings ...` to show where the warning was created)
 ❯ tests/execution-cards-ui.test.tsx (5 tests | 1 failed) 1568ms
     × keeps one card usable when the other card control and refresh fail 1098ms
 ❯ tests/visual-tokens.test.ts (3 tests | 1 failed) 21ms
     × keeps raw visual values out of component styles 14ms

⎯⎯⎯⎯⎯⎯⎯ Failed Tests 3 ⎯⎯⎯⎯⎯⎯⎯

 FAIL  tests/execution-cards-ui.test.tsx > T-28 desktop ExecutionCards > keeps one card usable when the other card control and refresh fail
TestingLibraryElementError: Found multiple elements with the text: 服务暂时不可用，请稍后重试。

Here are the matching elements:

Ignored nodes: comments, script, style
[36m<p[39m
  [33mclass[39m=[32m"error-text"[39m
  [33mrole[39m=[32m"alert"[39m
[36m>[39m
  [0m服务暂时不可用，请稍后重试。[0m
[36m</p>[39m

Ignored nodes: comments, script, style
[36m<p[39m
  [33mclass[39m=[32m"error-text"[39m
  [33mrole[39m=[32m"alert"[39m
[36m>[39m
  [0m服务暂时不可用，请稍后重试。[0m
[36m</p>[39m

(If this is intentional, then use the `*AllBy*` variant of the query (like `queryAllByText`, `getAllByText`, or `findAllByText`)).

Ignored nodes: comments, script, style
[36m<body>[39m
  [36m<div>[39m
    [36m<section[39m
      [33maria-labelledby[39m=[32m"executions-title-project-execution-cards"[39m
      [33mclass[39m=[32m"stack"[39m
    [36m>[39m
      [36m<div[39m
        [33mclass[39m=[32m"panel-heading"[39m
      [36m>[39m
        [36m<div>[39m
          [36m<p[39m
            [33mclass[39m=[32m"eyebrow"[39m
          [36m>[39m
            [0m项目执行[0m
          [36m</p>[39m
          [36m<h3[39m
            [33mid[39m=[32m"executions-title-project-execution-cards"[39m
          [36m>[39m
            [0m运行详情[0m
          [36m</h3>[39m
        [36m</div>[39m
        [36m<button[39m
          [33mstyle[39m=[32m"min-height: var(--control-min);"[39m
          [33mtype[39m=[32m"button"[39m
        [36m>[39m
          [0m刷新执行[0m
        [36m</button>[39m
      [36m</div>[39m
      [36m<section[39m
        [33maria-labelledby[39m=[32m"execution-picker-project-execution-cards"[39m
        [33mclass[39m=[32m"stack"[39m
      [36m>[39m
        [36m<h4[39m
          [33mid[39m=[32m"execution-picker-project-execution-cards"[39m
        [36m>[39m
          [0m选择并执行[0m
        [36m</h4>[39m
        [36m<p>[39m
          [0m没有符合条件的进行中任务。[0m
        [36m</p>[39m
      [36m</section>[39m
      [36m<button[39m
        [33maria-expanded[39m=[32m"false"[39m
        [33mstyle[39m=[32m"min-height: var(--control-min);"[39m
        [33mtype[39m=[32m"button"[39m
      [36m>[39m
        [0m管理验证政策[0m
      [36m</button>[39m
      [36m<div[39m
        [33mclass[39m=[32m"run-details"[39m
      [36m>[39m
        [36m<section[39m
          [33maria-labelledby[39m=[32m"execution-execution-a-title"[39m
          [33mclass[39m=[32m"run-detail execution-card"[39m
          [33mdata-accent[39m=[32m"sage"[39m
          [33mrole[39m=[32m"region"[39m
        [36m>[39m
          [36m<div[39m
            [33mclass[39m=[32m"panel-heading"[39m
          [36m>[39m
            [36m<div>[39m
              [36m<p[39m
                [33mclass[39m=[32m"eyebrow"[39m
              [36m>[39m
                [0mA[0m
              [36m</p>[39m
              [36m<p>[39m
                [0mAlpha[0m
              [36m</p>[39m
              [36m<h3[39m
                [33mid[39m=[32m"execution-execution-a-title"[39m
                [33mtabindex[39m=[32m"-1"[39m
              [36m>[39m
                [0mTask A[0m
              [36m</h3>[39m
            [36m</div>[39m
            [36m<span[39m
              [33mclass[39m=[32m"status-label status-paused"[39m
            [36m>[39m
              [0m已暂停[0m
            [36m</span>[39m
          [36m</div>[39m
          [36m<p[39m
            [33mrole[39m=[32m"status"[39m
          [36m>[39m
            [0m当前没有进行中的动作[0m
          [36m</p>[39m
          [36m<p[39m
            [33mclass[39m=[32m"error-text"[39m
          [36m>[39m
            [0m阻断原因：[0m
            [0mPROVIDER_TIMEOUT[0m
          [36m</p>[39m
          [36m<div[39m
            [33mclass[39m=[32m"execution-progress-list"[39m
          [36m>[39m
            [36m<div[39m
              [33mclass[39m=[32m"execution-progress"[39m
            [36m>[39m
              [36m<span>[39m
                [0m业务回合[0m
                [0m [0m
                [0m4[0m
                [0m/[0m
                [0m20[0m
              [36m</span>[39m
              [36m<progress[39m
                [33maria-label[39m=[32m"业务回合进度"[39m
                [33maria-valuemax[39m=[32m"20"[39m
                [33maria-valuemin[39m=[32m"0"[39m
                [33maria-valuenow[39m=[32m"4"[39m
                [33mmax[39m=[32m"20"[39m
                [33mvalue[39m=[32m"4"[39m
              [36m/>[39m
            [36m</div>[39m
            [36m<div[39m
              [33mclass[39m=[32m"execution-progress"[39m
            [36m>[39m
              [36m<span>[39m
                [0m工具调用[0m
                [0m [0m
                [0m7[0m
                [0m/[0m
                [0m40[0m
              [36m</span>[39m
              [36m<progress[39m
                [33maria-label[39m=[32m"工具调用进度"[39m
                [33maria-valuemax[39m=[32m"40"[39m
                [33maria-valuemin[39m=[32m"0"[39m
                [33maria-valuenow[39m=[32m"7"[39m
                [33mmax[39m=[32m"40"[39m
                [33mvalue[39m=[32m"7"[39m
              [36m/>[39m
            [36m</div>[39m
            [36m<div[39m
              [33mclass[39m=[32m"execution-progress"[39m
            [36m>[39m
              [36m<span>[39m
                [0mToken [0m
                [0m [0m
                [0m900[0m
                [0m/[0m
                [0m2000[0m
              [36m</span>[39m
              [36m<progress[39m
                [33maria-label[39m=[32m"Token 进度"[39m
                [33maria-valuemax[39m=[32m"2000"[39m
                [33maria-valuemin[39m=[32m"0"[39m
                [33maria-valuenow[39m=[32m"900"[39m
                [33mmax[39m=[32m"2000"[39m
                [33mvalue[39m=[32m"900"[39m
              [36m/>[39m
            [36m</div>[39m
          [36m</div>[39m
          [36m<div>[39m
            [36m<p[39m
              [33mclass[39m=[32m"error-text"[39m
              [33mrole[39m=[32m"alert"[39m
            [36m>[39m
              [0m服务暂时不可用，请稍后重试。[0m
            [36m</p>[39m
            [36m<button[39m
              [33mtype[39m=[32m"button"[39m
            [36m>[39m
              [0m重试加载执行审阅[0m
            [36m</button>[39m
          [36m</div>[39m
          [36m<p[39m
            [33mclass[39m=[32m"error-text"[39m
            [33mrole[39m=[32m"alert"[39m
          [36m>[39m
            [0m无法执行控制操作，请重试。[0m
          [36m</p>[39m
          [36m<p[39m
            [33mclass[39m=[32m"error-text"[39m
            [33mrole[39m=[32m"alert"[39m
          [36m>[39m
            [0m服务暂时不可用，请稍后重试。[0m
          [36m</p>[39m
          [36m<div[39m
            [33mclass[39m=[32m"execution-card-controls"[39m
          [36m>[39m
            [36m<button[39m
              [33mstyle[39m=[32m"min-height: var(--control-min);"[39m
              [33mtype[39m=[32m"button"[39m
            [36m>[39m
              [0m继续[0m
              [0m [0m
              [0mTask A[0m
            [36m</button>[39m
            [36m<button[39m
              [33mstyle[39m=[32m"min-height: var(--control-min);"[39m
              [33mtype[39m=[32m"button"[39m
            [36m>[39m
              [0m停止[0m
              [0m [0m
              [0mTask A[0m
            [36m</button>[39m
            [36m<button[39m
              [33mstyle[39m=[32m"min-height: var(--control-min);"[39m
              [33mtype[39m=[32m"button"[39m
            [36m>[39m
              [0m刷新 [0m
              [0mTask A[0m
            [36m</button>[39m
          [36m</div>[39m
        [36m</section>[39m
        [36m<section[39m
          [33maria-labelledby[39m=[32m"execution-execution-b-title"[39m
          [33mclass[39m=[32m"run-detail execution-card"[39m
          [33mdata-accent[39m=[32m"clay"[39m
          [33mrole[39m=[32m"region"[39m
        [36m>[39m
          [36m<div[39m
            [33mclass[39m=[32m"panel-heading"[39m
          [36m>[39m
            [36m<div>[39m
              [36m<p[39m
                [33mclass[39m=[32m"eyebrow"[39m
              [36m>[39m
                [0mB[0m
              [36m</p>[39m
              [36m<p>[39m
                [0mBeta[0m
              [36m</p>[39m
              [36m<h3[39m
                [33mid[39m=[32m"execution-execution-b-title"[39m
                [33mtabindex[39m=[32m"-1"[39m
              [36m>[39m
                [0mTask B[0m
              [36m</h3>[39m
            [36m</div>[39m
            [36m<span[39m
              [33mclass[39m=[32m"status-label status-paused"[39m
            [36m>[39m
              [0m已暂停[0m
            [36m</span>[39m
          [36m</div>[39m
          [36m<p[39m
            [33mrole[39m=[32m"status"[39m
          [36m>[39m
            [0m当前没有进行中的动作[0m
          [36m</p>[39m
          [36m<p[39m
            [33mclass[39m=[32m"error-text"[39m
          [36m>[39m
            [0m阻断原因：[0m
            [0mPROVIDER_TIMEOUT[0m
          [36m</p>[39m
          [36m<div[39m
            [33mclass[39m=[32m"execution-progress-list"[39m
          [36m>[39m
            [36m<div[39m
              [33mclass[39m=[32m"execution-progress"[39m
            [36m>[39m
              [36m<span>[39m
                [0m业务回合[0m
                [0m [0m
                [0m4[0m
                [0m/[0m
                [0m20[0m
              [36m</span>[39m
              [36m<progress[39m
                [33maria-label[39m=[32m"业务回合进度"[39m
                [33maria-valuemax[39m=[32m"20"[39m
                [33maria-valuemin[39m=[32m"0"[39m
                [33maria-valuenow[39m=[32m"4"[39m
                [33mmax[39m=[32m"20"[39m
                [33mvalue[39m=[32m"4"[39m
              [36m/>[39m
            [36m</div>[39m
            [36m<div[39m
              [33mclass[39m=[32m"execution-progress"[39m
            [36m>[39m
              [36m<span>[39m
                [0m工具调用[0m
                [0m [0m
                [0m7[0m
                [0m/[0m
                [0m40[0m
              [36m</span>[39m
              [36m<progress[39m
                [33maria-label[39m=[32m"工具调用进度"[39m
                [33maria-valuemax[39m=[32m"40"[39m
                [33maria-valuemin[39m=[32m"0"[39m
                [33maria-valuenow[39m=[32m"7"[39m
                [33mmax[39m=[32m"40"[39m
                [33mvalue[39m=[32m"7"[39m
              [36m/>[39m
            [36m</div>[39m
            [36m<div[39m
              [33mclass[39m=[32m"execution-progress"[39m
            [36m>[39m
              [36m<span>[39m
                [0mToken [0m
                [0m [0m
                [0m900[0m
                [0m/[0m
                [0m2000[0m
              [36m</span>[39m
              [36m<progress[39m
                [33maria-label[39m=[32m"Token 进度"[39m
                [33maria-valuemax[39m=[32m"2000"[39m
                [33maria-valuemin[39m=[32m"0"[39m
                [33maria-valuenow[39m=[32m"900"[39m
                [33mmax[39m=[32m"2000"[39m
                [33mvalue[39m=[32m"900"[39m
              [36m/>[39m
            [36m</div>[39m
          [36m</div>[39m
          [36m<div>[39m
            [36m<p[39m
              [33mclass[39m=[32m"error-text"[39m
              [33mrole[39m=[32m"alert"[39m
            [36m>[39m
              [0m无法加载执行审阅，请重试。[0m
            [36m</p>[39m
            [36m<button[39m
              [33mtype[39m=[32m"button"[39m
            [36m>[39m
              [0m重试加载执行审阅[0m
            [36m</button>[39m
          [36m</div>[39m
          [36m<div[39m
            [33mclass[39m=[32m"execution-card-controls"[39m
          [36m>[39m
            [36m<button[39m
              [33mstyle[39m=[32m"min-height: var(--control-min);"[39m
              [33mtype[39m=[32m"button"[39m
            [36m>[39m
              [0m继续[0m
              [0m [0m
              [0mTask B[0m
            [36m</button>[39m
            [36m<button[39m
              [33mstyle[39m=[32m"min-height: var(--control-min);"[39m
              [33mtype[39m=[32m"button"[39m
            [36m>[39m
              [0m停止[0m
              [0m [0m
              [0mTask B[0m
            [36m</button>[39m
            [36m<button[39m
              [33mstyle[39m=[32m"min-height: var(--control-min);"[39m
              [33mtype[39m=[32m"button"[39m
            [36m>[39m
              [0m刷新 [0m
              [0mTask B[0m
            [36m</button>[39m
          [36m</div>[39m
        [36m</section>[39m
      [36m</div>[39m
    [36m</section>[39m
  [36m</div>[39m
[36m</body>[39m

Ignored nodes: comments, script, style
[36m<body>[39m
  [36m<div>[39m
    [36m<section[39m
      [33maria-labelledby[39m=[32m"executions-title-project-execution-cards"[39m
      [33mclass[39m=[32m"stack"[39m
    [36m>[39m
      [36m<div[39m
        [33mclass[39m=[32m"panel-heading"[39m
      [36m>[39m
        [36m<div>[39m
          [36m<p[39m
            [33mclass[39m=[32m"eyebrow"[39m
          [36m>[39m
            [0m项目执行[0m
          [36m</p>[39m
          [36m<h3[39m
            [33mid[39m=[32m"executions-title-project-execution-cards"[39m
          [36m>[39m
            [0m运行详情[0m
          [36m</h3>[39m
        [36m</div>[39m
        [36m<button[39m
          [33mstyle[39m=[32m"min-height: var(--control-min);"[39m
          [33mtype[39m=[32m"button"[39m
        [36m>[39m
          [0m刷新执行[0m
        [36m</button>[39m
      [36m</div>[39m
      [36m<section[39m
        [33maria-labelledby[39m=[32m"execution-picker-project-execution-cards"[39m
        [33mclass[39m=[32m"stack"[39m
      [36m>[39m
        [36m<h4[39m
          [33mid[39m=[32m"execution-picker-project-execution-cards"[39m
        [36m>[39m
          [0m选择并执行[0m
        [36m</h4>[39m
        [36m<p>[39m
          [0m没有符合条件的进行中任务。[0m
        [36m</p>[39m
      [36m</section>[39m
      [36m<button[39m
        [33maria-expanded[39m=[32m"false"[39m
        [33mstyle[39m=[32m"min-height: var(--control-min);"[39m
        [33mtype[39m=[32m"button"[39m
      [36m>[39m
        [0m管理验证政策[0m
      [36m</button>[39m
      [36m<div[39m
        [33mclass[39m=[32m"run-details"[39m
      [36m>[39m
        [36m<section[39m
          [33maria-labelledby[39m=[32m"execution-execution-a-title"[39m
          [33mclass[39m=[32m"run-detail execution-card"[39m
          [33mdata-accent[39m=[32m"sage"[39m
          [33mrole[39m=[32m"region"[39m
        [36m>[39m
          [36m<div[39m
            [33mclass[39m=[32m"panel-heading"[39m
          [36m>[39m
            [36m<div>[39m
              [36m<p[39m
                [33mclass[39m=[32m"eyebrow"[39m
              [36m>[39m
                [0mA[0m
              [36m</p>[39m
              [36m<p>[39m
                [0mAlpha[0m
              [36m</p>[39m
              [36m<h3[39m
                [33mid[39m=[32m"execution-execution-a-title"[39m
                [33mtabindex[39m=[32m"-1"[39m
              [36m>[39m
                [0mTask A[0m
              [36m</h3>[39m
            [36m</div>[39m
            [36m<span[39m
              [33mclass[39m=[32m"status-label status-paused"[39m
            [36m>[39m
              [0m已暂停[0m
            [36m</span>[39m
          [36m</div>[39m
          [36m<p[39m
            [33mrole[39m=[32m"status"[39m
          [36m>[39m
            [0m当前没有进行中的动作[0m
          [36m</p>[39m
          [36m<p[39m
            [33mclass[39m=[32m"error-text"[39m
          [36m>[39m
            [0m阻断原因：[0m
            [0mPROVIDER_TIMEOUT[0m
          [36m</p>[39m
          [36m<div[39m
            [33mclass[39m=[32m"execution-progress-list"[39m
          [36m>[39m
            [36m<div[39m
              [33mclass[39m=[32m"execution-progress"[39m
            [36m>[39m
              [36m<span>[39m
                [0m业务回合[0m
                [0m [0m
                [0m4[0m
                [0m/[0m
                [0m20[0m
              [36m</span>[39m
              [36m<progress[39m
                [33maria-label[39m=[32m"业务回合进度"[39m
                [33maria-valuemax[39m=[32m"20"[39m
                [33maria-valuemin[39m=[32m"0"[39m
                [33maria-valuenow[39m=[32m"4"[39m
                [33mmax[39m=[32m"20"[39m
                [33mvalue[39m=[32m"4"[39m
              [36m/>[39m
            [36m</div>[39m
            [36m<div[39m
              [33mclass[39m=[32m"execution-progress"[39m
            [36m>[39m
              [36m<span>[39m
                [0m工具调用[0m
                [0m [0m
                [0m7[0m
                [0m/[0m
                [0m40[0m
              [36m</span>[39m
              [36m<progress[39m
                [33maria-label[39m=[32m"工具调用进度"[39m
                [33maria-valuemax[39m=[32m"40"[39m
                [33maria-valuemin[39m=[32m"0"[39m
                [33maria-valuenow[39m=[32m"7"[39m
                [33mmax[39m=[32m"40"[39m
                [33mvalue[39m=[32m"7"[39m
              [36m/>[39m
            [36m</div>[39m
            [36m<div[39m
              [33mclass[39m=[32m"execution-progress"[39m
            [36m>[39m
              [36m<span>[39m
                [0mToken [0m
                [0m [0m
                [0m900[0m
                [0m/[0m
                [0m2000[0m
              [36m</span>[39m
              [36m<progress[39m
                [33maria-label[39m=[32m"Token 进度"[39m
                [33maria-valuemax[39m=[32m"2000"[39m
                [33maria-valuemin[39m=[32m"0"[39m
                [33maria-valuenow[39m=[32m"900"[39m
                [33mmax[39m=[32m"2000"[39m
                [33mvalue[39m=[32m"900"[39m
              [36m/>[39m
            [36m</div>[39m
          [36m</div>[39m
          [36m<div>[39m
            [36m<p[39m
              [33mclass[39m=[32m"error-text"[39m
              [33mrole[39m=[32m"alert"[39m
            [36m>[39m
              [0m服务暂时不可用，请稍后重试。[0m
            [36m</p>[39m
            [36m<button[39m
              [33mtype[39m=[32m"button"[39m
            [36m>[39m
              [0m重试加载执行审阅[0m
            [36m</button>[39m
          [36m</div>[39m
          [36m<p[39m
            [33mclass[39m=[32m"error-text"[39m
            [33mrole[39m=[32m"alert"[39m
          [36m>[39m
            [0m无法执行控制操作，请重试。[0m
          [36m</p>[39m
          [36m<p[39m
            [33mclass[39m=[32m"error-text"[39m
            [33mrole[39m=[32m"alert"[39m
          [36m>[39m
            [0m服务暂时不可用，请稍后重试。[0m
          [36m</p>[39m
          [36m<div[39m
            [33mclass[39m=[32m"execution-card-controls"[39m
          [36m>[39m
            [36m<button[39m
              [33mstyle[39m=[32m"min-height: var(--control-min);"[39m
              [33mtype[39m=[32m"button"[39m
            [36m>[39m
              [0m继续[0m
              [0m [0m
              [0mTask A[0m
            [36m</button>[39m
            [36m<button[39m
              [33mstyle[39m=[32m"min-height: var(--control-min);"[39m
              [33mtype[39m=[32m"button"[39m
            [36m>[39m
              [0m停止[0m
              [0m [0m
              [0mTask A[0m
            [36m</button>[39m
            [36m<button[39m
              [33mstyle[39m=[32m"min-height: var(--control-min);"[39m
              [33mtype[39m=[32m"button"[39m
            [36m>[39m
              [0m刷新 [0m
              [0mTask A[0m
            [36m</button>[39m
          [36m</div>[39m
        [36m</section>[39m
        [36m<section[39m
          [33maria-labelledby[39m=[32m"execution-execution-b-title"[39m
          [33mclass[39m=[32m"run-detail execution-card"[39m
          [33mdata-accent[39m=[32m"clay"[39m
          [33mrole[39m=[32m"region"[39m
        [36m>[39m
          [36m<div[39m
            [33mclass[39m=[32m"panel-heading"[39m
          [36m>[39m
            [36m<div>[39m
              [36m<p[39m
                [33mclass[39m=[32m"eyebrow"[39m
              [36m>[39m
                [0mB[0m
              [36m</p>[39m
              [36m<p>[39m
                [0mBeta[0m
              [36m</p>[39m
              [36m<h3[39m
                [33mid[39m=[32m"execution-execution-b-title"[39m
                [33mtabindex[39m=[32m"-1"[39m
              [36m>[39m
                [0mTask B[0m
              [36m</h3>[39m
            [36m</div>[39m
            [36m<span[39m
              [33mclass[39m=[32m"status-label status-paused"[39m
            [36m>[39m
              [0m已暂停[0m
            [36m</span>[39m
          [36m</div>[39m
          [36m<p[39m
            [33mrole[39m=[32m"status"[39m
          [36m>[39m
            [0m当前没有进行中的动作[0m
          [36m</p>[39m
          [36m<p[39m
            [33mclass[39m=[32m"error-text"[39m
          [36m>[39m
            [0m阻断原因：[0m
            [0mPROVIDER_TIMEOUT[0m
          [36m</p>[39m
          [36m<div[39m
            [33mclass[39m=[32m"execution-progress-list"[39m
          [36m>[39m
            [36m<div[39m
              [33mclass[39m=[32m"execution-progress"[39m
            [36m>[39m
              [36m<span>[39m
                [0m业务回合[0m
                [0m [0m
                [0m4[0m
                [0m/[0m
                [0m20[0m
              [36m</span>[39m
              [36m<progress[39m
                [33maria-label[39m=[32m"业务回合进度"[39m
                [33maria-valuemax[39m=[32m"20"[39m
                [33maria-valuemin[39m=[32m"0"[39m
                [33maria-valuenow[39m=[32m"4"[39m
                [33mmax[39m=[32m"20"[39m
                [33mvalue[39m=[32m"4"[39m
              [36m/>[39m
            [36m</div>[39m
            [36m<div[39m
              [33mclass[39m=[32m"execution-progress"[39m
            [36m>[39m
              [36m<span>[39m
                [0m工具调用[0m
                [0m [0m
                [0m7[0m
                [0m/[0m
                [0m40[0m
              [36m</span>[39m
              [36m<progress[39m
                [33maria-label[39m=[32m"工具调用进度"[39m
                [33maria-valuemax[39m=[32m"40"[39m
                [33maria-valuemin[39m=[32m"0"[39m
                [33maria-valuenow[39m=[32m"7"[39m
                [33mmax[39m=[32m"40"[39m
                [33mvalue[39m=[32m"7"[39m
              [36m/>[39m
            [36m</div>[39m
            [36m<div[39m
              [33mclass[39m=[32m"execution-progress"[39m
            [36m>[39m
              [36m<span>[39m
                [0mToken [0m
                [0m [0m
                [0m900[0m
                [0m/[0m
                [0m2000[0m
              [36m</span>[39m
              [36m<progress[39m
                [33maria-label[39m=[32m"Token 进度"[39m
                [33maria-valuemax[39m=[32m"2000"[39m
                [33maria-valuemin[39m=[32m"0"[39m
                [33maria-valuenow[39m=[32m"900"[39m
                [33mmax[39m=[32m"2000"[39m
                [33mvalue[39m=[32m"900"[39m
              [36m/>[39m
            [36m</div>[39m
          [36m</div>[39m
          [36m<div>[39m
            [36m<p[39m
              [33mclass[39m=[32m"error-text"[39m
              [33mrole[39m=[32m"alert"[39m
            [36m>[39m
              [0m无法加载执行审阅，请重试。[0m
            [36m</p>[39m
            [36m<button[39m
              [33mtype[39m=[32m"button"[39m
            [36m>[39m
              [0m重试加载执行审阅[0m
            [36m</button>[39m
          [36m</div>[39m
          [36m<div[39m
            [33mclass[39m=[32m"execution-card-controls"[39m
          [36m>[39m
            [36m<button[39m
              [33mstyle[39m=[32m"min-height: var(--control-min);"[39m
              [33mtype[39m=[32m"button"[39m
            [36m>[39m
              [0m继续[0m
              [0m [0m
              [0mTask B[0m
            [36m</button>[39m
            [36m<button[39m
              [33mstyle[39m=[32m"min-height: var(--control-min);"[39m
              [33mtype[39m=[32m"button"[39m
            [36m>[39m
              [0m停止[0m
              [0m [0m
              [0mTask B[0m
            [36m</button>[39m
            [36m<button[39m
              [33mstyle[39m=[32m"min-height: var(--control-min);"[39m
              [33mtype[39m=[32m"button"[39m
            [36m>[39m
              [0m刷新 [0m
              [0mTask B[0m
            [36m</button>[39m
          [36m</div>[39m
        [36m</section>[39m
      [36m</div>[39m
    [36m</section>[39m
  [36m</div>[39m
[36m</body>[39m
 ❯ waitForWrapper node_modules/@testing-library/dom/dist/wait-for.js:163:27
 ❯ node_modules/@testing-library/dom/dist/query-helpers.js:86:33
 ❯ tests/execution-cards-ui.test.tsx:250:25
    248|
    249|     await user.click(screen.getByRole("button", { name: "刷新 Task A" })…
    250|     expect(await screen.findByText("服务暂时不可用，请稍后重试。")).toBeInTheDocumen…
       |                         ^
    251|     expect(within(second).getByRole("button", { name: "刷新 Task B" })).…
    252|   });

⎯⎯⎯⎯⎯⎯⎯⎯⎯⎯⎯⎯⎯⎯⎯⎯⎯⎯⎯⎯⎯⎯⎯⎯[1/3]⎯

 FAIL  tests/owner-handoff-plan-races.test.ts > owner prompt-window consumption > consumes exactly the 30 acquired owner message IDs and leaves excluded and post-acquire messages pending
Error: Test timed out in 5000ms.
If this is a long-running test, pass a timeout value as the last argument or configure it globally with "testTimeout".
 ❯ tests/owner-handoff-plan-races.test.ts:419:3
    417|
    418| describe("owner prompt-window consumption", () => {
    419|   it("consumes exactly the 30 acquired owner message IDs and leaves ex…
       |   ^
    420|     for (let index = 1; index <= 32; index += 1) {
    421|       ownerMessage(`history-${index}`);

⎯⎯⎯⎯⎯⎯⎯⎯⎯⎯⎯⎯⎯⎯⎯⎯⎯⎯⎯⎯⎯⎯⎯⎯[2/3]⎯

 FAIL  tests/visual-tokens.test.ts > visual token discipline > keeps raw visual values out of component styles
AssertionError: Raw visual value is not tokenized: grid-template-columns: minmax(0, 1fr) minmax(0, 2fr);: expected false to be true // Object.is equality

- Expected
+ Received

- true
+ false

 ❯ tests/visual-tokens.test.ts:72:9
     70|         value.includes("var(") || /^(?:0|auto|none|inherit)$/.test(val…
     71|         `Raw visual value is not tokenized: ${match[0].trim()}`,
     72|       ).toBe(true);
       |         ^
     73|     }
     74|   });

⎯⎯⎯⎯⎯⎯⎯⎯⎯⎯⎯⎯⎯⎯⎯⎯⎯⎯⎯⎯⎯⎯⎯⎯[3/3]⎯


 Test Files  3 failed | 107 passed (110)
      Tests  3 failed | 711 passed (714)
   Start at  22:16:26
   Duration  103.48s (transform 5.22s, setup 59.64s, import 19.17s, tests 340.81s, environment 260.40s)

# exit: 1
