# hf-gate-run
# label: t29-green
# command: cmd /c npm test -- tests/execution-review-ui.test.tsx
# started: 2026-07-30T14:14:51+00:00

> collaboration-cockpit@0.1.0 test
> vitest run tests/execution-review-ui.test.tsx


 RUN  v4.1.10 D:/cool-ai

 ❯ tests/execution-review-ui.test.tsx (7 tests | 2 failed) 862ms
     × uses an arrow-key tablist and independently paginates timeline summaries 259ms
     × lazy-loads validation stdout one chunk at a time, shows metadata, and preserves read data on error 135ms

⎯⎯⎯⎯⎯⎯⎯ Failed Tests 2 ⎯⎯⎯⎯⎯⎯⎯

 FAIL  tests/execution-review-ui.test.tsx > T-29 execution review UI > uses an arrow-key tablist and independently paginates timeline summaries
Error: expect(element).toHaveFocus()

Expected element with focus:
  <button
  aria-controls="execution-execution-a-validation"
  aria-selected="true"
  id="execution-execution-a-validation-tab"
  role="tab"
  tabindex="0"
  type="button"
>
  验证
</button>
Received element with focus:
  <button
  aria-controls="execution-execution-a-timeline"
  aria-selected="false"
  id="execution-execution-a-timeline-tab"
  role="tab"
  tabindex="-1"
  type="button"
>
  时间线
</button>
 ❯ tests/execution-review-ui.test.tsx:189:21
    187|     tabs[0]!.focus();
    188|     await user.keyboard("{ArrowRight}");
    189|     expect(tabs[1]).toHaveFocus();
       |                     ^
    190|     expect(tabs[1]).toHaveAttribute("aria-selected", "true");
    191|     await user.keyboard("{End}");

⎯⎯⎯⎯⎯⎯⎯⎯⎯⎯⎯⎯⎯⎯⎯⎯⎯⎯⎯⎯⎯⎯⎯⎯[1/2]⎯

 FAIL  tests/execution-review-ui.test.tsx > T-29 execution review UI > lazy-loads validation stdout one chunk at a time, shows metadata, and preserves read data on error
TestingLibraryElementError: Found multiple elements with the text: /aaaaaaaaaaaa/

Here are the matching elements:

Ignored nodes: comments, script, style
[36m<p>[39m
  [0mstdout[0m
  [0m · [0m
  [0m1048576[0m
  [0m bytes · hash [0m
  [0maaaaaaaaaaaa[0m
  [0m · 已截断[0m
[36m</p>[39m

Ignored nodes: comments, script, style
[36m<small>[39m
  [0mchunk [0m
  [0m1[0m
  [0m/17 · offset [0m
  [0m0[0m
  [0m · [0m
  [0m65536[0m
  [0m bytes[0m
  [0m [0m
  [0m· hash [0m
  [0maaaaaaaaaaaa[0m
[36m</small>[39m

Ignored nodes: comments, script, style
[36m<p>[39m
  [0mstderr[0m
  [0m 为空 · 0 bytes · hash [0m
  [0maaaaaaaaaaaa[0m
[36m</p>[39m

(If this is intentional, then use the `*AllBy*` variant of the query (like `queryAllByText`, `getAllByText`, or `findAllByText`)).

Ignored nodes: comments, script, style
[36m<section[39m
  [33maria-labelledby[39m=[32m"execution-execution-a-title"[39m
  [33mclass[39m=[32m"run-detail execution-card"[39m
  [33mdata-accent[39m=[32m"sage"[39m
  [33mrole[39m=[32m"region"[39m
[36m>[39m
  [36m<div[39m
    [33mclass[39m=[32m"panel-heading"[39m
  [36m>[39m
    [36m<div>[39m
      [36m<p[39m
        [33mclass[39m=[32m"eyebrow"[39m
      [36m>[39m
        [0mA[0m
      [36m</p>[39m
      [36m<p>[39m
        [0mAlpha[0m
      [36m</p>[39m
      [36m<h3[39m
        [33mid[39m=[32m"execution-execution-a-title"[39m
        [33mtabindex[39m=[32m"-1"[39m
      [36m>[39m
        [0mTask A[0m
      [36m</h3>[39m
    [36m</div>[39m
    [36m<span[39m
      [33mclass[39m=[32m"status-label status-staged"[39m
    [36m>[39m
      [0m变更待审阅[0m
    [36m</span>[39m
  [36m</div>[39m
  [36m<p[39m
    [33mrole[39m=[32m"status"[39m
  [36m>[39m
    [0m当前没有进行中的动作[0m
  [36m</p>[39m
  [36m<div[39m
    [33mclass[39m=[32m"execution-progress-list"[39m
  [36m>[39m
    [36m<div[39m
      [33mclass[39m=[32m"execution-progress"[39m
    [36m>[39m
      [36m<span>[39m
        [0m业务回合[0m
        [0m [0m
        [0m4[0m
        [0m/[0m
        [0m20[0m
      [36m</span>[39m
      [36m<progress[39m
        [33maria-label[39m=[32m"业务回合进度"[39m
        [33maria-valuemax[39m=[32m"20"[39m
        [33maria-valuemin[39m=[32m"0"[39m
        [33maria-valuenow[39m=[32m"4"[39m
        [33mmax[39m=[32m"20"[39m
        [33mvalue[39m=[32m"4"[39m
      [36m/>[39m
    [36m</div>[39m
    [36m<div[39m
      [33mclass[39m=[32m"execution-progress"[39m
    [36m>[39m
      [36m<span>[39m
        [0m工具调用[0m
        [0m [0m
        [0m7[0m
        [0m/[0m
        [0m40[0m
      [36m</span>[39m
      [36m<progress[39m
        [33maria-label[39m=[32m"工具调用进度"[39m
        [33maria-valuemax[39m=[32m"40"[39m
        [33maria-valuemin[39m=[32m"0"[39m
        [33maria-valuenow[39m=[32m"7"[39m
        [33mmax[39m=[32m"40"[39m
        [33mvalue[39m=[32m"7"[39m
      [36m/>[39m
    [36m</div>[39m
    [36m<div[39m
      [33mclass[39m=[32m"execution-progress"[39m
    [36m>[39m
      [36m<span>[39m
        [0mToken [0m
        [0m [0m
        [0m900[0m
        [0m/[0m
        [0m2000[0m
      [36m</span>[39m
      [36m<progress[39m
        [33maria-label[39m=[32m"Token 进度"[39m
        [33maria-valuemax[39m=[32m"2000"[39m
        [33maria-valuemin[39m=[32m"0"[39m
        [33maria-valuenow[39m=[32m"900"[39m
        [33mmax[39m=[32m"2000"[39m
        [33mvalue[39m=[32m"900"[39m
      [36m/>[39m
    [36m</div>[39m
  [36m</div>[39m
  [36m<div[39m
    [33mclass[39m=[32m"execution-review stack"[39m
  [36m>[39m
    [36m<p[39m
      [33mclass[39m=[32m"error-text"[39m
      [33mrole[39m=[32m"alert"[39m
    [36m>[39m
      [0m无法加载审批，请重试。[0m
    [36m</p>[39m
    [36m<div[39m
      [33maria-label[39m=[32m"执行审阅"[39m
      [33mclass[39m=[32m"execution-review-tabs"[39m
      [33mrole[39m=[32m"tablist"[39m
    [36m>[39m
      [36m<button[39m
        [33maria-controls[39m=[32m"execution-execution-a-timeline"[39m
        [33maria-selected[39m=[32m"false"[39m
        [33mid[39m=[32m"execution-execution-a-timeline-tab"[39m
        [33mrole[39m=[32m"tab"[39m
        [33mtabindex[39m=[32m"-1"[39m
        [33mtype[39m=[32m"button"[39m
      [36m>[39m
        [0m时间线[0m
      [36m</button>[39m
      [36m<button[39m
        [33maria-controls[39m=[32m"execution-execution-a-validation"[39m
        [33maria-selected[39m=[32m"true"[39m
        [33mid[39m=[32m"execution-execution-a-validation-tab"[39m
        [33mrole[39m=[32m"tab"[39m
        [33mtabindex[39m=[32m"0"[39m
        [33mtype[39m=[32m"button"[39m
      [36m>[39m
        [0m验证[0m
      [36m</button>[39m
      [36m<button[39m
        [33maria-controls[39m=[32m"execution-execution-a-changes"[39m
        [33maria-selected[39m=[32m"false"[39m
        [33mid[39m=[32m"execution-execution-a-changes-tab"[39m
        [33mrole[39m=[32m"tab"[39m
        [33mtabindex[39m=[32m"-1"[39m
        [33mtype[39m=[32m"button"[39m
      [36m>[39m
        [0m变更[0m
      [36m</button>[39m
    [36m</div>[39m
    [36m<section[39m
      [33maria-labelledby[39m=[32m"execution-execution-a-validation-tab"[39m
      [33mid[39m=[32m"execution-execution-a-validation"[39m
      [33mrole[39m=[32m"tabpanel"[39m
    [36m>[39m
      [36m<h4[39m
        [33mtabindex[39m=[32m"-1"[39m
      [36m>[39m
        [0m验证与产物[0m
      [36m</h4>[39m
      [36m<section[39m
        [33mclass[39m=[32m"execution-review-item stack"[39m
      [36m>[39m
        [36m<h5>[39m
          [0mrequired-test[0m
        [36m</h5>[39m
        [36m<p>[39m
          [0m必需[0m
          [0m · [0m
          [0m新鲜[0m
          [0m · [0m
          [0m通过[0m
        [36m</p>[39m
        [36m<p>[39m
          [0m由持续政策放行（standing approval） · 修订 #[0m
          [0m1[0m
        [36m</p>[39m
        [36m<section[39m
          [33maria-label[39m=[32m"stdout 输出"[39m
          [33mclass[39m=[32m"execution-output stack"[39m
        [36m>[39m
          [36m<p>[39m
            [0mstdout[0m
            [0m · [0m
            [0m1048576[0m
            [0m bytes · hash [0m
            [0maaaaaaaaaaaa[0m
            [0m · 已截断[0m
          [36m</p>[39m
          [36m<pre[39m
            [33mclass[39m=[32m"execution-review-code"[39m
          [36m>[39m
            [0mfirst retained output[0m
          [36m</pre>[39m
          [36m<small>[39m
            [0mchunk [0m
            [0m1[0m
            [0m/17 · offset [0m
            [0m0[0m
            [0m · [0m
            [0m65536[0m
            [0m bytes[0m
            [0m [0m
            [0m· hash [0m
            [0maaaaaaaaaaaa[0m
          [36m</small>[39m
          [36m<p[39m
            [33mclass[39m=[32m"error-text"[39m
            [33mrole[39m=[32m"alert"[39m
          [36m>[39m
            [0m服务暂时不可用，请稍后重试。[0m
          [36m</p>[39m
          [36m<button[39m
            [33mtype[39m=[32m"button"[39m
          [36m>[39m
            [0m加载更多 stdout[0m
          [36m</button>[39m
        [36m</section>[39m
        [36m<p>[39m
          [0mstderr[0m
          [0m 为空 · 0 bytes · hash [0m
          [0maaaaaaaaaaaa[0m
        [36m</p>[39m
      [36m</section>[39m
      [36m<h5>[39m
        [0m产物（[0m
        [0m1[0m
        [0m）[0m
      [36m</h5>[39m
      [36m<div>[39m
        [36m<p[39m
          [33mclass[39m=[32m"error-text"[39m
          [33mrole[39m=[32m"alert"[39m
        [36m>[39m
          [0m无法加载产物，请重试。[0m
        [36m</p>[39m
        [36m<button[39m
          [33mtype[39m=[32m"button"[39m
        [36m>[39m
          [0m重试加载[0m
          [0m产物[0m
        [36m</button>[39m
      [36m</div>[39m
    [36m</section>[39m
  [36m</div>[39m
  [36m<div[39m
    [33mclass[39m=[32m"execution-card-controls"[39m
  [36m>[39m
    [36m<button[39m
      [33mstyle[39m=[32m"min-height: var(--control-min);"[39m
      [33mtype[39m=[32m"button"[39m
    [36m>[39m
      [0m停止[0m
      [0m [0m
      [0mTask A[0m
    [36m</button>[39m
    [36m<button[39m
      [33mstyle[39m=[32m"min-height: var(--control-min);"[39m
      [33mtype[39m=[32m"button"[39m
    [36m>[39m
      [0m刷新 [0m
      [0mTask A[0m
    [36m</button>[39m
  [36m</div>[39m
[36m</section>[39m
 ❯ Object.getElementError node_modules/@testing-library/dom/dist/config.js:37:19
 ❯ getElementError node_modules/@testing-library/dom/dist/query-helpers.js:20:35
 ❯ getMultipleElementsFoundError node_modules/@testing-library/dom/dist/query-helpers.js:23:10
 ❯ node_modules/@testing-library/dom/dist/query-helpers.js:55:13
 ❯ node_modules/@testing-library/dom/dist/query-helpers.js:95:19
 ❯ tests/execution-review-ui.test.tsx:257:25
    255|     )).toBe(true);
    256|     expect(within(card).getByText("first retained output")).toBeInTheD…
    257|     expect(within(card).getByText(new RegExp(HASH.slice(0, 12)))).toBe…
       |                         ^
    258|   });
    259|

⎯⎯⎯⎯⎯⎯⎯⎯⎯⎯⎯⎯⎯⎯⎯⎯⎯⎯⎯⎯⎯⎯⎯⎯[2/2]⎯


 Test Files  1 failed (1)
      Tests  2 failed | 5 passed (7)
   Start at  22:14:52
   Duration  4.05s (transform 169ms, setup 447ms, import 469ms, tests 862ms, environment 1.97s)

# exit: 1
