# hf-gate-run
# label: t3-green
# command: cmd /c npm test -- tests/execution-eligibility.test.ts
# started: 2026-07-30T02:55:40+00:00

> collaboration-cockpit@0.1.0 test
> vitest run tests/execution-eligibility.test.ts


 RUN  v4.1.10 D:/cool-ai

(node:11656) ExperimentalWarning: SQLite is an experimental feature and might change at any time
(Use `node --trace-warnings ...` to show where the warning was created)
 ❯ tests/execution-eligibility.test.ts (7 tests | 2 failed) 3362ms
     × requires current membership, done dependencies, latest planned run, and project readiness 525ms
     × atomically enforces project two, task one, Agent one, and DAG-unrelated selections 750ms

⎯⎯⎯⎯⎯⎯⎯ Failed Tests 2 ⎯⎯⎯⎯⎯⎯⎯

 FAIL  tests/execution-eligibility.test.ts > execution start eligibility > requires current membership, done dependencies, latest planned run, and project readiness
AssertionError: expected { body: { rejection: { …(3) } }, …(1) } to match object { Object (body) }
(3 matching properties omitted from actual)

- Expected
+ Received

  {
    "body": {
      "rejection": {
-       "code": "ASSIGNEE_NOT_MEMBER",
+       "code": "NOT_FOUND",
      },
    },
  }

 ❯ tests/execution-eligibility.test.ts:213:52
    211|       database.close();
    212|     }
    213|     await expect(start("blocked", operationId(21))).resolves.toMatchOb…
       |                                                    ^
    214|       body: { rejection: { code: "ASSIGNEE_NOT_MEMBER" } },
    215|     });

⎯⎯⎯⎯⎯⎯⎯⎯⎯⎯⎯⎯⎯⎯⎯⎯⎯⎯⎯⎯⎯⎯⎯⎯[1/2]⎯

 FAIL  tests/execution-eligibility.test.ts > execution start eligibility > atomically enforces project two, task one, Agent one, and DAG-unrelated selections
SchemaMigrationError: Database version 5 schema is invalid.
 ❯ migrateDatabase src/server/migrations.ts:1342:13
    1340|     const validation = validateV5(database);
    1341|     if (validation) {
    1342|       throw new SchemaMigrationError(validation, "Database version 5 s…
       |             ^
    1343|     }
    1344|   }
 ❯ openDatabase src/server/db.ts:14:5
 ❯ tests/execution-eligibility.test.ts:232:22

⎯⎯⎯⎯⎯⎯⎯⎯⎯⎯⎯⎯⎯⎯⎯⎯⎯⎯⎯⎯⎯⎯⎯⎯[2/2]⎯


 Test Files  1 failed (1)
      Tests  2 failed | 5 passed (7)
   Start at  10:55:41
   Duration  5.75s (transform 186ms, setup 339ms, import 389ms, tests 3.36s, environment 1.40s)

# exit: 1
