# hf-gate-run
# label: t3-regression
# command: cmd /c npm test -- tests/execution-slice.test.tsx tests/migrations-v5.test.ts
# started: 2026-07-30T02:58:08+00:00

> collaboration-cockpit@0.1.0 test
> vitest run tests/execution-slice.test.tsx tests/migrations-v5.test.ts


 RUN  v4.1.10 D:/cool-ai

(node:3348) ExperimentalWarning: SQLite is an experimental feature and might change at any time
(Use `node --trace-warnings ...` to show where the warning was created)
(node:13796) ExperimentalWarning: SQLite is an experimental feature and might change at any time
(Use `node --trace-warnings ...` to show where the warning was created)
 ❯ tests/execution-slice.test.tsx (2 tests | 2 failed) 894ms
     × persists queued execution, preparing attempt, pending receipt, and running sandbox action before start returns 536ms
     × renders route-backed loading, empty, error recovery, queued preparation, and refresh rehydration 356ms

⎯⎯⎯⎯⎯⎯⎯ Failed Tests 2 ⎯⎯⎯⎯⎯⎯⎯

 FAIL  tests/execution-slice.test.tsx > execution T-2 vertical slice > persists queued execution, preparing attempt, pending receipt, and running sandbox action before start returns
AssertionError: Start returned before sandbox execution: {"rejection":{"workItemId":"work-item-execution-slice","code":"NOT_FOUND","messageKey":"not_found"}}
 ❯ startPendingExecution tests/execution-slice.test.tsx:227:12
    225|   ]);
    226|   if (first instanceof Response) {
    227|     expect.fail(`Start returned before sandbox execution: ${await firs…
       |            ^
    228|   }
    229|   expect(deferred.executor).toHaveBeenCalledTimes(1);
 ❯ tests/execution-slice.test.tsx:256:33

⎯⎯⎯⎯⎯⎯⎯⎯⎯⎯⎯⎯⎯⎯⎯⎯⎯⎯⎯⎯⎯⎯⎯⎯[1/2]⎯

 FAIL  tests/execution-slice.test.tsx > execution T-2 vertical slice > renders route-backed loading, empty, error recovery, queued preparation, and refresh rehydration
Error: Unexpected request: /api/projects/project-execution-slice/mission
 ❯ tests/execution-slice.test.tsx:247:11
    245|     const url = new URL(String(input), "http://localhost");
    246|     if (url.pathname === `/api/projects/${PROJECT_ID}/executions`) ret…
    247|     throw new Error(`Unexpected request: ${url.pathname}`);
       |           ^
    248|   });
    249|   vi.stubGlobal("fetch", fetchMock);
 ❯ components/execution/execution-panel.tsx:107:7
 ❯ Object.react_stack_bottom_frame node_modules/react-dom/cjs/react-dom-client.development.js:25989:20
 ❯ runWithFiberInDEV node_modules/react-dom/cjs/react-dom-client.development.js:874:13
 ❯ commitHookEffectListMount node_modules/react-dom/cjs/react-dom-client.development.js:13249:29
 ❯ commitHookPassiveMountEffects node_modules/react-dom/cjs/react-dom-client.development.js:13336:11
 ❯ commitPassiveMountOnFiber node_modules/react-dom/cjs/react-dom-client.development.js:15484:13
 ❯ recursivelyTraversePassiveMountEffects node_modules/react-dom/cjs/react-dom-client.development.js:15439:11
 ❯ commitPassiveMountOnFiber node_modules/react-dom/cjs/react-dom-client.development.js:15519:11

⎯⎯⎯⎯⎯⎯⎯⎯⎯⎯⎯⎯⎯⎯⎯⎯⎯⎯⎯⎯⎯⎯⎯⎯[2/2]⎯


 Test Files  1 failed | 1 passed (2)
      Tests  2 failed | 7 passed (9)
   Start at  10:58:09
   Duration  14.07s (transform 265ms, setup 747ms, import 293ms, tests 12.69s, environment 3.02s)

# exit: 1
