# hf-gate-run
# label: t3-regression
# command: cmd /c npm test -- tests/execution-slice.test.tsx tests/migrations-v5.test.ts
# started: 2026-07-30T02:58:47+00:00

> collaboration-cockpit@0.1.0 test
> vitest run tests/execution-slice.test.tsx tests/migrations-v5.test.ts


 RUN  v4.1.10 D:/cool-ai

(node:16736) ExperimentalWarning: SQLite is an experimental feature and might change at any time
(Use `node --trace-warnings ...` to show where the warning was created)
(node:16092) ExperimentalWarning: SQLite is an experimental feature and might change at any time
(Use `node --trace-warnings ...` to show where the warning was created)
 ❯ tests/execution-slice.test.tsx (2 tests | 1 failed) 2025ms
     × renders route-backed loading, empty, error recovery, queued preparation, and refresh rehydration 1362ms

⎯⎯⎯⎯⎯⎯⎯ Failed Tests 1 ⎯⎯⎯⎯⎯⎯⎯

 FAIL  tests/execution-slice.test.tsx > execution T-2 vertical slice > renders route-backed loading, empty, error recovery, queued preparation, and refresh rehydration
TestingLibraryElementError: Found multiple elements with the role "alert"

Here are the matching elements:

Ignored nodes: comments, script, style
[36m<p[39m
  [33mrole[39m=[32m"alert"[39m
[36m>[39m
  [0m无法加载可执行任务。[0m
[36m</p>[39m

Ignored nodes: comments, script, style
[36m<p[39m
  [33mclass[39m=[32m"error-text"[39m
  [33mrole[39m=[32m"alert"[39m
[36m>[39m
  [0m服务暂时不可用，请稍后重试。[0m
[36m</p>[39m

(If this is intentional, then use the `*AllBy*` variant of the query (like `queryAllByText`, `getAllByText`, or `findAllByText`)).

Ignored nodes: comments, script, style
[36m<body>[39m
  [36m<div />[39m
  [36m<div>[39m
    [36m<section[39m
      [33maria-labelledby[39m=[32m"executions-title-project-execution-slice"[39m
      [33mclass[39m=[32m"stack"[39m
    [36m>[39m
      [36m<div[39m
        [33mclass[39m=[32m"panel-heading"[39m
      [36m>[39m
        [36m<div>[39m
          [36m<p[39m
            [33mclass[39m=[32m"eyebrow"[39m
          [36m>[39m
            [0m项目执行[0m
          [36m</p>[39m
          [36m<h3[39m
            [33mid[39m=[32m"executions-title-project-execution-slice"[39m
          [36m>[39m
            [0m运行详情[0m
          [36m</h3>[39m
        [36m</div>[39m
        [36m<button[39m
          [33mstyle[39m=[32m"min-height: var(--control-min);"[39m
          [33mtype[39m=[32m"button"[39m
        [36m>[39m
          [0m刷新执行[0m
        [36m</button>[39m
      [36m</div>[39m
      [36m<section[39m
        [33maria-labelledby[39m=[32m"execution-picker-project-execution-slice"[39m
        [33mclass[39m=[32m"stack"[39m
      [36m>[39m
        [36m<h4[39m
          [33mid[39m=[32m"execution-picker-project-execution-slice"[39m
        [36m>[39m
          [0m选择并执行[0m
        [36m</h4>[39m
        [36m<p[39m
          [33mrole[39m=[32m"alert"[39m
        [36m>[39m
          [0m无法加载可执行任务。[0m
        [36m</p>[39m
      [36m</section>[39m
      [36m<div[39m
        [33mclass[39m=[32m"state-message"[39m
      [36m>[39m
        [36m<p[39m
          [33mclass[39m=[32m"error-text"[39m
          [33mrole[39m=[32m"alert"[39m
        [36m>[39m
          [0m服务暂时不可用，请稍后重试。[0m
        [36m</p>[39m
        [36m<button[39m
          [33mstyle[39m=[32m"min-height: var(--control-min);"[39m
          [33mtype[39m=[32m"button"[39m
        [36m>[39m
          [0m重试加载执行[0m
        [36m</button>[39m
      [36m</div>[39m
    [36m</section>[39m
  [36m</div>[39m
[36m</body>[39m

Ignored nodes: comments, script, style
[36m<body>[39m
  [36m<div />[39m
  [36m<div>[39m
    [36m<section[39m
      [33maria-labelledby[39m=[32m"executions-title-project-execution-slice"[39m
      [33mclass[39m=[32m"stack"[39m
    [36m>[39m
      [36m<div[39m
        [33mclass[39m=[32m"panel-heading"[39m
      [36m>[39m
        [36m<div>[39m
          [36m<p[39m
            [33mclass[39m=[32m"eyebrow"[39m
          [36m>[39m
            [0m项目执行[0m
          [36m</p>[39m
          [36m<h3[39m
            [33mid[39m=[32m"executions-title-project-execution-slice"[39m
          [36m>[39m
            [0m运行详情[0m
          [36m</h3>[39m
        [36m</div>[39m
        [36m<button[39m
          [33mstyle[39m=[32m"min-height: var(--control-min);"[39m
          [33mtype[39m=[32m"button"[39m
        [36m>[39m
          [0m刷新执行[0m
        [36m</button>[39m
      [36m</div>[39m
      [36m<section[39m
        [33maria-labelledby[39m=[32m"execution-picker-project-execution-slice"[39m
        [33mclass[39m=[32m"stack"[39m
      [36m>[39m
        [36m<h4[39m
          [33mid[39m=[32m"execution-picker-project-execution-slice"[39m
        [36m>[39m
          [0m选择并执行[0m
        [36m</h4>[39m
        [36m<p[39m
          [33mrole[39m=[32m"alert"[39m
        [36m>[39m
          [0m无法加载可执行任务。[0m
        [36m</p>[39m
      [36m</section>[39m
      [36m<div[39m
        [33mclass[39m=[32m"state-message"[39m
      [36m>[39m
        [36m<p[39m
          [33mclass[39m=[32m"error-text"[39m
          [33mrole[39m=[32m"alert"[39m
        [36m>[39m
          [0m服务暂时不可用，请稍后重试。[0m
        [36m</p>[39m
        [36m<button[39m
          [33mstyle[39m=[32m"min-height: var(--control-min);"[39m
          [33mtype[39m=[32m"button"[39m
        [36m>[39m
          [0m重试加载执行[0m
        [36m</button>[39m
      [36m</div>[39m
    [36m</section>[39m
  [36m</div>[39m
[36m</body>[39m
 ❯ waitForWrapper node_modules/@testing-library/dom/dist/wait-for.js:163:27
 ❯ node_modules/@testing-library/dom/dist/query-helpers.js:86:33
 ❯ tests/execution-slice.test.tsx:345:25
    343|     });
    344|     const errorView = render(createElement(Panel, { projectId: PROJECT…
    345|     expect(await screen.findByRole("alert")).toHaveTextContent(
       |                         ^
    346|       "服务暂时不可用，请稍后重试。",
    347|     );

⎯⎯⎯⎯⎯⎯⎯⎯⎯⎯⎯⎯⎯⎯⎯⎯⎯⎯⎯⎯⎯⎯⎯⎯[1/1]⎯


 Test Files  1 failed | 1 passed (2)
      Tests  1 failed | 8 passed (9)
   Start at  10:58:49
   Duration  14.36s (transform 272ms, setup 755ms, import 285ms, tests 14.10s, environment 3.06s)

# exit: 1
