# hf-gate-run
# label: t3-red
# command: cmd /c npm test -- tests/execution-eligibility.test.ts
# started: 2026-07-30T02:53:24+00:00

> collaboration-cockpit@0.1.0 test
> vitest run tests/execution-eligibility.test.ts


 RUN  v4.1.10 D:/cool-ai

(node:4648) ExperimentalWarning: SQLite is an experimental feature and might change at any time
(Use `node --trace-warnings ...` to show where the warning was created)
stderr | tests/execution-eligibility.test.ts > execution start eligibility > strictly rejects task arrays without creating work
{
  code: 'INTERNAL_ERROR',
  correlationId: '12045138-1e24-4d1c-a48b-0f2896111707',
  route: 'POST /api/projects/:projectId/executions'
}

 ❯ tests/execution-eligibility.test.ts (7 tests | 7 failed) 3580ms
     × strictly rejects task arrays without creating work 286ms
     × persists and exactly replays the missing rejection 281ms
     × persists and exactly replays the todo rejection 328ms
     × persists and exactly replays the unassigned rejection 313ms
     × requires current membership, done dependencies, latest planned run, and project readiness 395ms
     × atomically enforces project two, task one, Agent one, and DAG-unrelated selections 717ms
     × starts two selections concurrently with independent operation ids and retries only the failed operation 1258ms

⎯⎯⎯⎯⎯⎯⎯ Failed Tests 7 ⎯⎯⎯⎯⎯⎯⎯

 FAIL  tests/execution-eligibility.test.ts > execution start eligibility > strictly rejects task arrays without creating work
AssertionError: expected 500 to be 400 // Object.is equality

- Expected
+ Received

- 400
+ 500

 ❯ tests/execution-eligibility.test.ts:177:29
    175|       { params: Promise.resolve({ projectId: PROJECT_ID }) },
    176|     );
    177|     expect(response.status).toBe(400);
       |                             ^
    178|     expect(executionCount()).toBe(0);
    179|   });

⎯⎯⎯⎯⎯⎯⎯⎯⎯⎯⎯⎯⎯⎯⎯⎯⎯⎯⎯⎯⎯⎯⎯⎯[1/7]⎯

 FAIL  tests/execution-eligibility.test.ts > execution start eligibility > persists and exactly replays the missing rejection
 FAIL  tests/execution-eligibility.test.ts > execution start eligibility > persists and exactly replays the todo rejection
 FAIL  tests/execution-eligibility.test.ts > execution start eligibility > persists and exactly replays the unassigned rejection
ExecutionError: Task is not eligible.
 ❯ assertHappyPathTask src/server/execution/execution-service.ts:286:11
    284|     | undefined;
    285|   if (!row) {
    286|     throw new ExecutionError("TASK_NOT_ELIGIBLE", 409, "Task is not el…
       |           ^
    287|   }
    288|   return row;
 ❯ src/server/execution/execution-service.ts:313:20
 ❯ transaction src/server/execution/execution-service.ts:65:20
 ❯ startExecution src/server/execution/execution-service.ts:312:21
 ❯ start tests/execution-eligibility.test.ts:142:10
 ❯ tests/execution-eligibility.test.ts:187:25

⎯⎯⎯⎯⎯⎯⎯⎯⎯⎯⎯⎯⎯⎯⎯⎯⎯⎯⎯⎯⎯⎯⎯⎯[2/7]⎯

 FAIL  tests/execution-eligibility.test.ts > execution start eligibility > requires current membership, done dependencies, latest planned run, and project readiness
AssertionError: promise rejected "Error: sandbox held by eligibility test" instead of resolving
 ❯ tests/execution-eligibility.test.ts:200:52
    198|     addTask("dependency", "agent-b", "in_progress");
    199|     addTask("blocked", "agent-a", "in_progress", ["dependency"]);
    200|     await expect(start("blocked", operationId(20))).resolves.toMatchOb…
       |                                                    ^
    201|       body: { rejection: { code: "DEPENDENCY_NOT_DONE" } },
    202|     });

Caused by: Error: sandbox held by eligibility test
 ❯ tests/execution-eligibility.test.ts:147:13
 ❯ startExecution src/server/execution/execution-service.ts:465:10
 ❯ start tests/execution-eligibility.test.ts:142:10
 ❯ tests/execution-eligibility.test.ts:200:18

⎯⎯⎯⎯⎯⎯⎯⎯⎯⎯⎯⎯⎯⎯⎯⎯⎯⎯⎯⎯⎯⎯⎯⎯[3/7]⎯

 FAIL  tests/execution-eligibility.test.ts > execution start eligibility > atomically enforces project two, task one, Agent one, and DAG-unrelated selections
AssertionError: expected { count: 1 } to deeply equal { count: 2 }

- Expected
+ Received

  {
-   "count": 2,
+   "count": 1,
  }

 ❯ tests/execution-eligibility.test.ts:237:16
    235|         `SELECT COUNT(*) AS count FROM executions
    236|          WHERE status IN ('queued','running','waiting_approval','pause…
    237|       ).get()).toEqual({ count: 2 });
       |                ^
    238|       expect(database.prepare(
    239|         `SELECT work_item_id AS workItemId,agent_id AS agentId FROM ex…

⎯⎯⎯⎯⎯⎯⎯⎯⎯⎯⎯⎯⎯⎯⎯⎯⎯⎯⎯⎯⎯⎯⎯⎯[4/7]⎯

 FAIL  tests/execution-eligibility.test.ts > execution selection UI > starts two selections concurrently with independent operation ids and retries only the failed operation
TestingLibraryElementError: Unable to find role="checkbox" and name "Task A"

Ignored nodes: comments, script, style
[36m<body>[39m
  [36m<div>[39m
    [36m<section[39m
      [33maria-labelledby[39m=[32m"executions-title-eligibility-project"[39m
      [33mclass[39m=[32m"stack"[39m
    [36m>[39m
      [36m<div[39m
        [33mclass[39m=[32m"panel-heading"[39m
      [36m>[39m
        [36m<div>[39m
          [36m<p[39m
            [33mclass[39m=[32m"eyebrow"[39m
          [36m>[39m
            [0m项目执行[0m
          [36m</p>[39m
          [36m<h3[39m
            [33mid[39m=[32m"executions-title-eligibility-project"[39m
          [36m>[39m
            [0m运行详情[0m
          [36m</h3>[39m
        [36m</div>[39m
        [36m<button[39m
          [33mstyle[39m=[32m"min-height: var(--control-min);"[39m
          [33mtype[39m=[32m"button"[39m
        [36m>[39m
          [0m刷新执行[0m
        [36m</button>[39m
      [36m</div>[39m
      [36m<p[39m
        [33mclass[39m=[32m"state-message"[39m
      [36m>[39m
        [0m尚无执行。[0m
      [36m</p>[39m
    [36m</section>[39m
  [36m</div>[39m
[36m</body>[39m

Ignored nodes: comments, script, style
[36m<body>[39m
  [36m<div>[39m
    [36m<section[39m
      [33maria-labelledby[39m=[32m"executions-title-eligibility-project"[39m
      [33mclass[39m=[32m"stack"[39m
    [36m>[39m
      [36m<div[39m
        [33mclass[39m=[32m"panel-heading"[39m
      [36m>[39m
        [36m<div>[39m
          [36m<p[39m
            [33mclass[39m=[32m"eyebrow"[39m
          [36m>[39m
            [0m项目执行[0m
          [36m</p>[39m
          [36m<h3[39m
            [33mid[39m=[32m"executions-title-eligibility-project"[39m
          [36m>[39m
            [0m运行详情[0m
          [36m</h3>[39m
        [36m</div>[39m
        [36m<button[39m
          [33mstyle[39m=[32m"min-height: var(--control-min);"[39m
          [33mtype[39m=[32m"button"[39m
        [36m>[39m
          [0m刷新执行[0m
        [36m</button>[39m
      [36m</div>[39m
      [36m<p[39m
        [33mclass[39m=[32m"state-message"[39m
      [36m>[39m
        [0m尚无执行。[0m
      [36m</p>[39m
    [36m</section>[39m
  [36m</div>[39m
[36m</body>[39m
 ❯ waitForWrapper node_modules/@testing-library/dom/dist/wait-for.js:163:27
 ❯ node_modules/@testing-library/dom/dist/query-helpers.js:86:33
 ❯ tests/execution-eligibility.test.ts:289:35
    287|
    288|     render(createElement(ExecutionPanel, { projectId: PROJECT_ID }));
    289|     await user.click(await screen.findByRole("checkbox", { name: "Task…
       |                                   ^
    290|     await user.click(screen.getByRole("checkbox", { name: "Task B" }));
    291|     expect(screen.getByRole("checkbox", { name: "Task C" })).toBeDisab…

⎯⎯⎯⎯⎯⎯⎯⎯⎯⎯⎯⎯⎯⎯⎯⎯⎯⎯⎯⎯⎯⎯⎯⎯[5/7]⎯


 Test Files  1 failed (1)
      Tests  7 failed (7)
   Start at  10:53:25
   Duration  6.22s (transform 207ms, setup 371ms, import 379ms, tests 3.58s, environment 1.63s)

# exit: 1
