# hf-gate-run
# label: t30-red
# command: cmd /c npm test -- tests/execution-recovery-ui.test.tsx tests/execution-accessibility.test.tsx
# started: 2026-07-30T14:27:40+00:00

> collaboration-cockpit@0.1.0 test
> vitest run tests/execution-recovery-ui.test.tsx tests/execution-accessibility.test.tsx


 RUN  v4.1.10 D:/cool-ai

 ❯ tests/execution-accessibility.test.tsx (2 tests | 2 failed) 1216ms
     × uses a narrow summary switcher and exactly one trapped detail overlay with Escape restore 1042ms
     × keeps desktop dual cards unchanged and exposes text status, focus, target, and overflow tokens 173ms
 ❯ tests/execution-recovery-ui.test.tsx (5 tests | 5 failed) 5238ms
     × replaces ordinary actions, shows manifest facts, and independently pages affected paths 1203ms
     × submits exact recovered_old only after second confirmation and restores focus to its outcome 1007ms
     × submits exact recovered_new only after second confirmation and restores focus to its outcome 1008ms
     × submits exact abandon only after second confirmation and restores focus to its outcome 1009ms
     × refreshes the observed manifest and clears confirmation after mismatch 1008ms

⎯⎯⎯⎯⎯⎯⎯ Failed Tests 7 ⎯⎯⎯⎯⎯⎯⎯

 FAIL  tests/execution-accessibility.test.tsx > T-30 execution accessibility > uses a narrow summary switcher and exactly one trapped detail overlay with Escape restore
TestingLibraryElementError: Unable to find role="list" and name "执行摘要切换"

Ignored nodes: comments, script, style
[36m<body>[39m
  [36m<div>[39m
    [36m<section[39m
      [33maria-labelledby[39m=[32m"executions-title-project-execution-a11y"[39m
      [33mclass[39m=[32m"stack"[39m
    [36m>[39m
      [36m<div[39m
        [33mclass[39m=[32m"panel-heading"[39m
      [36m>[39m
        [36m<div>[39m
          [36m<p[39m
            [33mclass[39m=[32m"eyebrow"[39m
          [36m>[39m
            [0m项目执行[0m
          [36m</p>[39m
          [36m<h3[39m
            [33mid[39m=[32m"executions-title-project-execution-a11y"[39m
          [36m>[39m
            [0m运行详情[0m
          [36m</h3>[39m
        [36m</div>[39m
        [36m<button[39m
          [33mstyle[39m=[32m"min-height: var(--control-min);"[39m
          [33mtype[39m=[32m"button"[39m
        [36m>[39m
          [0m刷新执行[0m
        [36m</button>[39m
      [36m</div>[39m
      [36m<section[39m
        [33maria-labelledby[39m=[32m"execution-picker-project-execution-a11y"[39m
        [33mclass[39m=[32m"stack"[39m
      [36m>[39m
        [36m<h4[39m
          [33mid[39m=[32m"execution-picker-project-execution-a11y"[39m
        [36m>[39m
          [0m选择并执行[0m
        [36m</h4>[39m
        [36m<p>[39m
          [0m没有符合条件的进行中任务。[0m
        [36m</p>[39m
      [36m</section>[39m
      [36m<button[39m
        [33maria-expanded[39m=[32m"false"[39m
        [33mstyle[39m=[32m"min-height: var(--control-min);"[39m
        [33mtype[39m=[32m"button"[39m
      [36m>[39m
        [0m管理验证政策[0m
      [36m</button>[39m
      [36m<div[39m
        [33mclass[39m=[32m"run-details"[39m
      [36m>[39m
        [36m<section[39m
          [33maria-labelledby[39m=[32m"execution-execution-one-title"[39m
          [33mclass[39m=[32m"run-detail execution-card"[39m
          [33mdata-accent[39m=[32m"sage"[39m
          [33mrole[39m=[32m"region"[39m
        [36m>[39m
          [36m<div[39m
            [33mclass[39m=[32m"panel-heading"[39m
          [36m>[39m
            [36m<div>[39m
              [36m<p[39m
                [33mclass[39m=[32m"eyebrow"[39m
              [36m>[39m
                [0mA[0m
              [36m</p>[39m
              [36m<p>[39m
                [0mAgent execution-one[0m
              [36m</p>[39m
              [36m<h3[39m
                [33mid[39m=[32m"execution-execution-one-title"[39m
                [33mtabindex[39m=[32m"-1"[39m
              [36m>[39m
                [0mFirst execution[0m
              [36m</h3>[39m
            [36m</div>[39m
            [36m<span[39m
              [33mclass[39m=[32m"status-label status-paused"[39m
            [36m>[39m
              [0m已暂停[0m
            [36m</span>[39m
          [36m</div>[39m
          [36m<p[39m
            [33mrole[39m=[32m"status"[39m
          [36m>[39m
            [0m当前没有进行中的动作[0m
          [36m</p>[39m
          [36m<p[39m
            [33mclass[39m=[32m"error-text"[39m
          [36m>[39m
            [0m阻断原因：[0m
            [0mOWNER_PAUSED[0m
          [36m</p>[39m
          [36m<div[39m
            [33mclass[39m=[32m"execution-progress-list"[39m
          [36m>[39m
            [36m<div[39m
              [33mclass[39m=[32m"execution-progress"[39m
            [36m>[39m
              [36m<span>[39m
                [0m业务回合[0m
                [0m [0m
                [0m0[0m
                [0m/[0m
                [0m20[0m
              [36m</span>[39m
              [36m<progress[39m
                [33maria-label[39m=[32m"业务回合进度"[39m
                [33maria-valuemax[39m=[32m"20"[39m
                [33maria-valuemin[39m=[32m"0"[39m
                [33maria-valuenow[39m=[32m"0"[39m
                [33mmax[39m=[32m"20"[39m
                [33mvalue[39m=[32m"0"[39m
              [36m/>[39m
            [36m</div>[39m
            [36m<div[39m
              [33mclass[39m=[32m"execution-progress"[39m
            [36m>[39m
              [36m<span>[39m
                [0m工具调用[0m
                [0m [0m
                [0m0[0m
                [0m/[0m
                [0m40[0m
              [36m</span>[39m
              [36m<progress[39m
                [33maria-label[39m=[32m"工具调用进度"[39m
                [33maria-valuemax[39m=[32m"40"[39m
                [33maria-valuemin[39m=[32m"0"[39m
                [33maria-valuenow[39m=[32m"0"[39m
                [33mmax[39m=[32m"40"[39m
                [33mvalue[39m=[32m"0"[39m
              [36m/>[39m
            [36m</div>[39m
            [36m<div[39m
              [33mclass[39m=[32m"execution-progress"[39m
            [36m>[39m
              [36m<span>[39m
                [0mToken [0m
                [0m [0m
                [0m0[0m
                [0m/[0m
                [0m2000[0m
              [36m</span>[39m
              [36m<progress[39m
                [33maria-label[39m=[32m"Token 进度"[39m
                [33maria-valuemax[39m=[32m"2000"[39m
                [33maria-valuemin[39m=[32m"0"[39m
                [33maria-valuenow[39m=[32m"0"[39m
                [33mmax[39m=[32m"2000"[39m
                [33mvalue[39m=[32m"0"[39m
              [36m/>[39m
            [36m</div>[39m
          [36m</div>[39m
          [36m<div[39m
            [33mclass[39m=[32m"execution-review stack"[39m
          [36m>[39m
            [36m<div[39m
              [33maria-label[39m=[32m"执行审阅"[39m
              [33mclass[39m=[32m"execution-review-tabs"[39m
              [33mrole[39m=[32m"tablist"[39m
            [36m>[39m
              [36m<button[39m
                [33maria-controls[39m=[32m"execution-execution-one-timeline"[39m
                [33maria-selected[39m=[32m"true"[39m
                [33mid[39m=[32m"execution-execution-one-timeline-tab"[39m
                [33mrole[39m=[32m"tab"[39m
                [33mtabindex[39m=[32m"0"[39m
                [33mtype[39m=[32m"button"[39m
              [36m>[39m
                [0m时间线[0m
              [36m</button>[39m
              [36m<button[39m
                [33maria-controls[39m=[32m"execution-execution-one-validation"[39m
                [33maria-selected[39m=[32m"false"[39m
                [33mid[39m=[32m"execution-execution-one-validation-tab"[39m
                [33mrole[39m=[32m"tab"[39m
                [33mtabindex[39m=[32m"-1"[39m
                [33mtype[39m=[32m"button"[39m
              [36m>[39m
                [0m验证[0m
              [36m</button>[39m
              [36m<button[39m
                [33maria-controls[39m=[32m"execution-execution-one-changes"[39m
                [33maria-selected[39m=[32m"false"[39m
                [33mid[39m=[32m"execution-execution-one-changes-tab"[39m
                [33mrole[39m=[32m"tab"[39m
                [33mtabindex[39m=[32m"-1"[39m
                [33mtype[39m=[32m"button"[39m
              [36m>[39m
                [0m变更[0m
              [36m</button>[39m
            [36m</div>[39m
            [36m<section[39m
              [33maria-labelledby[39m=[32m"execution-execution-one-timeline-tab"[39m
              [33mid[39m=[32m"execution-execution-one-timeline"[39m
              [33mrole[39m=[32m"tabpanel"[39m
            [36m>[39m
              [36m<h4[39m
                [33mtabindex[39m=[32m"-1"[39m
              [36m>[39m
                [0m时间线（[0m
                [0m0[0m
                [0m）[0m
              [36m</h4>[39m
              [36m<p>[39m
                [0m还没有时间线事件。[0m
              [36m</p>[39m
            [36m</section>[39m
          [36m</div>[39m
          [36m<div[39m
            [33mclass[39m=[32m"execution-card-controls"[39m
          [36m>[39m
            [36m<button[39m
              [33mstyle[39m=[32m"min-height: var(--control-min);"[39m
              [33mtype[39m=[32m"button"[39m
            [36m>[39m
              [0m继续[0m
              [0m [0m
              [0mFirst execution[0m
            [36m</button>[39m
            [36m<button[39m
              [33mstyle[39m=[32m"min-height: var(--control-min);"[39m
              [33mtype[39m=[32m"button"[39m
            [36m>[39m
              [0m停止[0m
              [0m [0m
              [0mFirst execution[0m
            [36m</button>[39m
            [36m<button[39m
              [33mstyle[39m=[32m"min-height: var(--control-min);"[39m
              [33mtype[39m=[32m"button"[39m
            [36m>[39m
              [0m刷新 [0m
              [0mFirst execution[0m
            [36m</button>[39m
          [36m</div>[39m
        [36m</section>[39m
        [36m<section[39m
          [33maria-labelledby[39m=[32m"execution-execution-two-title"[39m
          [33mclass[39m=[32m"run-detail execution-card"[39m
          [33mdata-accent[39m=[32m"sage"[39m
          [33mrole[39m=[32m"region"[39m
        [36m>[39m
          [36m<div[39m
            [33mclass[39m=[32m"panel-heading"[39m
          [36m>[39m
            [36m<div>[39m
              [36m<p[39m
                [33mclass[39m=[32m"eyebrow"[39m
              [36m>[39m
                [0mA[0m
              [36m</p>[39m
              [36m<p>[39m
                [0mAgent execution-two[0m
              [36m</p>[39m
              [36m<h3[39m
                [33mid[39m=[32m"execution-execution-two-title"[39m
                [33mtabindex[39m=[32m"-1"[39m
              [36m>[39m
                [0mSecond execution[0m
              [36m</h3>[39m
            [36m</div>[39m
            [36m<span[39m
              [33mclass[39m=[32m"status-label status-paused"[39m
            [36m>[39m
              [0m已暂停[0m
            [36m</span>[39m
          [36m</div>[39m
          [36m<p[39m
            [33mrole[39m=[32m"status"[39m
          [36m>[39m
            [0m当前没有进行中的动作[0m
          [36m</p>[39m
          [36m<p[39m
            [33mclass[39m=[32m"error-text"[39m
          [36m>[39m
            [0m阻断原因：[0m
            [0mOWNER_PAUSED[0m
          [36m</p>[39m
          [36m<div[39m
            [33mclass[39m=[32m"execution-progress-list"[39m
          [36m>[39m
            [36m<div[39m
              [33mclass[39m=[32m"execution-progress"[39m
            [36m>[39m
              [36m<span>[39m
                [0m业务回合[0m
                [0m [0m
                [0m0[0m
                [0m/[0m
                [0m20[0m
              [36m</span>[39m
              [36m<progress[39m
                [33maria-label[39m=[32m"业务回合进度"[39m
                [33maria-valuemax[39m=[32m"20"[39m
                [33maria-valuemin[39m=[32m"0"[39m
                [33maria-valuenow[39m=[32m"0"[39m
                [33mmax[39m=[32m"20"[39m
                [33mvalue[39m=[32m"0"[39m
              [36m/>[39m
            [36m</div>[39m
            [36m<div[39m
              [33mclass[39m=[32m"execution-progress"[39m
            [36m>[39m
              [36m<span>[39m
                [0m工具调用[0m
                [0m [0m
                [0m0[0m
                [0m/[0m
                [0m40[0m
              [36m</span>[39m
              [36m<progress[39m
                [33maria-label[39m=[32m"工具调用进度"[39m
                [33maria-valuemax[39m=[32m"40"[39m
                [33maria-valuemin[39m=[32m"0"[39m
                [33maria-valuenow[39m=[32m"0"[39m
                [33mmax[39m=[32m"40"[39m
                [33mvalue[39m=[32m"0"[39m
              [36m/>[39m
            [36m</div>[39m
            [36m<div[39m
              [33mclass[39m=[32m"execution-progress"[39m
            [36m>[39m
              [36m<span>[39m
                [0mToken [0m
                [0m [0m
                [0m0[0m
                [0m/[0m
                [0m2000[0m
              [36m</span>[39m
              [36m<progress[39m
                [33maria-label[39m=[32m"Token 进度"[39m
                [33maria-valuemax[39m=[32m"2000"[39m
                [33maria-valuemin[39m=[32m"0"[39m
                [33maria-valuenow[39m=[32m"0"[39m
                [33mmax[39m=[32m"2000"[39m
                [33mvalue[39m=[32m"0"[39m
              [36m/>[39m
            [36m</div>[39m
          [36m</div>[39m
          [36m<div[39m
            [33mclass[39m=[32m"execution-review stack"[39m
          [36m>[39m
            [36m<div[39m
              [33maria-label[39m=[32m"执行审阅"[39m
              [33mclass[39m=[32m"execution-review-tabs"[39m
              [33mrole[39m=[32m"tablist"[39m
            [36m>[39m
              [36m<button[39m
                [33maria-controls[39m=[32m"execution-execution-two-timeline"[39m
                [33maria-selected[39m=[32m"true"[39m
                [33mid[39m=[32m"execution-execution-two-timeline-tab"[39m
                [33mrole[39m=[32m"tab"[39m
                [33mtabindex[39m=[32m"0"[39m
                [33mtype[39m=[32m"button"[39m
              [36m>[39m
                [0m时间线[0m
              [36m</button>[39m
              [36m<button[39m
                [33maria-controls[39m=[32m"execution-execution-two-validation"[39m
                [33maria-selected[39m=[32m"false"[39m
                [33mid[39m=[32m"execution-execution-two-validation-tab"[39m
                [33mrole[39m=[32m"tab"[39m
                [33mtabindex[39m=[32m"-1"[39m
                [33mtype[39m=[32m"button"[39m
              [36m>[39m
                [0m验证[0m
              [36m</button>[39m
              [36m<button[39m
                [33maria-controls[39m=[32m"execution-execution-two-changes"[39m
                [33maria-selected[39m=[32m"false"[39m
                [33mid[39m=[32m"execution-execution-two-changes-tab"[39m
                [33mrole[39m=[32m"tab"[39m
                [33mtabindex[39m=[32m"-1"[39m
                [33mtype[39m=[32m"button"[39m
              [36m>[39m
                [0m变更[0m
              [36m</button>[39m
            [36m</div>[39m
            [36m<section[39m
              [33maria-labelledby[39m=[32m"execution-execution-two-timeline-tab"[39m
              [33mid[39m=[32m"execution-execution-two-timeline"[39m
              [33mrole[39m=[32m"tabpanel"[39m
            [36m>[39m
              [36m<h4[39m
                [33mtabindex[39m=[32m"-1"[39m
              [36m>[39m
                [0m时间线（[0m
                [0m0[0m
                [0m）[0m
              [36m</h4>[39m
              [36m<p>[39m
                [0m还没有时间线事件。[0m
              [36m</p>[39m
            [36m</section>[39m
          [36m</div>[39m
          [36m<div[39m
            [33mclass[39m=[32m"execution-card-controls"[39m
          [36m>[39m
            [36m<button[39m
              [33mstyle[39m=[32m"min-height: var(--control-min);"[39m
              [33mtype[39m=[32m"button"[39m
            [36m>[39m
              [0m继续[0m
              [0m [0m
              [0mSecond execution[0m
            [36m</button>[39m
            [36m<button[39m
              [33mstyle[39m=[32m"min-height: var(--control-min);"[39m
              [33mtype[39m=[32m"button"[39m
            [36m>[39m
              [0m停止[0m
              [0m [0m
              [0mSecond execution[0m
            [36m</button>[39m
            [36m<button[39m
              [33mstyle[39m=[32m"min-height: var(--control-min);"[39m
              [33mtype[39m=[32m"button"[39m
            [36m>[39m
              [0m刷新 [0m
              [0mSecond execution[0m
            [36m</button>[39m
          [36m</div>[39m
        [36m</section>[39m
      [36m</div>[39m
    [36m</section>[39m
  [36m</div>[39m
[36m</body>[39m

Ignored nodes: comments, script, style
[36m<body>[39m
  [36m<div>[39m
    [36m<section[39m
      [33maria-labelledby[39m=[32m"executions-title-project-execution-a11y"[39m
      [33mclass[39m=[32m"stack"[39m
    [36m>[39m
      [36m<div[39m
        [33mclass[39m=[32m"panel-heading"[39m
      [36m>[39m
        [36m<div>[39m
          [36m<p[39m
            [33mclass[39m=[32m"eyebrow"[39m
          [36m>[39m
            [0m项目执行[0m
          [36m</p>[39m
          [36m<h3[39m
            [33mid[39m=[32m"executions-title-project-execution-a11y"[39m
          [36m>[39m
            [0m运行详情[0m
          [36m</h3>[39m
        [36m</div>[39m
        [36m<button[39m
          [33mstyle[39m=[32m"min-height: var(--control-min);"[39m
          [33mtype[39m=[32m"button"[39m
        [36m>[39m
          [0m刷新执行[0m
        [36m</button>[39m
      [36m</div>[39m
      [36m<section[39m
        [33maria-labelledby[39m=[32m"execution-picker-project-execution-a11y"[39m
        [33mclass[39m=[32m"stack"[39m
      [36m>[39m
        [36m<h4[39m
          [33mid[39m=[32m"execution-picker-project-execution-a11y"[39m
        [36m>[39m
          [0m选择并执行[0m
        [36m</h4>[39m
        [36m<p>[39m
          [0m没有符合条件的进行中任务。[0m
        [36m</p>[39m
      [36m</section>[39m
      [36m<button[39m
        [33maria-expanded[39m=[32m"false"[39m
        [33mstyle[39m=[32m"min-height: var(--control-min);"[39m
        [33mtype[39m=[32m"button"[39m
      [36m>[39m
        [0m管理验证政策[0m
      [36m</button>[39m
      [36m<div[39m
        [33mclass[39m=[32m"run-details"[39m
      [36m>[39m
        [36m<section[39m
          [33maria-labelledby[39m=[32m"execution-execution-one-title"[39m
          [33mclass[39m=[32m"run-detail execution-card"[39m
          [33mdata-accent[39m=[32m"sage"[39m
          [33mrole[39m=[32m"region"[39m
        [36m>[39m
          [36m<div[39m
            [33mclass[39m=[32m"panel-heading"[39m
          [36m>[39m
            [36m<div>[39m
              [36m<p[39m
                [33mclass[39m=[32m"eyebrow"[39m
              [36m>[39m
                [0mA[0m
              [36m</p>[39m
              [36m<p>[39m
                [0mAgent execution-one[0m
              [36m</p>[39m
              [36m<h3[39m
                [33mid[39m=[32m"execution-execution-one-title"[39m
                [33mtabindex[39m=[32m"-1"[39m
              [36m>[39m
                [0mFirst execution[0m
              [36m</h3>[39m
            [36m</div>[39m
            [36m<span[39m
              [33mclass[39m=[32m"status-label status-paused"[39m
            [36m>[39m
              [0m已暂停[0m
            [36m</span>[39m
          [36m</div>[39m
          [36m<p[39m
            [33mrole[39m=[32m"status"[39m
          [36m>[39m
            [0m当前没有进行中的动作[0m
          [36m</p>[39m
          [36m<p[39m
            [33mclass[39m=[32m"error-text"[39m
          [36m>[39m
            [0m阻断原因：[0m
            [0mOWNER_PAUSED[0m
          [36m</p>[39m
          [36m<div[39m
            [33mclass[39m=[32m"execution-progress-list"[39m
          [36m>[39m
            [36m<div[39m
              [33mclass[39m=[32m"execution-progress"[39m
            [36m>[39m
              [36m<span>[39m
                [0m业务回合[0m
                [0m [0m
                [0m0[0m
                [0m/[0m
                [0m20[0m
              [36m</span>[39m
              [36m<progress[39m
                [33maria-label[39m=[32m"业务回合进度"[39m
                [33maria-valuemax[39m=[32m"20"[39m
                [33maria-valuemin[39m=[32m"0"[39m
                [33maria-valuenow[39m=[32m"0"[39m
                [33mmax[39m=[32m"20"[39m
                [33mvalue[39m=[32m"0"[39m
              [36m/>[39m
            [36m</div>[39m
            [36m<div[39m
              [33mclass[39m=[32m"execution-progress"[39m
            [36m>[39m
              [36m<span>[39m
                [0m工具调用[0m
                [0m [0m
                [0m0[0m
                [0m/[0m
                [0m40[0m
              [36m</span>[39m
              [36m<progress[39m
                [33maria-label[39m=[32m"工具调用进度"[39m
                [33maria-valuemax[39m=[32m"40"[39m
                [33maria-valuemin[39m=[32m"0"[39m
                [33maria-valuenow[39m=[32m"0"[39m
                [33mmax[39m=[32m"40"[39m
                [33mvalue[39m=[32m"0"[39m
              [36m/>[39m
            [36m</div>[39m
            [36m<div[39m
              [33mclass[39m=[32m"execution-progress"[39m
            [36m>[39m
              [36m<span>[39m
                [0mToken [0m
                [0m [0m
                [0m0[0m
                [0m/[0m
                [0m2000[0m
              [36m</span>[39m
              [36m<progress[39m
                [33maria-label[39m=[32m"Token 进度"[39m
                [33maria-valuemax[39m=[32m"2000"[39m
                [33maria-valuemin[39m=[32m"0"[39m
                [33maria-valuenow[39m=[32m"0"[39m
                [33mmax[39m=[32m"2000"[39m
                [33mvalue[39m=[32m"0"[39m
              [36m/>[39m
            [36m</div>[39m
          [36m</div>[39m
          [36m<div[39m
            [33mclass[39m=[32m"execution-review stack"[39m
          [36m>[39m
            [36m<div[39m
              [33maria-label[39m=[32m"执行审阅"[39m
              [33mclass[39m=[32m"execution-review-tabs"[39m
              [33mrole[39m=[32m"tablist"[39m
            [36m>[39m
              [36m<button[39m
                [33maria-controls[39m=[32m"execution-execution-one-timeline"[39m
                [33maria-selected[39m=[32m"true"[39m
                [33mid[39m=[32m"execution-execution-one-timeline-tab"[39m
                [33mrole[39m=[32m"tab"[39m
                [33mtabindex[39m=[32m"0"[39m
                [33mtype[39m=[32m"button"[39m
              [36m>[39m
                [0m时间线[0m
              [36m</button>[39m
              [36m<button[39m
                [33maria-controls[39m=[32m"execution-execution-one-validation"[39m
                [33maria-selected[39m=[32m"false"[39m
                [33mid[39m=[32m"execution-execution-one-validation-tab"[39m
                [33mrole[39m=[32m"tab"[39m
                [33mtabindex[39m=[32m"-1"[39m
                [33mtype[39m=[32m"button"[39m
              [36m>[39m
                [0m验证[0m
              [36m</button>[39m
              [36m<button[39m
                [33maria-controls[39m=[32m"execution-execution-one-changes"[39m
                [33maria-selected[39m=[32m"false"[39m
                [33mid[39m=[32m"execution-execution-one-changes-tab"[39m
                [33mrole[39m=[32m"tab"[39m
                [33mtabindex[39m=[32m"-1"[39m
                [33mtype[39m=[32m"button"[39m
              [36m>[39m
                [0m变更[0m
              [36m</button>[39m
            [36m</div>[39m
            [36m<section[39m
              [33maria-labelledby[39m=[32m"execution-execution-one-timeline-tab"[39m
              [33mid[39m=[32m"execution-execution-one-timeline"[39m
              [33mrole[39m=[32m"tabpanel"[39m
            [36m>[39m
              [36m<h4[39m
                [33mtabindex[39m=[32m"-1"[39m
              [36m>[39m
                [0m时间线（[0m
                [0m0[0m
                [0m）[0m
              [36m</h4>[39m
              [36m<p>[39m
                [0m还没有时间线事件。[0m
              [36m</p>[39m
            [36m</section>[39m
          [36m</div>[39m
          [36m<div[39m
            [33mclass[39m=[32m"execution-card-controls"[39m
          [36m>[39m
            [36m<button[39m
              [33mstyle[39m=[32m"min-height: var(--control-min);"[39m
              [33mtype[39m=[32m"button"[39m
            [36m>[39m
              [0m继续[0m
              [0m [0m
              [0mFirst execution[0m
            [36m</button>[39m
            [36m<button[39m
              [33mstyle[39m=[32m"min-height: var(--control-min);"[39m
              [33mtype[39m=[32m"button"[39m
            [36m>[39m
              [0m停止[0m
              [0m [0m
              [0mFirst execution[0m
            [36m</button>[39m
            [36m<button[39m
              [33mstyle[39m=[32m"min-height: var(--control-min);"[39m
              [33mtype[39m=[32m"button"[39m
            [36m>[39m
              [0m刷新 [0m
              [0mFirst execution[0m
            [36m</button>[39m
          [36m</div>[39m
        [36m</section>[39m
        [36m<section[39m
          [33maria-labelledby[39m=[32m"execution-execution-two-title"[39m
          [33mclass[39m=[32m"run-detail execution-card"[39m
          [33mdata-accent[39m=[32m"sage"[39m
          [33mrole[39m=[32m"region"[39m
        [36m>[39m
          [36m<div[39m
            [33mclass[39m=[32m"panel-heading"[39m
          [36m>[39m
            [36m<div>[39m
              [36m<p[39m
                [33mclass[39m=[32m"eyebrow"[39m
              [36m>[39m
                [0mA[0m
              [36m</p>[39m
              [36m<p>[39m
                [0mAgent execution-two[0m
              [36m</p>[39m
              [36m<h3[39m
                [33mid[39m=[32m"execution-execution-two-title"[39m
                [33mtabindex[39m=[32m"-1"[39m
              [36m>[39m
                [0mSecond execution[0m
              [36m</h3>[39m
            [36m</div>[39m
            [36m<span[39m
              [33mclass[39m=[32m"status-label status-paused"[39m
            [36m>[39m
              [0m已暂停[0m
            [36m</span>[39m
          [36m</div>[39m
          [36m<p[39m
            [33mrole[39m=[32m"status"[39m
          [36m>[39m
            [0m当前没有进行中的动作[0m
          [36m</p>[39m
          [36m<p[39m
            [33mclass[39m=[32m"error-text"[39m
          [36m>[39m
            [0m阻断原因：[0m
            [0mOWNER_PAUSED[0m
          [36m</p>[39m
          [36m<div[39m
            [33mclass[39m=[32m"execution-progress-list"[39m
          [36m>[39m
            [36m<div[39m
              [33mclass[39m=[32m"execution-progress"[39m
            [36m>[39m
              [36m<span>[39m
                [0m业务回合[0m
                [0m [0m
                [0m0[0m
                [0m/[0m
                [0m20[0m
              [36m</span>[39m
              [36m<progress[39m
                [33maria-label[39m=[32m"业务回合进度"[39m
                [33maria-valuemax[39m=[32m"20"[39m
                [33maria-valuemin[39m=[32m"0"[39m
                [33maria-valuenow[39m=[32m"0"[39m
                [33mmax[39m=[32m"20"[39m
                [33mvalue[39m=[32m"0"[39m
              [36m/>[39m
            [36m</div>[39m
            [36m<div[39m
              [33mclass[39m=[32m"execution-progress"[39m
            [36m>[39m
              [36m<span>[39m
                [0m工具调用[0m
                [0m [0m
                [0m0[0m
                [0m/[0m
                [0m40[0m
              [36m</span>[39m
              [36m<progress[39m
                [33maria-label[39m=[32m"工具调用进度"[39m
                [33maria-valuemax[39m=[32m"40"[39m
                [33maria-valuemin[39m=[32m"0"[39m
                [33maria-valuenow[39m=[32m"0"[39m
                [33mmax[39m=[32m"40"[39m
                [33mvalue[39m=[32m"0"[39m
              [36m/>[39m
            [36m</div>[39m
            [36m<div[39m
              [33mclass[39m=[32m"execution-progress"[39m
            [36m>[39m
              [36m<span>[39m
                [0mToken [0m
                [0m [0m
                [0m0[0m
                [0m/[0m
                [0m2000[0m
              [36m</span>[39m
              [36m<progress[39m
                [33maria-label[39m=[32m"Token 进度"[39m
                [33maria-valuemax[39m=[32m"2000"[39m
                [33maria-valuemin[39m=[32m"0"[39m
                [33maria-valuenow[39m=[32m"0"[39m
                [33mmax[39m=[32m"2000"[39m
                [33mvalue[39m=[32m"0"[39m
              [36m/>[39m
            [36m</div>[39m
          [36m</div>[39m
          [36m<div[39m
            [33mclass[39m=[32m"execution-review stack"[39m
          [36m>[39m
            [36m<div[39m
              [33maria-label[39m=[32m"执行审阅"[39m
              [33mclass[39m=[32m"execution-review-tabs"[39m
              [33mrole[39m=[32m"tablist"[39m
            [36m>[39m
              [36m<button[39m
                [33maria-controls[39m=[32m"execution-execution-two-timeline"[39m
                [33maria-selected[39m=[32m"true"[39m
                [33mid[39m=[32m"execution-execution-two-timeline-tab"[39m
                [33mrole[39m=[32m"tab"[39m
                [33mtabindex[39m=[32m"0"[39m
                [33mtype[39m=[32m"button"[39m
              [36m>[39m
                [0m时间线[0m
              [36m</button>[39m
              [36m<button[39m
                [33maria-controls[39m=[32m"execution-execution-two-validation"[39m
                [33maria-selected[39m=[32m"false"[39m
                [33mid[39m=[32m"execution-execution-two-validation-tab"[39m
                [33mrole[39m=[32m"tab"[39m
                [33mtabindex[39m=[32m"-1"[39m
                [33mtype[39m=[32m"button"[39m
              [36m>[39m
                [0m验证[0m
              [36m</button>[39m
              [36m<button[39m
                [33maria-controls[39m=[32m"execution-execution-two-changes"[39m
                [33maria-selected[39m=[32m"false"[39m
                [33mid[39m=[32m"execution-execution-two-changes-tab"[39m
                [33mrole[39m=[32m"tab"[39m
                [33mtabindex[39m=[32m"-1"[39m
                [33mtype[39m=[32m"button"[39m
              [36m>[39m
                [0m变更[0m
              [36m</button>[39m
            [36m</div>[39m
            [36m<section[39m
              [33maria-labelledby[39m=[32m"execution-execution-two-timeline-tab"[39m
              [33mid[39m=[32m"execution-execution-two-timeline"[39m
              [33mrole[39m=[32m"tabpanel"[39m
            [36m>[39m
              [36m<h4[39m
                [33mtabindex[39m=[32m"-1"[39m
              [36m>[39m
                [0m时间线（[0m
                [0m0[0m
                [0m）[0m
              [36m</h4>[39m
              [36m<p>[39m
                [0m还没有时间线事件。[0m
              [36m</p>[39m
            [36m</section>[39m
          [36m</div>[39m
          [36m<div[39m
            [33mclass[39m=[32m"execution-card-controls"[39m
          [36m>[39m
            [36m<button[39m
              [33mstyle[39m=[32m"min-height: var(--control-min);"[39m
              [33mtype[39m=[32m"button"[39m
            [36m>[39m
              [0m继续[0m
              [0m [0m
              [0mSecond execution[0m
            [36m</button>[39m
            [36m<button[39m
              [33mstyle[39m=[32m"min-height: var(--control-min);"[39m
              [33mtype[39m=[32m"button"[39m
            [36m>[39m
              [0m停止[0m
              [0m [0m
              [0mSecond execution[0m
            [36m</button>[39m
            [36m<button[39m
              [33mstyle[39m=[32m"min-height: var(--control-min);"[39m
              [33mtype[39m=[32m"button"[39m
            [36m>[39m
              [0m刷新 [0m
              [0mSecond execution[0m
            [36m</button>[39m
          [36m</div>[39m
        [36m</section>[39m
      [36m</div>[39m
    [36m</section>[39m
  [36m</div>[39m
[36m</body>[39m
 ❯ waitForWrapper node_modules/@testing-library/dom/dist/wait-for.js:163:27
 ❯ node_modules/@testing-library/dom/dist/query-helpers.js:86:33
 ❯ tests/execution-accessibility.test.tsx:133:35
    131|     render(<ExecutionPanel projectId={PROJECT_ID} />);
    132|
    133|     const switcher = await screen.findByRole("list", { name: "执行摘要切换" …
       |                                   ^
    134|     expect(within(switcher).getAllByRole("button")).toHaveLength(2);
    135|     const firstTrigger = within(switcher).getByRole("button", { name: …

⎯⎯⎯⎯⎯⎯⎯⎯⎯⎯⎯⎯⎯⎯⎯⎯⎯⎯⎯⎯⎯⎯⎯⎯[1/7]⎯

 FAIL  tests/execution-accessibility.test.tsx > T-30 execution accessibility > keeps desktop dual cards unchanged and exposes text status, focus, target, and overflow tokens
AssertionError: expected '* {\r\n  box-sizing: border-box;\r\n}…' to match /execution-mobile[\s\S]*overflow-x:\s…/u

- Expected:
/execution-mobile[\s\S]*overflow-x:\s*hidden/u

+ Received:
"* {
  box-sizing: border-box;
}

body {
  margin: 0;
  overflow-x: hidden;
  background: var(--canvas);
  color: var(--text);
  font: var(--text-md) var(--font-sans);
}

[hidden] {
  display: none !important;
}

.sr-only {
  position: absolute;
  width: var(--sr-only-size);
  height: var(--sr-only-size);
  overflow: hidden;
  clip-path: inset(50%);
  white-space: nowrap;
}

button,
input,
select,
textarea {
  min-height: var(--control-min);
  border: none;
  border-radius: var(--radius-sm);
  padding: var(--space-2) var(--space-3);
  background: var(--surface);
  color: var(--text);
  font: inherit;
}

button {
  cursor: pointer;
}

button:hover {
  background: var(--surface-muted);
}

button:disabled,
input:disabled,
select:disabled,
textarea:disabled {
  background: var(--surface-muted);
  color: var(--text-muted);
  cursor: not-allowed;
}

button:focus-visible,
input:focus-visible,
select:focus-visible,
textarea:focus-visible,
a:focus-visible {
  outline: none;
  box-shadow: var(--focus-ring);
}

textarea {
  min-height: calc(var(--control-min) * 2);
  resize: vertical;
}

a {
  color: var(--text);
}

code {
  overflow-wrap: anywhere;
  font-family: var(--font-mono);
}

h1,
h2,
h3,
p {
  margin: 0;
}

h1 {
  font: var(--text-xl) var(--font-sans);
}

h2 {
  font: var(--text-lg) var(--font-sans);
}

h3 {
  font: var(--text-md) var(--font-sans);
}

ul,
ol {
  margin: 0;
  padding: 0;
  list-style: none;
}

.collaboration-cockpit {
  display: grid;
  grid-template-columns: var(--sidebar-width) minmax(var(--content-min), 1fr) var(--context-width);
  background: var(--canvas);
}

.mobile-toolbar,
.drawer-close {
  display: none;
}

.cockpit-sidebar,
.cockpit-context {
  display: flex;
  flex-direction: column;
  gap: var(--space-6);
  padding: var(--space-6);
  background: var(--surface);
  box-shadow: var(--shadow-panel);
}

.modal-surface {
  display: flex;
  position: fixed;
  z-index: 5;
  inset: var(--space-6);
  flex-direction: column;
  gap: var(--space-4);
  overflow-y: auto;
  border-radius: var(--radius-md);
  padding: var(--space-6);
  background: var(--surface);
  box-shadow: var(--shadow-panel);
}

.cockpit-flow {
  display: flex;
  min-width: var(--content-min);
  flex-direction: column;
  gap: var(--space-6);
  padding: var(--space-8);
}

.mission-board,
.mission-status,
.task-summary {
  min-width: 0;
}

.mission-board-grid {
  display: grid;
  min-width: 0;
  grid-template-columns: var(--mission-board-columns);
  gap: var(--space-3);
}

.mission-summary,
.mission-form,
.work-item-form,
.mission-status {
  border-radius: var(--radius-md);
  padding: var(--space-4);
  background: var(--surface);
  box-shadow: var(--shadow-panel);
}

.mission-status h4,
.mission-status p {
  overflow-wrap: anywhere;
}

.product-identity,
.agent-identity,
.panel-heading,
.baton,
.event-row,
.context-status {
  display: flex;
  align-items: center;
  gap: var(--space-3);
}

.panel-heading,
.baton {
  justify-content: space-between;
}

.baton > span:last-child {
  display: flex;
  flex-direction: column;
}

.product-mark,
.agent-mark {
  display: grid;
  min-height: var(--control-min);
  min-width: var(--control-min);
  place-items: center;
  border-radius: var(--radius-md);
  background: var(--accent);
  color: var(--surface);
}

.agent-mark {
  background: var(--agent-warm);
}

.eyebrow,
.muted,
.context-label {
  color: var(--text-muted);
  font: var(--text-sm) var(--font-sans);
}

.stack,
.project-list,
.resource-tabs,
.timeline,
.task-summary,
.context-body {
  display: flex;
  flex-direction: column;
  gap: var(--space-3);
}

.resource-tabs {
  display: flex;
}

.project-context-tabs {
  display: flex;
  flex-wrap: wrap;
  gap: var(--space-2);
}

.memory-type-options {
  display: flex;
  flex-wrap: wrap;
  gap: var(--space-2);
}

.project-context-tabs button[aria-selected=\"true\"] {
  background: var(--accent);
  color: var(--surface);
}

.context-preview-section,
.memory-form {
  min-width: 0;
  border-radius: var(--radius-md);
  padding: var(--space-4);
  background: var(--surface-muted);
}

.structured-snapshot {
  max-width: 100%;
  overflow: auto;
  border-radius: var(--radius-sm);
  padding: var(--space-3);
  background: var(--surface-muted);
  font-family: var(--font-mono);
  white-space: pre-wrap;
  overflow-wrap: anywhere;
}

.resource-tabs button[aria-selected=\"true\"] {
  background: var(--accent);
  color: var(--surface);
}

.check-row {
  display: flex;
  align-items: center;
  gap: var(--space-2);
}

.check-row input {
  min-width: var(--control-min);
}

.form-row {
  display: flex;
  align-items: end;
  gap: var(--space-2);
}

.form-field {
  display: flex;
  flex: 1;
  flex-direction: column;
  gap: var(--space-1);
}

.project-list button,
.project-list a {
  display: block;
  min-height: var(--control-min);
  border-radius: var(--radius-sm);
  padding: var(--space-2) var(--space-3);
  text-align: start;
}

.project-list button[aria-current=\"page\"],
.project-list a[aria-current=\"page\"] {
  background: var(--accent);
  color: var(--surface);
}

.composer,
.decision-panel,
.run-detail,
.timeline,
.task-summary,
.context-body,
.state-message {
  border-radius: var(--radius-md);
  padding: var(--space-4);
  background: var(--surface);
  box-shadow: var(--shadow-panel);
}

.composer,
.decision-panel,
.mention-picker,
.mention-options,
.mention-options [role=\"listbox\"] {
  display: flex;
  flex-direction: column;
  gap: var(--space-2);
}

.run-details {
  display: flex;
  flex-wrap: wrap;
  align-items: stretch;
  gap: var(--space-3);
}

.run-details > * {
  flex: 1;
}

.run-details > .state-message {
  flex-basis: 100%;
}

.execution-card {
  min-width: 0;
}

.execution-progress-list,
.execution-progress {
  display: grid;
  gap: var(--space-2);
}

.execution-progress progress {
  width: var(--full-width);
  accent-color: var(--accent);
}

.execution-card-controls {
  display: flex;
  flex-wrap: wrap;
  gap: var(--space-2);
}

.execution-card-controls button {
  min-height: var(--control-min);
}

.execution-review {
  min-width: 0;
  border-block: var(--border-width) solid var(--border);
  padding-block: var(--space-3);
}

.execution-review-tabs,
.execution-review-actions {
  display: flex;
  flex-wrap: wrap;
  gap: var(--space-2);
}

.execution-review-tabs {
  border-bottom: var(--border-width) solid var(--border);
}

.execution-review-tabs button,
.execution-review-actions button,
.execution-review button {
  min-height: var(--control-min);
}

.execution-review-tabs [aria-selected=\"true\"] {
  background: var(--surface-muted);
  box-shadow: var(--focus-ring);
}

.execution-approval,
.execution-staged-summary,
.execution-review-item {
  border: var(--border-width) solid var(--border);
  border-radius: var(--radius-sm);
  padding: var(--space-3);
  background: var(--surface-muted);
}

.execution-approval {
  border-color: var(--warning);
}

.execution-review-facts {
  display: grid;
  gap: var(--space-2);
  margin: 0;
}

.execution-review-facts div {
  display: grid;
  grid-template-columns: var(--execution-review-facts-columns);
  gap: var(--space-2);
}

.execution-review-facts dt {
  color: var(--text-muted);
}

.execution-review-facts dd {
  min-width: 0;
  margin: 0;
}

.execution-review-code {
  max-height: calc(var(--control-min) * 8);
  overflow: auto;
  margin: 0;
  border-radius: var(--radius-sm);
  padding: var(--space-3);
  background: var(--surface);
  font-family: var(--font-mono);
  white-space: pre-wrap;
  overflow-wrap: anywhere;
}

.execution-timeline,
.execution-review-list {
  display: grid;
  gap: var(--space-2);
  padding-inline-start: var(--space-5);
}

.execution-timeline {
  max-height: calc(var(--control-min) * 8);
  overflow: auto;
}

.execution-timeline li {
  display: flex;
  justify-content: space-between;
  gap: var(--space-2);
  border-bottom: var(--border-width) solid var(--border);
  padding-block: var(--space-2);
}

.warning-text {
  color: var(--warning);
}

.collaboration-mobile-tabs {
  display: flex;
  gap: var(--space-2);
  border-radius: var(--radius-md);
  padding: var(--space-2);
  background: var(--surface);
  box-shadow: var(--shadow-panel);
}

.collaboration-mobile-tabs button {
  min-height: var(--control-min);
  flex: 1;
}

.collaboration-mobile-tabs button[aria-selected=\"true\"] {
  background: var(--accent);
  color: var(--surface);
}

.collaboration-mobile-surface {
  display: flex;
  min-width: 0;
  flex-direction: column;
  gap: var(--space-4);
}

.collaboration-mobile-surface .stack,
.collaboration-mobile-surface .run-details {
  min-width: 0;
}

.collaboration-mobile-surface .run-details {
  display: grid;
  grid-template-columns: var(--single-column);
}

.collaboration-mobile-surface .run-detail,
.collaboration-mobile-surface .metric-grid,
.collaboration-mobile-surface .usage-agents li {
  min-width: 0;
  overflow-wrap: anywhere;
}

.run-detail,
.usage-agents {
  display: flex;
  flex-direction: column;
  gap: var(--space-3);
}

.control-actions {
  display: flex;
  flex-wrap: wrap;
  gap: var(--space-2);
}

.metric-grid {
  display: flex;
  flex-wrap: wrap;
  margin: 0;
  gap: var(--space-2);
}

.metric-grid div,
.usage-agents li,
.stop-confirm {
  border-radius: var(--radius-sm);
  padding: var(--space-3);
  background: var(--surface-muted);
}

.metric-grid div {
  flex-grow: 1;
}

.metric-grid dt,
.metric-grid dd {
  margin: 0;
}

.metric-grid dt {
  color: var(--text-muted);
  font: var(--text-sm) var(--font-sans);
}

.metric-grid dd {
  font: var(--text-lg) var(--font-sans);
}

.usage-agents li {
  display: flex;
  flex-wrap: wrap;
  gap: var(--space-2);
}

.radio-row {
  display: flex;
  min-height: var(--control-min);
  align-items: center;
  gap: var(--space-2);
}

.radio-row input {
  min-height: var(--control-min);
  min-width: var(--control-min);
}

.stop-confirm {
  display: flex;
  flex-direction: column;
  gap: var(--space-3);
}

.mention-picker {
  position: relative;
  align-items: start;
}

.mention-options {
  align-self: stretch;
  border: var(--border-width) solid var(--border);
  border-radius: var(--radius-sm);
  padding: var(--space-2);
  background: var(--surface);
}

.mention-options [role=\"option\"] {
  text-align: start;
}

.mention-options [role=\"option\"][aria-selected=\"true\"] {
  background: var(--surface-muted);
  box-shadow: var(--focus-ring);
}

.mention-chip {
  display: inline-flex;
  min-height: var(--control-min);
  align-items: center;
  gap: var(--space-2);
  border: var(--border-width) solid var(--border);
  border-radius: var(--radius-sm);
  padding: var(--space-1) var(--space-2);
  background: var(--surface-muted);
}

.timeline-item {
  display: flex;
  align-items: start;
  gap: var(--space-3);
  border-radius: var(--radius-sm);
  padding: var(--space-3);
  background: var(--surface-muted);
}

.collaboration-timeline {
  max-height: calc(var(--control-min) * 10);
  overflow-y: auto;
  gap: var(--timeline-gap);
}

.timeline-event {
  flex-direction: column;
}

.timeline-event-heading {
  display: flex;
  align-self: stretch;
  align-items: baseline;
  justify-content: space-between;
  gap: var(--space-3);
}

.timeline-event-heading h4 {
  margin: 0;
  font: var(--text-md) var(--font-sans);
}

.timeline-event-heading time {
  color: var(--text-muted);
  font: var(--text-xs) var(--font-sans);
}

.status-label {
  border-radius: var(--radius-sm);
  padding: var(--space-1) var(--space-2);
  background: var(--surface);
  font: var(--text-xs) var(--font-sans);
}

.status-queued {
  color: var(--warning);
}

.status-running {
  color: var(--accent);
}

.status-completed {
  color: var(--success);
}

.status-failed,
.error-text {
  color: var(--danger);
}

.context-status {
  color: var(--text-muted);
}

/* agent-configuration */
fieldset {
  min-width: 0;
  margin: 0;
  border: var(--border-width) solid var(--border);
  border-radius: var(--radius-sm);
  padding: var(--space-3);
}

legend {
  padding-inline: var(--space-1);
}

.agent-avatar {
  display: grid;
  min-height: var(--control-min);
  min-width: var(--control-min);
  place-items: center;
  border-radius: var(--radius-md);
  color: var(--agent-sage-fg);
  background: var(--agent-sage-bg);
}

[data-accent=\"sage\"] .agent-avatar {
  color: var(--agent-sage-fg);
  background: var(--agent-sage-bg);
}

[data-accent=\"terracotta\"] .agent-avatar {
  color: var(--agent-terracotta-fg);
  background: var(--agent-terracotta-bg);
}

[data-accent=\"gold\"] .agent-avatar {
  color: var(--agent-gold-fg);
  background: var(--agent-gold-bg);
}

[data-accent=\"slate\"] .agent-avatar {
  color: var(--agent-slate-fg);
  background: var(--agent-slate-bg);
}

[data-accent=\"rose\"] .agent-avatar {
  color: var(--agent-rose-fg);
  background: var(--agent-rose-bg);
}

[data-accent=\"olive\"] .agent-avatar {
  color: var(--agent-olive-fg);
  background: var(--agent-olive-bg);
}
"

 ❯ tests/execution-accessibility.test.tsx:164:17
    162|     const css = readFileSync("app/cockpit.css", "utf8");
    163|     const tokens = readFileSync("app/tokens.css", "utf8");
    164|     expect(css).toMatch(/execution-mobile[\s\S]*overflow-x:\s*hidden/u…
       |                 ^
    165|     expect(css).toMatch(/execution[\s\S]*min-height:\s*var\(--control-…
    166|     expect(`${css}\n${tokens}`).toMatch(/focus-visible/u);

⎯⎯⎯⎯⎯⎯⎯⎯⎯⎯⎯⎯⎯⎯⎯⎯⎯⎯⎯⎯⎯⎯⎯⎯[2/7]⎯

 FAIL  tests/execution-recovery-ui.test.tsx > T-30 manual recovery UI > replaces ordinary actions, shows manifest facts, and independently pages affected paths
TestingLibraryElementError: Unable to find role="region" and name "需要人工恢复"

Ignored nodes: comments, script, style
[36m<section[39m
  [33maria-labelledby[39m=[32m"execution-execution-recovery-title"[39m
  [33mclass[39m=[32m"run-detail execution-card"[39m
  [33mdata-accent[39m=[32m"sage"[39m
  [33mrole[39m=[32m"region"[39m
[36m>[39m
  [36m<div[39m
    [33mclass[39m=[32m"panel-heading"[39m
  [36m>[39m
    [36m<div>[39m
      [36m<p[39m
        [33mclass[39m=[32m"eyebrow"[39m
      [36m>[39m
        [0mA[0m
      [36m</p>[39m
      [36m<p>[39m
        [0mAlpha[0m
      [36m</p>[39m
      [36m<h3[39m
        [33mid[39m=[32m"execution-execution-recovery-title"[39m
        [33mtabindex[39m=[32m"-1"[39m
      [36m>[39m
        [0mRecover workspace[0m
      [36m</h3>[39m
    [36m</div>[39m
    [36m<span[39m
      [33mclass[39m=[32m"status-label status-conflicted"[39m
    [36m>[39m
      [0m存在冲突[0m
    [36m</span>[39m
  [36m</div>[39m
  [36m<p[39m
    [33mrole[39m=[32m"status"[39m
  [36m>[39m
    [0m当前没有进行中的动作[0m
  [36m</p>[39m
  [36m<p[39m
    [33mclass[39m=[32m"error-text"[39m
  [36m>[39m
    [0m阻断原因：[0m
    [0mMANUAL_RECOVERY_REQUIRED[0m
  [36m</p>[39m
  [36m<div[39m
    [33mclass[39m=[32m"execution-progress-list"[39m
  [36m>[39m
    [36m<div[39m
      [33mclass[39m=[32m"execution-progress"[39m
    [36m>[39m
      [36m<span>[39m
        [0m业务回合[0m
        [0m [0m
        [0m4[0m
        [0m/[0m
        [0m20[0m
      [36m</span>[39m
      [36m<progress[39m
        [33maria-label[39m=[32m"业务回合进度"[39m
        [33maria-valuemax[39m=[32m"20"[39m
        [33maria-valuemin[39m=[32m"0"[39m
        [33maria-valuenow[39m=[32m"4"[39m
        [33mmax[39m=[32m"20"[39m
        [33mvalue[39m=[32m"4"[39m
      [36m/>[39m
    [36m</div>[39m
    [36m<div[39m
      [33mclass[39m=[32m"execution-progress"[39m
    [36m>[39m
      [36m<span>[39m
        [0m工具调用[0m
        [0m [0m
        [0m7[0m
        [0m/[0m
        [0m40[0m
      [36m</span>[39m
      [36m<progress[39m
        [33maria-label[39m=[32m"工具调用进度"[39m
        [33maria-valuemax[39m=[32m"40"[39m
        [33maria-valuemin[39m=[32m"0"[39m
        [33maria-valuenow[39m=[32m"7"[39m
        [33mmax[39m=[32m"40"[39m
        [33mvalue[39m=[32m"7"[39m
      [36m/>[39m
    [36m</div>[39m
    [36m<div[39m
      [33mclass[39m=[32m"execution-progress"[39m
    [36m>[39m
      [36m<span>[39m
        [0mToken [0m
        [0m [0m
        [0m900[0m
        [0m/[0m
        [0m2000[0m
      [36m</span>[39m
      [36m<progress[39m
        [33maria-label[39m=[32m"Token 进度"[39m
        [33maria-valuemax[39m=[32m"2000"[39m
        [33maria-valuemin[39m=[32m"0"[39m
        [33maria-valuenow[39m=[32m"900"[39m
        [33mmax[39m=[32m"2000"[39m
        [33mvalue[39m=[32m"900"[39m
      [36m/>[39m
    [36m</div>[39m
  [36m</div>[39m
  [36m<div[39m
    [33mclass[39m=[32m"execution-review stack"[39m
  [36m>[39m
    [36m<div[39m
      [33maria-label[39m=[32m"执行审阅"[39m
      [33mclass[39m=[32m"execution-review-tabs"[39m
      [33mrole[39m=[32m"tablist"[39m
    [36m>[39m
      [36m<button[39m
        [33maria-controls[39m=[32m"execution-execution-recovery-timeline"[39m
        [33maria-selected[39m=[32m"true"[39m
        [33mid[39m=[32m"execution-execution-recovery-timeline-tab"[39m
        [33mrole[39m=[32m"tab"[39m
        [33mtabindex[39m=[32m"0"[39m
        [33mtype[39m=[32m"button"[39m
      [36m>[39m
        [0m时间线[0m
      [36m</button>[39m
      [36m<button[39m
        [33maria-controls[39m=[32m"execution-execution-recovery-validation"[39m
        [33maria-selected[39m=[32m"false"[39m
        [33mid[39m=[32m"execution-execution-recovery-validation-tab"[39m
        [33mrole[39m=[32m"tab"[39m
        [33mtabindex[39m=[32m"-1"[39m
        [33mtype[39m=[32m"button"[39m
      [36m>[39m
        [0m验证[0m
      [36m</button>[39m
      [36m<button[39m
        [33maria-controls[39m=[32m"execution-execution-recovery-changes"[39m
        [33maria-selected[39m=[32m"false"[39m
        [33mid[39m=[32m"execution-execution-recovery-changes-tab"[39m
        [33mrole[39m=[32m"tab"[39m
        [33mtabindex[39m=[32m"-1"[39m
        [33mtype[39m=[32m"button"[39m
      [36m>[39m
        [0m变更[0m
      [36m</button>[39m
    [36m</div>[39m
    [36m<section[39m
      [33maria-labelledby[39m=[32m"execution-execution-recovery-timeline-tab"[39m
      [33mid[39m=[32m"execution-execution-recovery-timeline"[39m
      [33mrole[39m=[32m"tabpanel"[39m
    [36m>[39m
      [36m<h4[39m
        [33mtabindex[39m=[32m"-1"[39m
      [36m>[39m
        [0m时间线（[0m
        [0m1[0m
        [0m）[0m
      [36m</h4>[39m
      [36m<p>[39m
        [0m还没有时间线事件。[0m
      [36m</p>[39m
    [36m</section>[39m
  [36m</div>[39m
  [36m<div[39m
    [33mclass[39m=[32m"execution-card-controls"[39m
  [36m>[39m
    [36m<button[39m
      [33mstyle[39m=[32m"min-height: var(--control-min);"[39m
      [33mtype[39m=[32m"button"[39m
    [36m>[39m
      [0m刷新 [0m
      [0mRecover workspace[0m
    [36m</button>[39m
  [36m</div>[39m
[36m</section>[39m

Ignored nodes: comments, script, style
[36m<section[39m
  [33maria-labelledby[39m=[32m"execution-execution-recovery-title"[39m
  [33mclass[39m=[32m"run-detail execution-card"[39m
  [33mdata-accent[39m=[32m"sage"[39m
  [33mrole[39m=[32m"region"[39m
[36m>[39m
  [36m<div[39m
    [33mclass[39m=[32m"panel-heading"[39m
  [36m>[39m
    [36m<div>[39m
      [36m<p[39m
        [33mclass[39m=[32m"eyebrow"[39m
      [36m>[39m
        [0mA[0m
      [36m</p>[39m
      [36m<p>[39m
        [0mAlpha[0m
      [36m</p>[39m
      [36m<h3[39m
        [33mid[39m=[32m"execution-execution-recovery-title"[39m
        [33mtabindex[39m=[32m"-1"[39m
      [36m>[39m
        [0mRecover workspace[0m
      [36m</h3>[39m
    [36m</div>[39m
    [36m<span[39m
      [33mclass[39m=[32m"status-label status-conflicted"[39m
    [36m>[39m
      [0m存在冲突[0m
    [36m</span>[39m
  [36m</div>[39m
  [36m<p[39m
    [33mrole[39m=[32m"status"[39m
  [36m>[39m
    [0m当前没有进行中的动作[0m
  [36m</p>[39m
  [36m<p[39m
    [33mclass[39m=[32m"error-text"[39m
  [36m>[39m
    [0m阻断原因：[0m
    [0mMANUAL_RECOVERY_REQUIRED[0m
  [36m</p>[39m
  [36m<div[39m
    [33mclass[39m=[32m"execution-progress-list"[39m
  [36m>[39m
    [36m<div[39m
      [33mclass[39m=[32m"execution-progress"[39m
    [36m>[39m
      [36m<span>[39m
        [0m业务回合[0m
        [0m [0m
        [0m4[0m
        [0m/[0m
        [0m20[0m
      [36m</span>[39m
      [36m<progress[39m
        [33maria-label[39m=[32m"业务回合进度"[39m
        [33maria-valuemax[39m=[32m"20"[39m
        [33maria-valuemin[39m=[32m"0"[39m
        [33maria-valuenow[39m=[32m"4"[39m
        [33mmax[39m=[32m"20"[39m
        [33mvalue[39m=[32m"4"[39m
      [36m/>[39m
    [36m</div>[39m
    [36m<div[39m
      [33mclass[39m=[32m"execution-progress"[39m
    [36m>[39m
      [36m<span>[39m
        [0m工具调用[0m
        [0m [0m
        [0m7[0m
        [0m/[0m
        [0m40[0m
      [36m</span>[39m
      [36m<progress[39m
        [33maria-label[39m=[32m"工具调用进度"[39m
        [33maria-valuemax[39m=[32m"40"[39m
        [33maria-valuemin[39m=[32m"0"[39m
        [33maria-valuenow[39m=[32m"7"[39m
        [33mmax[39m=[32m"40"[39m
        [33mvalue[39m=[32m"7"[39m
      [36m/>[39m
    [36m</div>[39m
    [36m<div[39m
      [33mclass[39m=[32m"execution-progress"[39m
    [36m>[39m
      [36m<span>[39m
        [0mToken [0m
        [0m [0m
        [0m900[0m
        [0m/[0m
        [0m2000[0m
      [36m</span>[39m
      [36m<progress[39m
        [33maria-label[39m=[32m"Token 进度"[39m
        [33maria-valuemax[39m=[32m"2000"[39m
        [33maria-valuemin[39m=[32m"0"[39m
        [33maria-valuenow[39m=[32m"900"[39m
        [33mmax[39m=[32m"2000"[39m
        [33mvalue[39m=[32m"900"[39m
      [36m/>[39m
    [36m</div>[39m
  [36m</div>[39m
  [36m<div[39m
    [33mclass[39m=[32m"execution-review stack"[39m
  [36m>[39m
    [36m<div[39m
      [33maria-label[39m=[32m"执行审阅"[39m
      [33mclass[39m=[32m"execution-review-tabs"[39m
      [33mrole[39m=[32m"tablist"[39m
    [36m>[39m
      [36m<button[39m
        [33maria-controls[39m=[32m"execution-execution-recovery-timeline"[39m
        [33maria-selected[39m=[32m"true"[39m
        [33mid[39m=[32m"execution-execution-recovery-timeline-tab"[39m
        [33mrole[39m=[32m"tab"[39m
        [33mtabindex[39m=[32m"0"[39m
        [33mtype[39m=[32m"button"[39m
      [36m>[39m
        [0m时间线[0m
      [36m</button>[39m
      [36m<button[39m
        [33maria-controls[39m=[32m"execution-execution-recovery-validation"[39m
        [33maria-selected[39m=[32m"false"[39m
        [33mid[39m=[32m"execution-execution-recovery-validation-tab"[39m
        [33mrole[39m=[32m"tab"[39m
        [33mtabindex[39m=[32m"-1"[39m
        [33mtype[39m=[32m"button"[39m
      [36m>[39m
        [0m验证[0m
      [36m</button>[39m
      [36m<button[39m
        [33maria-controls[39m=[32m"execution-execution-recovery-changes"[39m
        [33maria-selected[39m=[32m"false"[39m
        [33mid[39m=[32m"execution-execution-recovery-changes-tab"[39m
        [33mrole[39m=[32m"tab"[39m
        [33mtabindex[39m=[32m"-1"[39m
        [33mtype[39m=[32m"button"[39m
      [36m>[39m
        [0m变更[0m
      [36m</button>[39m
    [36m</div>[39m
    [36m<section[39m
      [33maria-labelledby[39m=[32m"execution-execution-recovery-timeline-tab"[39m
      [33mid[39m=[32m"execution-execution-recovery-timeline"[39m
      [33mrole[39m=[32m"tabpanel"[39m
    [36m>[39m
      [36m<h4[39m
        [33mtabindex[39m=[32m"-1"[39m
      [36m>[39m
        [0m时间线（[0m
        [0m1[0m
        [0m）[0m
      [36m</h4>[39m
      [36m<p>[39m
        [0m还没有时间线事件。[0m
      [36m</p>[39m
    [36m</section>[39m
  [36m</div>[39m
  [36m<div[39m
    [33mclass[39m=[32m"execution-card-controls"[39m
  [36m>[39m
    [36m<button[39m
      [33mstyle[39m=[32m"min-height: var(--control-min);"[39m
      [33mtype[39m=[32m"button"[39m
    [36m>[39m
      [0m刷新 [0m
      [0mRecover workspace[0m
    [36m</button>[39m
  [36m</div>[39m
[36m</section>[39m
 ❯ waitForWrapper node_modules/@testing-library/dom/dist/wait-for.js:163:27
 ❯ node_modules/@testing-library/dom/dist/query-helpers.js:86:33
 ❯ tests/execution-recovery-ui.test.tsx:183:41
    181|
    182|     const card = await screen.findByRole("region", { name: "Recover wo…
    183|     const recovery = await within(card).findByRole("region", { name: "…
       |                                         ^
    184|     expect(recovery).toHaveTextContent("rollback_after_replace");
    185|     expect(recovery).toHaveTextContent(OLD.slice(0, 12));

⎯⎯⎯⎯⎯⎯⎯⎯⎯⎯⎯⎯⎯⎯⎯⎯⎯⎯⎯⎯⎯⎯⎯⎯[3/7]⎯

 FAIL  tests/execution-recovery-ui.test.tsx > T-30 manual recovery UI > submits exact recovered_old only after second confirmation and restores focus to its outcome
 FAIL  tests/execution-recovery-ui.test.tsx > T-30 manual recovery UI > submits exact recovered_new only after second confirmation and restores focus to its outcome
 FAIL  tests/execution-recovery-ui.test.tsx > T-30 manual recovery UI > submits exact abandon only after second confirmation and restores focus to its outcome
TestingLibraryElementError: Unable to find role="region" and name "需要人工恢复"

Ignored nodes: comments, script, style
[36m<body>[39m
  [36m<div>[39m
    [36m<section[39m
      [33maria-labelledby[39m=[32m"executions-title-project-recovery-ui"[39m
      [33mclass[39m=[32m"stack"[39m
    [36m>[39m
      [36m<div[39m
        [33mclass[39m=[32m"panel-heading"[39m
      [36m>[39m
        [36m<div>[39m
          [36m<p[39m
            [33mclass[39m=[32m"eyebrow"[39m
          [36m>[39m
            [0m项目执行[0m
          [36m</p>[39m
          [36m<h3[39m
            [33mid[39m=[32m"executions-title-project-recovery-ui"[39m
          [36m>[39m
            [0m运行详情[0m
          [36m</h3>[39m
        [36m</div>[39m
        [36m<button[39m
          [33mstyle[39m=[32m"min-height: var(--control-min);"[39m
          [33mtype[39m=[32m"button"[39m
        [36m>[39m
          [0m刷新执行[0m
        [36m</button>[39m
      [36m</div>[39m
      [36m<section[39m
        [33maria-labelledby[39m=[32m"execution-picker-project-recovery-ui"[39m
        [33mclass[39m=[32m"stack"[39m
      [36m>[39m
        [36m<h4[39m
          [33mid[39m=[32m"execution-picker-project-recovery-ui"[39m
        [36m>[39m
          [0m选择并执行[0m
        [36m</h4>[39m
        [36m<p>[39m
          [0m没有符合条件的进行中任务。[0m
        [36m</p>[39m
      [36m</section>[39m
      [36m<button[39m
        [33maria-expanded[39m=[32m"false"[39m
        [33mstyle[39m=[32m"min-height: var(--control-min);"[39m
        [33mtype[39m=[32m"button"[39m
      [36m>[39m
        [0m管理验证政策[0m
      [36m</button>[39m
      [36m<div[39m
        [33mclass[39m=[32m"run-details"[39m
      [36m>[39m
        [36m<section[39m
          [33maria-labelledby[39m=[32m"execution-execution-recovery-title"[39m
          [33mclass[39m=[32m"run-detail execution-card"[39m
          [33mdata-accent[39m=[32m"sage"[39m
          [33mrole[39m=[32m"region"[39m
        [36m>[39m
          [36m<div[39m
            [33mclass[39m=[32m"panel-heading"[39m
          [36m>[39m
            [36m<div>[39m
              [36m<p[39m
                [33mclass[39m=[32m"eyebrow"[39m
              [36m>[39m
                [0mA[0m
              [36m</p>[39m
              [36m<p>[39m
                [0mAlpha[0m
              [36m</p>[39m
              [36m<h3[39m
                [33mid[39m=[32m"execution-execution-recovery-title"[39m
                [33mtabindex[39m=[32m"-1"[39m
              [36m>[39m
                [0mRecover workspace[0m
              [36m</h3>[39m
            [36m</div>[39m
            [36m<span[39m
              [33mclass[39m=[32m"status-label status-conflicted"[39m
            [36m>[39m
              [0m存在冲突[0m
            [36m</span>[39m
          [36m</div>[39m
          [36m<p[39m
            [33mrole[39m=[32m"status"[39m
          [36m>[39m
            [0m当前没有进行中的动作[0m
          [36m</p>[39m
          [36m<p[39m
            [33mclass[39m=[32m"error-text"[39m
          [36m>[39m
            [0m阻断原因：[0m
            [0mMANUAL_RECOVERY_REQUIRED[0m
          [36m</p>[39m
          [36m<div[39m
            [33mclass[39m=[32m"execution-progress-list"[39m
          [36m>[39m
            [36m<div[39m
              [33mclass[39m=[32m"execution-progress"[39m
            [36m>[39m
              [36m<span>[39m
                [0m业务回合[0m
                [0m [0m
                [0m4[0m
                [0m/[0m
                [0m20[0m
              [36m</span>[39m
              [36m<progress[39m
                [33maria-label[39m=[32m"业务回合进度"[39m
                [33maria-valuemax[39m=[32m"20"[39m
                [33maria-valuemin[39m=[32m"0"[39m
                [33maria-valuenow[39m=[32m"4"[39m
                [33mmax[39m=[32m"20"[39m
                [33mvalue[39m=[32m"4"[39m
              [36m/>[39m
            [36m</div>[39m
            [36m<div[39m
              [33mclass[39m=[32m"execution-progress"[39m
            [36m>[39m
              [36m<span>[39m
                [0m工具调用[0m
                [0m [0m
                [0m7[0m
                [0m/[0m
                [0m40[0m
              [36m</span>[39m
              [36m<progress[39m
                [33maria-label[39m=[32m"工具调用进度"[39m
                [33maria-valuemax[39m=[32m"40"[39m
                [33maria-valuemin[39m=[32m"0"[39m
                [33maria-valuenow[39m=[32m"7"[39m
                [33mmax[39m=[32m"40"[39m
                [33mvalue[39m=[32m"7"[39m
              [36m/>[39m
            [36m</div>[39m
            [36m<div[39m
              [33mclass[39m=[32m"execution-progress"[39m
            [36m>[39m
              [36m<span>[39m
                [0mToken [0m
                [0m [0m
                [0m900[0m
                [0m/[0m
                [0m2000[0m
              [36m</span>[39m
              [36m<progress[39m
                [33maria-label[39m=[32m"Token 进度"[39m
                [33maria-valuemax[39m=[32m"2000"[39m
                [33maria-valuemin[39m=[32m"0"[39m
                [33maria-valuenow[39m=[32m"900"[39m
                [33mmax[39m=[32m"2000"[39m
                [33mvalue[39m=[32m"900"[39m
              [36m/>[39m
            [36m</div>[39m
          [36m</div>[39m
          [36m<div[39m
            [33mclass[39m=[32m"execution-review stack"[39m
          [36m>[39m
            [36m<div[39m
              [33maria-label[39m=[32m"执行审阅"[39m
              [33mclass[39m=[32m"execution-review-tabs"[39m
              [33mrole[39m=[32m"tablist"[39m
            [36m>[39m
              [36m<button[39m
                [33maria-controls[39m=[32m"execution-execution-recovery-timeline"[39m
                [33maria-selected[39m=[32m"true"[39m
                [33mid[39m=[32m"execution-execution-recovery-timeline-tab"[39m
                [33mrole[39m=[32m"tab"[39m
                [33mtabindex[39m=[32m"0"[39m
                [33mtype[39m=[32m"button"[39m
              [36m>[39m
                [0m时间线[0m
              [36m</button>[39m
              [36m<button[39m
                [33maria-controls[39m=[32m"execution-execution-recovery-validation"[39m
                [33maria-selected[39m=[32m"false"[39m
                [33mid[39m=[32m"execution-execution-recovery-validation-tab"[39m
                [33mrole[39m=[32m"tab"[39m
                [33mtabindex[39m=[32m"-1"[39m
                [33mtype[39m=[32m"button"[39m
              [36m>[39m
                [0m验证[0m
              [36m</button>[39m
              [36m<button[39m
                [33maria-controls[39m=[32m"execution-execution-recovery-changes"[39m
                [33maria-selected[39m=[32m"false"[39m
                [33mid[39m=[32m"execution-execution-recovery-changes-tab"[39m
                [33mrole[39m=[32m"tab"[39m
                [33mtabindex[39m=[32m"-1"[39m
                [33mtype[39m=[32m"button"[39m
              [36m>[39m
                [0m变更[0m
              [36m</button>[39m
            [36m</div>[39m
            [36m<section[39m
              [33maria-labelledby[39m=[32m"execution-execution-recovery-timeline-tab"[39m
              [33mid[39m=[32m"execution-execution-recovery-timeline"[39m
              [33mrole[39m=[32m"tabpanel"[39m
            [36m>[39m
              [36m<h4[39m
                [33mtabindex[39m=[32m"-1"[39m
              [36m>[39m
                [0m时间线（[0m
                [0m1[0m
                [0m）[0m
              [36m</h4>[39m
              [36m<p>[39m
                [0m还没有时间线事件。[0m
              [36m</p>[39m
            [36m</section>[39m
          [36m</div>[39m
          [36m<div[39m
            [33mclass[39m=[32m"execution-card-controls"[39m
          [36m>[39m
            [36m<button[39m
              [33mstyle[39m=[32m"min-height: var(--control-min);"[39m
              [33mtype[39m=[32m"button"[39m
            [36m>[39m
              [0m刷新 [0m
              [0mRecover workspace[0m
            [36m</button>[39m
          [36m</div>[39m
        [36m</section>[39m
      [36m</div>[39m
    [36m</section>[39m
  [36m</div>[39m
[36m</body>[39m

Ignored nodes: comments, script, style
[36m<body>[39m
  [36m<div>[39m
    [36m<section[39m
      [33maria-labelledby[39m=[32m"executions-title-project-recovery-ui"[39m
      [33mclass[39m=[32m"stack"[39m
    [36m>[39m
      [36m<div[39m
        [33mclass[39m=[32m"panel-heading"[39m
      [36m>[39m
        [36m<div>[39m
          [36m<p[39m
            [33mclass[39m=[32m"eyebrow"[39m
          [36m>[39m
            [0m项目执行[0m
          [36m</p>[39m
          [36m<h3[39m
            [33mid[39m=[32m"executions-title-project-recovery-ui"[39m
          [36m>[39m
            [0m运行详情[0m
          [36m</h3>[39m
        [36m</div>[39m
        [36m<button[39m
          [33mstyle[39m=[32m"min-height: var(--control-min);"[39m
          [33mtype[39m=[32m"button"[39m
        [36m>[39m
          [0m刷新执行[0m
        [36m</button>[39m
      [36m</div>[39m
      [36m<section[39m
        [33maria-labelledby[39m=[32m"execution-picker-project-recovery-ui"[39m
        [33mclass[39m=[32m"stack"[39m
      [36m>[39m
        [36m<h4[39m
          [33mid[39m=[32m"execution-picker-project-recovery-ui"[39m
        [36m>[39m
          [0m选择并执行[0m
        [36m</h4>[39m
        [36m<p>[39m
          [0m没有符合条件的进行中任务。[0m
        [36m</p>[39m
      [36m</section>[39m
      [36m<button[39m
        [33maria-expanded[39m=[32m"false"[39m
        [33mstyle[39m=[32m"min-height: var(--control-min);"[39m
        [33mtype[39m=[32m"button"[39m
      [36m>[39m
        [0m管理验证政策[0m
      [36m</button>[39m
      [36m<div[39m
        [33mclass[39m=[32m"run-details"[39m
      [36m>[39m
        [36m<section[39m
          [33maria-labelledby[39m=[32m"execution-execution-recovery-title"[39m
          [33mclass[39m=[32m"run-detail execution-card"[39m
          [33mdata-accent[39m=[32m"sage"[39m
          [33mrole[39m=[32m"region"[39m
        [36m>[39m
          [36m<div[39m
            [33mclass[39m=[32m"panel-heading"[39m
          [36m>[39m
            [36m<div>[39m
              [36m<p[39m
                [33mclass[39m=[32m"eyebrow"[39m
              [36m>[39m
                [0mA[0m
              [36m</p>[39m
              [36m<p>[39m
                [0mAlpha[0m
              [36m</p>[39m
              [36m<h3[39m
                [33mid[39m=[32m"execution-execution-recovery-title"[39m
                [33mtabindex[39m=[32m"-1"[39m
              [36m>[39m
                [0mRecover workspace[0m
              [36m</h3>[39m
            [36m</div>[39m
            [36m<span[39m
              [33mclass[39m=[32m"status-label status-conflicted"[39m
            [36m>[39m
              [0m存在冲突[0m
            [36m</span>[39m
          [36m</div>[39m
          [36m<p[39m
            [33mrole[39m=[32m"status"[39m
          [36m>[39m
            [0m当前没有进行中的动作[0m
          [36m</p>[39m
          [36m<p[39m
            [33mclass[39m=[32m"error-text"[39m
          [36m>[39m
            [0m阻断原因：[0m
            [0mMANUAL_RECOVERY_REQUIRED[0m
          [36m</p>[39m
          [36m<div[39m
            [33mclass[39m=[32m"execution-progress-list"[39m
          [36m>[39m
            [36m<div[39m
              [33mclass[39m=[32m"execution-progress"[39m
            [36m>[39m
              [36m<span>[39m
                [0m业务回合[0m
                [0m [0m
                [0m4[0m
                [0m/[0m
                [0m20[0m
              [36m</span>[39m
              [36m<progress[39m
                [33maria-label[39m=[32m"业务回合进度"[39m
                [33maria-valuemax[39m=[32m"20"[39m
                [33maria-valuemin[39m=[32m"0"[39m
                [33maria-valuenow[39m=[32m"4"[39m
                [33mmax[39m=[32m"20"[39m
                [33mvalue[39m=[32m"4"[39m
              [36m/>[39m
            [36m</div>[39m
            [36m<div[39m
              [33mclass[39m=[32m"execution-progress"[39m
            [36m>[39m
              [36m<span>[39m
                [0m工具调用[0m
                [0m [0m
                [0m7[0m
                [0m/[0m
                [0m40[0m
              [36m</span>[39m
              [36m<progress[39m
                [33maria-label[39m=[32m"工具调用进度"[39m
                [33maria-valuemax[39m=[32m"40"[39m
                [33maria-valuemin[39m=[32m"0"[39m
                [33maria-valuenow[39m=[32m"7"[39m
                [33mmax[39m=[32m"40"[39m
                [33mvalue[39m=[32m"7"[39m
              [36m/>[39m
            [36m</div>[39m
            [36m<div[39m
              [33mclass[39m=[32m"execution-progress"[39m
            [36m>[39m
              [36m<span>[39m
                [0mToken [0m
                [0m [0m
                [0m900[0m
                [0m/[0m
                [0m2000[0m
              [36m</span>[39m
              [36m<progress[39m
                [33maria-label[39m=[32m"Token 进度"[39m
                [33maria-valuemax[39m=[32m"2000"[39m
                [33maria-valuemin[39m=[32m"0"[39m
                [33maria-valuenow[39m=[32m"900"[39m
                [33mmax[39m=[32m"2000"[39m
                [33mvalue[39m=[32m"900"[39m
              [36m/>[39m
            [36m</div>[39m
          [36m</div>[39m
          [36m<div[39m
            [33mclass[39m=[32m"execution-review stack"[39m
          [36m>[39m
            [36m<div[39m
              [33maria-label[39m=[32m"执行审阅"[39m
              [33mclass[39m=[32m"execution-review-tabs"[39m
              [33mrole[39m=[32m"tablist"[39m
            [36m>[39m
              [36m<button[39m
                [33maria-controls[39m=[32m"execution-execution-recovery-timeline"[39m
                [33maria-selected[39m=[32m"true"[39m
                [33mid[39m=[32m"execution-execution-recovery-timeline-tab"[39m
                [33mrole[39m=[32m"tab"[39m
                [33mtabindex[39m=[32m"0"[39m
                [33mtype[39m=[32m"button"[39m
              [36m>[39m
                [0m时间线[0m
              [36m</button>[39m
              [36m<button[39m
                [33maria-controls[39m=[32m"execution-execution-recovery-validation"[39m
                [33maria-selected[39m=[32m"false"[39m
                [33mid[39m=[32m"execution-execution-recovery-validation-tab"[39m
                [33mrole[39m=[32m"tab"[39m
                [33mtabindex[39m=[32m"-1"[39m
                [33mtype[39m=[32m"button"[39m
              [36m>[39m
                [0m验证[0m
              [36m</button>[39m
              [36m<button[39m
                [33maria-controls[39m=[32m"execution-execution-recovery-changes"[39m
                [33maria-selected[39m=[32m"false"[39m
                [33mid[39m=[32m"execution-execution-recovery-changes-tab"[39m
                [33mrole[39m=[32m"tab"[39m
                [33mtabindex[39m=[32m"-1"[39m
                [33mtype[39m=[32m"button"[39m
              [36m>[39m
                [0m变更[0m
              [36m</button>[39m
            [36m</div>[39m
            [36m<section[39m
              [33maria-labelledby[39m=[32m"execution-execution-recovery-timeline-tab"[39m
              [33mid[39m=[32m"execution-execution-recovery-timeline"[39m
              [33mrole[39m=[32m"tabpanel"[39m
            [36m>[39m
              [36m<h4[39m
                [33mtabindex[39m=[32m"-1"[39m
              [36m>[39m
                [0m时间线（[0m
                [0m1[0m
                [0m）[0m
              [36m</h4>[39m
              [36m<p>[39m
                [0m还没有时间线事件。[0m
              [36m</p>[39m
            [36m</section>[39m
          [36m</div>[39m
          [36m<div[39m
            [33mclass[39m=[32m"execution-card-controls"[39m
          [36m>[39m
            [36m<button[39m
              [33mstyle[39m=[32m"min-height: var(--control-min);"[39m
              [33mtype[39m=[32m"button"[39m
            [36m>[39m
              [0m刷新 [0m
              [0mRecover workspace[0m
            [36m</button>[39m
          [36m</div>[39m
        [36m</section>[39m
      [36m</div>[39m
    [36m</section>[39m
  [36m</div>[39m
[36m</body>[39m
 ❯ waitForWrapper node_modules/@testing-library/dom/dist/wait-for.js:163:27
 ❯ node_modules/@testing-library/dom/dist/query-helpers.js:86:33
 ❯ tests/execution-recovery-ui.test.tsx:207:37
    205|       const user = userEvent.setup();
    206|       render(<ExecutionPanel projectId={PROJECT_ID} />);
    207|       const recovery = await screen.findByRole("region", { name: "需要人工…
       |                                     ^
    208|
    209|       await user.click(within(recovery).getByRole("button", { name: fi…

⎯⎯⎯⎯⎯⎯⎯⎯⎯⎯⎯⎯⎯⎯⎯⎯⎯⎯⎯⎯⎯⎯⎯⎯[4/7]⎯

 FAIL  tests/execution-recovery-ui.test.tsx > T-30 manual recovery UI > refreshes the observed manifest and clears confirmation after mismatch
TestingLibraryElementError: Unable to find role="region" and name "需要人工恢复"

Ignored nodes: comments, script, style
[36m<body>[39m
  [36m<div>[39m
    [36m<section[39m
      [33maria-labelledby[39m=[32m"executions-title-project-recovery-ui"[39m
      [33mclass[39m=[32m"stack"[39m
    [36m>[39m
      [36m<div[39m
        [33mclass[39m=[32m"panel-heading"[39m
      [36m>[39m
        [36m<div>[39m
          [36m<p[39m
            [33mclass[39m=[32m"eyebrow"[39m
          [36m>[39m
            [0m项目执行[0m
          [36m</p>[39m
          [36m<h3[39m
            [33mid[39m=[32m"executions-title-project-recovery-ui"[39m
          [36m>[39m
            [0m运行详情[0m
          [36m</h3>[39m
        [36m</div>[39m
        [36m<button[39m
          [33mstyle[39m=[32m"min-height: var(--control-min);"[39m
          [33mtype[39m=[32m"button"[39m
        [36m>[39m
          [0m刷新执行[0m
        [36m</button>[39m
      [36m</div>[39m
      [36m<section[39m
        [33maria-labelledby[39m=[32m"execution-picker-project-recovery-ui"[39m
        [33mclass[39m=[32m"stack"[39m
      [36m>[39m
        [36m<h4[39m
          [33mid[39m=[32m"execution-picker-project-recovery-ui"[39m
        [36m>[39m
          [0m选择并执行[0m
        [36m</h4>[39m
        [36m<p>[39m
          [0m没有符合条件的进行中任务。[0m
        [36m</p>[39m
      [36m</section>[39m
      [36m<button[39m
        [33maria-expanded[39m=[32m"false"[39m
        [33mstyle[39m=[32m"min-height: var(--control-min);"[39m
        [33mtype[39m=[32m"button"[39m
      [36m>[39m
        [0m管理验证政策[0m
      [36m</button>[39m
      [36m<div[39m
        [33mclass[39m=[32m"run-details"[39m
      [36m>[39m
        [36m<section[39m
          [33maria-labelledby[39m=[32m"execution-execution-recovery-title"[39m
          [33mclass[39m=[32m"run-detail execution-card"[39m
          [33mdata-accent[39m=[32m"sage"[39m
          [33mrole[39m=[32m"region"[39m
        [36m>[39m
          [36m<div[39m
            [33mclass[39m=[32m"panel-heading"[39m
          [36m>[39m
            [36m<div>[39m
              [36m<p[39m
                [33mclass[39m=[32m"eyebrow"[39m
              [36m>[39m
                [0mA[0m
              [36m</p>[39m
              [36m<p>[39m
                [0mAlpha[0m
              [36m</p>[39m
              [36m<h3[39m
                [33mid[39m=[32m"execution-execution-recovery-title"[39m
                [33mtabindex[39m=[32m"-1"[39m
              [36m>[39m
                [0mRecover workspace[0m
              [36m</h3>[39m
            [36m</div>[39m
            [36m<span[39m
              [33mclass[39m=[32m"status-label status-conflicted"[39m
            [36m>[39m
              [0m存在冲突[0m
            [36m</span>[39m
          [36m</div>[39m
          [36m<p[39m
            [33mrole[39m=[32m"status"[39m
          [36m>[39m
            [0m当前没有进行中的动作[0m
          [36m</p>[39m
          [36m<p[39m
            [33mclass[39m=[32m"error-text"[39m
          [36m>[39m
            [0m阻断原因：[0m
            [0mMANUAL_RECOVERY_REQUIRED[0m
          [36m</p>[39m
          [36m<div[39m
            [33mclass[39m=[32m"execution-progress-list"[39m
          [36m>[39m
            [36m<div[39m
              [33mclass[39m=[32m"execution-progress"[39m
            [36m>[39m
              [36m<span>[39m
                [0m业务回合[0m
                [0m [0m
                [0m4[0m
                [0m/[0m
                [0m20[0m
              [36m</span>[39m
              [36m<progress[39m
                [33maria-label[39m=[32m"业务回合进度"[39m
                [33maria-valuemax[39m=[32m"20"[39m
                [33maria-valuemin[39m=[32m"0"[39m
                [33maria-valuenow[39m=[32m"4"[39m
                [33mmax[39m=[32m"20"[39m
                [33mvalue[39m=[32m"4"[39m
              [36m/>[39m
            [36m</div>[39m
            [36m<div[39m
              [33mclass[39m=[32m"execution-progress"[39m
            [36m>[39m
              [36m<span>[39m
                [0m工具调用[0m
                [0m [0m
                [0m7[0m
                [0m/[0m
                [0m40[0m
              [36m</span>[39m
              [36m<progress[39m
                [33maria-label[39m=[32m"工具调用进度"[39m
                [33maria-valuemax[39m=[32m"40"[39m
                [33maria-valuemin[39m=[32m"0"[39m
                [33maria-valuenow[39m=[32m"7"[39m
                [33mmax[39m=[32m"40"[39m
                [33mvalue[39m=[32m"7"[39m
              [36m/>[39m
            [36m</div>[39m
            [36m<div[39m
              [33mclass[39m=[32m"execution-progress"[39m
            [36m>[39m
              [36m<span>[39m
                [0mToken [0m
                [0m [0m
                [0m900[0m
                [0m/[0m
                [0m2000[0m
              [36m</span>[39m
              [36m<progress[39m
                [33maria-label[39m=[32m"Token 进度"[39m
                [33maria-valuemax[39m=[32m"2000"[39m
                [33maria-valuemin[39m=[32m"0"[39m
                [33maria-valuenow[39m=[32m"900"[39m
                [33mmax[39m=[32m"2000"[39m
                [33mvalue[39m=[32m"900"[39m
              [36m/>[39m
            [36m</div>[39m
          [36m</div>[39m
          [36m<div[39m
            [33mclass[39m=[32m"execution-review stack"[39m
          [36m>[39m
            [36m<div[39m
              [33maria-label[39m=[32m"执行审阅"[39m
              [33mclass[39m=[32m"execution-review-tabs"[39m
              [33mrole[39m=[32m"tablist"[39m
            [36m>[39m
              [36m<button[39m
                [33maria-controls[39m=[32m"execution-execution-recovery-timeline"[39m
                [33maria-selected[39m=[32m"true"[39m
                [33mid[39m=[32m"execution-execution-recovery-timeline-tab"[39m
                [33mrole[39m=[32m"tab"[39m
                [33mtabindex[39m=[32m"0"[39m
                [33mtype[39m=[32m"button"[39m
              [36m>[39m
                [0m时间线[0m
              [36m</button>[39m
              [36m<button[39m
                [33maria-controls[39m=[32m"execution-execution-recovery-validation"[39m
                [33maria-selected[39m=[32m"false"[39m
                [33mid[39m=[32m"execution-execution-recovery-validation-tab"[39m
                [33mrole[39m=[32m"tab"[39m
                [33mtabindex[39m=[32m"-1"[39m
                [33mtype[39m=[32m"button"[39m
              [36m>[39m
                [0m验证[0m
              [36m</button>[39m
              [36m<button[39m
                [33maria-controls[39m=[32m"execution-execution-recovery-changes"[39m
                [33maria-selected[39m=[32m"false"[39m
                [33mid[39m=[32m"execution-execution-recovery-changes-tab"[39m
                [33mrole[39m=[32m"tab"[39m
                [33mtabindex[39m=[32m"-1"[39m
                [33mtype[39m=[32m"button"[39m
              [36m>[39m
                [0m变更[0m
              [36m</button>[39m
            [36m</div>[39m
            [36m<section[39m
              [33maria-labelledby[39m=[32m"execution-execution-recovery-timeline-tab"[39m
              [33mid[39m=[32m"execution-execution-recovery-timeline"[39m
              [33mrole[39m=[32m"tabpanel"[39m
            [36m>[39m
              [36m<h4[39m
                [33mtabindex[39m=[32m"-1"[39m
              [36m>[39m
                [0m时间线（[0m
                [0m1[0m
                [0m）[0m
              [36m</h4>[39m
              [36m<p>[39m
                [0m还没有时间线事件。[0m
              [36m</p>[39m
            [36m</section>[39m
          [36m</div>[39m
          [36m<div[39m
            [33mclass[39m=[32m"execution-card-controls"[39m
          [36m>[39m
            [36m<button[39m
              [33mstyle[39m=[32m"min-height: var(--control-min);"[39m
              [33mtype[39m=[32m"button"[39m
            [36m>[39m
              [0m刷新 [0m
              [0mRecover workspace[0m
            [36m</button>[39m
          [36m</div>[39m
        [36m</section>[39m
      [36m</div>[39m
    [36m</section>[39m
  [36m</div>[39m
[36m</body>[39m

Ignored nodes: comments, script, style
[36m<body>[39m
  [36m<div>[39m
    [36m<section[39m
      [33maria-labelledby[39m=[32m"executions-title-project-recovery-ui"[39m
      [33mclass[39m=[32m"stack"[39m
    [36m>[39m
      [36m<div[39m
        [33mclass[39m=[32m"panel-heading"[39m
      [36m>[39m
        [36m<div>[39m
          [36m<p[39m
            [33mclass[39m=[32m"eyebrow"[39m
          [36m>[39m
            [0m项目执行[0m
          [36m</p>[39m
          [36m<h3[39m
            [33mid[39m=[32m"executions-title-project-recovery-ui"[39m
          [36m>[39m
            [0m运行详情[0m
          [36m</h3>[39m
        [36m</div>[39m
        [36m<button[39m
          [33mstyle[39m=[32m"min-height: var(--control-min);"[39m
          [33mtype[39m=[32m"button"[39m
        [36m>[39m
          [0m刷新执行[0m
        [36m</button>[39m
      [36m</div>[39m
      [36m<section[39m
        [33maria-labelledby[39m=[32m"execution-picker-project-recovery-ui"[39m
        [33mclass[39m=[32m"stack"[39m
      [36m>[39m
        [36m<h4[39m
          [33mid[39m=[32m"execution-picker-project-recovery-ui"[39m
        [36m>[39m
          [0m选择并执行[0m
        [36m</h4>[39m
        [36m<p>[39m
          [0m没有符合条件的进行中任务。[0m
        [36m</p>[39m
      [36m</section>[39m
      [36m<button[39m
        [33maria-expanded[39m=[32m"false"[39m
        [33mstyle[39m=[32m"min-height: var(--control-min);"[39m
        [33mtype[39m=[32m"button"[39m
      [36m>[39m
        [0m管理验证政策[0m
      [36m</button>[39m
      [36m<div[39m
        [33mclass[39m=[32m"run-details"[39m
      [36m>[39m
        [36m<section[39m
          [33maria-labelledby[39m=[32m"execution-execution-recovery-title"[39m
          [33mclass[39m=[32m"run-detail execution-card"[39m
          [33mdata-accent[39m=[32m"sage"[39m
          [33mrole[39m=[32m"region"[39m
        [36m>[39m
          [36m<div[39m
            [33mclass[39m=[32m"panel-heading"[39m
          [36m>[39m
            [36m<div>[39m
              [36m<p[39m
                [33mclass[39m=[32m"eyebrow"[39m
              [36m>[39m
                [0mA[0m
              [36m</p>[39m
              [36m<p>[39m
                [0mAlpha[0m
              [36m</p>[39m
              [36m<h3[39m
                [33mid[39m=[32m"execution-execution-recovery-title"[39m
                [33mtabindex[39m=[32m"-1"[39m
              [36m>[39m
                [0mRecover workspace[0m
              [36m</h3>[39m
            [36m</div>[39m
            [36m<span[39m
              [33mclass[39m=[32m"status-label status-conflicted"[39m
            [36m>[39m
              [0m存在冲突[0m
            [36m</span>[39m
          [36m</div>[39m
          [36m<p[39m
            [33mrole[39m=[32m"status"[39m
          [36m>[39m
            [0m当前没有进行中的动作[0m
          [36m</p>[39m
          [36m<p[39m
            [33mclass[39m=[32m"error-text"[39m
          [36m>[39m
            [0m阻断原因：[0m
            [0mMANUAL_RECOVERY_REQUIRED[0m
          [36m</p>[39m
          [36m<div[39m
            [33mclass[39m=[32m"execution-progress-list"[39m
          [36m>[39m
            [36m<div[39m
              [33mclass[39m=[32m"execution-progress"[39m
            [36m>[39m
              [36m<span>[39m
                [0m业务回合[0m
                [0m [0m
                [0m4[0m
                [0m/[0m
                [0m20[0m
              [36m</span>[39m
              [36m<progress[39m
                [33maria-label[39m=[32m"业务回合进度"[39m
                [33maria-valuemax[39m=[32m"20"[39m
                [33maria-valuemin[39m=[32m"0"[39m
                [33maria-valuenow[39m=[32m"4"[39m
                [33mmax[39m=[32m"20"[39m
                [33mvalue[39m=[32m"4"[39m
              [36m/>[39m
            [36m</div>[39m
            [36m<div[39m
              [33mclass[39m=[32m"execution-progress"[39m
            [36m>[39m
              [36m<span>[39m
                [0m工具调用[0m
                [0m [0m
                [0m7[0m
                [0m/[0m
                [0m40[0m
              [36m</span>[39m
              [36m<progress[39m
                [33maria-label[39m=[32m"工具调用进度"[39m
                [33maria-valuemax[39m=[32m"40"[39m
                [33maria-valuemin[39m=[32m"0"[39m
                [33maria-valuenow[39m=[32m"7"[39m
                [33mmax[39m=[32m"40"[39m
                [33mvalue[39m=[32m"7"[39m
              [36m/>[39m
            [36m</div>[39m
            [36m<div[39m
              [33mclass[39m=[32m"execution-progress"[39m
            [36m>[39m
              [36m<span>[39m
                [0mToken [0m
                [0m [0m
                [0m900[0m
                [0m/[0m
                [0m2000[0m
              [36m</span>[39m
              [36m<progress[39m
                [33maria-label[39m=[32m"Token 进度"[39m
                [33maria-valuemax[39m=[32m"2000"[39m
                [33maria-valuemin[39m=[32m"0"[39m
                [33maria-valuenow[39m=[32m"900"[39m
                [33mmax[39m=[32m"2000"[39m
                [33mvalue[39m=[32m"900"[39m
              [36m/>[39m
            [36m</div>[39m
          [36m</div>[39m
          [36m<div[39m
            [33mclass[39m=[32m"execution-review stack"[39m
          [36m>[39m
            [36m<div[39m
              [33maria-label[39m=[32m"执行审阅"[39m
              [33mclass[39m=[32m"execution-review-tabs"[39m
              [33mrole[39m=[32m"tablist"[39m
            [36m>[39m
              [36m<button[39m
                [33maria-controls[39m=[32m"execution-execution-recovery-timeline"[39m
                [33maria-selected[39m=[32m"true"[39m
                [33mid[39m=[32m"execution-execution-recovery-timeline-tab"[39m
                [33mrole[39m=[32m"tab"[39m
                [33mtabindex[39m=[32m"0"[39m
                [33mtype[39m=[32m"button"[39m
              [36m>[39m
                [0m时间线[0m
              [36m</button>[39m
              [36m<button[39m
                [33maria-controls[39m=[32m"execution-execution-recovery-validation"[39m
                [33maria-selected[39m=[32m"false"[39m
                [33mid[39m=[32m"execution-execution-recovery-validation-tab"[39m
                [33mrole[39m=[32m"tab"[39m
                [33mtabindex[39m=[32m"-1"[39m
                [33mtype[39m=[32m"button"[39m
              [36m>[39m
                [0m验证[0m
              [36m</button>[39m
              [36m<button[39m
                [33maria-controls[39m=[32m"execution-execution-recovery-changes"[39m
                [33maria-selected[39m=[32m"false"[39m
                [33mid[39m=[32m"execution-execution-recovery-changes-tab"[39m
                [33mrole[39m=[32m"tab"[39m
                [33mtabindex[39m=[32m"-1"[39m
                [33mtype[39m=[32m"button"[39m
              [36m>[39m
                [0m变更[0m
              [36m</button>[39m
            [36m</div>[39m
            [36m<section[39m
              [33maria-labelledby[39m=[32m"execution-execution-recovery-timeline-tab"[39m
              [33mid[39m=[32m"execution-execution-recovery-timeline"[39m
              [33mrole[39m=[32m"tabpanel"[39m
            [36m>[39m
              [36m<h4[39m
                [33mtabindex[39m=[32m"-1"[39m
              [36m>[39m
                [0m时间线（[0m
                [0m1[0m
                [0m）[0m
              [36m</h4>[39m
              [36m<p>[39m
                [0m还没有时间线事件。[0m
              [36m</p>[39m
            [36m</section>[39m
          [36m</div>[39m
          [36m<div[39m
            [33mclass[39m=[32m"execution-card-controls"[39m
          [36m>[39m
            [36m<button[39m
              [33mstyle[39m=[32m"min-height: var(--control-min);"[39m
              [33mtype[39m=[32m"button"[39m
            [36m>[39m
              [0m刷新 [0m
              [0mRecover workspace[0m
            [36m</button>[39m
          [36m</div>[39m
        [36m</section>[39m
      [36m</div>[39m
    [36m</section>[39m
  [36m</div>[39m
[36m</body>[39m
 ❯ waitForWrapper node_modules/@testing-library/dom/dist/wait-for.js:163:27
 ❯ node_modules/@testing-library/dom/dist/query-helpers.js:86:33
 ❯ tests/execution-recovery-ui.test.tsx:248:35
    246|     const user = userEvent.setup();
    247|     render(<ExecutionPanel projectId={PROJECT_ID} />);
    248|     const recovery = await screen.findByRole("region", { name: "需要人工恢复…
       |                                   ^
    249|     await user.click(within(recovery).getByRole("button", { name: "放弃且…
    250|     await user.click(within(screen.getByRole("dialog")).getByRole("but…

⎯⎯⎯⎯⎯⎯⎯⎯⎯⎯⎯⎯⎯⎯⎯⎯⎯⎯⎯⎯⎯⎯⎯⎯[5/7]⎯


 Test Files  2 failed (2)
      Tests  7 failed (7)
   Start at  22:27:41
   Duration  8.47s (transform 321ms, setup 915ms, import 932ms, tests 6.45s, environment 3.94s)

# exit: 1
