# hf-gate-run
# label: t30-green
# command: cmd /c npm test -- tests/execution-recovery-ui.test.tsx tests/execution-accessibility.test.tsx
# started: 2026-07-30T14:34:57+00:00

> collaboration-cockpit@0.1.0 test
> vitest run tests/execution-recovery-ui.test.tsx tests/execution-accessibility.test.tsx


 RUN  v4.1.10 D:/cool-ai

 ❯ tests/execution-accessibility.test.tsx (2 tests | 1 failed) 305ms
     × uses a narrow summary switcher and exactly one trapped detail overlay with Escape restore 258ms
 ❯ tests/execution-recovery-ui.test.tsx (5 tests | 3 failed) 434ms
     × submits exact recovered_old only after second confirmation and restores focus to its outcome 35ms
     × submits exact recovered_new only after second confirmation and restores focus to its outcome 26ms
     × submits exact abandon only after second confirmation and restores focus to its outcome 25ms

⎯⎯⎯⎯⎯⎯⎯ Failed Tests 4 ⎯⎯⎯⎯⎯⎯⎯

 FAIL  tests/execution-accessibility.test.tsx > T-30 execution accessibility > uses a narrow summary switcher and exactly one trapped detail overlay with Escape restore
Error: expect(element).toHaveAttribute("inert") // element.hasAttribute("inert")

Expected the element to have attribute:
  inert
Received:
  null
 ❯ tests/execution-accessibility.test.tsx:140:22
    138|     const dialog = screen.getByRole("dialog", { name: "First execution…
    139|     expect(screen.getAllByRole("dialog")).toHaveLength(1);
    140|     expect(switcher).toHaveAttribute("inert");
       |                      ^
    141|     const close = within(dialog).getByRole("button", { name: "关闭执行详情" …
    142|     const controls = within(dialog).getAllByRole("button");

⎯⎯⎯⎯⎯⎯⎯⎯⎯⎯⎯⎯⎯⎯⎯⎯⎯⎯⎯⎯⎯⎯⎯⎯[1/4]⎯

 FAIL  tests/execution-recovery-ui.test.tsx > T-30 manual recovery UI > submits exact recovered_old only after second confirmation and restores focus to its outcome
TestingLibraryElementError: Unable to find an accessible element with the role "button" and name "已恢复为旧版本并重试"

Here are the accessible roles:

  heading:

  Name "需要人工恢复":
  [36m<h4 />[39m

  --------------------------------------------------paragraph:

  Name "":
  [36m<p[39m
    [33mclass[39m=[32m"warning-text"[39m
  [36m/>[39m

  --------------------------------------------------paragraph:

  Name "":
  [36m<p[39m
    [33maria-busy[39m=[32m"true"[39m
  [36m/>[39m

  --------------------------------------------------

Ignored nodes: comments, script, style
[36m<section[39m
  [33maria-label[39m=[32m"需要人工恢复"[39m
  [33mclass[39m=[32m"execution-recovery stack"[39m
  [33mrole[39m=[32m"region"[39m
[36m>[39m
  [36m<h4>[39m
    [0m需要人工恢复[0m
  [36m</h4>[39m
  [36m<p[39m
    [33mclass[39m=[32m"warning-text"[39m
  [36m>[39m
    [0m检测到平台外写入；平台已停止自动改写，当前 workspace 可能既非完整旧版也非完整新版。[0m
  [36m</p>[39m
  [36m<p[39m
    [33maria-busy[39m=[32m"true"[39m
  [36m>[39m
    [0m正在加载人工恢复详情…[0m
  [36m</p>[39m
[36m</section>[39m
 ❯ Object.getElementError node_modules/@testing-library/dom/dist/config.js:37:19
 ❯ node_modules/@testing-library/dom/dist/query-helpers.js:76:38
 ❯ node_modules/@testing-library/dom/dist/query-helpers.js:52:17
 ❯ node_modules/@testing-library/dom/dist/query-helpers.js:95:19
 ❯ tests/execution-recovery-ui.test.tsx:209:41
    207|       const recovery = await screen.findByRole("region", { name: "需要人工…
    208|
    209|       await user.click(within(recovery).getByRole("button", { name: fi…
       |                                         ^
    210|       const confirmation = screen.getByRole("dialog", { name: /确认人工恢复/…
    211|       expect(confirmation).toHaveTextContent("整个 manifest");

⎯⎯⎯⎯⎯⎯⎯⎯⎯⎯⎯⎯⎯⎯⎯⎯⎯⎯⎯⎯⎯⎯⎯⎯[2/4]⎯

 FAIL  tests/execution-recovery-ui.test.tsx > T-30 manual recovery UI > submits exact recovered_new only after second confirmation and restores focus to its outcome
TestingLibraryElementError: Unable to find an accessible element with the role "button" and name "已确认完整新版本"

Here are the accessible roles:

  heading:

  Name "需要人工恢复":
  [36m<h4 />[39m

  --------------------------------------------------paragraph:

  Name "":
  [36m<p[39m
    [33mclass[39m=[32m"warning-text"[39m
  [36m/>[39m

  --------------------------------------------------paragraph:

  Name "":
  [36m<p[39m
    [33maria-busy[39m=[32m"true"[39m
  [36m/>[39m

  --------------------------------------------------

Ignored nodes: comments, script, style
[36m<section[39m
  [33maria-label[39m=[32m"需要人工恢复"[39m
  [33mclass[39m=[32m"execution-recovery stack"[39m
  [33mrole[39m=[32m"region"[39m
[36m>[39m
  [36m<h4>[39m
    [0m需要人工恢复[0m
  [36m</h4>[39m
  [36m<p[39m
    [33mclass[39m=[32m"warning-text"[39m
  [36m>[39m
    [0m检测到平台外写入；平台已停止自动改写，当前 workspace 可能既非完整旧版也非完整新版。[0m
  [36m</p>[39m
  [36m<p[39m
    [33maria-busy[39m=[32m"true"[39m
  [36m>[39m
    [0m正在加载人工恢复详情…[0m
  [36m</p>[39m
[36m</section>[39m
 ❯ Object.getElementError node_modules/@testing-library/dom/dist/config.js:37:19
 ❯ node_modules/@testing-library/dom/dist/query-helpers.js:76:38
 ❯ node_modules/@testing-library/dom/dist/query-helpers.js:52:17
 ❯ node_modules/@testing-library/dom/dist/query-helpers.js:95:19
 ❯ tests/execution-recovery-ui.test.tsx:209:41
    207|       const recovery = await screen.findByRole("region", { name: "需要人工…
    208|
    209|       await user.click(within(recovery).getByRole("button", { name: fi…
       |                                         ^
    210|       const confirmation = screen.getByRole("dialog", { name: /确认人工恢复/…
    211|       expect(confirmation).toHaveTextContent("整个 manifest");

⎯⎯⎯⎯⎯⎯⎯⎯⎯⎯⎯⎯⎯⎯⎯⎯⎯⎯⎯⎯⎯⎯⎯⎯[3/4]⎯

 FAIL  tests/execution-recovery-ui.test.tsx > T-30 manual recovery UI > submits exact abandon only after second confirmation and restores focus to its outcome
TestingLibraryElementError: Unable to find an accessible element with the role "button" and name "放弃且不改 canonical"

Here are the accessible roles:

  heading:

  Name "需要人工恢复":
  [36m<h4 />[39m

  --------------------------------------------------paragraph:

  Name "":
  [36m<p[39m
    [33mclass[39m=[32m"warning-text"[39m
  [36m/>[39m

  --------------------------------------------------paragraph:

  Name "":
  [36m<p[39m
    [33maria-busy[39m=[32m"true"[39m
  [36m/>[39m

  --------------------------------------------------

Ignored nodes: comments, script, style
[36m<section[39m
  [33maria-label[39m=[32m"需要人工恢复"[39m
  [33mclass[39m=[32m"execution-recovery stack"[39m
  [33mrole[39m=[32m"region"[39m
[36m>[39m
  [36m<h4>[39m
    [0m需要人工恢复[0m
  [36m</h4>[39m
  [36m<p[39m
    [33mclass[39m=[32m"warning-text"[39m
  [36m>[39m
    [0m检测到平台外写入；平台已停止自动改写，当前 workspace 可能既非完整旧版也非完整新版。[0m
  [36m</p>[39m
  [36m<p[39m
    [33maria-busy[39m=[32m"true"[39m
  [36m>[39m
    [0m正在加载人工恢复详情…[0m
  [36m</p>[39m
[36m</section>[39m
 ❯ Object.getElementError node_modules/@testing-library/dom/dist/config.js:37:19
 ❯ node_modules/@testing-library/dom/dist/query-helpers.js:76:38
 ❯ node_modules/@testing-library/dom/dist/query-helpers.js:52:17
 ❯ node_modules/@testing-library/dom/dist/query-helpers.js:95:19
 ❯ tests/execution-recovery-ui.test.tsx:209:41
    207|       const recovery = await screen.findByRole("region", { name: "需要人工…
    208|
    209|       await user.click(within(recovery).getByRole("button", { name: fi…
       |                                         ^
    210|       const confirmation = screen.getByRole("dialog", { name: /确认人工恢复/…
    211|       expect(confirmation).toHaveTextContent("整个 manifest");

⎯⎯⎯⎯⎯⎯⎯⎯⎯⎯⎯⎯⎯⎯⎯⎯⎯⎯⎯⎯⎯⎯⎯⎯[4/4]⎯


 Test Files  2 failed (2)
      Tests  4 failed | 3 passed (7)
   Start at  22:34:59
   Duration  3.60s (transform 340ms, setup 898ms, import 1000ms, tests 738ms, environment 3.82s)

# exit: 1
