# hf-gate-run
# label: t30-green
# command: cmd /c npm test -- tests/execution-recovery-ui.test.tsx tests/execution-accessibility.test.tsx
# started: 2026-07-30T14:35:35+00:00

> collaboration-cockpit@0.1.0 test
> vitest run tests/execution-recovery-ui.test.tsx tests/execution-accessibility.test.tsx


 RUN  v4.1.10 D:/cool-ai

 ❯ tests/execution-recovery-ui.test.tsx (5 tests | 1 failed) 923ms
     × submits exact abandon only after second confirmation and restores focus to its outcome 86ms

⎯⎯⎯⎯⎯⎯⎯ Failed Tests 1 ⎯⎯⎯⎯⎯⎯⎯

 FAIL  tests/execution-recovery-ui.test.tsx > T-30 manual recovery UI > submits exact abandon only after second confirmation and restores focus to its outcome
Error: expect(element).toHaveFocus()

Expected element with focus:
  <h3
  id="execution-execution-recovery-title"
  tabindex="-1"
>
  Recover workspace
</h3>
Received element with focus:
  <body
  style=""
>
  <div>
    <section
      aria-labelledby="executions-title-project-recovery-ui"
      class="stack execution-panel"
    >
      <div
        class="panel-heading"
      >
        <div>
          <p
            class="eyebrow"
          >
            项目执行
          </p>
          <h3
            id="executions-title-project-recovery-ui"
          >
            运行详情
          </h3>
        </div>
        <button
          style="min-height: var(--control-min);"
          type="button"
        >
          刷新执行
        </button>
      </div>
      <section
        aria-labelledby="execution-picker-project-recovery-ui"
        class="stack"
      >
        <h4
          id="execution-picker-project-recovery-ui"
        >
          选择并执行
        </h4>
        <p>
          没有符合条件的进行中任务。
        </p>
      </section>
      <button
        aria-expanded="false"
        style="min-height: var(--control-min);"
        type="button"
      >
        管理验证政策
      </button>
      <div
        class="run-details"
      >
        <section
          aria-labelledby="execution-execution-recovery-title"
          class="run-detail execution-card"
          data-accent="sage"
          role="region"
        >
          <div
            class="panel-heading"
          >
            <div>
              <p
                class="eyebrow"
              >
                A
              </p>
              <p>
                Alpha
              </p>
              <h3
                id="execution-execution-recovery-title"
                tabindex="-1"
              >
                Recover workspace
              </h3>
            </div>
            <span
              class="status-label status-stopped"
            >
              已停止
            </span>
          </div>
          <p
            role="status"
          >
            当前没有进行中的动作
          </p>
          <div
            class="execution-progress-list"
          >
            <div
              class="execution-progress"
            >
              <span>
                业务回合··················
                4
                /
                20
              </span>
              <progress
                aria-label="业务回合进度"
                aria-valuemax="20"
                aria-valuemin="0"
                aria-valuenow="4"
                max="20"
                value="4"
              />
            </div>
            <div
              class="execution-progress"
            >
              <span>
                工具调用··················
                7
                /
                40
              </span>
              <progress
                aria-label="工具调用进度"
                aria-valuemax="40"
                aria-valuemin="0"
                aria-valuenow="7"
                max="40"
                value="7"
              />
            </div>
            <div
              class="execution-progress"
            >
              <span>
                Token···················
                900
                /
                2000
              </span>
              <progress
                aria-label="Token 进度"
                aria-valuemax="2000"
                aria-valuemin="0"
                aria-valuenow="900"
                max="2000"
                value="900"
              />
            </div>
          </div>
          <div
            class="execution-review stack"
          >
            <div
              aria-label="执行审阅"
              class="execution-review-tabs"
              role="tablist"
            >
              <button
                aria-controls="execution-execution-recovery-timeline"
                aria-selected="true"
                id="execution-execution-recovery-timeline-tab"
                role="tab"
                tabindex="0"
                type="button"
              >
                时间线
              </button>
              <button
                aria-controls="execution-execution-recovery-validation"
                aria-selected="false"
                id="execution-execution-recovery-validation-tab"
                role="tab"
                tabindex="-1"
                type="button"
              >
                验证
              </button>
              <button
                aria-controls="execution-execution-recovery-changes"
                aria-selected="false"
                id="execution-execution-recovery-changes-tab"
                role="tab"
                tabindex="-1"
                type="button"
              >
                变更
              </button>
            </div>
            <section
              aria-labelledby="execution-execution-recovery-timeline-tab"
              id="execution-execution-recovery-timeline"
              role="tabpanel"
            >
              <h4
                tabindex="-1"
              >
                时间线（
                1
                ）
              </h4>
            </section>
          </div>
          <div
            class="execution-card-controls"
          >
            <button
              style="min-height: var(--control-min);"
              type="button"
            >
              刷新·
              Recover workspace
            </button>
          </div>
        </section>
      </div>
    </section>
  </div>
</body>
 ❯ tests/execution-recovery-ui.test.tsx:227:73
    225|         expect(await screen.findByRole("button", { name: focusName }))…
    226|       } else {
    227|         expect(await screen.findByRole("heading", { name: focusName })…
       |                                                                         ^
    228|       }
    229|       if (action === "abandon") {

⎯⎯⎯⎯⎯⎯⎯⎯⎯⎯⎯⎯⎯⎯⎯⎯⎯⎯⎯⎯⎯⎯⎯⎯[1/1]⎯


 Test Files  1 failed | 1 passed (2)
      Tests  1 failed | 6 passed (7)
   Start at  22:35:36
   Duration  4.11s (transform 354ms, setup 941ms, import 984ms, tests 1.47s, environment 3.85s)

# exit: 1
