# hf-gate-run
# label: t32-green
# command: npm.cmd run smoke:execution
# started: 2026-07-30T15:14:56+00:00

> collaboration-cockpit@0.1.0 smoke:execution
> node tests/execution-browser-smoke.mjs

(node:13924) ExperimentalWarning: SQLite is an experimental feature and might change at any time
(Use `node --trace-warnings ...` to show where the warning was created)
file:///D:/cool-ai/tests/execution-browser-smoke.mjs:814
    throw new Error(
          ^

Error: Timed out waiting for two start contracts.
DOM: 选择并执行
Implement Beta file
Implement Alpha file
开始执行所选任务

Implement Alpha file：服务暂时出现问题，请稍后重试。

重试 Implement Alpha file

Implement Beta file：服务暂时出现问题，请稍后重试。

重试 Implement Beta file
API: {"pendingDecision":null,"projectMessagesPage":{"items":[],"nextAfter":null},"readiness":{"missing":[],"ready":true},"run":{"id":"7073ef52-38aa-412f-bc03-b2647ae5e587","projectId":"f2c8093f-9a8d-46f9-bb7f-5ba8ddc53694","status":"planned","currentAgentId":"79901cbc-582d-41ff-ab36-eb8630cbf956","roundCount":2,"pauseCategory":null,"version":1,"createdAt":"2026-07-30T15:15:21.004Z","updatedAt":"2026-07-30T15:15:21.004Z"},"timelinePage":{"items":[],"nextAfter":null},"usage":{"byAgent":[],"completionTokens":0,"promptTokens":0,"repairCalls":0,"totalTokens":0,"unreportedCalls":0}}
{"pendingDecision":null,"projectMessagesPage":{"items":[],"nextAfter":null},"readiness":{"missing":[],"ready":true},"run":{"id":"7073ef52-38aa-412f-bc03-b2647ae5e587","projectId":"f2c8093f-9a8d-46f9-bb7f-5ba8ddc53694","status":"planned","currentAgentId":"79901cbc-582d-41ff-ab36-eb8630cbf956","roundCount":2,"pauseCategory":null,"version":1,"createdAt":"2026-07-30T15:15:21.004Z","updatedAt":"2026-07-30T15:15:21.004Z"},"timelinePage":{"items":[],"nextAfter":null},"usage":{"byAgent":[],"completionTokens":0,"promptTokens":0,"repairCalls":0,"totalTokens":0,"unreportedCalls":0}}
{"pendingDecision":null,"projectMessagesPage":{"items":[],"nextAfter":null},"readiness":{"missing":[],"ready":true},"run":{"id":"7073ef52-38aa-412f-bc03-b2647ae5e587","projectId":"f2c8093f-9a8d-46f9-bb7f-5ba8ddc53694","status":"planned","currentAgentId":"79901cbc-582d-41ff-ab36-eb8630cbf956","roundCount":2,"pauseCategory":null,"version":1,"createdAt":"2026-07-30T15:15:21.004Z","updatedAt":"2026-07-30T15:15:21.004Z"},"timelinePage":{"items":[],"nextAfter":null},"usage":{"byAgent":[],"completionTokens":0,"promptTokens":0,"repairCalls":0,"totalTokens":0,"unreportedCalls":0}}
{"pendingDecision":null,"projectMessagesPage":{"items":[],"nextAfter":null},"readiness":{"missing":[],"ready":true},"run":{"id":"7073ef52-38aa-412f-bc03-b2647ae5e587","projectId":"f2c8093f-9a8d-46f9-bb7f-5ba8ddc53694","status":"planned","currentAgentId":"79901cbc-582d-41ff-ab36-eb8630cbf956","roundCount":2,"pauseCategory":null,"version":1,"createdAt":"2026-07-30T15:15:21.004Z","updatedAt":"2026-07-30T15:15:21.004Z"},"timelinePage":{"items":[],"nextAfter":null},"usage":{"byAgent":[],"completionTokens":0,"promptTokens":0,"repairCalls":0,"totalTokens":0,"unreportedCalls":0}}
{"pendingDecision":null,"projectMessagesPage":{"items":[],"nextAfter":null},"readiness":{"missing":[],"ready":true},"run":{"id":"7073ef52-38aa-412f-bc03-b2647ae5e587","projectId":"f2c8093f-9a8d-46f9-bb7f-5ba8ddc53694","status":"planned","currentAgentId":"79901cbc-582d-41ff-ab36-eb8630cbf956","roundCount":2,"pauseCategory":null,"version":1,"createdAt":"2026-07-30T15:15:21.004Z","updatedAt":"2026-07-30T15:15:21.004Z"},"timelinePage":{"items":[],"nextAfter":null},"usage":{"byAgent":[],"completionTokens":0,"promptTokens":0,"repairCalls":0,"totalTokens":0,"unreportedCalls":0}}
{"pendingDecision":null,"projectMessagesPage":{"items":[],"nextAfter":null},"readiness":{"missing":[],"ready":true},"run":{"id":"7073ef52-38aa-412f-bc03-b2647ae5e587","projectId":"f2c8093f-9a8d-46f9-bb7f-5ba8ddc53694","status":"planned","currentAgentId":"79901cbc-582d-41ff-ab36-eb8630cbf956","roundCount":2,"pauseCategory":null,"version":1,"createdAt":"2026-07-30T15:15:21.004Z","updatedAt":"2026-07-30T15:15:21.004Z"},"timelinePage":{"items":[],"nextAfter":null},"usage":{"byAgent":[],"completionTokens":0,"promptTokens":0,"repairCalls":0,"totalTokens":0,"unreportedCalls":0}}
{"pendingDecision":null,"projectMessagesPage":{"items":[],"nextAfter":null},"readiness":{"missing":[],"ready":true},"run":{"id":"7073ef52-38aa-412f-bc03-b2647ae5e587","projectId":"f2c8093f-9a8d-46f9-bb7f-5ba8ddc53694","status":"planned","currentAgentId":"79901cbc-582d-41ff-ab36-eb8630cbf956","roundCount":2,"pauseCategory":null,"version":1,"createdAt":"2026-07-30T15:15:21.004Z","updatedAt":"2026-07-30T15:15:21.004Z"},"timelinePage":{"items":[],"nextAfter":null},"usage":{"byAgent":[],"completionTokens":0,"promptTokens":0,"repairCalls":0,"totalTokens":0,"unreportedCalls":0}}
{"pendingDecision":null,"projectMessagesPage":{"items":[],"nextAfter":null},"readiness":{"missing":[],"ready":true},"run":{"id":"7073ef52-38aa-412f-bc03-b2647ae5e587","projectId":"f2c8093f-9a8d-46f9-bb7f-5ba8ddc53694","status":"planned","currentAgentId":"79901cbc-582d-41ff-ab36-eb8630cbf956","roundCount":2,"pauseCategory":null,"version":1,"createdAt":"2026-07-30T15:15:21.004Z","updatedAt":"2026-07-30T15:15:21.004Z"},"timelinePage":{"items":[],"nextAfter":null},"usage":{"byAgent":[],"completionTokens":0,"promptTokens":0,"repairCalls":0,"totalTokens":0,"unreportedCalls":0}}
    at file:///D:/cool-ai/tests/execution-browser-smoke.mjs:814:11

Node.js v24.14.0
# exit: 1
