# hf-gate-run
# label: t32-green
# command: npm.cmd run smoke:execution
# started: 2026-07-30T16:13:38+00:00

> collaboration-cockpit@0.1.0 smoke:execution
> node tests/execution-browser-smoke.mjs

(node:15344) ExperimentalWarning: SQLite is an experimental feature and might change at any time
(Use `node --trace-warnings ...` to show where the warning was created)
node:fs:1221
  return binding.rmSync(getValidatedPath(path), opts.maxRetries, opts.recursive, opts.retryDelay);
                 ^

Error: ENOTEMPTY, Directory not empty: \\?\D:\cool-ai\.next '\\?\D:\cool-ai\.next'
    at rmSync (node:fs:1221:18)
    at file:///D:/cool-ai/tests/execution-browser-smoke.mjs:985:3
    at process.processTicksAndRejections (node:internal/process/task_queues:104:5) {
  errno: 41,
  code: 'ENOTEMPTY',
  path: '\\\\?\\D:\\cool-ai\\.next',
  syscall: 'rm'
}

Node.js v24.14.0
# exit: 1
