# hf-gate-run
# label: t32-green
# command: npm.cmd run smoke:execution
# started: 2026-07-30T16:06:50+00:00

> collaboration-cockpit@0.1.0 smoke:execution
> node tests/execution-browser-smoke.mjs

(node:7348) ExperimentalWarning: SQLite is an experimental feature and might change at any time
(Use `node --trace-warnings ...` to show where the warning was created)
node:internal/modules/run_main:107
    triggerUncaughtException(
    ^

locator.waitFor: Timeout 60000ms exceeded.
Call log:
  - waiting for getByRole('heading', { name: '选择并执行' }) to be visible
    - waiting for "http://127.0.0.1:18548/" navigation to finish...
    - navigated to "http://127.0.0.1:18548/"

    at openRunTab (D:\cool-ai\tests\execution-browser-smoke.mjs:851:17)
    at D:\cool-ai\tests\execution-browser-smoke.mjs:983:9 {
  log: [
    "  - waiting for getByRole('heading', { name: '选择并执行' }) to be visible",
    '    - waiting for "http://127.0.0.1:18548/" navigation to finish...',
    '    - navigated to "http://127.0.0.1:18548/"'
  ],
  name: 'TimeoutError'
}

Node.js v24.14.0
# exit: 1
