# hf-gate-run
# label: t32-green
# command: npm.cmd run smoke:execution
# started: 2026-07-30T16:11:35+00:00

> collaboration-cockpit@0.1.0 smoke:execution
> node tests/execution-browser-smoke.mjs

(node:4460) ExperimentalWarning: SQLite is an experimental feature and might change at any time
(Use `node --trace-warnings ...` to show where the warning was created)
<anonymous_script>:2
              <pre>missing required error components, refreshing...</pre>
              ^

SyntaxError: Unexpected token '<', ..."          <pre>missi"... is not valid JSON
    at JSON.parse (<anonymous>)
    at APIResponse.json (D:\cool-ai\node_modules\playwright-core\lib\coreBundle.js:59078:21)
    at async file:///D:/cool-ai/tests/execution-browser-smoke.mjs:1110:18
    at async Promise.all (index 1)
    at async RouteHandler._handleInternal (D:\cool-ai\node_modules\playwright-core\lib\coreBundle.js:59784:27)
    at async RouteHandler._handleImpl (D:\cool-ai\node_modules\playwright-core\lib\coreBundle.js:59753:18)
    at async RouteHandler.handle (D:\cool-ai\node_modules\playwright-core\lib\coreBundle.js:59747:16)
    at async _Page._onRoute (D:\cool-ai\node_modules\playwright-core\lib\coreBundle.js:61037:27)

Node.js v24.14.0
# exit: 1
