# hf-gate-run
# label: t32-green
# command: npm.cmd run smoke:execution
# started: 2026-07-30T15:27:52+00:00

> collaboration-cockpit@0.1.0 smoke:execution
> node tests/execution-browser-smoke.mjs

(node:5972) ExperimentalWarning: SQLite is an experimental feature and might change at any time
(Use `node --trace-warnings ...` to show where the warning was created)
file:///D:/cool-ai/tests/execution-browser-smoke.mjs:822
    throw new Error(`${error.message}\n${await page.getByRole("heading", { name: "验证政策" })
          ^

Error: locator.click: Timeout 10000ms exceeded.
Call log:
  - waiting for getByRole('button', { name: '添加持续批准' })

持续批准（standing approval）

验证政策
刷新政策
    at saveStandingPolicy (file:///D:/cool-ai/tests/execution-browser-smoke.mjs:822:11)
    at async file:///D:/cool-ai/tests/execution-browser-smoke.mjs:940:3

Node.js v24.14.0
# exit: 1
