# hf-gate-run
# label: t32-green
# command: npm.cmd run smoke:execution
# started: 2026-07-30T15:28:22+00:00

> collaboration-cockpit@0.1.0 smoke:execution
> node tests/execution-browser-smoke.mjs

(node:15632) ExperimentalWarning: SQLite is an experimental feature and might change at any time
(Use `node --trace-warnings ...` to show where the warning was created)
file:///D:/cool-ai/tests/execution-browser-smoke.mjs:1057
    throw new Error(
          ^

Error: Timed out waiting for two start contracts.
DOM: 选择并执行
Implement Beta file
Implement Alpha file
开始执行所选任务

Implement Alpha file：服务暂时出现问题，请稍后重试。

重试 Implement Alpha file

Implement Beta file：服务暂时出现问题，请稍后重试。

重试 Implement Beta file
API: {"pendingDecision":null,"projectMessagesPage":{"items":[],"nextAfter":null},"readiness":{"missing":[],"ready":true},"run":{"id":"efaf1fe8-48b7-42b3-a5f7-a6d7090e8ef1","projectId":"9ad8bcdf-df8e-4541-b1da-458cc0c9f356","status":"planned","currentAgentId":"43f635df-32ed-4eda-a255-d1fc4b11f4e7","roundCount":2,"pauseCategory":null,"version":1,"createdAt":"2026-07-30T15:28:53.211Z","updatedAt":"2026-07-30T15:28:53.211Z"},"timelinePage":{"items":[],"nextAfter":null},"usage":{"byAgent":[],"completionTokens":0,"promptTokens":0,"repairCalls":0,"totalTokens":0,"unreportedCalls":0}}
{"pendingDecision":null,"projectMessagesPage":{"items":[],"nextAfter":null},"readiness":{"missing":[],"ready":true},"run":{"id":"efaf1fe8-48b7-42b3-a5f7-a6d7090e8ef1","projectId":"9ad8bcdf-df8e-4541-b1da-458cc0c9f356","status":"planned","currentAgentId":"43f635df-32ed-4eda-a255-d1fc4b11f4e7","roundCount":2,"pauseCategory":null,"version":1,"createdAt":"2026-07-30T15:28:53.211Z","updatedAt":"2026-07-30T15:28:53.211Z"},"timelinePage":{"items":[],"nextAfter":null},"usage":{"byAgent":[],"completionTokens":0,"promptTokens":0,"repairCalls":0,"totalTokens":0,"unreportedCalls":0}}
{"pendingDecision":null,"projectMessagesPage":{"items":[],"nextAfter":null},"readiness":{"missing":[],"ready":true},"run":{"id":"efaf1fe8-48b7-42b3-a5f7-a6d7090e8ef1","projectId":"9ad8bcdf-df8e-4541-b1da-458cc0c9f356","status":"planned","currentAgentId":"43f635df-32ed-4eda-a255-d1fc4b11f4e7","roundCount":2,"pauseCategory":null,"version":1,"createdAt":"2026-07-30T15:28:53.211Z","updatedAt":"2026-07-30T15:28:53.211Z"},"timelinePage":{"items":[],"nextAfter":null},"usage":{"byAgent":[],"completionTokens":0,"promptTokens":0,"repairCalls":0,"totalTokens":0,"unreportedCalls":0}}
{"pendingDecision":null,"projectMessagesPage":{"items":[],"nextAfter":null},"readiness":{"missing":[],"ready":true},"run":{"id":"efaf1fe8-48b7-42b3-a5f7-a6d7090e8ef1","projectId":"9ad8bcdf-df8e-4541-b1da-458cc0c9f356","status":"planned","currentAgentId":"43f635df-32ed-4eda-a255-d1fc4b11f4e7","roundCount":2,"pauseCategory":null,"version":1,"createdAt":"2026-07-30T15:28:53.211Z","updatedAt":"2026-07-30T15:28:53.211Z"},"timelinePage":{"items":[],"nextAfter":null},"usage":{"byAgent":[],"completionTokens":0,"promptTokens":0,"repairCalls":0,"totalTokens":0,"unreportedCalls":0}}
{"pendingDecision":null,"projectMessagesPage":{"items":[],"nextAfter":null},"readiness":{"missing":[],"ready":true},"run":{"id":"efaf1fe8-48b7-42b3-a5f7-a6d7090e8ef1","projectId":"9ad8bcdf-df8e-4541-b1da-458cc0c9f356","status":"planned","currentAgentId":"43f635df-32ed-4eda-a255-d1fc4b11f4e7","roundCount":2,"pauseCategory":null,"version":1,"createdAt":"2026-07-30T15:28:53.211Z","updatedAt":"2026-07-30T15:28:53.211Z"},"timelinePage":{"items":[],"nextAfter":null},"usage":{"byAgent":[],"completionTokens":0,"promptTokens":0,"repairCalls":0,"totalTokens":0,"unreportedCalls":0}}
{"pendingDecision":null,"projectMessagesPage":{"items":[],"nextAfter":null},"readiness":{"missing":[],"ready":true},"run":{"id":"efaf1fe8-48b7-42b3-a5f7-a6d7090e8ef1","projectId":"9ad8bcdf-df8e-4541-b1da-458cc0c9f356","status":"planned","currentAgentId":"43f635df-32ed-4eda-a255-d1fc4b11f4e7","roundCount":2,"pauseCategory":null,"version":1,"createdAt":"2026-07-30T15:28:53.211Z","updatedAt":"2026-07-30T15:28:53.211Z"},"timelinePage":{"items":[],"nextAfter":null},"usage":{"byAgent":[],"completionTokens":0,"promptTokens":0,"repairCalls":0,"totalTokens":0,"unreportedCalls":0}}
{"pendingDecision":null,"projectMessagesPage":{"items":[],"nextAfter":null},"readiness":{"missing":[],"ready":true},"run":{"id":"efaf1fe8-48b7-42b3-a5f7-a6d7090e8ef1","projectId":"9ad8bcdf-df8e-4541-b1da-458cc0c9f356","status":"planned","currentAgentId":"43f635df-32ed-4eda-a255-d1fc4b11f4e7","roundCount":2,"pauseCategory":null,"version":1,"createdAt":"2026-07-30T15:28:53.211Z","updatedAt":"2026-07-30T15:28:53.211Z"},"timelinePage":{"items":[],"nextAfter":null},"usage":{"byAgent":[],"completionTokens":0,"promptTokens":0,"repairCalls":0,"totalTokens":0,"unreportedCalls":0}}
{"pendingDecision":null,"projectMessagesPage":{"items":[],"nextAfter":null},"readiness":{"missing":[],"ready":true},"run":{"id":"efaf1fe8-48b7-42b3-a5f7-a6d7090e8ef1","projectId":"9ad8bcdf-df8e-4541-b1da-458cc0c9f356","status":"planned","currentAgentId":"43f635df-32ed-4eda-a255-d1fc4b11f4e7","roundCount":2,"pauseCategory":null,"version":1,"createdAt":"2026-07-30T15:28:53.211Z","updatedAt":"2026-07-30T15:28:53.211Z"},"timelinePage":{"items":[],"nextAfter":null},"usage":{"byAgent":[],"completionTokens":0,"promptTokens":0,"repairCalls":0,"totalTokens":0,"unreportedCalls":0}}
    at file:///D:/cool-ai/tests/execution-browser-smoke.mjs:1057:11

Node.js v24.14.0
# exit: 1
