# hf-gate-run
# label: t32-green
# command: npm.cmd run smoke:execution
# started: 2026-07-30T15:53:59+00:00

> collaboration-cockpit@0.1.0 smoke:execution
> node tests/execution-browser-smoke.mjs

(node:12064) ExperimentalWarning: SQLite is an experimental feature and might change at any time
(Use `node --trace-warnings ...` to show where the warning was created)
node:internal/modules/run_main:107
    triggerUncaughtException(
    ^

AssertionError [ERR_ASSERTION]: Execution smoke production build failed.

> collaboration-cockpit@0.1.0 build
> next build --webpack

  Skipping creating a lockfile at D:\cool-ai\.next\lock because we're using WASM bindings
▲ Next.js 16.2.12 (webpack)

  Creating an optimized production build ...
✓ Compiled successfully in 4.1s
  Running TypeScript ...
  Finished TypeScript in 19.5s ...
  Collecting page data using 7 workers ...
  Generating static pages using 7 workers (0/10) ...
  Generating static pages using 7 workers (2/10) 

  Generating static pages using 7 workers (4/10) 

  Generating static pages using 7 workers (7/10) 

✓ Generating static pages using 7 workers (10/10) in 1264ms
  Finalizing page optimization ...
  Collecting build traces ...

⚠ Attempted to load @next/swc-win32-x64-msvc, but an error occurred: \\?\D:\cool-ai\node_modules\@next\swc-win32-x64-msvc\next-swc.win32-x64-msvc.node is not a valid Win32 application.

\\?\D:\cool-ai\node_modules\@next\swc-win32-x64-msvc\next-swc.win32-x64-msvc.node
⚠ Attempted to load @next/swc-win32-x64-msvc, but an error occurred: \\?\D:\cool-ai\node_modules\@next\swc-win32-x64-msvc\next-swc.win32-x64-msvc.node is not a valid Win32 application.

\\?\D:\cool-ai\node_modules\@next\swc-win32-x64-msvc\next-swc.win32-x64-msvc.node
⚠ Attempted to load @next/swc-win32-x64-msvc, but an error occurred: \\?\D:\cool-ai\node_modules\@next\swc-win32-x64-msvc\next-swc.win32-x64-msvc.node is not a valid Win32 application.

\\?\D:\cool-ai\node_modules\@next\swc-win32-x64-msvc\next-swc.win32-x64-msvc.node
⚠ Attempted to load @next/swc-win32-x64-msvc, but an error occurred: \\?\D:\cool-ai\node_modules\@next\swc-win32-x64-msvc\next-swc.win32-x64-msvc.node is not a valid Win32 application.

\\?\D:\cool-ai\node_modules\@next\swc-win32-x64-msvc\next-swc.win32-x64-msvc.node
⚠ Attempted to load @next/swc-win32-x64-msvc, but an error occurred: \\?\D:\cool-ai\node_modules\@next\swc-win32-x64-msvc\next-swc.win32-x64-msvc.node is not a valid Win32 application.

\\?\D:\cool-ai\node_modules\@next\swc-win32-x64-msvc\next-swc.win32-x64-msvc.node
(node:10128) ExperimentalWarning: SQLite is an experimental feature and might change at any time
(Use `node --trace-warnings ...` to show where the warning was created)
(node:14592) ExperimentalWarning: SQLite is an experimental feature and might change at any time
(Use `node --trace-warnings ...` to show where the warning was created)
(node:15852) ExperimentalWarning: SQLite is an experimental feature and might change at any time
(Use `node --trace-warnings ...` to show where the warning was created)
(node:3672) ExperimentalWarning: SQLite is an experimental feature and might change at any time
(Use `node --trace-warnings ...` to show where the warning was created)
(node:10552) ExperimentalWarning: SQLite is an experimental feature and might change at any time
(Use `node --trace-warnings ...` to show where the warning was created)
(node:2808) ExperimentalWarning: SQLite is an experimental feature and might change at any time
(Use `node --trace-warnings ...` to show where the warning was created)
(node:11624) ExperimentalWarning: SQLite is an experimental feature and might change at any time
(Use `node --trace-warnings ...` to show where the warning was created)
⚠ Attempted to load @next/swc-win32-x64-msvc, but an error occurred: \\?\D:\cool-ai\node_modules\@next\swc-win32-x64-msvc\next-swc.win32-x64-msvc.node is not a valid Win32 application.

\\?\D:\cool-ai\node_modules\@next\swc-win32-x64-msvc\next-swc.win32-x64-msvc.node
Error: ENOENT: no such file or directory, open 'D:\cool-ai\.next\server\app\_not-found\page.js.nft.json'
    at ignore-listed frames {
  errno: -4058,
  code: 'ENOENT',
  syscall: 'open',
  path: 'D:\\cool-ai\\.next\\server\\app\\_not-found\\page.js.nft.json'
}

> Build error occurred
Error: ENOENT: no such file or directory, open 'D:\cool-ai\.next\server\app\_not-found\page.js.nft.json'
    at ignore-listed frames {
  errno: -4058,
  code: 'ENOENT',
  syscall: 'open',
  path: 'D:\\cool-ai\\.next\\server\\app\\_not-found\\page.js.nft.json'
}


1 !== 0

    at file:///D:/cool-ai/tests/execution-browser-smoke.mjs:183:8
    at ModuleJob.run (node:internal/modules/esm/module_job:430:25)
    at process.processTicksAndRejections (node:internal/process/task_queues:104:5)
    at async onImport.tracePromise.__proto__ (node:internal/modules/esm/loader:661:26)
    at async asyncRunEntryPointWithESMLoader (node:internal/modules/run_main:101:5) {
  generatedMessage: false,
  code: 'ERR_ASSERTION',
  actual: 1,
  expected: 0,
  operator: 'strictEqual',
  diff: 'simple'
}

Node.js v24.14.0
# exit: 1
