# hf-gate-run
# label: t32-red
# command: npm.cmd test -- tests/execution-orchestrator.test.ts
# started: 2026-07-31T15:25:50+00:00

> collaboration-cockpit@0.1.0 test
> vitest run tests/execution-orchestrator.test.ts


 RUN  v4.1.10 D:/cool-ai

(node:11472) ExperimentalWarning: SQLite is an experimental feature and might change at any time
(Use `node --trace-warnings ...` to show where the warning was created)
 ❯ tests/execution-orchestrator.test.ts (9 tests | 3 failed) 5329ms
     × reconciles a crash at before_call_terminal_update and retries with a new call only 437ms
     × reconciles a crash at after_call_terminal_update and retries with a new call only 426ms
     × reconciles a crash at after_call_terminal_commit and retries with a new call only 419ms

⎯⎯⎯⎯⎯⎯⎯ Failed Tests 3 ⎯⎯⎯⎯⎯⎯⎯

 FAIL  tests/execution-orchestrator.test.ts > client-driven execution advance orchestration > reconciles a crash at before_call_terminal_update and retries with a new call only
AssertionError: promise resolved "{ body: { …(4) }, status: 200 }" instead of rejecting

- Expected
+ Received

- Error {
-   "message": "rejected promise",
+ {
+   "body": {
+     "actionResult": {
+       "kind": "model",
+       "status": "succeeded",
+       "summary": "Visible summary",
+     },
+     "attempt": {
+       "attemptNo": 1,
+       "id": "attempt-a",
+       "status": "acting",
+     },
+     "execution": {
+       "agent": {
+         "accentToken": "sage",
+         "avatarText": "A",
+         "id": "agent-a",
+         "name": "Agent A",
+       },
+       "attemptNo": 1,
+       "businessDeadlineAt": "2026-07-31T15:40:56.365Z",
+       "businessRounds": 1,
+       "createdAt": "2026-07-31T15:25:56.250Z",
+       "currentAction": {
+         "actionIndex": null,
+         "kind": null,
+         "lastHeartbeatAt": null,
+         "overallDeadlineAt": null,
+         "startedAt": null,
+       },
+       "firstRunningAt": "2026-07-31T15:25:56.365Z",
+       "id": "execution-a",
+       "limits": {
+         "businessClockStarts": "first_running",
+         "businessRounds": 20,
+         "businessWallClockSeconds": 900,
+         "commandSeconds": 120,
+         "sandboxBuildSeconds": 900,
+         "toolCalls": 40,
+       },
+       "manualRecoveryRequired": false,
+       "mergedAt": null,
+       "projectId": "orchestrator-project",
+       "reasonCode": null,
+       "resumeTarget": null,
+       "sourceCollaborationRunId": "run",
+       "status": "running",
+       "toolCalls": 0,
+       "updatedAt": "2026-07-31T15:25:56.416Z",
+       "usage": {
+         "completionTokens": 3,
+         "maxTokens": 100000,
+         "promptTokens": 7,
+         "totalTokens": 10,
+       },
+       "version": 3,
+       "workItem": {
+         "id": "work-a",
+         "title": "Work A",
+       },
+     },
+     "newEvents": [],
+   },
+   "status": 200,
  }

 ❯ tests/execution-orchestrator.test.ts:440:9
    438|           },
    439|         },
    440|       )).rejects.toBe(fault);
       |         ^
    441|       expect(provider.requestCount()).toBe(1);
    442|       expect(modelFacts()).toEqual([expect.objectContaining({

⎯⎯⎯⎯⎯⎯⎯⎯⎯⎯⎯⎯⎯⎯⎯⎯⎯⎯⎯⎯⎯⎯⎯⎯[1/3]⎯

 FAIL  tests/execution-orchestrator.test.ts > client-driven execution advance orchestration > reconciles a crash at after_call_terminal_update and retries with a new call only
AssertionError: promise resolved "{ body: { …(4) }, status: 200 }" instead of rejecting

- Expected
+ Received

- Error {
-   "message": "rejected promise",
+ {
+   "body": {
+     "actionResult": {
+       "kind": "model",
+       "status": "succeeded",
+       "summary": "Visible summary",
+     },
+     "attempt": {
+       "attemptNo": 1,
+       "id": "attempt-a",
+       "status": "acting",
+     },
+     "execution": {
+       "agent": {
+         "accentToken": "sage",
+         "avatarText": "A",
+         "id": "agent-a",
+         "name": "Agent A",
+       },
+       "attemptNo": 1,
+       "businessDeadlineAt": "2026-07-31T15:40:56.795Z",
+       "businessRounds": 1,
+       "createdAt": "2026-07-31T15:25:56.688Z",
+       "currentAction": {
+         "actionIndex": null,
+         "kind": null,
+         "lastHeartbeatAt": null,
+         "overallDeadlineAt": null,
+         "startedAt": null,
+       },
+       "firstRunningAt": "2026-07-31T15:25:56.795Z",
+       "id": "execution-a",
+       "limits": {
+         "businessClockStarts": "first_running",
+         "businessRounds": 20,
+         "businessWallClockSeconds": 900,
+         "commandSeconds": 120,
+         "sandboxBuildSeconds": 900,
+         "toolCalls": 40,
+       },
+       "manualRecoveryRequired": false,
+       "mergedAt": null,
+       "projectId": "orchestrator-project",
+       "reasonCode": null,
+       "resumeTarget": null,
+       "sourceCollaborationRunId": "run",
+       "status": "running",
+       "toolCalls": 0,
+       "updatedAt": "2026-07-31T15:25:56.844Z",
+       "usage": {
+         "completionTokens": 3,
+         "maxTokens": 100000,
+         "promptTokens": 7,
+         "totalTokens": 10,
+       },
+       "version": 3,
+       "workItem": {
+         "id": "work-a",
+         "title": "Work A",
+       },
+     },
+     "newEvents": [],
+   },
+   "status": 200,
  }

 ❯ tests/execution-orchestrator.test.ts:440:9
    438|           },
    439|         },
    440|       )).rejects.toBe(fault);
       |         ^
    441|       expect(provider.requestCount()).toBe(1);
    442|       expect(modelFacts()).toEqual([expect.objectContaining({

⎯⎯⎯⎯⎯⎯⎯⎯⎯⎯⎯⎯⎯⎯⎯⎯⎯⎯⎯⎯⎯⎯⎯⎯[2/3]⎯

 FAIL  tests/execution-orchestrator.test.ts > client-driven execution advance orchestration > reconciles a crash at after_call_terminal_commit and retries with a new call only
AssertionError: promise resolved "{ body: { …(4) }, status: 200 }" instead of rejecting

- Expected
+ Received

- Error {
-   "message": "rejected promise",
+ {
+   "body": {
+     "actionResult": {
+       "kind": "model",
+       "status": "succeeded",
+       "summary": "Visible summary",
+     },
+     "attempt": {
+       "attemptNo": 1,
+       "id": "attempt-a",
+       "status": "acting",
+     },
+     "execution": {
+       "agent": {
+         "accentToken": "sage",
+         "avatarText": "A",
+         "id": "agent-a",
+         "name": "Agent A",
+       },
+       "attemptNo": 1,
+       "businessDeadlineAt": "2026-07-31T15:40:57.225Z",
+       "businessRounds": 1,
+       "createdAt": "2026-07-31T15:25:57.117Z",
+       "currentAction": {
+         "actionIndex": null,
+         "kind": null,
+         "lastHeartbeatAt": null,
+         "overallDeadlineAt": null,
+         "startedAt": null,
+       },
+       "firstRunningAt": "2026-07-31T15:25:57.225Z",
+       "id": "execution-a",
+       "limits": {
+         "businessClockStarts": "first_running",
+         "businessRounds": 20,
+         "businessWallClockSeconds": 900,
+         "commandSeconds": 120,
+         "sandboxBuildSeconds": 900,
+         "toolCalls": 40,
+       },
+       "manualRecoveryRequired": false,
+       "mergedAt": null,
+       "projectId": "orchestrator-project",
+       "reasonCode": null,
+       "resumeTarget": null,
+       "sourceCollaborationRunId": "run",
+       "status": "running",
+       "toolCalls": 0,
+       "updatedAt": "2026-07-31T15:25:57.272Z",
+       "usage": {
+         "completionTokens": 3,
+         "maxTokens": 100000,
+         "promptTokens": 7,
+         "totalTokens": 10,
+       },
+       "version": 3,
+       "workItem": {
+         "id": "work-a",
+         "title": "Work A",
+       },
+     },
+     "newEvents": [],
+   },
+   "status": 200,
  }

 ❯ tests/execution-orchestrator.test.ts:440:9
    438|           },
    439|         },
    440|       )).rejects.toBe(fault);
       |         ^
    441|       expect(provider.requestCount()).toBe(1);
    442|       expect(modelFacts()).toEqual([expect.objectContaining({

⎯⎯⎯⎯⎯⎯⎯⎯⎯⎯⎯⎯⎯⎯⎯⎯⎯⎯⎯⎯⎯⎯⎯⎯[3/3]⎯


 Test Files  1 failed (1)
      Tests  3 failed | 6 passed (9)
   Start at  23:25:51
   Duration  8.24s (transform 390ms, setup 430ms, import 372ms, tests 5.33s, environment 1.83s)

# exit: 1
