# hf-gate-run
# label: t32-green
# command: npm.cmd run smoke:execution
# started: 2026-07-30T15:34:22+00:00

> collaboration-cockpit@0.1.0 smoke:execution
> node tests/execution-browser-smoke.mjs

(node:17404) ExperimentalWarning: SQLite is an experimental feature and might change at any time
(Use `node --trace-warnings ...` to show where the warning was created)
node:internal/modules/run_main:107
    triggerUncaughtException(
    ^

AssertionError [ERR_ASSERTION]: Expected values to be strictly equal:

409 !== 200

    at file:///D:/cool-ai/tests/execution-browser-smoke.mjs:1107:10 {
  generatedMessage: true,
  code: 'ERR_ASSERTION',
  actual: 409,
  expected: 200,
  operator: 'strictEqual',
  diff: 'simple'
}

Node.js v24.14.0
# exit: 1
