# hf-gate-run
# label: t32-green
# command: npm.cmd run smoke:execution
# started: 2026-07-30T15:38:18+00:00

> collaboration-cockpit@0.1.0 smoke:execution
> node tests/execution-browser-smoke.mjs

(node:3312) ExperimentalWarning: SQLite is an experimental feature and might change at any time
(Use `node --trace-warnings ...` to show where the warning was created)
node:internal/modules/run_main:107
    triggerUncaughtException(
    ^

locator.waitFor: Timeout 60000ms exceeded.
Call log:
  - waiting for getByText('已验证模型 execution-model', { exact: true }) to be visible
    - waiting for "http://127.0.0.1:11444/team" navigation to finish...
    - navigated to "http://127.0.0.1:11444/team"

    at createTeam (D:\cool-ai\tests\execution-browser-smoke.mjs:776:66)
    at async file:///D:/cool-ai/tests/execution-browser-smoke.mjs:936:3 {
  log: [
    "  - waiting for getByText('已验证模型 execution-model', { exact: true }) to be visible",
    '    - waiting for "http://127.0.0.1:11444/team" navigation to finish...',
    '    - navigated to "http://127.0.0.1:11444/team"'
  ],
  name: 'TimeoutError'
}

Node.js v24.14.0
# exit: 1
