# hf-gate-run
# label: t32-green
# command: npm.cmd run smoke:execution
# started: 2026-07-30T16:09:11+00:00

> collaboration-cockpit@0.1.0 smoke:execution
> node tests/execution-browser-smoke.mjs

(node:16408) ExperimentalWarning: SQLite is an experimental feature and might change at any time
(Use `node --trace-warnings ...` to show where the warning was created)
node:internal/modules/run_main:107
    triggerUncaughtException(
    ^

locator.waitFor: Timeout 60000ms exceeded.
Call log:
  - waiting for getByRole('tab', { name: '运行详情' }) to be visible

    at openRunTab (D:\cool-ai\tests\execution-browser-smoke.mjs:853:16)
    at async file:///D:/cool-ai/tests/execution-browser-smoke.mjs:994:3 {
  log: [
    "  - waiting for getByRole('tab', { name: '运行详情' }) to be visible"
  ],
  name: 'TimeoutError'
}

Node.js v24.14.0
# exit: 1
