# hf-gate-run
# label: t32-green
# command: npm.cmd run smoke:execution
# started: 2026-07-30T15:14:12+00:00

> collaboration-cockpit@0.1.0 smoke:execution
> node tests/execution-browser-smoke.mjs

(node:3788) ExperimentalWarning: SQLite is an experimental feature and might change at any time
(Use `node --trace-warnings ...` to show where the warning was created)
file:///D:/cool-ai/tests/execution-browser-smoke.mjs:211
      throw new Error(`Execution app exited before readiness.\n${serverOutput}`);
            ^

Error: Execution app exited before readiness.

> collaboration-cockpit@0.1.0 dev
> next dev --webpack --hostname 127.0.0.1 --port 6188

⨯ Failed to start server
Error: listen EADDRINUSE: address already in use 127.0.0.1:6188
    at <unknown> (Error: listen EADDRINUSE: address already in use 127.0.0.1:6188) {
  code: 'EADDRINUSE',
  errno: -4091,
  syscall: 'listen',
  address: '127.0.0.1',
  port: 6188
}
[?25h

    at waitForApp (file:///D:/cool-ai/tests/execution-browser-smoke.mjs:211:13)
    at async file:///D:/cool-ai/tests/execution-browser-smoke.mjs:713:3

Node.js v24.14.0
# exit: 1
