# hf-gate-run
# label: t32-green
# command: npm.cmd run smoke:execution
# started: 2026-07-30T15:09:28+00:00

> collaboration-cockpit@0.1.0 smoke:execution
> node tests/execution-browser-smoke.mjs

(node:16424) ExperimentalWarning: SQLite is an experimental feature and might change at any time
(Use `node --trace-warnings ...` to show where the warning was created)
node:internal/modules/run_main:107
    triggerUncaughtException(
    ^

locator.focus: Error: strict mode violation: getByRole('checkbox', { name: 'Implement Alpha file' }) resolved to 2 elements:
    1) <input type="checkbox"/> aka getByRole('group', { name: '前置依赖' }).getByLabel('Implement Alpha file')
    2) <input type="checkbox"/> aka getByRole('region', { name: '选择并执行' }).getByLabel('Implement Alpha file')

Call log:
  - waiting for getByRole('checkbox', { name: 'Implement Alpha file' })

    at D:\cool-ai\tests\execution-browser-smoke.mjs:797:15 {
  log: [
    "  - waiting for getByRole('checkbox', { name: 'Implement Alpha file' })"
  ]
}

Node.js v24.14.0
# exit: 1
