# hf-gate-run
# label: t32-green
# command: npm.cmd run smoke:execution
# started: 2026-07-30T15:35:45+00:00

> collaboration-cockpit@0.1.0 smoke:execution
> node tests/execution-browser-smoke.mjs

(node:9292) ExperimentalWarning: SQLite is an experimental feature and might change at any time
(Use `node --trace-warnings ...` to show where the warning was created)
node:internal/modules/run_main:107
    triggerUncaughtException(
    ^

AssertionError [ERR_ASSERTION]: operation replay failed: {"execution":{"id":"5f2c6945-e47b-43be-94ea-12cd81dce6b6","projectId":"f099f843-b374-4879-8f94-7b42069dd6fd","sourceCollaborationRunId":"3db3b432-0a38-490f-87b4-eda74aeb7e83","workItem":{"id":"411fa717-d7ca-4a5c-a71e-27c413ca35c7","title":"Implement Alpha file"},"agent":{"id":"89ae0007-efb5-44ee-96af-689dca36b1e6","name":"Execution Alpha","avatarText":"甲","accentToken":"terracotta"},"status":"paused","reasonCode":"WRITE_PERMISSION_REQUIRED","resumeTarget":"running","attemptNo":1,"version":3,"businessRounds":1,"toolCalls":0,"limits":{"businessRounds":20,"toolCalls":40,"businessWallClockSeconds":900,"businessClockStarts":"first_running","sandboxBuildSeconds":900,"commandSeconds":120},"usage":{"promptTokens":11,"completionTokens":7,"totalTokens":18,"maxTokens":24000},"currentAction":{"kind":null,"actionIndex":null,"startedAt":null,"overallDeadlineAt":null,"lastHeartbeatAt":null},"manualRecoveryRequired":false,"createdAt":"2026-07-30T15:36:25.193Z","firstRunningAt":"2026-07-30T15:36:28.830Z","businessDeadlineAt":"2026-07-30T15:51:28.830Z","updatedAt":"2026-07-30T15:36:29.216Z","mergedAt":null},"attempt":{"id":"a0f61b05-c1e3-422f-ab84-b3303188f139","attemptNo":1,"status":"acting"},"actionResult":{"kind":"model","status":"failed","summary":"permission_denied"},"newEvents":[]}

409 !== 200

    at file:///D:/cool-ai/tests/execution-browser-smoke.mjs:1107:10 {
  generatedMessage: false,
  code: 'ERR_ASSERTION',
  actual: 409,
  expected: 200,
  operator: 'strictEqual',
  diff: 'simple'
}

Node.js v24.14.0
# exit: 1
