# hf-gate-run
# label: t32-green
# command: npm.cmd run smoke:execution
# started: 2026-07-30T15:29:59+00:00

> collaboration-cockpit@0.1.0 smoke:execution
> node tests/execution-browser-smoke.mjs

(node:8544) ExperimentalWarning: SQLite is an experimental feature and might change at any time
(Use `node --trace-warnings ...` to show where the warning was created)
START CONTRACT RESPONSE 500: {"error":{"code":"INTERNAL_ERROR","correlationId":"b5fd513b-cc7b-490b-8d5e-f5fe08c3a75a","message":"An unexpected error occurred."}}
START CONTRACT RESPONSE 500: {"error":{"code":"INTERNAL_ERROR","correlationId":"cdb6eb41-a463-4abf-8967-1ca75866e73a","message":"An unexpected error occurred."}}
file:///D:/cool-ai/tests/execution-browser-smoke.mjs:1062
    throw new Error(
          ^

Error: Timed out waiting for two start contracts.
DOM: 选择并执行
Implement Alpha file
Implement Beta file
开始执行所选任务

Implement Alpha file：服务暂时出现问题，请稍后重试。

重试 Implement Alpha file

Implement Beta file：服务暂时出现问题，请稍后重试。

重试 Implement Beta file
API: {"pendingDecision":null,"projectMessagesPage":{"items":[],"nextAfter":null},"readiness":{"missing":[],"ready":true},"run":{"id":"337158ad-8fff-431f-9834-4ecc96850b21","projectId":"3af0210a-fe33-4c90-9f1a-a8c600d93513","status":"planned","currentAgentId":"ce29ee76-aafa-4045-9504-b3a6305f1cbe","roundCount":2,"pauseCategory":null,"version":1,"createdAt":"2026-07-30T15:30:30.362Z","updatedAt":"2026-07-30T15:30:30.362Z"},"timelinePage":{"items":[],"nextAfter":null},"usage":{"byAgent":[],"completionTokens":0,"promptTokens":0,"repairCalls":0,"totalTokens":0,"unreportedCalls":0}}
{"pendingDecision":null,"projectMessagesPage":{"items":[],"nextAfter":null},"readiness":{"missing":[],"ready":true},"run":{"id":"337158ad-8fff-431f-9834-4ecc96850b21","projectId":"3af0210a-fe33-4c90-9f1a-a8c600d93513","status":"planned","currentAgentId":"ce29ee76-aafa-4045-9504-b3a6305f1cbe","roundCount":2,"pauseCategory":null,"version":1,"createdAt":"2026-07-30T15:30:30.362Z","updatedAt":"2026-07-30T15:30:30.362Z"},"timelinePage":{"items":[],"nextAfter":null},"usage":{"byAgent":[],"completionTokens":0,"promptTokens":0,"repairCalls":0,"totalTokens":0,"unreportedCalls":0}}
{"pendingDecision":null,"projectMessagesPage":{"items":[],"nextAfter":null},"readiness":{"missing":[],"ready":true},"run":{"id":"337158ad-8fff-431f-9834-4ecc96850b21","projectId":"3af0210a-fe33-4c90-9f1a-a8c600d93513","status":"planned","currentAgentId":"ce29ee76-aafa-4045-9504-b3a6305f1cbe","roundCount":2,"pauseCategory":null,"version":1,"createdAt":"2026-07-30T15:30:30.362Z","updatedAt":"2026-07-30T15:30:30.362Z"},"timelinePage":{"items":[],"nextAfter":null},"usage":{"byAgent":[],"completionTokens":0,"promptTokens":0,"repairCalls":0,"totalTokens":0,"unreportedCalls":0}}
{"pendingDecision":null,"projectMessagesPage":{"items":[],"nextAfter":null},"readiness":{"missing":[],"ready":true},"run":{"id":"337158ad-8fff-431f-9834-4ecc96850b21","projectId":"3af0210a-fe33-4c90-9f1a-a8c600d93513","status":"planned","currentAgentId":"ce29ee76-aafa-4045-9504-b3a6305f1cbe","roundCount":2,"pauseCategory":null,"version":1,"createdAt":"2026-07-30T15:30:30.362Z","updatedAt":"2026-07-30T15:30:30.362Z"},"timelinePage":{"items":[],"nextAfter":null},"usage":{"byAgent":[],"completionTokens":0,"promptTokens":0,"repairCalls":0,"totalTokens":0,"unreportedCalls":0}}
{"pendingDecision":null,"projectMessagesPage":{"items":[],"nextAfter":null},"readiness":{"missing":[],"ready":true},"run":{"id":"337158ad-8fff-431f-9834-4ecc96850b21","projectId":"3af0210a-fe33-4c90-9f1a-a8c600d93513","status":"planned","currentAgentId":"ce29ee76-aafa-4045-9504-b3a6305f1cbe","roundCount":2,"pauseCategory":null,"version":1,"createdAt":"2026-07-30T15:30:30.362Z","updatedAt":"2026-07-30T15:30:30.362Z"},"timelinePage":{"items":[],"nextAfter":null},"usage":{"byAgent":[],"completionTokens":0,"promptTokens":0,"repairCalls":0,"totalTokens":0,"unreportedCalls":0}}
{"pendingDecision":null,"projectMessagesPage":{"items":[],"nextAfter":null},"readiness":{"missing":[],"ready":true},"run":{"id":"337158ad-8fff-431f-9834-4ecc96850b21","projectId":"3af0210a-fe33-4c90-9f1a-a8c600d93513","status":"planned","currentAgentId":"ce29ee76-aafa-4045-9504-b3a6305f1cbe","roundCount":2,"pauseCategory":null,"version":1,"createdAt":"2026-07-30T15:30:30.362Z","updatedAt":"2026-07-30T15:30:30.362Z"},"timelinePage":{"items":[],"nextAfter":null},"usage":{"byAgent":[],"completionTokens":0,"promptTokens":0,"repairCalls":0,"totalTokens":0,"unreportedCalls":0}}
{"pendingDecision":null,"projectMessagesPage":{"items":[],"nextAfter":null},"readiness":{"missing":[],"ready":true},"run":{"id":"337158ad-8fff-431f-9834-4ecc96850b21","projectId":"3af0210a-fe33-4c90-9f1a-a8c600d93513","status":"planned","currentAgentId":"ce29ee76-aafa-4045-9504-b3a6305f1cbe","roundCount":2,"pauseCategory":null,"version":1,"createdAt":"2026-07-30T15:30:30.362Z","updatedAt":"2026-07-30T15:30:30.362Z"},"timelinePage":{"items":[],"nextAfter":null},"usage":{"byAgent":[],"completionTokens":0,"promptTokens":0,"repairCalls":0,"totalTokens":0,"unreportedCalls":0}}
<!DOCTYPE html><html><head><meta charSet="utf-8" data-next-head=""/><meta name="viewport" content="width=device-width" data-next-head=""/><style data-next-hide-fouc="true">body{display:none}</style><noscript data-next-hide-fouc="true"><style>body{display:block}</style></noscript><noscript data-n-css=""></noscript><script defer="" noModule="" src="/_next/static/chunks/polyfills.js"></script><script src="/_next/static/chunks/webpack.js" defer=""></script><script src="/_next/static/chunks/main.js" defer=""></script><script src="/_next/static/chunks/pages/_app.js" defer=""></script><script src="/_next/static/chunks/pages/_error.js" defer=""></script><script src="/_next/static/development/_buildManifest.js" defer=""></script><script src="/_next/static/development/_ssgManifest.js" defer=""></script><noscript id="__next_css__DO_NOT_USE__"></noscript></head><body><div id="__next"></div><script src="/_next/static/chunks/react-refresh.js"></script><script id="__NEXT_DATA__" type="application/json">{"props":{"pageProps":{"statusCode":500,"hostname":"127.0.0.1"}},"page":"/_error","query":{"messageAfter":"2","eventAfter":"2"},"buildId":"development","isFallback":false,"err":{"name":"Error","source":"server","message":"ENOENT: no such file or directory, open 'D:\\cool-ai\\.next\\dev\\server\\app-paths-manifest.json'","stack":"Error: ENOENT: no such file or directory, open 'D:\\cool-ai\\.next\\dev\\server\\app-paths-manifest.json'\n    at readFileSync (node:fs:440:20)\n    at loadManifest (D:\\cool-ai\\node_modules\\next\\dist\\server\\load-manifest.external.js:51:41)\n    at getMaybePagePath (D:\\cool-ai\\node_modules\\next\\dist\\server\\require.js:51:67)\n    at getPagePath (D:\\cool-ai\\node_modules\\next\\dist\\server\\require.js:92:22)\n    at requirePage (D:\\cool-ai\\node_modules\\next\\dist\\server\\require.js:99:22)\n    at loadComponentsImpl (D:\\cool-ai\\node_modules\\next\\dist\\server\\load-components.js:157:61)\n    at DevServer.findPageComponentsImpl (D:\\cool-ai\\node_modules\\next\\dist\\server\\next-server.js:837:77)\n    at D:\\cool-ai\\node_modules\\next\\dist\\server\\next-server.js:819:21\n    at D:\\cool-ai\\node_modules\\next\\dist\\server\\lib\\trace\\tracer.js:195:36\n    at NoopContextManager.with (D:\\cool-ai\\node_modules\\next\\dist\\compiled\\@opentelemetry\\api\\index.js:1:7062)\n    at ContextAPI.with (D:\\cool-ai\\node_modules\\next\\dist\\compiled\\@opentelemetry\\api\\index.js:1:518)\n    at NoopTracer.startActiveSpan (D:\\cool-ai\\node_modules\\next\\dist\\compiled\\@opentelemetry\\api\\index.js:1:18093)\n    at ProxyTracer.startActiveSpan (D:\\cool-ai\\node_modules\\next\\dist\\compiled\\@opentelemetry\\api\\index.js:1:18854)\n    at D:\\cool-ai\\node_modules\\next\\dist\\server\\lib\\trace\\tracer.js:164:103\n    at NoopContextManager.with (D:\\cool-ai\\node_modules\\next\\dist\\compiled\\@opentelemetry\\api\\index.js:1:7062)\n    at ContextAPI.with (D:\\cool-ai\\node_modules\\next\\dist\\compiled\\@opentelemetry\\api\\index.js:1:518)\n    at NextTracerImpl.trace (D:\\cool-ai\\node_modules\\next\\dist\\server\\lib\\trace\\tracer.js:164:28)\n    at DevServer.findPageComponents (D:\\cool-ai\\node_modules\\next\\dist\\server\\next-server.js:814:41)\n    at DevServer.findPageComponents (D:\\cool-ai\\node_modules\\next\\dist\\server\\dev\\next-dev-server.js:705:28)\n    at process.processTicksAndRejections (node:internal/process/task_queues:104:5)\n    at async DevServer.renderPageComponent (D:\\cool-ai\\node_modules\\next\\dist\\server\\base-server.js:1500:24)\n    at async DevServer.renderToResponseImpl (D:\\cool-ai\\node_modules\\next\\dist\\server\\base-server.js:1564:32)\n    at async DevServer.pipeImpl (D:\\cool-ai\\node_modules\\next\\dist\\server\\base-server.js:1044:25)\n    at async NextNodeServer.handleCatchallRenderRequest (D:\\cool-ai\\node_modules\\next\\dist\\server\\next-server.js:338:17)\n    at async DevServer.handleRequestImpl (D:\\cool-ai\\node_modules\\next\\dist\\server\\base-server.js:935:17)\n    at async D:\\cool-ai\\node_modules\\next\\dist\\server\\dev\\next-dev-server.js:394:20\n    at async Span.traceAsyncFn (D:\\cool-ai\\node_modules\\next\\dist\\trace\\trace.js:164:20)\n    at async DevServer.handleRequest (D:\\cool-ai\\node_modules\\next\\dist\\server\\dev\\next-dev-server.js:390:24)\n    at async invokeRender (D:\\cool-ai\\node_modules\\next\\dist\\server\\lib\\router-server.js:266:21)\n    at async handleRequest (D:\\cool-ai\\node_modules\\next\\dist\\server\\lib\\router-server.js:465:24)\n    at async requestHandlerImpl (D:\\cool-ai\\node_modules\\next\\dist\\server\\lib\\router-server.js:514:13)\n    at async Server.requestListener (D:\\cool-ai\\node_modules\\next\\dist\\server\\lib\\start-server.js:225:13)"},"gip":true,"scriptLoader":[]}</script></body></html>
SERVER: 
> collaboration-cockpit@0.1.0 dev
> next dev --webpack --hostname 127.0.0.1 --port 26822

▲ Next.js 16.2.12 (webpack)
- Local:         http://127.0.0.1:26822
- Network:       http://127.0.0.1:26822
✓ Ready in 872ms
⚠ Attempted to load @next/swc-win32-x64-msvc, but an error occurred: \\?\D:\cool-ai\node_modules\@next\swc-win32-x64-msvc\next-swc.win32-x64-msvc.node is not a valid Win32 application.

\\?\D:\cool-ai\node_modules\@next\swc-win32-x64-msvc\next-swc.win32-x64-msvc.node
  Skipping creating a lockfile at D:\cool-ai\.next\dev\lock because we're using WASM bindings

 GET / 200 in 1871ms (next.js: 1605ms, application-code: 266ms)
 GET /team 200 in 1106ms (next.js: 886ms, application-code: 220ms)
(node:2492) ExperimentalWarning: SQLite is an experimental feature and might change at any time
(Use `node --trace-warnings ...` to show where the warning was created)
 GET /api/skills 200 in 833ms (next.js: 666ms, application-code: 167ms)
 GET /api/providers 200 in 955ms (next.js: 859ms, application-code: 96ms)
 GET /api/providers 200 in 60ms (next.js: 3ms, application-code: 56ms)
 POST /api/providers/verify 200 in 740ms (next.js: 555ms, application-code: 185ms)
 POST /api/providers 201 in 82ms (next.js: 3ms, application-code: 79ms)
 GET /api/skills 200 in 76ms (next.js: 8ms, application-code: 67ms)
 GET /api/skills 200 in 74ms (next.js: 4ms, application-code: 70ms)
 POST /api/skills 201 in 74ms (next.js: 4ms, application-code: 70ms)
 POST /api/skills 201 in 78ms (next.js: 4ms, application-code: 74ms)
 GET /api/providers 200 in 805ms (next.js: 624ms, application-code: 181ms)
 GET /api/agent-templates 200 in 816ms (next.js: 636ms, application-code: 181ms)
 GET /api/agents 200 in 801ms (next.js: 621ms, application-code: 180ms)
 GET /api/skills 200 in 803ms (next.js: 623ms, application-code: 180ms)
 GET /api/providers 200 in 58ms (next.js: 3ms, application-code: 55ms)
 GET /api/agent-templates 200 in 11ms (next.js: 4ms, application-code: 7ms)
 GET /api/skills 200 in 53ms (next.js: 3ms, application-code: 50ms)
 GET /api/agents 200 in 84ms (next.js: 3ms, application-code: 81ms)
 POST /api/agents 201 in 70ms (next.js: 3ms, application-code: 67ms)
 POST /api/agents 201 in 74ms (next.js: 3ms, application-code: 71ms)
 GET / 200 in 506ms (next.js: 61ms, application-code: 445ms)
 GET /api/projects 200 in 477ms (next.js: 416ms, application-code: 61ms)
 POST /api/projects 201 in 67ms (next.js: 3ms, application-code: 64ms)
 GET /api/agents 200 in 81ms (next.js: 27ms, application-code: 54ms)
 GET /api/projects/3af0210a-fe33-4c90-9f1a-a8c600d93513/mission 200 in 3.1s (next.js: 3.0s, application-code: 88ms)
(node:13484) ExperimentalWarning: SQLite is an experimental feature and might change at any time
(Use `node --trace-warnings ...` to show where the warning was created)
 GET /api/projects/3af0210a-fe33-4c90-9f1a-a8c600d93513/workspace 200 in 3.1s (next.js: 3.1s, application-code: 57ms)
(node:15088) ExperimentalWarning: SQLite is an experimental feature and might change at any time
(Use `node --trace-warnings ...` to show where the warning was created)
 GET /api/projects/3af0210a-fe33-4c90-9f1a-a8c600d93513/memories?includeInactive=0 200 in 3.2s (next.js: 3.1s, application-code: 58ms)
 GET /api/projects/3af0210a-fe33-4c90-9f1a-a8c600d93513/collaboration 200 in 3.3s (next.js: 3.2s, application-code: 102ms)
(node:12384) ExperimentalWarning: SQLite is an experimental feature and might change at any time
(Use `node --trace-warnings ...` to show where the warning was created)
(node:15796) ExperimentalWarning: SQLite is an experimental feature and might change at any time
(Use `node --trace-warnings ...` to show where the warning was created)
 GET /api/projects/3af0210a-fe33-4c90-9f1a-a8c600d93513/members 200 in 3.3s (next.js: 3.3s, application-code: 59ms)
(node:13580) ExperimentalWarning: SQLite is an experimental feature and might change at any time
(Use `node --trace-warnings ...` to show where the warning was created)
 GET /api/projects/3af0210a-fe33-4c90-9f1a-a8c600d93513/executions 200 in 3.4s (next.js: 3.3s, application-code: 61ms)
(node:11808) ExperimentalWarning: SQLite is an experimental feature and might change at any time
(Use `node --trace-warnings ...` to show where the warning was created)
 GET /api/agents 200 in 77ms (next.js: 17ms, application-code: 60ms)
 GET /api/projects/3af0210a-fe33-4c90-9f1a-a8c600d93513/members 200 in 1676ms (next.js: 1303ms, application-code: 373ms)
 GET /api/projects/3af0210a-fe33-4c90-9f1a-a8c600d93513/collaboration 200 in 1677ms (next.js: 1305ms, application-code: 373ms)
 GET /api/projects/3af0210a-fe33-4c90-9f1a-a8c600d93513/mission 200 in 1687ms (next.js: 1315ms, application-code: 372ms)
 GET /api/projects/3af0210a-fe33-4c90-9f1a-a8c600d93513/memories?includeInactive=0 200 in 1684ms (next.js: 1313ms, application-code: 372ms)
 GET /api/projects/3af0210a-fe33-4c90-9f1a-a8c600d93513/workspace 200 in 1686ms (next.js: 1314ms, application-code: 371ms)
 GET /api/projects/3af0210a-fe33-4c90-9f1a-a8c600d93513/executions 200 in 97ms (next.js: 38ms, application-code: 59ms)
 GET /api/projects/3af0210a-fe33-4c90-9f1a-a8c600d93513/collaboration 200 in 115ms (next.js: 5ms, application-code: 111ms)
 GET /api/projects/3af0210a-fe33-4c90-9f1a-a8c600d93513/mission 200 in 97ms (next.js: 4ms, application-code: 93ms)
 GET /api/projects/3af0210a-fe33-4c90-9f1a-a8c600d93513/members 200 in 63ms (next.js: 4ms, application-code: 59ms)
 PUT /api/projects/3af0210a-fe33-4c90-9f1a-a8c600d93513/workspace 200 in 108ms (next.js: 5ms, application-code: 103ms)
 GET /api/projects/3af0210a-fe33-4c90-9f1a-a8c600d93513/collaboration 200 in 121ms (next.js: 7ms, application-code: 114ms)
 GET /api/projects/3af0210a-fe33-4c90-9f1a-a8c600d93513/members 200 in 126ms (next.js: 16ms, application-code: 110ms)
 GET /api/projects/3af0210a-fe33-4c90-9f1a-a8c600d93513/mission 200 in 120ms (next.js: 7ms, application-code: 114ms)
 PUT /api/projects/3af0210a-fe33-4c90-9f1a-a8c600d93513/members 200 in 197ms (next.js: 30ms, application-code: 167ms)
 GET /api/projects/3af0210a-fe33-4c90-9f1a-a8c600d93513/collaboration 200 in 127ms (next.js: 9ms, application-code: 119ms)
(node:852) ExperimentalWarning: SQLite is an experimental feature and might change at any time
(Use `node --trace-warnings ...` to show where the warning was created)
(node:6900) ExperimentalWarning: SQLite is an experimental feature and might change at any time
(Use `node --trace-warnings ...` to show where the warning was created)
 GET /api/projects/3af0210a-fe33-4c90-9f1a-a8c600d93513/tasks 200 in 3.3s (next.js: 3.3s, application-code: 54ms)
(node:1848) ExperimentalWarning: SQLite is an experimental feature and might change at any time
(Use `node --trace-warnings ...` to show where the warning was created)
(node:15456) ExperimentalWarning: SQLite is an experimental feature and might change at any time
(Use `node --trace-warnings ...` to show where the warning was created)
(node:5824) ExperimentalWarning: SQLite is an experimental feature and might change at any time
(Use `node --trace-warnings ...` to show where the warning was created)
(node:9304) ExperimentalWarning: SQLite is an experimental feature and might change at any time
(Use `node --trace-warnings ...` to show where the warning was created)
 POST /api/projects/3af0210a-fe33-4c90-9f1a-a8c600d93513/mission 201 in 81ms (next.js: 10ms, application-code: 72ms)
(node:15780) ExperimentalWarning: SQLite is an experimental feature and might change at any time
(Use `node --trace-warnings ...` to show where the warning was created)
 GET /api/projects 200 in 61ms (next.js: 10ms, application-code: 51ms)
 GET /api/projects/3af0210a-fe33-4c90-9f1a-a8c600d93513/mission 200 in 53ms (next.js: 3ms, application-code: 50ms)
 GET /api/agents 200 in 61ms (next.js: 9ms, application-code: 51ms)
 GET /api/projects/3af0210a-fe33-4c90-9f1a-a8c600d93513/collaboration 200 in 108ms (next.js: 9ms, application-code: 98ms)
(node:9920) ExperimentalWarning: SQLite is an experimental feature and might change at any time
(Use `node --trace-warnings ...` to show where the warning was created)
(node:12840) ExperimentalWarning: SQLite is an experimental feature and might change at any time
(Use `node --trace-warnings ...` to show where the warning was created)
 GET /api/projects/3af0210a-fe33-4c90-9f1a-a8c600d93513/collaboration 200 in 1366ms (next.js: 1176ms, application-code: 190ms)
 GET /api/projects/3af0210a-fe33-4c90-9f1a-a8c600d93513/collaboration 200 in 114ms (next.js: 3ms, application-code: 111ms)
 GET /api/projects/3af0210a-fe33-4c90-9f1a-a8c600d93513/validation-policy/revisions?limit=20 200 in 3.1s (next.js: 3.1s, application-code: 52ms)
(node:16740) ExperimentalWarning: SQLite is an experimental feature and might change at any time
(Use `node --trace-warnings ...` to show where the warning was created)
 GET /api/projects/3af0210a-fe33-4c90-9f1a-a8c600d93513/validation-policy/revisions?limit=20 200 in 67ms (next.js: 9ms, application-code: 57ms)
(node:6272) ExperimentalWarning: SQLite is an experimental feature and might change at any time
(Use `node --trace-warnings ...` to show where the warning was created)
 GET /api/projects/3af0210a-fe33-4c90-9f1a-a8c600d93513/validation-policy 200 in 3.3s (next.js: 3.2s, application-code: 54ms)
(node:1260) ExperimentalWarning: SQLite is an experimental feature and might change at any time
(Use `node --trace-warnings ...` to show where the warning was created)
 GET /api/projects/3af0210a-fe33-4c90-9f1a-a8c600d93513/validation-policy 200 in 67ms (next.js: 9ms, application-code: 58ms)
 PUT /api/projects/3af0210a-fe33-4c90-9f1a-a8c600d93513/validation-policy 200 in 81ms (next.js: 3ms, application-code: 78ms)
 GET /api/projects/3af0210a-fe33-4c90-9f1a-a8c600d93513/collaboration 503 in 21ms (next.js: 10ms, application-code: 11ms)
(node:11252) ExperimentalWarning: SQLite is an experimental feature and might change at any time
(Use `node --trace-warnings ...` to show where the warning was created)
(node:1276) ExperimentalWarning: SQLite is an experimental feature and might change at any time
(Use `node --trace-warnings ...` to show where the warning was created)
 GET / 200 in 384ms (next.js: 105ms, application-code: 279ms)
(node:11188) ExperimentalWarning: SQLite is an experimental feature and might change at any time
(Use `node --trace-warnings ...` to show where the warning was created)
 GET /api/projects 200 in 62ms (next.js: 6ms, application-code: 56ms)
 GET /api/agents 200 in 63ms (next.js: 12ms, application-code: 52ms)
 GET /api/projects/3af0210a-fe33-4c90-9f1a-a8c600d93513/workspace 200 in 67ms (next.js: 12ms, application-code: 55ms)
 GET /api/projects/3af0210a-fe33-4c90-9f1a-a8c600d93513/members 200 in 70ms (next.js: 12ms, application-code: 58ms)
 GET /api/projects/3af0210a-fe33-4c90-9f1a-a8c600d93513/collaboration 200 in 115ms (next.js: 9ms, application-code: 106ms)
 GET /api/projects/3af0210a-fe33-4c90-9f1a-a8c600d93513/mission 200 in 123ms (next.js: 12ms, application-code: 111ms)
 GET /api/agents 200 in 73ms (next.js: 3ms, application-code: 70ms)
 GET /api/projects/3af0210a-fe33-4c90-9f1a-a8c600d93513/memories?includeInactive=0 200 in 74ms (next.js: 14ms, application-code: 60ms)
 GET /api/projects/3af0210a-fe33-4c90-9f1a-a8c600d93513/executions 200 in 122ms (next.js: 32ms, application-code: 90ms)
 GET /api/projects/3af0210a-fe33-4c90-9f1a-a8c600d93513/tasks 200 in 117ms (next.js: 16ms, application-code: 101ms)
 GET /api/projects/3af0210a-fe33-4c90-9f1a-a8c600d93513/workspace 200 in 60ms (next.js: 5ms, application-code: 54ms)
 GET /api/projects/3af0210a-fe33-4c90-9f1a-a8c600d93513/members 200 in 56ms (next.js: 4ms, application-code: 53ms)
 GET /api/projects/3af0210a-fe33-4c90-9f1a-a8c600d93513/collaboration 200 in 127ms (next.js: 9ms, application-code: 118ms)
 GET /api/projects/3af0210a-fe33-4c90-9f1a-a8c600d93513/mission 200 in 53ms (next.js: 2ms, application-code: 51ms)
 GET /api/projects/3af0210a-fe33-4c90-9f1a-a8c600d93513/memories?includeInactive=0 200 in 85ms (next.js: 3ms, application-code: 81ms)
 GET /api/projects/3af0210a-fe33-4c90-9f1a-a8c600d93513/executions 200 in 63ms (next.js: 4ms, application-code: 59ms)
 GET /api/projects/3af0210a-fe33-4c90-9f1a-a8c600d93513/members 200 in 65ms (next.js: 2ms, application-code: 62ms)
 GET /api/projects/3af0210a-fe33-4c90-9f1a-a8c600d93513/collaboration 200 in 103ms (next.js: 3ms, application-code: 100ms)
(node:11832) ExperimentalWarning: SQLite is an experimental feature and might change at any time
(Use `node --trace-warnings ...` to show where the warning was created)
 GET /api/projects/3af0210a-fe33-4c90-9f1a-a8c600d93513/mission 200 in 56ms (next.js: 4ms, application-code: 52ms)
(node:12268) ExperimentalWarning: SQLite is an experimental feature and might change at any time
(Use `node --trace-warnings ...` to show where the warning was created)
 GET /api/projects/3af0210a-fe33-4c90-9f1a-a8c600d93513/collaboration?messageAfter=2&eventAfter=2 200 in 106ms (next.js: 3ms, application-code: 103ms)
 GET /api/projects/3af0210a-fe33-4c90-9f1a-a8c600d93513/members 200 in 78ms (next.js: 25ms, application-code: 53ms)
(node:14140) ExperimentalWarning: SQLite is an experimental feature and might change at any time
(Use `node --trace-warnings ...` to show where the warning was created)
 GET /api/projects/3af0210a-fe33-4c90-9f1a-a8c600d93513/mission 200 in 54ms (next.js: 2ms, application-code: 51ms)
 GET /api/projects/3af0210a-fe33-4c90-9f1a-a8c600d93513/members 200 in 54ms (next.js: 2ms, application-code: 52ms)
(node:12016) ExperimentalWarning: SQLite is an experimental feature and might change at any time
(Use `node --trace-warnings ...` to show where the warning was created)
(node:1004) ExperimentalWarning: SQLite is an experimental feature and might change at any time
(Use `node --trace-warnings ...` to show where the warning was created)
(node:15412) ExperimentalWarning: SQLite is an experimental feature and might change at any time
(Use `node --trace-warnings ...` to show where the warning was created)
{
  code: 'INTERNAL_ERROR',
  correlationId: 'b5fd513b-cc7b-490b-8d5e-f5fe08c3a75a',
  route: 'POST /api/projects/:projectId/executions'
}
 POST /api/projects/3af0210a-fe33-4c90-9f1a-a8c600d93513/executions 500 in 11ms (next.js: 2ms, application-code: 9ms)
(node:15828) ExperimentalWarning: SQLite is an experimental feature and might change at any time
(Use `node --trace-warnings ...` to show where the warning was created)
 GET /api/projects/3af0210a-fe33-4c90-9f1a-a8c600d93513/collaboration?messageAfter=2&eventAfter=2 200 in 118ms (next.js: 8ms, application-code: 109ms)
{
  code: 'INTERNAL_ERROR',
  correlationId: 'cdb6eb41-a463-4abf-8967-1ca75866e73a',
  route: 'POST /api/projects/:projectId/executions'
}
 POST /api/projects/3af0210a-fe33-4c90-9f1a-a8c600d93513/executions 500 in 16ms (next.js: 9ms, application-code: 7ms)
(node:15088) ExperimentalWarning: SQLite is an experimental feature and might change at any time
(Use `node --trace-warnings ...` to show where the warning was created)
 GET /api/projects/3af0210a-fe33-4c90-9f1a-a8c600d93513/collaboration?messageAfter=2&eventAfter=2 200 in 101ms (next.js: 3ms, application-code: 98ms)
(node:13360) ExperimentalWarning: SQLite is an experimental feature and might change at any time
(Use `node --trace-warnings ...` to show where the warning was created)
(node:13728) ExperimentalWarning: SQLite is an experimental feature and might change at any time
(Use `node --trace-warnings ...` to show where the warning was created)
 GET /api/projects/3af0210a-fe33-4c90-9f1a-a8c600d93513/collaboration?messageAfter=2&eventAfter=2 200 in 117ms (next.js: 9ms, application-code: 108ms)
(node:11464) ExperimentalWarning: SQLite is an experimental feature and might change at any time
(Use `node --trace-warnings ...` to show where the warning was created)
 GET /api/projects/3af0210a-fe33-4c90-9f1a-a8c600d93513/collaboration?messageAfter=2&eventAfter=2 200 in 105ms (next.js: 9ms, application-code: 95ms)
(node:12188) ExperimentalWarning: SQLite is an experimental feature and might change at any time
(Use `node --trace-warnings ...` to show where the warning was created)
 GET /api/projects/3af0210a-fe33-4c90-9f1a-a8c600d93513/collaboration?messageAfter=2&eventAfter=2 200 in 104ms (next.js: 8ms, application-code: 96ms)
(node:7740) ExperimentalWarning: SQLite is an experimental feature and might change at any time
(Use `node --trace-warnings ...` to show where the warning was created)
 GET /api/projects/3af0210a-fe33-4c90-9f1a-a8c600d93513/collaboration?messageAfter=2&eventAfter=2 200 in 133ms (next.js: 8ms, application-code: 125ms)
(node:7724) ExperimentalWarning: SQLite is an experimental feature and might change at any time
(Use `node --trace-warnings ...` to show where the warning was created)
 GET /api/projects/3af0210a-fe33-4c90-9f1a-a8c600d93513/collaboration?messageAfter=2&eventAfter=2 200 in 104ms (next.js: 9ms, application-code: 96ms)
(node:14524) ExperimentalWarning: SQLite is an experimental feature and might change at any time
(Use `node --trace-warnings ...` to show where the warning was created)
 GET /api/projects/3af0210a-fe33-4c90-9f1a-a8c600d93513/collaboration?messageAfter=2&eventAfter=2 200 in 103ms (next.js: 9ms, application-code: 94ms)
(node:2264) ExperimentalWarning: SQLite is an experimental feature and might change at any time
(Use `node --trace-warnings ...` to show where the warning was created)
⨯ Error: ENOENT: no such file or directory, open 'D:\cool-ai\.next\dev\server\app-paths-manifest.json'
    at ignore-listed frames {
  errno: -4058,
  code: 'ENOENT',
  syscall: 'open',
  path: 'D:\\cool-ai\\.next\\dev\\server\\app-paths-manifest.json',
  page: '/api/projects/3af0210a-fe33-4c90-9f1a-a8c600d93513/collaboration'
}
Watchpack Error (initial scan): Error: EINVAL: invalid argument, lstat 'D:\System Volume Information'
○ Compiling /_error ...
Watchpack Error (initial scan): Error: EINVAL: invalid argument, lstat 'D:\System Volume Information'
 GET /api/projects/3af0210a-fe33-4c90-9f1a-a8c600d93513/collaboration?messageAfter=2&eventAfter=2 500 in 6.3s (next.js: 5.8s, application-code: 551ms)
 GET / 200 in 4.1s (next.js: 4.0s, application-code: 90ms)
 GET / 200 in 4.1s (next.js: 4.0s, application-code: 92ms)

    at file:///D:/cool-ai/tests/execution-browser-smoke.mjs:1062:11

Node.js v24.14.0
# exit: 1
