# hf-gate-run
# label: t33-red
# command: npm.cmd test -- tests/windows-native-loader.test.ts
# started: 2026-07-31T16:27:28+00:00

> collaboration-cockpit@0.1.0 test
> vitest run tests/windows-native-loader.test.ts


 RUN  v4.1.10 D:/cool-ai

 ❯ tests/windows-native-loader.test.ts (4 tests | 4 skipped) 14ms

⎯⎯⎯⎯⎯⎯ Failed Suites 1 ⎯⎯⎯⎯⎯⎯⎯

 FAIL  tests/windows-native-loader.test.ts [ tests/windows-native-loader.test.ts ]
AssertionError: The Windows x64 native loader capability is unavailable.
 ❯ tests/windows-native-loader.test.ts:78:12
     76|     native = await import(/* @vite-ignore */ moduleId) as WindowsNativ…
     77|   } catch {
     78|     expect.fail("The Windows x64 native loader capability is unavailab…
       |            ^
     79|   }
     80| });

⎯⎯⎯⎯⎯⎯⎯⎯⎯⎯⎯⎯⎯⎯⎯⎯⎯⎯⎯⎯⎯⎯⎯⎯[1/1]⎯


 Test Files  1 failed (1)
      Tests  4 skipped (4)
   Start at  00:27:30
   Duration  2.53s (transform 50ms, setup 424ms, import 26ms, tests 14ms, environment 1.78s)

# exit: 1
