# hf-gate-run
# label: t35-red
# command: npm.cmd test -- tests/windows-native-write-adapter.test.ts
# started: 2026-07-31T16:44:42+00:00

> collaboration-cockpit@0.1.0 test
> vitest run tests/windows-native-write-adapter.test.ts


 RUN  v4.1.10 D:/cool-ai

 ❯ tests/windows-native-write-adapter.test.ts (14 tests | 14 failed) 49ms
     × creates an exclusive owned temp and loops short WriteFile transfers before atomic replace 11ms
     × flushes file and verified directory for create, replace, and relative delete 4ms
     × fails closed at native create-temp without changing external or secret bytes 3ms
     × fails closed at native write without changing external or secret bytes 3ms
     × fails closed at native flush-file without changing external or secret bytes 3ms
     × fails closed at native pre-target-open without changing external or secret bytes 3ms
     × fails closed at native pre-parent-check without changing external or secret bytes 4ms
     × fails closed at native rename without changing external or secret bytes 2ms
     × fails closed at native post-target-open without changing external or secret bytes 2ms
     × fails closed at native post-parent-check without changing external or secret bytes 2ms
     × fails closed at native flush-directory without changing external or secret bytes 2ms
     × detects target and parent races before replace and conditionally cleans only its owned temp 2ms
     × reports uncertain post-replace races and never deletes an externally replaced temp 2ms
     × checks identity and hash before relative delete and preserves raced external content 2ms

⎯⎯⎯⎯⎯⎯ Failed Tests 14 ⎯⎯⎯⎯⎯⎯⎯

 FAIL  tests/windows-native-write-adapter.test.ts > Windows handle-relative write adapter > creates an exclusive owned temp and loops short WriteFile transfers before atomic replace
 FAIL  tests/windows-native-write-adapter.test.ts > Windows handle-relative write adapter > flushes file and verified directory for create, replace, and relative delete
 FAIL  tests/windows-native-write-adapter.test.ts > Windows handle-relative write adapter > fails closed at native create-temp without changing external or secret bytes
 FAIL  tests/windows-native-write-adapter.test.ts > Windows handle-relative write adapter > fails closed at native write without changing external or secret bytes
 FAIL  tests/windows-native-write-adapter.test.ts > Windows handle-relative write adapter > fails closed at native flush-file without changing external or secret bytes
 FAIL  tests/windows-native-write-adapter.test.ts > Windows handle-relative write adapter > fails closed at native pre-target-open without changing external or secret bytes
 FAIL  tests/windows-native-write-adapter.test.ts > Windows handle-relative write adapter > fails closed at native pre-parent-check without changing external or secret bytes
 FAIL  tests/windows-native-write-adapter.test.ts > Windows handle-relative write adapter > fails closed at native rename without changing external or secret bytes
 FAIL  tests/windows-native-write-adapter.test.ts > Windows handle-relative write adapter > fails closed at native post-target-open without changing external or secret bytes
 FAIL  tests/windows-native-write-adapter.test.ts > Windows handle-relative write adapter > fails closed at native post-parent-check without changing external or secret bytes
 FAIL  tests/windows-native-write-adapter.test.ts > Windows handle-relative write adapter > fails closed at native flush-directory without changing external or secret bytes
 FAIL  tests/windows-native-write-adapter.test.ts > Windows handle-relative write adapter > detects target and parent races before replace and conditionally cleans only its owned temp
 FAIL  tests/windows-native-write-adapter.test.ts > Windows handle-relative write adapter > reports uncertain post-replace races and never deletes an externally replaced temp
 FAIL  tests/windows-native-write-adapter.test.ts > Windows handle-relative write adapter > checks identity and hash before relative delete and preserves raced external content
AssertionError: The Windows handle-relative write adapter is unavailable.
 ❯ tests/windows-native-write-adapter.test.ts:86:12
     84|     native = await import(/* @vite-ignore */ moduleId) as NativeModule;
     85|   } catch {
     86|     expect.fail("The Windows handle-relative write adapter is unavaila…
       |            ^
     87|   }
     88| });

⎯⎯⎯⎯⎯⎯⎯⎯⎯⎯⎯⎯⎯⎯⎯⎯⎯⎯⎯⎯⎯⎯⎯[1/14]⎯


 Test Files  1 failed (1)
      Tests  14 failed (14)
   Start at  00:44:44
   Duration  2.59s (transform 59ms, setup 419ms, import 43ms, tests 49ms, environment 1.80s)

# exit: 1
