# hf-gate-run
# label: t36-red
# command: npm.cmd test -- tests/sandbox-preflight.test.ts tests/sandbox-snapshot.test.ts
# started: 2026-07-31T16:53:40+00:00

> collaboration-cockpit@0.1.0 test
> vitest run tests/sandbox-preflight.test.ts tests/sandbox-snapshot.test.ts


 RUN  v4.1.10 D:/cool-ai

(node:16348) ExperimentalWarning: SQLite is an experimental feature and might change at any time
(Use `node --trace-warnings ...` to show where the warning was created)
 ❯ tests/sandbox-snapshot.test.ts (9 tests | 1 failed) 1331ms
     × fails closed through the verified adapter without reopening source paths 272ms
 ❯ tests/sandbox-preflight.test.ts (21 tests | 1 failed) 10993ms
     × fails closed through the verified-handle adapter instead of using a path fallback 60ms

⎯⎯⎯⎯⎯⎯⎯ Failed Tests 2 ⎯⎯⎯⎯⎯⎯⎯

 FAIL  tests/sandbox-preflight.test.ts > sandbox preflight > fails closed through the verified-handle adapter instead of using a path fallback
AssertionError: promise resolved "{ entries: [ { …(4) } ], …(4) }" instead of rejecting

- Expected
+ Received

- Error {
-   "message": "rejected promise",
+ {
+   "entries": [
+     {
+       "identity": "681307020:12384898975614147",
+       "kind": "file",
+       "path": "ordinary.txt",
+       "size": 8,
+     },
+   ],
+   "excludedCount": 0,
+   "itemCount": 1,
+   "rootIdentity": "681307020:47006321111024831",
+   "totalBytes": 8,
  }

 ❯ expectCode tests/sandbox-preflight.test.ts:89:24
     87|
     88| async function expectCode(promise: Promise<unknown>, code: string): Pr…
     89|   await expect(promise).rejects.toMatchObject({ code });
       |                        ^
     90| }
     91|
 ❯ tests/sandbox-preflight.test.ts:131:11

⎯⎯⎯⎯⎯⎯⎯⎯⎯⎯⎯⎯⎯⎯⎯⎯⎯⎯⎯⎯⎯⎯⎯⎯[1/2]⎯

 FAIL  tests/sandbox-snapshot.test.ts > verified-handle sandbox snapshot > fails closed through the verified adapter without reopening source paths
AssertionError: expected SandboxSnapshotError: A source parent cou… { code: '…' } to match object { code: 'SANDBOX_UNVERIFIABLE' }
(1 matching property omitted from actual)

- Expected
+ Received

- {
-   "code": "SANDBOX_UNVERIFIABLE",
+ SandboxSnapshotError {
+   "code": "SANDBOX_SOURCE_MISMATCH",
  }

 ❯ tests/sandbox-snapshot.test.ts:101:8
     99|         },
    100|       } as never,
    101|     })).rejects.toMatchObject({ code: "SANDBOX_UNVERIFIABLE" });
       |        ^
    102|
    103|     expect(rootOpenCount).toBe(1);

⎯⎯⎯⎯⎯⎯⎯⎯⎯⎯⎯⎯⎯⎯⎯⎯⎯⎯⎯⎯⎯⎯⎯⎯[2/2]⎯


 Test Files  2 failed (2)
      Tests  2 failed | 28 passed (30)
   Start at  00:53:41
   Duration  13.65s (transform 288ms, setup 889ms, import 165ms, tests 12.32s, environment 3.73s)

# exit: 1
