# hf-gate-run
# label: t37-green
# command: npm.cmd test -- tests/execution-list-tool.test.ts tests/execution-read-tool.test.ts tests/execution-write-tool.test.ts tests/execution-staging.test.ts
# started: 2026-07-31T17:15:07+00:00

> collaboration-cockpit@0.1.0 test
> vitest run tests/execution-list-tool.test.ts tests/execution-read-tool.test.ts tests/execution-write-tool.test.ts tests/execution-staging.test.ts


 RUN  v4.1.10 D:/cool-ai

(node:12668) ExperimentalWarning: SQLite is an experimental feature and might change at any time
(Use `node --trace-warnings ...` to show where the warning was created)
(node:9164) ExperimentalWarning: SQLite is an experimental feature and might change at any time
(Use `node --trace-warnings ...` to show where the warning was created)
(node:6948) ExperimentalWarning: SQLite is an experimental feature and might change at any time
(Use `node --trace-warnings ...` to show where the warning was created)
(node:3916) ExperimentalWarning: SQLite is an experimental feature and might change at any time
(Use `node --trace-warnings ...` to show where the warning was created)

 Test Files  4 passed (4)
      Tests  65 passed (65)
   Start at  01:15:09
   Duration  7.41s (transform 1.08s, setup 1.95s, import 1.30s, tests 6.92s, environment 13.70s)

# exit: 0
