# hf-gate-run
# label: t38-red
# command: npm.cmd test -- tests/windows-native-merge-lifecycle.test.ts
# started: 2026-07-31T17:36:10+00:00

> collaboration-cockpit@0.1.0 test
> vitest run tests/windows-native-merge-lifecycle.test.ts


 RUN  v4.1.10 D:/cool-ai

 ❯ tests/windows-native-merge-lifecycle.test.ts (1 test | 1 failed) 18ms
     × exports the fixed cross-journal lifecycle API 16ms

⎯⎯⎯⎯⎯⎯⎯ Failed Tests 1 ⎯⎯⎯⎯⎯⎯⎯

 FAIL  tests/windows-native-merge-lifecycle.test.ts > Windows merge-owned lifecycle > exports the fixed cross-journal lifecycle API
AssertionError: expected null to deeply equal ObjectContaining{…}

- Expected:
ObjectContaining {
  "createWindowsNativeMergeLifecycleAdapter": Any<Function>,
}

+ Received:
null

 ❯ tests/windows-native-merge-lifecycle.test.ts:10:20
      8|     const native = await import(/* @vite-ignore */ moduleId).catch(() …
      9|
     10|     expect(native).toEqual(expect.objectContaining({
       |                    ^
     11|       createWindowsNativeMergeLifecycleAdapter: expect.any(Function),
     12|     }));

⎯⎯⎯⎯⎯⎯⎯⎯⎯⎯⎯⎯⎯⎯⎯⎯⎯⎯⎯⎯⎯⎯⎯⎯[1/1]⎯


 Test Files  1 failed (1)
      Tests  1 failed (1)
   Start at  01:36:11
   Duration  2.59s (transform 42ms, setup 424ms, import 20ms, tests 18ms, environment 1.84s)

# exit: 1
