# hf-gate-run
# label: t39-red
# command: npm.cmd test -- tests/merge-journal-prepare.test.ts tests/merge-recovery.test.ts tests/merge-fault-injection.test.ts tests/merge-external-writer.test.ts
# started: 2026-07-31T17:49:20+00:00

> collaboration-cockpit@0.1.0 test
> vitest run tests/merge-journal-prepare.test.ts tests/merge-recovery.test.ts tests/merge-fault-injection.test.ts tests/merge-external-writer.test.ts


 RUN  v4.1.10 D:/cool-ai

(node:7976) ExperimentalWarning: SQLite is an experimental feature and might change at any time
(Use `node --trace-warnings ...` to show where the warning was created)
(node:12524) ExperimentalWarning: SQLite is an experimental feature and might change at any time
(Use `node --trace-warnings ...` to show where the warning was created)
(node:11168) ExperimentalWarning: SQLite is an experimental feature and might change at any time
(Use `node --trace-warnings ...` to show where the warning was created)
(node:14584) ExperimentalWarning: SQLite is an experimental feature and might change at any time
(Use `node --trace-warnings ...` to show where the warning was created)
 ❯ tests/merge-journal-prepare.test.ts (5 tests | 1 failed) 6879ms
     × durably prepares full manifests and applies modified/added paths in stable order 447ms

⎯⎯⎯⎯⎯⎯⎯ Failed Tests 1 ⎯⎯⎯⎯⎯⎯⎯

 FAIL  tests/merge-journal-prepare.test.ts > merge journal prepare and conditional apply > durably prepares full manifests and applies modified/added paths in stable order
Error: no such column: old_target_json
 ❯ tests/merge-journal-prepare.test.ts:146:38
    144|       expect(resolve(journal.journalRoot).startsWith(resolve(fixture.w…
    145|
    146|       const files = fixture.database.prepare(`
       |                                      ^
    147|         SELECT position,path,old_target_json AS oldTargetJson,
    148|                post_target_json AS postTargetJson,backup_ref_json AS b…

⎯⎯⎯⎯⎯⎯⎯⎯⎯⎯⎯⎯⎯⎯⎯⎯⎯⎯⎯⎯⎯⎯⎯⎯[1/1]⎯


 Test Files  1 failed | 3 passed (4)
      Tests  1 failed | 24 passed (25)
   Start at  01:49:21
   Duration  18.41s (transform 1.19s, setup 1.99s, import 1.03s, tests 36.22s, environment 7.88s)

# exit: 1
