# hf-gate-run
# label: t4-red
# command: cmd /c npm test -- tests/execution-operations.test.ts
# started: 2026-07-30T03:08:31+00:00

> collaboration-cockpit@0.1.0 test
> vitest run tests/execution-operations.test.ts


 RUN  v4.1.10 D:/cool-ai

(node:9212) ExperimentalWarning: SQLite is an experimental feature and might change at any time
(Use `node --trace-warnings ...` to show where the warning was created)
 ❯ tests/execution-operations.test.ts (5 tests | 5 failed) 1132ms
     × keeps the receipt pending across contiguous children and completes only on the final public outcome 241ms
     × replays exact status/body and conflicts on either kind or canonical request hash 219ms
     × allows at most one running child for an operation and its execution 245ms
     × uses CAS so final completion occurs exactly once and duplicate finalizers replay deterministically 213ms
     × rejects gaps, stale action_count, and appending behind a nonterminal child 211ms

⎯⎯⎯⎯⎯⎯⎯ Failed Tests 5 ⎯⎯⎯⎯⎯⎯⎯

 FAIL  tests/execution-operations.test.ts > execution parent operations and ordered child receipts > keeps the receipt pending across contiguous children and completes only on the final public outcome
 FAIL  tests/execution-operations.test.ts > execution parent operations and ordered child receipts > replays exact status/body and conflicts on either kind or canonical request hash
 FAIL  tests/execution-operations.test.ts > execution parent operations and ordered child receipts > allows at most one running child for an operation and its execution
 FAIL  tests/execution-operations.test.ts > execution parent operations and ordered child receipts > uses CAS so final completion occurs exactly once and duplicate finalizers replay deterministically
 FAIL  tests/execution-operations.test.ts > execution parent operations and ordered child receipts > rejects gaps, stale action_count, and appending behind a nonterminal child
AssertionError: The execution operation receipt primitive is unavailable.
 ❯ tests/execution-operations.test.ts:117:12
    115|     operations = await import(/* @vite-ignore */ moduleId) as Operatio…
    116|   } catch {
    117|     expect.fail("The execution operation receipt primitive is unavaila…
       |            ^
    118|   }
    119| });

⎯⎯⎯⎯⎯⎯⎯⎯⎯⎯⎯⎯⎯⎯⎯⎯⎯⎯⎯⎯⎯⎯⎯⎯[1/5]⎯


 Test Files  1 failed (1)
      Tests  5 failed (5)
   Start at  11:08:32
   Duration  3.34s (transform 108ms, setup 339ms, import 196ms, tests 1.13s, environment 1.41s)

# exit: 1
