# hf-gate-run
# label: t4-regression
# command: cmd /c npm test -- tests/migrations-v5.test.ts tests/execution-slice.test.tsx tests/execution-eligibility.test.ts tests/execution-operations.test.ts
# started: 2026-07-30T03:12:07+00:00

> collaboration-cockpit@0.1.0 test
> vitest run tests/migrations-v5.test.ts tests/execution-slice.test.tsx tests/execution-eligibility.test.ts tests/execution-operations.test.ts


 RUN  v4.1.10 D:/cool-ai

(node:1140) ExperimentalWarning: SQLite is an experimental feature and might change at any time
(Use `node --trace-warnings ...` to show where the warning was created)
(node:15412) ExperimentalWarning: SQLite is an experimental feature and might change at any time
(Use `node --trace-warnings ...` to show where the warning was created)
(node:11484) ExperimentalWarning: SQLite is an experimental feature and might change at any time
(Use `node --trace-warnings ...` to show where the warning was created)
(node:16548) ExperimentalWarning: SQLite is an experimental feature and might change at any time
(Use `node --trace-warnings ...` to show where the warning was created)

 Test Files  4 passed (4)
      Tests  22 passed (22)
   Start at  11:12:08
   Duration  22.51s (transform 486ms, setup 3.45s, import 1.41s, tests 29.07s, environment 12.80s)

# exit: 0
