# hf-gate-run
# label: t41-red
# command: npm.cmd test -- tests/execution-write-stage-integration.test.ts
# started: 2026-07-31T18:52:06+00:00

> collaboration-cockpit@0.1.0 test
> vitest run tests/execution-write-stage-integration.test.ts


 RUN  v4.1.10 D:/cool-ai

(node:1788) ExperimentalWarning: SQLite is an experimental feature and might change at any time
(Use `node --trace-warnings ...` to show where the warning was created)
 ❯ tests/execution-write-stage-integration.test.ts (1 test | 1 failed) 14ms
     × refreshes a real write before/after and stages the refreshed tree exactly once 13ms

⎯⎯⎯⎯⎯⎯⎯ Failed Tests 1 ⎯⎯⎯⎯⎯⎯⎯

 FAIL  tests/execution-write-stage-integration.test.ts > verified sandbox manifest lifecycle > refreshes a real write before/after and stages the refreshed tree exactly once
TypeError: refreshSandboxManifest is not a function
 ❯ tests/execution-write-stage-integration.test.ts:152:27
    150|   it("refreshes a real write before/after and stages the refreshed tre…
    151|     const adapters = createWindowsVerifiedExecutionAdapters();
    152|     const initial = await refreshSandboxManifest({
       |                           ^
    153|       fileAdapter: adapters.fileAdapter,
    154|       sandboxRoot: sandbox,

⎯⎯⎯⎯⎯⎯⎯⎯⎯⎯⎯⎯⎯⎯⎯⎯⎯⎯⎯⎯⎯⎯⎯⎯[1/1]⎯


 Test Files  1 failed (1)
      Tests  1 failed (1)
   Start at  02:52:07
   Duration  3.13s (transform 435ms, setup 419ms, import 642ms, tests 14ms, environment 1.77s)

# exit: 1
