# hf-gate-run
# label: t41-regression
# command: npm.cmd test -- tests/windows-native-read-adapter.test.ts tests/windows-native-write-adapter.test.ts tests/sandbox-preflight.test.ts tests/sandbox-snapshot.test.ts tests/execution-list-tool.test.ts tests/execution-read-tool.test.ts tests/execution-write-tool.test.ts tests/execution-staging.test.ts tests/execution-orchestrator.test.ts tests/execution-sandbox-orchestrator.test.ts tests/process-runner.test.ts tests/merge-journal-prepare.test.ts tests/merge-recovery.test.ts tests/merge-fault-injection.test.ts tests/merge-external-writer.test.ts tests/windows-native-merge-lifecycle.test.ts
# started: 2026-07-31T19:07:30+00:00

> collaboration-cockpit@0.1.0 test
> vitest run tests/windows-native-read-adapter.test.ts tests/windows-native-write-adapter.test.ts tests/sandbox-preflight.test.ts tests/sandbox-snapshot.test.ts tests/execution-list-tool.test.ts tests/execution-read-tool.test.ts tests/execution-write-tool.test.ts tests/execution-staging.test.ts tests/execution-orchestrator.test.ts tests/execution-sandbox-orchestrator.test.ts tests/process-runner.test.ts tests/merge-journal-prepare.test.ts tests/merge-recovery.test.ts tests/merge-fault-injection.test.ts tests/merge-external-writer.test.ts tests/windows-native-merge-lifecycle.test.ts


 RUN  v4.1.10 D:/cool-ai

(node:8312) ExperimentalWarning: SQLite is an experimental feature and might change at any time
(Use `node --trace-warnings ...` to show where the warning was created)
(node:16868) ExperimentalWarning: SQLite is an experimental feature and might change at any time
(Use `node --trace-warnings ...` to show where the warning was created)
(node:10040) ExperimentalWarning: SQLite is an experimental feature and might change at any time
(Use `node --trace-warnings ...` to show where the warning was created)
(node:16540) ExperimentalWarning: SQLite is an experimental feature and might change at any time
(Use `node --trace-warnings ...` to show where the warning was created)
(node:15416) ExperimentalWarning: SQLite is an experimental feature and might change at any time
(Use `node --trace-warnings ...` to show where the warning was created)
(node:4596) ExperimentalWarning: SQLite is an experimental feature and might change at any time
(Use `node --trace-warnings ...` to show where the warning was created)
(node:12020) ExperimentalWarning: SQLite is an experimental feature and might change at any time
(Use `node --trace-warnings ...` to show where the warning was created)
(node:5600) ExperimentalWarning: SQLite is an experimental feature and might change at any time
(Use `node --trace-warnings ...` to show where the warning was created)
(node:11276) ExperimentalWarning: SQLite is an experimental feature and might change at any time
(Use `node --trace-warnings ...` to show where the warning was created)
(node:5616) ExperimentalWarning: SQLite is an experimental feature and might change at any time
(Use `node --trace-warnings ...` to show where the warning was created)
(node:15672) ExperimentalWarning: SQLite is an experimental feature and might change at any time
(Use `node --trace-warnings ...` to show where the warning was created)
(node:8544) ExperimentalWarning: SQLite is an experimental feature and might change at any time
(Use `node --trace-warnings ...` to show where the warning was created)

 Test Files  16 passed (16)
      Tests  188 passed (188)
   Start at  03:07:31
   Duration  22.48s (transform 2.68s, setup 8.22s, import 4.55s, tests 84.06s, environment 35.82s)

# exit: 0
