# hf-gate-run
# label: t42-regression
# command: npm.cmd test -- tests/migrations-v5.test.ts tests/sandbox-snapshot.test.ts tests/execution-staging.test.ts tests/execution-orchestrator.test.ts tests/execution-sandbox-orchestrator.test.ts tests/windows-native-loader.test.ts tests/windows-native-read-adapter.test.ts tests/windows-native-write-adapter.test.ts tests/windows-native-merge-lifecycle.test.ts tests/merge-journal-prepare.test.ts tests/merge-recovery.test.ts tests/merge-fault-injection.test.ts tests/merge-external-writer.test.ts
# started: 2026-07-31T19:31:06+00:00

> collaboration-cockpit@0.1.0 test
> vitest run tests/migrations-v5.test.ts tests/sandbox-snapshot.test.ts tests/execution-staging.test.ts tests/execution-orchestrator.test.ts tests/execution-sandbox-orchestrator.test.ts tests/windows-native-loader.test.ts tests/windows-native-read-adapter.test.ts tests/windows-native-write-adapter.test.ts tests/windows-native-merge-lifecycle.test.ts tests/merge-journal-prepare.test.ts tests/merge-recovery.test.ts tests/merge-fault-injection.test.ts tests/merge-external-writer.test.ts


 RUN  v4.1.10 D:/cool-ai

(node:4852) ExperimentalWarning: SQLite is an experimental feature and might change at any time
(Use `node --trace-warnings ...` to show where the warning was created)
(node:7540) ExperimentalWarning: SQLite is an experimental feature and might change at any time
(Use `node --trace-warnings ...` to show where the warning was created)
(node:13348) ExperimentalWarning: SQLite is an experimental feature and might change at any time
(Use `node --trace-warnings ...` to show where the warning was created)
(node:12744) ExperimentalWarning: SQLite is an experimental feature and might change at any time
(Use `node --trace-warnings ...` to show where the warning was created)
(node:9380) ExperimentalWarning: SQLite is an experimental feature and might change at any time
(Use `node --trace-warnings ...` to show where the warning was created)
(node:4872) ExperimentalWarning: SQLite is an experimental feature and might change at any time
(Use `node --trace-warnings ...` to show where the warning was created)
(node:10184) ExperimentalWarning: SQLite is an experimental feature and might change at any time
(Use `node --trace-warnings ...` to show where the warning was created)
(node:16732) ExperimentalWarning: SQLite is an experimental feature and might change at any time
(Use `node --trace-warnings ...` to show where the warning was created)
(node:16276) ExperimentalWarning: SQLite is an experimental feature and might change at any time
(Use `node --trace-warnings ...` to show where the warning was created)

 Test Files  13 passed (13)
      Tests  119 passed (119)
   Start at  03:31:07
   Duration  25.29s (transform 2.12s, setup 9.27s, import 3.24s, tests 88.35s, environment 37.93s)

# exit: 0
