# hf-gate-run
# label: t43-red
# command: npm.cmd test -- tests/execution-approvals.test.ts tests/process-runner.test.ts
# started: 2026-07-31T19:56:36+00:00

> collaboration-cockpit@0.1.0 test
> vitest run tests/execution-approvals.test.ts tests/process-runner.test.ts


 RUN  v4.1.10 D:/cool-ai

(node:8996) ExperimentalWarning: SQLite is an experimental feature and might change at any time
(Use `node --trace-warnings ...` to show where the warning was created)
(node:13976) ExperimentalWarning: SQLite is an experimental feature and might change at any time
(Use `node --trace-warnings ...` to show where the warning was created)
 ❯ tests/process-runner.test.ts (10 tests | 1 failed) 2576ms
     × terminalizes a synchronous spawn exception without orphaning the action or receipt 334ms
 ❯ tests/execution-approvals.test.ts (15 tests | 1 failed) 5622ms
     × advances an approved one-shot command through consume and executes it exactly once 688ms

⎯⎯⎯⎯⎯⎯⎯ Failed Tests 2 ⎯⎯⎯⎯⎯⎯⎯

 FAIL  tests/execution-approvals.test.ts > execution approvals > advances an approved one-shot command through consume and executes it exactly once
Error: Command authorization source is not backed by durable approval state.
 ❯ executeCommandProcessAction src/server/execution/process-runner.ts:706:11
    704|     )
    705|   ) {
    706|     throw new Error("Command authorization source is not backed by dur…
       |           ^
    707|   }
    708|
 ❯ Module.advanceExecution src/server/execution/action-orchestrator.ts:1504:30
 ❯ tests/execution-approvals.test.ts:267:34

⎯⎯⎯⎯⎯⎯⎯⎯⎯⎯⎯⎯⎯⎯⎯⎯⎯⎯⎯⎯⎯⎯⎯⎯[1/2]⎯

 FAIL  tests/process-runner.test.ts > direct process runner > terminalizes a synchronous spawn exception without orphaning the action or receipt
AssertionError: expected { status: 'running', errorCode: null } to deeply equal { …(2) }

- Expected
+ Received

  {
-   "errorCode": "COMMAND_PROCESS_FAILED",
-   "status": "failed",
+   "errorCode": null,
+   "status": "running",
  }

 ❯ tests/process-runner.test.ts:584:17
    582|         SELECT status,error_code AS errorCode FROM execution_actions
    583|         WHERE id='command-action'
    584|       `).get()).toEqual({ errorCode: "COMMAND_PROCESS_FAILED", status:…
       |                 ^
    585|       expect(database.prepare(`
    586|         SELECT status,http_status AS httpStatus FROM execution_operati…

⎯⎯⎯⎯⎯⎯⎯⎯⎯⎯⎯⎯⎯⎯⎯⎯⎯⎯⎯⎯⎯⎯⎯⎯[2/2]⎯


 Test Files  2 failed (2)
      Tests  2 failed | 23 passed (25)
   Start at  03:56:37
   Duration  8.55s (transform 587ms, setup 879ms, import 681ms, tests 8.20s, environment 3.71s)

# exit: 1
