# hf-gate-run
# label: t43-red
# command: npm.cmd test -- tests/execution-approvals.test.ts tests/process-runner.test.ts
# started: 2026-07-31T20:04:04+00:00

> collaboration-cockpit@0.1.0 test
> vitest run tests/execution-approvals.test.ts tests/process-runner.test.ts


 RUN  v4.1.10 D:/cool-ai

(node:11644) ExperimentalWarning: SQLite is an experimental feature and might change at any time
(Use `node --trace-warnings ...` to show where the warning was created)
(node:13432) ExperimentalWarning: SQLite is an experimental feature and might change at any time
(Use `node --trace-warnings ...` to show where the warning was created)
 ❯ tests/process-runner.test.ts (14 tests | 2 failed) 4193ms
     × rejects action request tamper before spawn and terminalizes authorization 405ms
     × rejects tool action link tamper before spawn and terminalizes authorization 400ms

⎯⎯⎯⎯⎯⎯⎯ Failed Tests 2 ⎯⎯⎯⎯⎯⎯⎯

 FAIL  tests/process-runner.test.ts > direct process runner > rejects action request tamper before spawn and terminalizes authorization
 FAIL  tests/process-runner.test.ts > direct process runner > rejects tool action link tamper before spawn and terminalizes authorization
AssertionError: expected { status: 'running', errorCode: null } to deeply equal { …(2) }

- Expected
+ Received

  {
-   "errorCode": "COMMAND_AUTHORIZATION_INVALID",
-   "status": "failed",
+   "errorCode": null,
+   "status": "running",
  }

 ❯ tests/process-runner.test.ts:676:17
    674|         SELECT status,error_code AS errorCode FROM execution_actions
    675|         WHERE id='command-action'
    676|       `).get()).toEqual({
       |                 ^
    677|         errorCode: "COMMAND_AUTHORIZATION_INVALID",
    678|         status: "failed",

⎯⎯⎯⎯⎯⎯⎯⎯⎯⎯⎯⎯⎯⎯⎯⎯⎯⎯⎯⎯⎯⎯⎯⎯[1/2]⎯


 Test Files  1 failed | 1 passed (2)
      Tests  2 failed | 27 passed (29)
   Start at  04:04:06
   Duration  8.82s (transform 588ms, setup 867ms, import 670ms, tests 10.11s, environment 3.68s)

# exit: 1
