# hf-gate-run
# label: t46-red
# command: npm.cmd test -- tests/execution-merge-route.test.ts tests/execution-read-api.test.ts tests/execution-recovery-ui.test.tsx tests/merge-recovery.test.ts tests/merge-fault-injection.test.ts
# started: 2026-07-31T21:40:40+00:00

> collaboration-cockpit@0.1.0 test
> vitest run tests/execution-merge-route.test.ts tests/execution-read-api.test.ts tests/execution-recovery-ui.test.tsx tests/merge-recovery.test.ts tests/merge-fault-injection.test.ts


 RUN  v4.1.10 D:/cool-ai

(node:5148) ExperimentalWarning: SQLite is an experimental feature and might change at any time
(Use `node --trace-warnings ...` to show where the warning was created)
(node:16860) ExperimentalWarning: SQLite is an experimental feature and might change at any time
(Use `node --trace-warnings ...` to show where the warning was created)
(node:13956) ExperimentalWarning: SQLite is an experimental feature and might change at any time
(Use `node --trace-warnings ...` to show where the warning was created)
(node:5560) ExperimentalWarning: SQLite is an experimental feature and might change at any time
(Use `node --trace-warnings ...` to show where the warning was created)
 ❯ tests/execution-merge-route.test.ts (6 tests | 1 failed) 11264ms
     × reads durable manual detail and files before resolving only through public routes 1930ms

⎯⎯⎯⎯⎯⎯⎯ Failed Tests 1 ⎯⎯⎯⎯⎯⎯⎯

 FAIL  tests/execution-merge-route.test.ts > T-45 production merge route > reads durable manual detail and files before resolving only through public routes
AssertionError: expected 409 to be 200 // Object.is equality

- Expected
+ Received

- 200
+ 409

 ❯ getDetail tests/execution-merge-route.test.ts:166:27
    164|     { params: Promise.resolve({ executionId }) },
    165|   );
    166|   expect(response.status).toBe(200);
       |                           ^
    167|   return response.json() as Promise<{
    168|     execution: { manualRecoveryRequired: boolean; status: string; vers…
 ❯ tests/execution-merge-route.test.ts:578:22

⎯⎯⎯⎯⎯⎯⎯⎯⎯⎯⎯⎯⎯⎯⎯⎯⎯⎯⎯⎯⎯⎯⎯⎯[1/1]⎯


 Test Files  1 failed | 4 passed (5)
      Tests  1 failed | 30 passed (31)
   Start at  05:40:41
   Duration  22.56s (transform 1.96s, setup 2.57s, import 2.62s, tests 46.58s, environment 9.99s)

# exit: 1
