# hf-gate-run
# label: t47-red
# command: npm.cmd test -- tests/execution-merge-route.test.ts tests/execution-read-api.test.ts tests/execution-recovery-ui.test.tsx tests/merge-fault-injection.test.ts tests/migrations-v5.test.ts
# started: 2026-07-31T22:10:27+00:00

> collaboration-cockpit@0.1.0 test
> vitest run tests/execution-merge-route.test.ts tests/execution-read-api.test.ts tests/execution-recovery-ui.test.tsx tests/merge-fault-injection.test.ts tests/migrations-v5.test.ts


 RUN  v4.1.10 D:/cool-ai

(node:9252) ExperimentalWarning: SQLite is an experimental feature and might change at any time
(Use `node --trace-warnings ...` to show where the warning was created)
(node:8112) ExperimentalWarning: SQLite is an experimental feature and might change at any time
(Use `node --trace-warnings ...` to show where the warning was created)
(node:6432) ExperimentalWarning: SQLite is an experimental feature and might change at any time
(Use `node --trace-warnings ...` to show where the warning was created)
(node:12168) ExperimentalWarning: SQLite is an experimental feature and might change at any time
(Use `node --trace-warnings ...` to show where the warning was created)
 ❯ tests/execution-recovery-ui.test.tsx (12 tests | 1 failed) 1082ms
     × fails closed on an unknown recovery file status 43ms
 ❯ tests/execution-merge-route.test.ts (7 tests | 1 failed) 14641ms
     × returns a real temp_ready manual file through the public recovery route 2703ms

⎯⎯⎯⎯⎯⎯⎯ Failed Tests 2 ⎯⎯⎯⎯⎯⎯⎯

 FAIL  tests/execution-merge-route.test.ts > T-45 production merge route > returns a real temp_ready manual file through the public recovery route
Error: EPERM, Permission denied: \\?\C:\Users\ADMINI~1\AppData\Local\Temp\2\cool-ai-merge-route-5ebvf3 '\\?\C:\Users\ADMINI~1\AppData\Local\Temp\2\cool-ai-merge-route-5ebvf3'
 ❯ tests/execution-merge-route.test.ts:368:25
    366|   delete process.env.COCKPIT_EXECUTION_ROOT;
    367|   delete process.env.COCKPIT_MASTER_KEY;
    368|   if (existsSync(root)) rmSync(root, { force: true, recursive: true });
       |                         ^
    369| });
    370|

⎯⎯⎯⎯⎯⎯⎯⎯⎯⎯⎯⎯⎯⎯⎯⎯⎯⎯⎯⎯⎯⎯⎯⎯[1/2]⎯

 FAIL  tests/execution-recovery-ui.test.tsx > T-30 manual recovery UI > fails closed on an unknown recovery file status
Error: expect(element).toBeDisabled()

Received element is not disabled:
  <button
  type="button"
/>
 ❯ tests/execution-recovery-ui.test.tsx:230:69
    228|       "放弃且不改 canonical",
    229|     ]) {
    230|       expect(within(recovery).getByRole("button", { name: label })).to…
       |                                                                     ^
    231|     }
    232|   });

⎯⎯⎯⎯⎯⎯⎯⎯⎯⎯⎯⎯⎯⎯⎯⎯⎯⎯⎯⎯⎯⎯⎯⎯[2/2]⎯


 Test Files  2 failed | 3 passed (5)
      Tests  2 failed | 36 passed (38)
   Start at  06:10:28
   Duration  22.73s (transform 1.75s, setup 2.61s, import 2.75s, tests 57.67s, environment 10.00s)

# exit: 1
