# hf-gate-run
# label: t49-red
# command: npm.cmd test -- tests/execution-security-integration.test.ts
# started: 2026-07-31T22:28:13+00:00

> collaboration-cockpit@0.1.0 test
> vitest run tests/execution-security-integration.test.ts


 RUN  v4.1.10 D:/cool-ai

(node:3696) ExperimentalWarning: SQLite is an experimental feature and might change at any time
(Use `node --trace-warnings ...` to show where the warning was created)
 ❯ tests/execution-security-integration.test.ts (4 tests | 2 failed) 90ms
     × keeps two real sandboxes isolated while a real harmless process changes only one 36ms
     × fails a verified-handle replacement race without copying replacement bytes 6ms

⎯⎯⎯⎯⎯⎯⎯ Failed Tests 2 ⎯⎯⎯⎯⎯⎯⎯

 FAIL  tests/execution-security-integration.test.ts > execution security integration > keeps two real sandboxes isolated while a real harmless process changes only one
SandboxPreflightError: The Windows verified-handle adapter is unavailable.
 ❯ failUnverifiable src/server/execution/sandbox-preflight.ts:101:9
     99|
    100| function failUnverifiable(message: string): never {
    101|   throw new SandboxPreflightError("SANDBOX_UNVERIFIABLE", message);
       |         ^
    102| }
    103|
 ❯ createDefaultSandboxFsAdapter src/server/execution/sandbox-preflight.ts:160:12
 ❯ preflightSandbox src/server/execution/sandbox-preflight.ts:224:39
 ❯ tests/execution-security-integration.test.ts:63:23

⎯⎯⎯⎯⎯⎯⎯⎯⎯⎯⎯⎯⎯⎯⎯⎯⎯⎯⎯⎯⎯⎯⎯⎯[1/2]⎯

 FAIL  tests/execution-security-integration.test.ts > execution security integration > fails a verified-handle replacement race without copying replacement bytes
SandboxPreflightError: The Windows verified-handle adapter is unavailable.
 ❯ failUnverifiable src/server/execution/sandbox-preflight.ts:101:9
     99|
    100| function failUnverifiable(message: string): never {
    101|   throw new SandboxPreflightError("SANDBOX_UNVERIFIABLE", message);
       |         ^
    102| }
    103|
 ❯ createDefaultSandboxFsAdapter src/server/execution/sandbox-preflight.ts:160:12
 ❯ preflightSandbox src/server/execution/sandbox-preflight.ts:224:39
 ❯ tests/execution-security-integration.test.ts:115:23

⎯⎯⎯⎯⎯⎯⎯⎯⎯⎯⎯⎯⎯⎯⎯⎯⎯⎯⎯⎯⎯⎯⎯⎯[2/2]⎯


 Test Files  1 failed (1)
      Tests  2 failed | 2 passed (4)
   Start at  06:28:14
   Duration  3.21s (transform 257ms, setup 436ms, import 395ms, tests 90ms, environment 1.99s)

# exit: 1
