# hf-gate-run
# label: t5-green
# command: cmd /c npm test -- tests/execution-actions.test.ts
# started: 2026-07-30T03:17:11+00:00

> collaboration-cockpit@0.1.0 test
> vitest run tests/execution-actions.test.ts


 RUN  v4.1.10 D:/cool-ai

(node:16624) ExperimentalWarning: SQLite is an experimental feature and might change at any time
(Use `node --trace-warnings ...` to show where the warning was created)
 ❯ tests/execution-actions.test.ts (7 tests | 2 failed) 2405ms
     × uses a random 120 second lease and heartbeat renews from DB time without extending overall deadline 315ms
     × ignores caller-skew fields and uses only SQLite time 316ms

⎯⎯⎯⎯⎯⎯⎯ Failed Tests 2 ⎯⎯⎯⎯⎯⎯⎯

 FAIL  tests/execution-actions.test.ts > generic execution child action CAS > uses a random 120 second lease and heartbeat renews from DB time without extending overall deadline
AssertionError: expected '2026-07-30T03:19:15.751Z' to be '2026-07-30T03:19:16.723Z' // Object.is equality

Expected: "2026-07-30T03:19:16.723Z"
Received: "2026-07-30T03:19:15.751Z"

 ❯ tests/execution-actions.test.ts:295:40
    293|         overallDeadlineAt: string;
    294|       };
    295|       expect(heartbeat.leaseExpiresAt).toBe(heartbeat.overallDeadlineA…
       |                                        ^
    296|       expect(
    297|         Date.parse(heartbeat.leaseExpiresAt) - Date.parse(heartbeat.la…

⎯⎯⎯⎯⎯⎯⎯⎯⎯⎯⎯⎯⎯⎯⎯⎯⎯⎯⎯⎯⎯⎯⎯⎯[1/2]⎯

 FAIL  tests/execution-actions.test.ts > generic execution child action CAS > ignores caller-skew fields and uses only SQLite time
AssertionError: expected 1785381437331 to be greater than 1785382200000
 ❯ tests/execution-actions.test.ts:436:47
    434|         leaseExpiresAt: string;
    435|       };
    436|       expect(Date.parse(row.lastHeartbeatAt)).toBeGreaterThan(Date.par…
       |                                               ^
    437|       expect(Date.parse(row.leaseExpiresAt) - Date.parse(row.lastHeart…
    438|     } finally {

⎯⎯⎯⎯⎯⎯⎯⎯⎯⎯⎯⎯⎯⎯⎯⎯⎯⎯⎯⎯⎯⎯⎯⎯[2/2]⎯


 Test Files  1 failed (1)
      Tests  2 failed | 5 passed (7)
   Start at  11:17:12
   Duration  4.53s (transform 164ms, setup 341ms, import 96ms, tests 2.40s, environment 1.42s)

# exit: 1
