# hf-gate-run
# label: t51-red
# command: python .cursor/skills/hf-workflow/scripts/test_hf_gate.py
# started: 2026-08-01T01:59:11+00:00
test_degraded_review_with_auto_approval_blocks (__main__.CheckBuildTest.test_degraded_review_with_auto_approval_blocks) ... ok
test_degraded_review_with_real_user_confirmation_passes (__main__.CheckBuildTest.test_degraded_review_with_real_user_confirmation_passes) ... ok
test_missing_confirmation_blocks (__main__.CheckBuildTest.test_missing_confirmation_blocks) ... ok
test_tier1_passes_with_frame_and_baseline (__main__.CheckBuildTest.test_tier1_passes_with_frame_and_baseline) ... ok
test_tier2_fails_without_plan_review (__main__.CheckBuildTest.test_tier2_fails_without_plan_review) ... ok
test_tier2_passes_with_approved_plan_review (__main__.CheckBuildTest.test_tier2_passes_with_approved_plan_review) ... ok
test_tier3_requires_both_reviews (__main__.CheckBuildTest.test_tier3_requires_both_reviews) ... ok
test_verdict_needs_revision_blocks (__main__.CheckBuildTest.test_verdict_needs_revision_blocks) ... ok
test_fails_without_spec_review (__main__.CheckDesignTest.test_fails_without_spec_review) ... ok
test_passes_with_approved_spec_review (__main__.CheckDesignTest.test_passes_with_approved_spec_review) ... ok
test_fails_for_tier1 (__main__.CheckPlanTest.test_fails_for_tier1) ... ok
test_fails_without_baseline_evidence (__main__.CheckPlanTest.test_fails_without_baseline_evidence) ... ok
test_fails_without_frame (__main__.CheckPlanTest.test_fails_without_frame) ... ok
test_passes_with_frame_and_baseline (__main__.CheckPlanTest.test_passes_with_frame_and_baseline) ... ok
test_complete_ship_passes (__main__.CheckShipTest.test_complete_ship_passes) ... ok
test_failed_suite_blocks (__main__.CheckShipTest.test_failed_suite_blocks) ... ok
test_missing_code_review_blocks (__main__.CheckShipTest.test_missing_code_review_blocks) ... ok
test_missing_smoke_blocks (__main__.CheckShipTest.test_missing_smoke_blocks) ... ok
test_missing_suite_blocks (__main__.CheckShipTest.test_missing_suite_blocks) ... ok
test_smoke_screenshot_counts_as_evidence (__main__.CheckShipTest.test_smoke_screenshot_counts_as_evidence) ... ok
test_suite_older_than_green_blocks (__main__.CheckShipTest.test_suite_older_than_green_blocks) ... ok
test_complete_red_green_passes (__main__.CheckVerifyTest.test_complete_red_green_passes) ... ok
test_green_log_with_nonzero_exit_blocks (__main__.CheckVerifyTest.test_green_log_with_nonzero_exit_blocks) ... ok
test_missing_red_log_blocks (__main__.CheckVerifyTest.test_missing_red_log_blocks) ... ok
test_red_log_with_exit_zero_blocks (__main__.CheckVerifyTest.test_red_log_with_exit_zero_blocks) ... ok
test_unchecked_task_blocks (__main__.CheckVerifyTest.test_unchecked_task_blocks) ... ok
test_verification_only_accepts_strict_run_envelope_without_red_green (__main__.CheckVerifyTest.test_verification_only_accepts_strict_run_envelope_without_red_green) ... FAIL
test_run_propagates_nonzero_exit (__main__.RunCommandTest.test_run_propagates_nonzero_exit) ... ok
test_run_rejects_bad_label (__main__.RunCommandTest.test_run_rejects_bad_label) ... ok
test_run_writes_log_with_header_and_exit_zero (__main__.RunCommandTest.test_run_writes_log_with_header_and_exit_zero) ... ok
test_unknown_target_is_usage_error (__main__.UsageTest.test_unknown_target_is_usage_error) ... usage: hf_gate.py check [-h] [--feature FEATURE]
                        [--to {plan,design,build,verify,ship,close}]
                        [--product] [--root ROOT]
hf_gate.py check: error: argument --to: invalid choice: 'nonsense' (choose from plan, design, build, verify, ship, close)
ok

======================================================================
FAIL: test_verification_only_accepts_strict_run_envelope_without_red_green (__main__.CheckVerifyTest.test_verification_only_accepts_strict_run_envelope_without_red_green)
----------------------------------------------------------------------
Traceback (most recent call last):
  File "D:\cool-ai\.cursor\skills\hf-workflow\scripts\test_hf_gate.py", line 332, in test_verification_only_accepts_strict_run_envelope_without_red_green
    self.assertEqual(code, 0, out)
    ~~~~~~~~~~~~~~~~^^^^^^^^^^^^^^
AssertionError: 1 != 0 : == hf-gate check --to verify (C:\Users\ADMINI~1\AppData\Local\Temp\2\tmpv6p5bj1e\features\001-x)
OK   frame.md 风险档位: 2
OK   frame.md 模式: 建造
OK   frame.md 用户可感知: 否
OK   baseline 证据: baseline-20260703T100000Z.log (exit 0)
OK   plan.md 任务清单: 1 项
OK   plan-review: 通过，已确认 (2026-07-03)
OK   任务清单全部勾选 (1 项)
FAIL T-50 缺 red 证据: evidence/t50-red-*.log（失败先行的测试运行）
FAIL T-50 缺 green 证据: evidence/t50-green-*.log
RESULT: FAIL (2 项未通过) — 不得进入 verify


----------------------------------------------------------------------
Ran 31 tests in 0.928s

FAILED (failures=1)
# exit: 1
