# hf-gate-run
# label: t52-regression
# command: npm.cmd test -- tests/execution-mutation-body-limits.test.ts tests/execution-merge-route.test.ts tests/execution-approvals.test.ts tests/execution-sandbox-orchestrator.test.ts tests/execution-controls.test.ts tests/validation-policy.test.ts
# started: 2026-08-01T02:22:23+00:00

> collaboration-cockpit@0.1.0 test
> vitest run tests/execution-mutation-body-limits.test.ts tests/execution-merge-route.test.ts tests/execution-approvals.test.ts tests/execution-sandbox-orchestrator.test.ts tests/execution-controls.test.ts tests/validation-policy.test.ts


 RUN  v4.1.10 D:/cool-ai

(node:16612) ExperimentalWarning: SQLite is an experimental feature and might change at any time
(Use `node --trace-warnings ...` to show where the warning was created)
(node:15800) ExperimentalWarning: SQLite is an experimental feature and might change at any time
(Use `node --trace-warnings ...` to show where the warning was created)
(node:16808) ExperimentalWarning: SQLite is an experimental feature and might change at any time
(Use `node --trace-warnings ...` to show where the warning was created)
(node:15340) ExperimentalWarning: SQLite is an experimental feature and might change at any time
(Use `node --trace-warnings ...` to show where the warning was created)
(node:16768) ExperimentalWarning: SQLite is an experimental feature and might change at any time
(Use `node --trace-warnings ...` to show where the warning was created)
(node:15004) ExperimentalWarning: SQLite is an experimental feature and might change at any time
(Use `node --trace-warnings ...` to show where the warning was created)

 Test Files  6 passed (6)
      Tests  79 passed (79)
   Start at  10:22:25
   Duration  19.07s (transform 1.86s, setup 3.29s, import 3.51s, tests 36.63s, environment 17.70s)

# exit: 0
