# hf-gate-run
# label: t55-red
# command: npm test -- --run tests/execution-stale-context.test.ts
# started: 2026-08-01T02:38:47+00:00

> collaboration-cockpit@0.1.0 test
> vitest run --run tests/execution-stale-context.test.ts


 RUN  v4.1.10 D:/cool-ai

(node:15940) ExperimentalWarning: SQLite is an experimental feature and might change at any time
(Use `node --trace-warnings ...` to show where the warning was created)
 ❯ tests/execution-stale-context.test.ts (30 tests | 12 failed) 8242ms
     × fails closed for malformed public JSON 229ms
     × fails closed for non-object private JSON 228ms
     × fails closed for missing public field 224ms
     × fails closed for extra private field 226ms
     × fails closed for wrong envelope field type 227ms
     × fails closed for wrong envelope version 237ms
     × rejects promptInput missing field before model progression 325ms
     × rejects promptInput extra field before model progression 318ms
     × rejects promptInput wrong field type before model progression 305ms
     × rejects promptInput wrong version before model progression 316ms
     × rejects promptInput tampered task before model progression 302ms
     × rejects a stored frozen fingerprint mismatch 244ms

⎯⎯⎯⎯⎯⎯ Failed Tests 12 ⎯⎯⎯⎯⎯⎯⎯

 FAIL  tests/execution-stale-context.test.ts > execution frozen-input staleness > fails closed for malformed public JSON
Error: CHECK constraint failed: json_valid(frozen_public_json) AND length(CAST(frozen_public_json AS BLOB))<=2097152
 ❯ replaceFrozenJson tests/execution-stale-context.test.ts:204:8
    202|     database.prepare(`
    203|       UPDATE execution_attempts SET ${column}=? WHERE id=?
    204|     `).run(typeof value === "string" ? value : JSON.stringify(value), …
       |        ^
    205|   }
    206|
 ❯ tests/execution-stale-context.test.ts:225:9

⎯⎯⎯⎯⎯⎯⎯⎯⎯⎯⎯⎯⎯⎯⎯⎯⎯⎯⎯⎯⎯⎯⎯[1/12]⎯

 FAIL  tests/execution-stale-context.test.ts > execution frozen-input staleness > fails closed for non-object private JSON
 FAIL  tests/execution-stale-context.test.ts > execution frozen-input staleness > fails closed for missing public field
 FAIL  tests/execution-stale-context.test.ts > execution frozen-input staleness > fails closed for extra private field
 FAIL  tests/execution-stale-context.test.ts > execution frozen-input staleness > fails closed for wrong envelope field type
 FAIL  tests/execution-stale-context.test.ts > execution frozen-input staleness > fails closed for wrong envelope version
AssertionError: expected function to throw an error, but it didn't
 ❯ tests/execution-stale-context.test.ts:236:10
    234|
    235|       expect(() => staleExecutionIfFrozenInputChanged(database, EXECUT…
    236|         .toThrowError(expect.objectContaining({ code: "FROZEN_INPUT_IN…
       |          ^
    237|       expect(database.prepare(`
    238|         SELECT status FROM executions WHERE id=?

⎯⎯⎯⎯⎯⎯⎯⎯⎯⎯⎯⎯⎯⎯⎯⎯⎯⎯⎯⎯⎯⎯⎯[2/12]⎯

 FAIL  tests/execution-stale-context.test.ts > execution frozen-input staleness > rejects promptInput missing field before model progression
AssertionError: expected TypeError: Cannot read properties of unde… to match object { code: 'FROZEN_INPUT_INVALID', …(1) }

- Expected
+ Received

- {
-   "code": "FROZEN_INPUT_INVALID",
-   "httpStatus": 500,
+ TypeError {
+   "message": "Cannot read properties of undefined (reading 'assigneeAgentId')",
  }

 ❯ tests/execution-stale-context.test.ts:272:7
    270|       { expectedVersion: 1, operationId: operationId(90) },
    271|       { fileAdapter: {} },
    272|     )).rejects.toMatchObject({ code: "FROZEN_INPUT_INVALID", httpStatu…
       |       ^
    273|
    274|     expect(fetchMock).not.toHaveBeenCalled();

⎯⎯⎯⎯⎯⎯⎯⎯⎯⎯⎯⎯⎯⎯⎯⎯⎯⎯⎯⎯⎯⎯⎯[3/12]⎯

 FAIL  tests/execution-stale-context.test.ts > execution frozen-input staleness > rejects promptInput extra field before model progression
 FAIL  tests/execution-stale-context.test.ts > execution frozen-input staleness > rejects promptInput wrong version before model progression
 FAIL  tests/execution-stale-context.test.ts > execution frozen-input staleness > rejects promptInput tampered task before model progression
AssertionError: expected TypeError: Cannot read properties of unde… to match object { code: 'FROZEN_INPUT_INVALID', …(1) }

- Expected
+ Received

- {
-   "code": "FROZEN_INPUT_INVALID",
-   "httpStatus": 500,
+ TypeError {
+   "message": "Cannot read properties of undefined (reading 'status')",
  }

 ❯ tests/execution-stale-context.test.ts:272:7
    270|       { expectedVersion: 1, operationId: operationId(90) },
    271|       { fileAdapter: {} },
    272|     )).rejects.toMatchObject({ code: "FROZEN_INPUT_INVALID", httpStatu…
       |       ^
    273|
    274|     expect(fetchMock).not.toHaveBeenCalled();

⎯⎯⎯⎯⎯⎯⎯⎯⎯⎯⎯⎯⎯⎯⎯⎯⎯⎯⎯⎯⎯⎯⎯[4/12]⎯

 FAIL  tests/execution-stale-context.test.ts > execution frozen-input staleness > rejects promptInput wrong field type before model progression
AssertionError: expected TypeError: input.dependencies.map is not … to match object { code: 'FROZEN_INPUT_INVALID', …(1) }

- Expected
+ Received

- {
-   "code": "FROZEN_INPUT_INVALID",
-   "httpStatus": 500,
+ TypeError {
+   "message": "input.dependencies.map is not a function",
  }

 ❯ tests/execution-stale-context.test.ts:272:7
    270|       { expectedVersion: 1, operationId: operationId(90) },
    271|       { fileAdapter: {} },
    272|     )).rejects.toMatchObject({ code: "FROZEN_INPUT_INVALID", httpStatu…
       |       ^
    273|
    274|     expect(fetchMock).not.toHaveBeenCalled();

⎯⎯⎯⎯⎯⎯⎯⎯⎯⎯⎯⎯⎯⎯⎯⎯⎯⎯⎯⎯⎯⎯⎯[5/12]⎯

 FAIL  tests/execution-stale-context.test.ts > execution frozen-input staleness > rejects a stored frozen fingerprint mismatch
AssertionError: expected function to throw an error, but it didn't
 ❯ tests/execution-stale-context.test.ts:293:8
    291|
    292|     expect(() => staleExecutionIfFrozenInputChanged(database, EXECUTIO…
    293|       .toThrowError(expect.objectContaining({ code: "FROZEN_INPUT_INVA…
       |        ^
    294|   });
    295|

⎯⎯⎯⎯⎯⎯⎯⎯⎯⎯⎯⎯⎯⎯⎯⎯⎯⎯⎯⎯⎯⎯⎯[6/12]⎯


 Test Files  1 failed (1)
      Tests  12 failed | 18 passed (30)
   Start at  10:38:49
   Duration  11.03s (transform 383ms, setup 416ms, import 291ms, tests 8.24s, environment 1.78s)

# exit: 1
