# hf-gate-run
# label: t55-safety-regression
# command: npm test -- --run tests/execution-approvals.test.ts tests/execution-usage-budget.test.ts tests/merge-recovery.test.ts tests/merge-fault-injection.test.ts tests/merge-journal-prepare.test.ts tests/merge-external-writer.test.ts
# started: 2026-08-01T02:46:39+00:00

> collaboration-cockpit@0.1.0 test
> vitest run --run tests/execution-approvals.test.ts tests/execution-usage-budget.test.ts tests/merge-recovery.test.ts tests/merge-fault-injection.test.ts tests/merge-journal-prepare.test.ts tests/merge-external-writer.test.ts


 RUN  v4.1.10 D:/cool-ai

(node:3720) ExperimentalWarning: SQLite is an experimental feature and might change at any time
(Use `node --trace-warnings ...` to show where the warning was created)
(node:8888) ExperimentalWarning: SQLite is an experimental feature and might change at any time
(Use `node --trace-warnings ...` to show where the warning was created)
(node:15840) ExperimentalWarning: SQLite is an experimental feature and might change at any time
(Use `node --trace-warnings ...` to show where the warning was created)
(node:12804) ExperimentalWarning: SQLite is an experimental feature and might change at any time
(Use `node --trace-warnings ...` to show where the warning was created)
(node:9000) ExperimentalWarning: SQLite is an experimental feature and might change at any time
(Use `node --trace-warnings ...` to show where the warning was created)
(node:15520) ExperimentalWarning: SQLite is an experimental feature and might change at any time
(Use `node --trace-warnings ...` to show where the warning was created)

 Test Files  6 passed (6)
      Tests  48 passed (48)
   Start at  10:46:40
   Duration  20.69s (transform 2.30s, setup 3.19s, import 3.39s, tests 52.54s, environment 12.61s)

# exit: 0
