# hf-gate-run
# label: t57-red
# command: npm test -- tests/execution-read-api.test.ts -t round-trips the complete persisted event union
# started: 2026-08-01T03:10:19+00:00

> collaboration-cockpit@0.1.0 test
> vitest run tests/execution-read-api.test.ts -t round-trips the complete persisted event union


 RUN  v4.1.10 D:/cool-ai

(node:10724) ExperimentalWarning: SQLite is an experimental feature and might change at any time
(Use `node --trace-warnings ...` to show where the warning was created)
 ❯ tests/execution-read-api.test.ts (16 tests | 1 failed | 15 skipped) 2107ms
     × round-trips the complete persisted event union in sequence order across pages 2105ms

⎯⎯⎯⎯⎯⎯⎯ Failed Tests 1 ⎯⎯⎯⎯⎯⎯⎯

 FAIL  tests/execution-read-api.test.ts > bounded execution read APIs > round-trips the complete persisted event union in sequence order across pages
AssertionError: expected [ …(18) ] to have a length of 33 but got 18

- Expected
+ Received

- 33
+ 18

 ❯ tests/execution-read-api.test.ts:343:36
    341|   it("round-trips the complete persisted event union in sequence order…
    342|     expect(expectedPersistedEventTypes).toHaveLength(33);
    343|     expect(persistedEventFixtures).toHaveLength(expectedPersistedEvent…
       |                                    ^
    344|     expect(persistedEventFixtures.map(([type]) => type).sort()).toEqua…
    345|       [...expectedPersistedEventTypes].sort(),

⎯⎯⎯⎯⎯⎯⎯⎯⎯⎯⎯⎯⎯⎯⎯⎯⎯⎯⎯⎯⎯⎯⎯⎯[1/1]⎯


 Test Files  1 failed (1)
      Tests  1 failed | 15 skipped (16)
   Start at  11:10:20
   Duration  5.07s (transform 290ms, setup 422ms, import 443ms, tests 2.11s, environment 1.81s)

# exit: 1
