# hf-gate-run
# label: t7-green
# command: npm.cmd test -- tests/sandbox-snapshot.test.ts tests/execution-slice.test.tsx tests/execution-actions.test.ts tests/execution-operations.test.ts
# started: 2026-07-30T03:38:25+00:00

> collaboration-cockpit@0.1.0 test
> vitest run tests/sandbox-snapshot.test.ts tests/execution-slice.test.tsx tests/execution-actions.test.ts tests/execution-operations.test.ts


 RUN  v4.1.10 D:/cool-ai

(node:5716) ExperimentalWarning: SQLite is an experimental feature and might change at any time
(Use `node --trace-warnings ...` to show where the warning was created)
(node:13912) ExperimentalWarning: SQLite is an experimental feature and might change at any time
(Use `node --trace-warnings ...` to show where the warning was created)
(node:10416) ExperimentalWarning: SQLite is an experimental feature and might change at any time
(Use `node --trace-warnings ...` to show where the warning was created)
(node:15768) ExperimentalWarning: SQLite is an experimental feature and might change at any time
(Use `node --trace-warnings ...` to show where the warning was created)

 Test Files  4 passed (4)
      Tests  22 passed (22)
   Start at  11:38:26
   Duration  4.88s (transform 543ms, setup 1.66s, import 681ms, tests 6.84s, environment 6.46s)

# exit: 0
