# hf-gate-run
# label: t7-green
# command: npm.cmd test -- tests/sandbox-snapshot.test.ts tests/execution-slice.test.tsx tests/execution-actions.test.ts tests/execution-operations.test.ts
# started: 2026-07-30T03:40:59+00:00

> collaboration-cockpit@0.1.0 test
> vitest run tests/sandbox-snapshot.test.ts tests/execution-slice.test.tsx tests/execution-actions.test.ts tests/execution-operations.test.ts


 RUN  v4.1.10 D:/cool-ai

(node:14532) ExperimentalWarning: SQLite is an experimental feature and might change at any time
(Use `node --trace-warnings ...` to show where the warning was created)
(node:5988) ExperimentalWarning: SQLite is an experimental feature and might change at any time
(Use `node --trace-warnings ...` to show where the warning was created)
(node:15716) ExperimentalWarning: SQLite is an experimental feature and might change at any time
(Use `node --trace-warnings ...` to show where the warning was created)
(node:2600) ExperimentalWarning: SQLite is an experimental feature and might change at any time
(Use `node --trace-warnings ...` to show where the warning was created)

 Test Files  4 passed (4)
      Tests  22 passed (22)
   Start at  11:41:00
   Duration  4.94s (transform 446ms, setup 1.72s, import 587ms, tests 7.02s, environment 6.48s)

# exit: 0
