# hf-gate-run
# label: t7-red
# command: npm.cmd test -- tests/sandbox-snapshot.test.ts
# started: 2026-07-30T03:36:57+00:00

> collaboration-cockpit@0.1.0 test
> vitest run tests/sandbox-snapshot.test.ts


 RUN  v4.1.10 D:/cool-ai

 ❯ tests/sandbox-snapshot.test.ts (0 test)

⎯⎯⎯⎯⎯⎯ Failed Suites 1 ⎯⎯⎯⎯⎯⎯⎯

 FAIL  tests/sandbox-snapshot.test.ts [ tests/sandbox-snapshot.test.ts ]
Error: Transform failed with 2 errors:

[31m[PARSE_ERROR] [0mIdentifier `database` has already been declared
     [38;5;246m╭[0m[38;5;246m─[0m[38;5;246m[[0m tests/sandbox-snapshot.test.ts:244:9 [38;5;246m][0m
     [38;5;246m│[0m
 [38;5;246m244 │[0m [38;5;249m [0m[38;5;249m [0m[38;5;249m [0m[38;5;249m [0m[38;5;249ml[0m[38;5;249me[0m[38;5;249mt[0m[38;5;249m [0mdatabase[38;5;249m [0m[38;5;249m=[0m[38;5;249m [0m[38;5;249ms[0m[38;5;249me[0m[38;5;249me[0m[38;5;249md[0m[38;5;249mS[0m[38;5;249ma[0m[38;5;249mn[0m[38;5;249md[0m[38;5;249mb[0m[38;5;249mo[0m[38;5;249mx[0m[38;5;249mA[0m[38;5;249mc[0m[38;5;249mt[0m[38;5;249mi[0m[38;5;249mo[0m[38;5;249mn[0m[38;5;249m([0m[38;5;249m{[0m[38;5;249m [0m[38;5;249ma[0m[38;5;249mc[0m[38;5;249mt[0m[38;5;249mi[0m[38;5;249mo[0m[38;5;249mn[0m[38;5;249mI[0m[38;5;249md[0m[38;5;249m:[0m[38;5;249m [0m[38;5;249m"[0m[38;5;249me[0m[38;5;249mx[0m[38;5;249mp[0m[38;5;249mi[0m[38;5;249mr[0m[38;5;249me[0m[38;5;249md[0m[38;5;249m-[0m[38;5;249ma[0m[38;5;249mc[0m[38;5;249mt[0m[38;5;249mi[0m[38;5;249mo[0m[38;5;249mn[0m[38;5;249m"[0m[38;5;249m,[0m[38;5;249m [0m[38;5;249md[0m[38;5;249me[0m[38;5;249ma[0m[38;5;249md[0m[38;5;249ml[0m[38;5;249mi[0m[38;5;249mn[0m[38;5;249me[0m[38;5;249mM[0m[38;5;249mo[0m[38;5;249md[0m[38;5;249mi[0m[38;5;249mf[0m[38;5;249mi[0m[38;5;249me[0m[38;5;249mr[0m[38;5;249m:[0m[38;5;249m [0m[38;5;249m"[0m[38;5;249m-[0m[38;5;249m1[0m[38;5;249m [0m[38;5;249ms[0m[38;5;249me[0m[38;5;249mc[0m[38;5;249mo[0m[38;5;249mn[0m[38;5;249md[0m[38;5;249m"[0m[38;5;249m,[0m[38;5;249m [0m[38;5;249mo[0m[38;5;249mp[0m[38;5;249me[0m[38;5;249mr[0m[38;5;249ma[0m[38;5;249mt[0m[38;5;249mi[0m[38;5;249mo[0m[38;5;249mn[0m[38;5;249mI[0m[38;5;249md[0m[38;5;249m:[0m[38;5;249m [0m[38;5;249m"[0m[38;5;249m0[0m[38;5;249m0[0m[38;5;249m0[0m[38;5;249m0[0m[38;5;249m0[0m[38;5;249m0[0m[38;5;249m0[0m[38;5;249m0[0m[38;5;249m-[0m[38;5;249m0[0m[38;5;249m0[0m[38;5;249m0[0m[38;5;249m0[0m[38;5;249m-[0m[38;5;249m4[0m[38;5;249m0[0m[38;5;249m0[0m[38;5;249m0[0m[38;5;249m-[0m[38;5;249m8[0m[38;5;249m0[0m[38;5;249m0[0m[38;5;249m0[0m[38;5;249m-[0m[38;5;249m0[0m[38;5;249m0[0m[38;5;249m0[0m[38;5;249m0[0m[38;5;249m0[0m[38;5;249m0[0m[38;5;249m0[0m[38;5;249m0[0m[38;5;249m0[0m[38;5;249m7[0m[38;5;249m0[0m[38;5;249m2[0m[38;5;249m"[0m[38;5;249m,[0m[38;5;249m [0m[38;5;249ms[0m[38;5;249mt[0m[38;5;249ma[0m[38;5;249mt[0m[38;5;249mu[0m[38;5;249ms[0m[38;5;249m:[0m[38;5;249m [0m[38;5;249m"[0m[38;5;249mr[0m[38;5;249mu[0m[38;5;249mn[0m[38;5;249mn[0m[38;5;249mi[0m[38;5;249mn[0m[38;5;249mg[0m[38;5;249m"[0m[38;5;249m [0m[38;5;249m}[0m[38;5;249m)[0m[38;5;249m;[0m
 [38;5;240m    │[0m         ────┬───  
 [38;5;240m    │[0m             ╰───── `database` has already been declared here
 [38;5;240m    │[0m 
 [38;5;246m249 │[0m [38;5;249m [0m[38;5;249m [0m[38;5;249m [0m[38;5;249m [0m[38;5;249ml[0m[38;5;249me[0m[38;5;249mt[0m[38;5;249m [0mdatabase[38;5;249m [0m[38;5;249m=[0m[38;5;249m [0m[38;5;249mo[0m[38;5;249mp[0m[38;5;249me[0m[38;5;249mn[0m[38;5;249mD[0m[38;5;249ma[0m[38;5;249mt[0m[38;5;249ma[0m[38;5;249mb[0m[38;5;249ma[0m[38;5;249ms[0m[38;5;249me[0m[38;5;249m([0m[38;5;249md[0m[38;5;249ma[0m[38;5;249mt[0m[38;5;249ma[0m[38;5;249mb[0m[38;5;249ma[0m[38;5;249ms[0m[38;5;249me[0m[38;5;249mP[0m[38;5;249ma[0m[38;5;249mt[0m[38;5;249mh[0m[38;5;249m)[0m[38;5;249m;[0m
 [38;5;240m    │[0m         ────┬───  
 [38;5;240m    │[0m             ╰───── It can not be redeclared here
[38;5;246m─────╯[0m

[31m[PARSE_ERROR] [0mIdentifier `database` has already been declared
     [38;5;246m╭[0m[38;5;246m─[0m[38;5;246m[[0m tests/sandbox-snapshot.test.ts:263:11 [38;5;246m][0m
     [38;5;246m│[0m
 [38;5;246m263 │[0m [38;5;249m [0m[38;5;249m [0m[38;5;249m [0m[38;5;249m [0m[38;5;249mc[0m[38;5;249mo[0m[38;5;249mn[0m[38;5;249ms[0m[38;5;249mt[0m[38;5;249m [0mdatabase[38;5;249m [0m[38;5;249m=[0m[38;5;249m [0m[38;5;249ms[0m[38;5;249me[0m[38;5;249me[0m[38;5;249md[0m[38;5;249mS[0m[38;5;249ma[0m[38;5;249mn[0m[38;5;249md[0m[38;5;249mb[0m[38;5;249mo[0m[38;5;249mx[0m[38;5;249mA[0m[38;5;249mc[0m[38;5;249mt[0m[38;5;249mi[0m[38;5;249mo[0m[38;5;249mn[0m[38;5;249m([0m[38;5;249m{[0m[38;5;249m [0m[38;5;249ma[0m[38;5;249mc[0m[38;5;249mt[0m[38;5;249mi[0m[38;5;249mo[0m[38;5;249mn[0m[38;5;249mI[0m[38;5;249md[0m[38;5;249m:[0m[38;5;249m [0m[38;5;249m"[0m[38;5;249mu[0m[38;5;249mn[0m[38;5;249mc[0m[38;5;249me[0m[38;5;249mr[0m[38;5;249mt[0m[38;5;249ma[0m[38;5;249mi[0m[38;5;249mn[0m[38;5;249m-[0m[38;5;249ma[0m[38;5;249mc[0m[38;5;249mt[0m[38;5;249mi[0m[38;5;249mo[0m[38;5;249mn[0m[38;5;249m"[0m[38;5;249m,[0m[38;5;249m [0m[38;5;249md[0m[38;5;249me[0m[38;5;249ma[0m[38;5;249md[0m[38;5;249ml[0m[38;5;249mi[0m[38;5;249mn[0m[38;5;249me[0m[38;5;249mM[0m[38;5;249mo[0m[38;5;249md[0m[38;5;249mi[0m[38;5;249mf[0m[38;5;249mi[0m[38;5;249me[0m[38;5;249mr[0m[38;5;249m:[0m[38;5;249m [0m[38;5;249m"[0m[38;5;249m-[0m[38;5;249m1[0m[38;5;249m [0m[38;5;249ms[0m[38;5;249me[0m[38;5;249mc[0m[38;5;249mo[0m[38;5;249mn[0m[38;5;249md[0m[38;5;249m"[0m[38;5;249m,[0m[38;5;249m [0m[38;5;249mo[0m[38;5;249mp[0m[38;5;249me[0m[38;5;249mr[0m[38;5;249ma[0m[38;5;249mt[0m[38;5;249mi[0m[38;5;249mo[0m[38;5;249mn[0m[38;5;249mI[0m[38;5;249md[0m[38;5;249m:[0m[38;5;249m [0m[38;5;249m"[0m[38;5;249m0[0m[38;5;249m0[0m[38;5;249m0[0m[38;5;249m0[0m[38;5;249m0[0m[38;5;249m0[0m[38;5;249m0[0m[38;5;249m0[0m[38;5;249m-[0m[38;5;249m0[0m[38;5;249m0[0m[38;5;249m0[0m[38;5;249m0[0m[38;5;249m-[0m[38;5;249m4[0m[38;5;249m0[0m[38;5;249m0[0m[38;5;249m0[0m[38;5;249m-[0m[38;5;249m8[0m[38;5;249m0[0m[38;5;249m0[0m[38;5;249m0[0m[38;5;249m-[0m[38;5;249m0[0m[38;5;249m0[0m[38;5;249m0[0m[38;5;249m0[0m[38;5;249m0[0m[38;5;249m0[0m[38;5;249m0[0m[38;5;249m0[0m[38;5;249m0[0m[38;5;249m7[0m[38;5;249m0[0m[38;5;249m3[0m[38;5;249m"[0m[38;5;249m,[0m[38;5;249m [0m[38;5;249ms[0m[38;5;249mt[0m[38;5;249ma[0m[38;5;249mt[0m[38;5;249mu[0m[38;5;249ms[0m[38;5;249m:[0m[38;5;249m [0m[38;5;249m"[0m[38;5;249mr[0m[38;5;249mu[0m[38;5;249mn[0m[38;5;249mn[0m[38;5;249mi[0m[38;5;249mn[0m[38;5;249mg[0m[38;5;249m"[0m[38;5;249m [0m[38;5;249m}[0m[38;5;249m)[0m[38;5;249m;[0m
 [38;5;240m    │[0m           ────┬───  
 [38;5;240m    │[0m               ╰───── `database` has already been declared here
 [38;5;240m    │[0m 
 [38;5;246m267 │[0m [38;5;249m [0m[38;5;249m [0m[38;5;249m [0m[38;5;249m [0m[38;5;249mc[0m[38;5;249mo[0m[38;5;249mn[0m[38;5;249ms[0m[38;5;249mt[0m[38;5;249m [0mdatabase[38;5;249m [0m[38;5;249m=[0m[38;5;249m [0m[38;5;249mo[0m[38;5;249mp[0m[38;5;249me[0m[38;5;249mn[0m[38;5;249mD[0m[38;5;249ma[0m[38;5;249mt[0m[38;5;249ma[0m[38;5;249mb[0m[38;5;249ma[0m[38;5;249ms[0m[38;5;249me[0m[38;5;249m([0m[38;5;249md[0m[38;5;249ma[0m[38;5;249mt[0m[38;5;249ma[0m[38;5;249mb[0m[38;5;249ma[0m[38;5;249ms[0m[38;5;249me[0m[38;5;249mP[0m[38;5;249ma[0m[38;5;249mt[0m[38;5;249mh[0m[38;5;249m)[0m[38;5;249m;[0m
 [38;5;240m    │[0m           ────┬───  
 [38;5;240m    │[0m               ╰───── It can not be redeclared here
[38;5;246m─────╯[0m

  Plugin: vite:oxc
  File: D:/cool-ai/tests/sandbox-snapshot.test.ts
 ❯ transformWithOxc node_modules/vite/dist/node/chunks/node.js:4033:19
 ❯ TransformPluginContext.transform node_modules/vite/dist/node/chunks/node.js:4104:26
 ❯ EnvironmentPluginContainer.transform node_modules/vite/dist/node/chunks/node.js:30201:51
 ❯ loadAndTransform node_modules/vite/dist/node/chunks/node.js:20124:26

⎯⎯⎯⎯⎯⎯⎯⎯⎯⎯⎯⎯⎯⎯⎯⎯⎯⎯⎯⎯⎯⎯⎯⎯[1/1]⎯


 Test Files  1 failed (1)
      Tests  no tests
   Start at  11:36:58
   Duration  2.06s (transform 27ms, setup 335ms, import 0ms, tests 0ms, environment 1.42s)

# exit: 1
