# hf-gate-run
# label: t7-red
# command: npm.cmd test -- tests/sandbox-snapshot.test.ts
# started: 2026-07-30T03:37:29+00:00

> collaboration-cockpit@0.1.0 test
> vitest run tests/sandbox-snapshot.test.ts


 RUN  v4.1.10 D:/cool-ai

(node:14528) ExperimentalWarning: SQLite is an experimental feature and might change at any time
(Use `node --trace-warnings ...` to show where the warning was created)
 ❯ tests/sandbox-snapshot.test.ts (8 tests | 2 failed) 1144ms
     × reconciles a restarted expired build to paused only after owned cleanup 278ms
     × fails closed without deleting a replacement sandbox when ownership is uncertain 248ms

⎯⎯⎯⎯⎯⎯⎯ Failed Tests 2 ⎯⎯⎯⎯⎯⎯⎯

 FAIL  tests/sandbox-snapshot.test.ts > durable sandbox action lifecycle > reconciles a restarted expired build to paused only after owned cleanup
TypeError: snapshot.cleanupOwnedSandbox is not a function
 ❯ tests/sandbox-snapshot.test.ts:249:27


⎯⎯⎯⎯⎯⎯⎯⎯⎯⎯⎯⎯⎯⎯⎯⎯⎯⎯⎯⎯⎯⎯⎯⎯[1/4]⎯

 FAIL  tests/sandbox-snapshot.test.ts > durable sandbox action lifecycle > reconciles a restarted expired build to paused only after owned cleanup
Error: EPERM, Permission denied: \\?\C:\Users\ADMINI~1\AppData\Local\Temp\2\cool-ai-sandbox-snapshot-LfVBUh '\\?\C:\Users\ADMINI~1\AppData\Local\Temp\2\cool-ai-sandbox-snapshot-LfVBUh'
 ❯ tests/sandbox-snapshot.test.ts:64:17
     62| });
     63|
     64| afterEach(() => rmSync(root, { force: true, recursive: true }));
       |                 ^
     65|
     66| function write(relativePath: string, bytes: string): string {

⎯⎯⎯⎯⎯⎯⎯⎯⎯⎯⎯⎯⎯⎯⎯⎯⎯⎯⎯⎯⎯⎯⎯⎯[2/4]⎯

 FAIL  tests/sandbox-snapshot.test.ts > durable sandbox action lifecycle > fails closed without deleting a replacement sandbox when ownership is uncertain
TypeError: snapshot.cleanupOwnedSandbox is not a function
 ❯ tests/sandbox-snapshot.test.ts:267:27


⎯⎯⎯⎯⎯⎯⎯⎯⎯⎯⎯⎯⎯⎯⎯⎯⎯⎯⎯⎯⎯⎯⎯⎯[3/4]⎯

 FAIL  tests/sandbox-snapshot.test.ts > durable sandbox action lifecycle > fails closed without deleting a replacement sandbox when ownership is uncertain
Error: EPERM, Permission denied: \\?\C:\Users\ADMINI~1\AppData\Local\Temp\2\cool-ai-sandbox-snapshot-UizFwC '\\?\C:\Users\ADMINI~1\AppData\Local\Temp\2\cool-ai-sandbox-snapshot-UizFwC'
 ❯ tests/sandbox-snapshot.test.ts:64:17
     62| });
     63|
     64| afterEach(() => rmSync(root, { force: true, recursive: true }));
       |                 ^
     65|
     66| function write(relativePath: string, bytes: string): string {

⎯⎯⎯⎯⎯⎯⎯⎯⎯⎯⎯⎯⎯⎯⎯⎯⎯⎯⎯⎯⎯⎯⎯⎯[4/4]⎯


 Test Files  1 failed (1)
      Tests  2 failed | 6 passed (8)
   Start at  11:37:30
   Duration  3.31s (transform 186ms, setup 337ms, import 119ms, tests 1.14s, environment 1.42s)

# exit: 1
