# hf-gate-run
# label: t8-red
# command: cmd /c npm test -- tests/execution-list-tool.test.ts
# started: 2026-07-30T03:45:18+00:00

> collaboration-cockpit@0.1.0 test
> vitest run tests/execution-list-tool.test.ts


 RUN  v4.1.10 D:/cool-ai

 ❯ tests/execution-list-tool.test.ts (0 test)

⎯⎯⎯⎯⎯⎯ Failed Suites 1 ⎯⎯⎯⎯⎯⎯⎯

 FAIL  tests/execution-list-tool.test.ts [ tests/execution-list-tool.test.ts ]
Error: Failed to resolve import "@/src/server/execution/file-tools" from "tests/execution-list-tool.test.ts". Does the file exist?
  Plugin: vite:import-analysis
  File: D:/cool-ai/tests/execution-list-tool.test.ts:137:28
  78 |  	try {
  79 |  		guard = await import("@/src/server/execution/path-guard");
  80 |  		listTool = await import("@/src/server/execution/file-tools");
     |                            ^
  81 |  	} catch {
  82 |  		expect.fail("The T-8 path guard and list action are unavailable.");
 ❯ TransformPluginContext._formatLog node_modules/vite/dist/node/chunks/node.js:30416:39
 ❯ TransformPluginContext.error node_modules/vite/dist/node/chunks/node.js:30413:14
 ❯ normalizeUrl node_modules/vite/dist/node/chunks/node.js:27438:18
 ❯ node_modules/vite/dist/node/chunks/node.js:27506:30
 ❯ TransformPluginContext.transform node_modules/vite/dist/node/chunks/node.js:27474:4
 ❯ EnvironmentPluginContainer.transform node_modules/vite/dist/node/chunks/node.js:30201:14
 ❯ loadAndTransform node_modules/vite/dist/node/chunks/node.js:20124:26

⎯⎯⎯⎯⎯⎯⎯⎯⎯⎯⎯⎯⎯⎯⎯⎯⎯⎯⎯⎯⎯⎯⎯⎯[1/1]⎯


 Test Files  1 failed (1)
      Tests  no tests
   Start at  11:45:19
   Duration  2.22s (transform 28ms, setup 341ms, import 0ms, tests 0ms, environment 1.53s)

# exit: 1
