# hf-gate-run
# label: build-final
# command: npm run build
# started: 2026-07-26T14:01:06+00:00

> cool-ai@0.0.1 build
> next build

▲ Next.js 16.2.11 (Turbopack)
- Environments: .env

  Creating an optimized production build ...

> Build error occurred
Error: Turbopack build failed with 1 errors:
./app/api/skills/route.ts:2:1
Export ValidationError doesn't exist in target module
  [90m1 |[0m [36mimport[0m { [33mNextResponse[0m } [36mfrom[0m [32m"next/server"[0m;
[31m[1m>[0m [90m2 |[0m [36mimport[0m {
  [90m  |[0m [31m[1m^^^^^^^[0m
[31m[1m>[0m [90m3 |[0m   createSkill,
  [90m  |[0m [31m[1m^^^^^^^^^^^^^^[0m
[31m[1m>[0m [90m4 |[0m   getSkills,
  [90m  |[0m [31m[1m^^^^^^^^^^^^[0m
[31m[1m>[0m [90m5 |[0m   [33mValidationError[0m,
  [90m  |[0m [31m[1m^^^^^^^^^^^^^^^^^^[0m
[31m[1m>[0m [90m6 |[0m } [36mfrom[0m [32m"../../../src/server/skillService"[0m;
  [90m  |[0m [31m[1m^^^^^^^^^^^^^^^^^^^^^^^^^^^^^^^^^^^^^^^^^^[0m
  [90m7 |[0m [36mimport[0m [36mtype[0m { [33mCreateSkillInput[0m } [36mfrom[0m [32m"../../../src/server/skillService"[0m;
  [90m8 |[0m
  [90m9 |[0m [36mexport[0m [36masync[0m [36mfunction[0m [33mGET[0m() {

The export ValidationError was not found in module [project]/src/server/skillService.ts [app-route] (ecmascript).
Did you mean to import getSkill?
All exports of the module are statically known (It doesn't have dynamic exports). So it's known statically that the requested export doesn't exist.


    at <unknown> (./app/api/skills/route.ts:2:1)
# exit: 1
