# hf-gate-run
# label: build-final
# command: npm run build
# started: 2026-07-26T14:01:21+00:00

> cool-ai@0.0.1 build
> next build

▲ Next.js 16.2.11 (Turbopack)
- Environments: .env

  Creating an optimized production build ...
✓ Compiled successfully in 1716ms
  Running TypeScript ...
  Finished TypeScript in 2.2s ...
  Collecting page data using 7 workers ...
  Generating static pages using 7 workers (0/5) ...
  Generating static pages using 7 workers (1/5) 
  Generating static pages using 7 workers (2/5) 
  Generating static pages using 7 workers (3/5) 
✓ Generating static pages using 7 workers (5/5) in 474ms
  Finalizing page optimization ...

Route (app)
┌ ○ /
├ ○ /_not-found
├ ƒ /api/agents
├ ƒ /api/skills
└ ƒ /api/skills/[id]


○  (Static)   prerendered as static content
ƒ  (Dynamic)  server-rendered on demand

# exit: 0
