# hf-gate-run
# label: smoke
# command: node scripts/smoke-s25.mjs
# started: 2026-07-26T14:02:07+00:00
file:///E:/Code/cool-ai/scripts/smoke-s25.mjs:28
  const s = idx.skills.find((x: { name: string }) => x.name === "冒烟 skill");
                              ^

SyntaxError: Unexpected token ':'
    at compileSourceTextModule (node:internal/modules/esm/utils:318:16)
    at ModuleLoader.moduleStrategy (node:internal/modules/esm/translators:99:18)
    at #translate (node:internal/modules/esm/loader:473:20)
    at afterLoad (node:internal/modules/esm/loader:529:29)
    at ModuleLoader.loadAndTranslate (node:internal/modules/esm/loader:534:12)
    at #getOrCreateModuleJobAfterResolve (node:internal/modules/esm/loader:577:36)
    at afterResolve (node:internal/modules/esm/loader:625:52)
    at ModuleLoader.getOrCreateModuleJob (node:internal/modules/esm/loader:631:12)
    at onImport.tracePromise.__proto__ (node:internal/modules/esm/loader:650:32)
    at TracingChannel.tracePromise (node:diagnostics_channel:350:14)

Node.js v24.14.0
# exit: 1
