# hf-gate-run
# label: suite
# command: npm test
# started: 2026-07-26T14:08:00+00:00

> cool-ai@0.0.1 test
> vitest run


[1m[46m RUN [49m[22m [36mv3.2.7 [39m[90mE:/Code/cool-ai[39m

 [32m✓[39m tests/setupDocs.test.ts [2m([22m[2m2 tests[22m[2m)[22m[32m 4[2mms[22m[39m
 [32m✓[39m tests/baseline.test.ts [2m([22m[2m1 test[22m[2m)[22m[32m 3[2mms[22m[39m
 [32m✓[39m tests/skillsApi.test.ts [2m([22m[2m5 tests[22m[2m)[22m[32m 14[2mms[22m[39m
 [32m✓[39m tests/agentsApi.test.ts [2m([22m[2m9 tests[22m[2m)[22m[32m 29[2mms[22m[39m
 [32m✓[39m tests/agentService.test.ts [2m([22m[2m7 tests[22m[2m)[22m[33m 1601[2mms[22m[39m
 [32m✓[39m tests/skillService.test.ts [2m([22m[2m7 tests[22m[2m)[22m[33m 1673[2mms[22m[39m
 [32m✓[39m tests/layout.test.tsx [2m([22m[2m1 test[22m[2m)[22m[32m 131[2mms[22m[39m
 [32m✓[39m tests/SkillList.test.tsx [2m([22m[2m4 tests[22m[2m)[22m[32m 181[2mms[22m[39m
 [32m✓[39m tests/AgentList.test.tsx [2m([22m[2m6 tests[22m[2m)[22m[32m 251[2mms[22m[39m
 [32m✓[39m tests/SkillForm.test.tsx [2m([22m[2m3 tests[22m[2m)[22m[33m 323[2mms[22m[39m
 [32m✓[39m tests/createFlow.test.tsx [2m([22m[2m1 test[22m[2m)[22m[33m 311[2mms[22m[39m
   [33m[2m✓[22m[39m create flow (page wiring)[2m > [22mcreating an agent refreshes the list via version bump [33m 310[2mms[22m[39m
 [32m✓[39m tests/agentSkillLink.test.tsx [2m([22m[2m1 test[22m[2m)[22m[33m 525[2mms[22m[39m
   [33m[2m✓[22m[39m agent ↔ skill association flow[2m > [22mcreate skill, link it to a new agent, card shows the skill name [33m 524[2mms[22m[39m
 [32m✓[39m tests/AgentForm.test.tsx [2m([22m[2m4 tests[22m[2m)[22m[33m 569[2mms[22m[39m

[2m Test Files [22m [1m[32m13 passed[39m[22m[90m (13)[39m
[2m      Tests [22m [1m[32m51 passed[39m[22m[90m (51)[39m
[2m   Start at [22m 22:08:01
[2m   Duration [22m 3.79s[2m (transform 461ms, setup 0ms, collect 4.08s, tests 5.61s, environment 12.51s, prepare 7.03s)[22m

# exit: 0
