# hf-gate-run
# label: t1-red
# command: npm test
# started: 2026-07-26T13:52:14+00:00

> cool-ai@0.0.1 test
> vitest run


[1m[46m RUN [49m[22m [36mv3.2.7 [39m[90mE:/Code/cool-ai[39m

 [32m✓[39m tests/baseline.test.ts [2m([22m[2m1 test[22m[2m)[22m[32m 3[2mms[22m[39m
 [32m✓[39m tests/setupDocs.test.ts [2m([22m[2m2 tests[22m[2m)[22m[32m 4[2mms[22m[39m
 [32m✓[39m tests/agentsApi.test.ts [2m([22m[2m8 tests[22m[2m)[22m[32m 15[2mms[22m[39m
 [32m✓[39m tests/agentService.test.ts [2m([22m[2m6 tests[22m[2m)[22m[33m 1306[2mms[22m[39m
 [32m✓[39m tests/layout.test.tsx [2m([22m[2m1 test[22m[2m)[22m[32m 107[2mms[22m[39m
 [32m✓[39m tests/AgentList.test.tsx [2m([22m[2m5 tests[22m[2m)[22m[32m 219[2mms[22m[39m
 [32m✓[39m tests/createFlow.test.tsx [2m([22m[2m1 test[22m[2m)[22m[32m 296[2mms[22m[39m
 [32m✓[39m tests/AgentForm.test.tsx [2m([22m[2m3 tests[22m[2m)[22m[33m 315[2mms[22m[39m

[31m⎯⎯⎯⎯⎯⎯[39m[1m[41m Failed Suites 1 [49m[22m[31m⎯⎯⎯⎯⎯⎯⎯[39m

[41m[1m FAIL [22m[49m tests/skillService.test.ts[2m [ tests/skillService.test.ts ][22m
[31m[1mError[22m: Cannot find module '../src/server/skillService' imported from 'E:/Code/cool-ai/tests/skillService.test.ts'[39m
[36m [2m❯[22m tests/skillService.test.ts:[2m4:1[22m[39m
    [90m  2| [39m[35mimport[39m { [33mPrismaClient[39m } [35mfrom[39m [32m"@prisma/client"[39m[33m;[39m
    [90m  3| [39mimport { describe, it, expect, beforeAll, beforeEach, afterAll } from …
    [90m  4| [39mimport { createSkill, getSkills, getSkill } from "../src/server/skillS…
    [90m   | [39m[31m^[39m
    [90m  5| [39m
    [90m  6| [39m[35mlet[39m db[33m:[39m [33mPrismaClient[39m[33m;[39m

[31m[1mCaused by: Error[22m: Failed to load url ../src/server/skillService (resolved id: ../src/server/skillService) in E:/Code/cool-ai/tests/skillService.test.ts. Does the file exist?[39m
[90m [2m❯[22m loadAndTransform node_modules/vite/dist/node/chunks/config.js:[2m22739:33[22m[39m

[31m[2m⎯⎯⎯⎯⎯⎯⎯⎯⎯⎯⎯⎯⎯⎯⎯⎯⎯⎯⎯⎯⎯⎯⎯⎯[1/1]⎯[22m[39m


[2m Test Files [22m [1m[31m1 failed[39m[22m[2m | [22m[1m[32m8 passed[39m[22m[90m (9)[39m
[2m      Tests [22m [1m[32m27 passed[39m[22m[90m (27)[39m
[2m   Start at [22m 21:52:15
[2m   Duration [22m 2.53s[2m (transform 231ms, setup 0ms, collect 1.67s, tests 2.27s, environment 5.31s, prepare 1.71s)[22m

# exit: 1
